01-19 22:36:56.672  2021  2221 I DialerAndroidAutoStatusLookupImpl: com.android.dialer.androidautostatuslookup.impl.AndroidAutoStatusLookupImpl.isAndroidAutoConnected:97 Android Auto connected in 0 mode [CONTEXT ratelimit_period="1 MINUTES" skipped=6 ]
01-19 22:36:56.675  2021  2392 D WM-DelayedWorkTracker: Scheduling work 95738489-255f-4241-873a-2eb0e4654096
01-19 22:36:56.675  2021  2244 W DialerGbaCredentialProvider: com.android.dialer.voicemail.service.impl.vvmclients.rest.GbaCredentialProvider$1.onAuthenticationFailure:93 GBA failed with reason: 1 [CONTEXT disable_client_error_logging=true ]
01-19 22:36:56.675  2021  2392 D WM-GreedyScheduler: Starting tracking for 95738489-255f-4241-873a-2eb0e4654096
01-19 22:36:56.676  2021  2242 I DialerSingletonScopedExternalsLogging: com.google.android.dialershared.externals.logging.SingletonScopedExternalsLogging.recordCallMethodInvocation:75 event: TELEPHONY_BOOTSTRAP_AUTHENTICATION_REQUEST, function parameters: [], return value: Default
01-19 22:36:56.676  2021  2221 I DialerLogcatLoggingBindings: com.android.dialer.logging.logcat.LogcatLoggingBindings.logImpression:54 Impression: ANDROID_API_UNEXPECTED_PHONE_NUMBER_FORMAT
01-19 22:36:56.678  2021  2369 D WM-GreedyScheduler: Constraints met: Scheduling work ID WorkGenerationalId(workSpecId=95738489-255f-4241-873a-2eb0e4654096, generation=0)
01-19 22:36:56.678  2021  2244 W DialerVvmExecutorImpl: com.android.dialer.voicemail.service.impl.scheduler.VvmExecutorImpl.executeWorkOnCarrierService:459 Could not complete vvm work with action: UPDATE_STATUS. Error: [GeneralFailureReason: UNSPECIFIED, RestFailureReason: GBA_AUTHENTICATION_FAILURE_FEATURE_NOT_SUPPORTED, OmtpFailureReason: OMTP_UNSPECIFIED] for ComponentInfo{com.android.phone/com.android.services.telephony.TelephonyConnectionService}, 1, UserHandle{0} [CONTEXT disable_client_error_logging=true enable_persistent_logger=true ]
01-19 22:36:56.679  2021  2242 I DialerLoggingConsentCheckerImpl: com.google.android.dialershared.logging.consent.impl.LoggingConsentCheckerImpl.getConsent:72 timer stop with success, timer present: false
01-19 22:36:56.679  2021  2369 D WM-Processor: fzi: processing WorkGenerationalId(workSpecId=95738489-255f-4241-873a-2eb0e4654096, generation=0)
01-19 22:36:56.680  2021  2244 I DialerVvmExecutorImpl: com.android.dialer.voicemail.service.impl.scheduler.VvmExecutorImpl.executeWork:215 VvmResult is: # sev@1db0ddb for ComponentInfo{com.android.phone/com.android.services.telephony.TelephonyConnectionService}, 1, UserHandle{0}
01-19 22:36:56.681  2021  2242 I DialerLoggingConsentCheckerImpl: com.google.android.dialershared.logging.consent.impl.LoggingConsentCheckerImpl.getConsent:72 timer stop with success, timer present: false
01-19 22:36:56.683  2021  2021 D WM-WorkerWrapper: Starting work for com.google.apps.tiktok.contrib.work.TikTokListenableWorker
01-19 22:36:56.685  2021  2241 I DialerSingletonScopedExternalsLogging: com.google.android.dialershared.externals.logging.SingletonScopedExternalsLogging.recordCallMethodInvocation:75 event: TIKTOK_WORK_EXECUTION_MONITOR_ON_WORK_STARTED, function parameters: [95738489-255f-4241-873a-2eb0e4654096,com.android.dialer.voicemail.service.impl.VvmTaskWorker], return value: <empty>
01-19 22:36:56.687  2021  2241 I DialerVvmTaskWorkerDelegate: com.android.dialer.voicemail.service.impl.scheduler.VvmTaskWorker$VvmTaskWorkerDelegate.executeVvmJob:191 Beginning execution of job ID: 2
01-19 22:36:56.687  2021  2241 I DialerSingletonScopedExternalsLogging: com.google.android.dialershared.externals.logging.SingletonScopedExternalsLogging.recordCallMethodInvocation:66 event: VVM_TASK_WORKER_EXECUTE_VVM_JOB, function parameters: [2], return value: <empty> [CONTEXT enable_persistent_logger=true ]
01-19 22:36:56.688  2021  2241 I DialerSingletonScopedExternalsLogging: com.google.android.dialershared.externals.logging.SingletonScopedExternalsLogging.recordCallMethodInvocation:75 event: TIKTOK_WORK_EXECUTION_MONITOR_ON_WORK_FINISHED, function parameters: [77388de0-68dd-42a1-9448-115131f0077f,com.android.dialer.voicemail.service.impl.VvmTaskWorker], return value: Retry
01-19 22:36:56.693  2021  2221 I DialerLoggingConsentCheckerImpl: com.google.android.dialershared.logging.consent.impl.LoggingConsentCheckerImpl.getConsent:72 timer stop with success, timer present: false
01-19 22:36:56.694  2021  2366 I WM-WorkerWrapper: Worker result RETRY for Work [ id=77388de0-68dd-42a1-9448-115131f0077f, tags={ com.google.apps.tiktok.contrib.work.TikTokListenableWorker,1,UPDATE_STATUS,TikTokWorker#com.android.dialer.voicemail.service.impl.VvmTaskWorker } ]
01-19 22:36:56.695  2021  2021 D WM-Processor: fzi 77388de0-68dd-42a1-9448-115131f0077f executed; reschedule = true
01-19 22:36:56.695  2021  2021 D WM-GreedyScheduler: Stopping tracking for WorkGenerationalId(workSpecId=77388de0-68dd-42a1-9448-115131f0077f, generation=0)
01-19 22:36:56.700  2021  2366 D WM-GreedyScheduler: Cancelling work ID 77388de0-68dd-42a1-9448-115131f0077f
01-19 22:36:56.703  2021  2366 D WM-SystemJobScheduler: Scheduling work ID 1a922bb6-f607-4a64-85c3-1725380466f0Job ID 49
01-19 22:36:56.706  2021  2366 D WM-GreedyScheduler: Ignoring {WorkSpec: 97fce51c-4df2-43ef-a537-dc226d06bf69}. Requires device idle.
01-19 22:36:56.706  2021  2366 D WM-GreedyScheduler: Ignoring {WorkSpec: 14a1c447-c1ad-4d4a-a77b-5d3021a9af79}. Requires device idle.
01-19 22:36:56.706  2021  2366 D WM-GreedyScheduler: Ignoring {WorkSpec: 0c51f29f-0cbd-4721-8325-bfc4bdfd6a66}. Requires device idle.
01-19 22:36:56.706  2021  2366 D WM-GreedyScheduler: Ignoring {WorkSpec: 7542f5cb-73ce-4ab5-b5da-77a21de825c9}. Requires device idle.
01-19 22:36:56.706  2021  2366 D WM-GreedyScheduler: Ignoring {WorkSpec: 8b078090-399b-414a-9aa7-32373e530e06}. Requires device idle.
01-19 22:36:56.706  2021  2366 D WM-GreedyScheduler: Ignoring {WorkSpec: 0546b31f-76a4-449d-b6d8-d0aec66712de}. Requires device idle.
01-19 22:36:56.706  2021  2366 D WM-GreedyScheduler: Ignoring {WorkSpec: 501e35ba-0ed4-405a-bc6b-cf02e649eadc}. Requires device idle.
01-19 22:36:56.706  2021  2366 D WM-GreedyScheduler: Ignoring {WorkSpec: 02326ac9-0cd2-47a4-a8dc-4ab2e408d35f}. Requires device idle.
01-19 22:36:56.730  2021  2241 I DialerVvmExecutorImpl: com.android.dialer.voicemail.service.impl.scheduler.VvmExecutorImpl.execute:250 Beginning VVM action: SYNC_VOICEMAIL with retryCount: 2 for ComponentInfo{com.android.phone/com.android.services.telephony.TelephonyConnectionService}, 1, UserHandle{0} [CONTEXT enable_persistent_logger=true ]
01-19 22:36:56.736  2021  2241 E DialerRestVvmCarrierService: com.android.dialer.voicemail.service.impl.vvmclients.rest.RestVvmCarrierService.getMsisdn:420 Retrieved phone number in an unexpected format: +15551234567 [CONTEXT disable_client_error_logging=true ]
01-19 22:36:56.736  2021  2241 E DialerRestVvmCarrierService: adis: MEDIUM
01-19 22:36:56.736  2021  2241 E DialerRestVvmCarrierService: 	at a.dC(PG:15)
01-19 22:36:56.736  2021  2241 E DialerRestVvmCarrierService: 	at smu.apply(PG:1019)
01-19 22:36:56.736  2021  2241 E DialerRestVvmCarrierService: 	at acnt.apply(PG:13)
01-19 22:36:56.736  2021  2241 E DialerRestVvmCarrierService: 	at advm.d(PG:3)
01-19 22:36:56.736  2021  2241 E DialerRestVvmCarrierService: 	at advn.run(PG:38)
01-19 22:36:56.736  2021  2241 E DialerRestVvmCarrierService: 	at xlk.run(PG:7)
01-19 22:36:56.736  2021  2241 E DialerRestVvmCarrierService: 	at adoy.run(PG:44)
01-19 22:36:56.736  2021  2241 E DialerRestVvmCarrierService: 	at wvj.run(PG:254)
01-19 22:36:56.736  2021  2241 E DialerRestVvmCarrierService: 	at tif.run(PG:267)
01-19 22:36:56.736  2021  2241 E DialerRestVvmCarrierService: 	at java.lang.Thread.run(Thread.java:1563)
01-19 22:36:56.736  2021  2241 E DialerRestVvmCarrierService: 	at xmm.run(PG:61)
01-19 22:36:56.737  2021  2244 I DialerLogcatLoggingBindings: com.android.dialer.logging.logcat.LogcatLoggingBindings.logImpression:54 Impression: ANDROID_API_UNEXPECTED_PHONE_NUMBER_FORMAT
01-19 22:36:56.741  2021  2242 I DialerLogcatLoggingBindings: com.android.dialer.logging.logcat.LogcatLoggingBindings.logImpression:47 Impression: VVM_SYNC_STARTED
01-19 22:36:56.742  2021  2241 W DialerGbaCredentialProvider: com.android.dialer.voicemail.service.impl.vvmclients.rest.GbaCredentialProvider$1.onAuthenticationFailure:93 GBA failed with reason: 1 [CONTEXT disable_client_error_logging=true ]
01-19 22:36:56.742  2021  2221 I DialerSingletonScopedExternalsLogging: com.google.android.dialershared.externals.logging.SingletonScopedExternalsLogging.recordCallMethodInvocation:75 event: TELEPHONY_BOOTSTRAP_AUTHENTICATION_REQUEST, function parameters: [], return value: Default
01-19 22:36:56.743  2021  2242 I DialerLoggingConsentCheckerImpl: com.google.android.dialershared.logging.consent.impl.LoggingConsentCheckerImpl.getConsent:72 timer stop with success, timer present: false
01-19 22:36:56.744   725  3924 D BufferPoolAccessor2.0: bufferpool2 0x701aa600c348 : 3(276480 size) total buffers - 1(92160 size) used buffers - 276/279 (recycle/alloc) - 3/264 (fetch/transfer)
01-19 22:36:56.745  2021  2221 W DialerVvmExecutorImpl: com.android.dialer.voicemail.service.impl.scheduler.VvmExecutorImpl.executeWorkOnCarrierService:459 Could not complete vvm work with action: SYNC_VOICEMAIL. Error: [GeneralFailureReason: UNSPECIFIED, RestFailureReason: GBA_AUTHENTICATION_FAILURE_FEATURE_NOT_SUPPORTED, OmtpFailureReason: OMTP_UNSPECIFIED] for ComponentInfo{com.android.phone/com.android.services.telephony.TelephonyConnectionService}, 1, UserHandle{0} [CONTEXT disable_client_error_logging=true enable_persistent_logger=true ]
01-19 22:36:56.745  2021  2244 I DialerLoggingConsentCheckerImpl: com.google.android.dialershared.logging.consent.impl.LoggingConsentCheckerImpl.getConsent:72 timer stop with success, timer present: false
01-19 22:36:56.746  2021  2244 I DialerVvmExecutorImpl: com.android.dialer.voicemail.service.impl.scheduler.VvmExecutorImpl.executeWork:215 VvmResult is: # sev@1db0ddb for ComponentInfo{com.android.phone/com.android.services.telephony.TelephonyConnectionService}, 1, UserHandle{0}
01-19 22:36:56.747  2021  2242 I DialerLoggingConsentCheckerImpl: com.google.android.dialershared.logging.consent.impl.LoggingConsentCheckerImpl.getConsent:72 timer stop with success, timer present: false
01-19 22:36:56.751  2021  2242 I DialerSingletonScopedExternalsLogging: com.google.android.dialershared.externals.logging.SingletonScopedExternalsLogging.recordCallMethodInvocation:75 event: TIKTOK_WORK_EXECUTION_MONITOR_ON_WORK_FINISHED, function parameters: [95738489-255f-4241-873a-2eb0e4654096,com.android.dialer.voicemail.service.impl.VvmTaskWorker], return value: Retry
01-19 22:36:56.754  2021  2221 I DialerLoggingConsentCheckerImpl: com.google.android.dialershared.logging.consent.impl.LoggingConsentCheckerImpl.getConsent:72 timer stop with success, timer present: false
01-19 22:36:56.754  2021  2366 I WM-WorkerWrapper: Worker result RETRY for Work [ id=95738489-255f-4241-873a-2eb0e4654096, tags={ com.google.apps.tiktok.contrib.work.TikTokListenableWorker,1,SYNC_VOICEMAIL,TikTokWorker#com.android.dialer.voicemail.service.impl.VvmTaskWorker } ]
01-19 22:36:56.757  2021  2021 D WM-Processor: fzi 95738489-255f-4241-873a-2eb0e4654096 executed; reschedule = true
01-19 22:36:56.762  2021  2021 D WM-GreedyScheduler: Stopping tracking for WorkGenerationalId(workSpecId=95738489-255f-4241-873a-2eb0e4654096, generation=0)
01-19 22:36:56.763  2021  2369 D WM-GreedyScheduler: Cancelling work ID 95738489-255f-4241-873a-2eb0e4654096
01-19 22:36:56.769  2021  2369 D WM-GreedyScheduler: Ignoring {WorkSpec: 97fce51c-4df2-43ef-a537-dc226d06bf69}. Requires device idle.
01-19 22:36:56.769  2021  2369 D WM-GreedyScheduler: Ignoring {WorkSpec: 14a1c447-c1ad-4d4a-a77b-5d3021a9af79}. Requires device idle.
01-19 22:36:56.769  2021  2369 D WM-GreedyScheduler: Ignoring {WorkSpec: 0c51f29f-0cbd-4721-8325-bfc4bdfd6a66}. Requires device idle.
01-19 22:36:56.769  2021  2369 D WM-GreedyScheduler: Ignoring {WorkSpec: 7542f5cb-73ce-4ab5-b5da-77a21de825c9}. Requires device idle.
01-19 22:36:56.769  2021  2369 D WM-GreedyScheduler: Ignoring {WorkSpec: 8b078090-399b-414a-9aa7-32373e530e06}. Requires device idle.
01-19 22:36:56.769  2021  2369 D WM-GreedyScheduler: Ignoring {WorkSpec: 0546b31f-76a4-449d-b6d8-d0aec66712de}. Requires device idle.
01-19 22:36:56.769  2021  2369 D WM-GreedyScheduler: Ignoring {WorkSpec: 501e35ba-0ed4-405a-bc6b-cf02e649eadc}. Requires device idle.
01-19 22:36:56.769  2021  2369 D WM-GreedyScheduler: Ignoring {WorkSpec: 02326ac9-0cd2-47a4-a8dc-4ab2e408d35f}. Requires device idle.
01-19 22:36:56.769  2021  2369 D WM-NetworkStateTracker: Unregistering network callback
01-19 22:36:57.795   810   847 D OomAdjuster: Not killing cached processes
01-19 22:36:57.844   810  2091 D ActivityManager: sync unfroze 1732 com.google.android.gms for 6
01-19 22:36:57.855  1413  1956 I NetworkScheduler.Stats: (REDACTED) Task %s/%s started execution. cause:%s exec_start_elapsed_seconds: %s
01-19 22:36:57.857  1732  2022 I TelephonySpamChimeraSer: Running Telephony Spam Chimera Service [CONTEXT service_id=150 ]
01-19 22:36:57.858  1732  2022 I TelephonySpamChimeraSer: Cleaning SIP Header local table of old entries [CONTEXT service_id=150 ]
01-19 22:36:57.858  1732  2022 I SpamListSync: Call spam module disabled. Skipping cleaning cache sip header table. [CONTEXT service_id=150 ]
01-19 22:36:57.858  1732  2022 I TelephonySpamChimeraSer: Syncing Call Spam List [CONTEXT service_id=150 ]
01-19 22:36:57.858  1732  2022 I SpamListSync: (REDACTED) SpamListSyncChimeraService.syncSpamList called with tag: %s, extras: %s
01-19 22:36:57.858  1732  2022 I SpamListSync: Call spam module disabled. Skipping spam list syncing. [CONTEXT service_id=150 ]
01-19 22:36:57.861  1413  3896 I NetworkScheduler.Stats: (REDACTED) Task %s/%s finished executing. cause:%s result: %s elapsed_millis: %s uptime_millis: %s exec_start_elapsed_seconds: %s
01-19 22:36:58.431   810   977 I HalDevMgr: bestIfaceCreationProposal is null, requestIface=STA, existingIface=[name=wlan0 type=STA]
01-19 22:36:58.460   810   920 D ActivityManager: freezing 2619 com.google.android.apps.messaging
01-19 22:36:59.016  3934  3934 W libbinder.BackendUnifiedServiceManager: Thread Pool max thread count is 0. Cannot cache binder as linkToDeath cannot be implemented. serviceName: package
01-19 22:36:59.033   810   920 D ActivityManager: freezing 1772 com.google.android.apps.photos
01-19 22:36:59.038   810   984 D InetDiagMessage: Destroyed 0 sockets, proto=IPPROTO_TCP, family=AF_INET, states=14
01-19 22:36:59.038   810   984 D InetDiagMessage: Destroyed 0 sockets, proto=IPPROTO_TCP, family=AF_INET6, states=14
01-19 22:36:59.038   810   984 D InetDiagMessage: Destroyed live tcp sockets for uids={10170} in 1ms
01-19 22:36:59.076  3360  3369 I artd    : GetBestInfo: odex next to the dex file (/data/app/~~6Fx2stUZf9VHWzn0Kkn8Sg==/com.google.android.gms-e8mZq9Ak3P8uIKVbXWQuHw==/oat/x86_64/base.odex) is kOatUpToDate with filter 'speed-profile' executable 'false'
01-19 22:36:59.077  3360  3369 I artd    : GetBestInfo: odex next to the dex file (/data/app/~~6Fx2stUZf9VHWzn0Kkn8Sg==/com.google.android.gms-e8mZq9Ak3P8uIKVbXWQuHw==/oat/x86_64/split_AdsDynamite_installtime.odex) is kOatUpToDate with filter 'speed' executable 'false'
01-19 22:36:59.078  3360  3368 I artd    : GetBestInfo: odex next to the dex file (/data/app/~~6Fx2stUZf9VHWzn0Kkn8Sg==/com.google.android.gms-e8mZq9Ak3P8uIKVbXWQuHw==/oat/x86_64/split_CronetDynamite_installtime.odex) is kOatUpToDate with filter 'speed' executable 'false'
01-19 22:36:59.079  3360  3369 I artd    : GetBestInfo: odex next to the dex file (/data/app/~~6Fx2stUZf9VHWzn0Kkn8Sg==/com.google.android.gms-e8mZq9Ak3P8uIKVbXWQuHw==/oat/x86_64/split_DynamiteLoader_installtime.odex) is kOatUpToDate with filter 'speed' executable 'false'
01-19 22:36:59.081  3360  3368 I artd    : GetBestInfo: odex next to the dex file (/data/app/~~6Fx2stUZf9VHWzn0Kkn8Sg==/com.google.android.gms-e8mZq9Ak3P8uIKVbXWQuHw==/oat/x86_64/split_DynamiteModulesA_installtime.odex) is kOatUpToDate with filter 'speed' executable 'false'
01-19 22:36:59.082  3360  3369 I artd    : GetBestInfo: odex next to the dex file (/data/app/~~6Fx2stUZf9VHWzn0Kkn8Sg==/com.google.android.gms-e8mZq9Ak3P8uIKVbXWQuHw==/oat/x86_64/split_DynamiteModulesC_installtime.odex) is kOatUpToDate with filter 'speed' executable 'false'
01-19 22:36:59.083  3360  3368 I artd    : GetBestInfo: odex next to the dex file (/data/app/~~6Fx2stUZf9VHWzn0Kkn8Sg==/com.google.android.gms-e8mZq9Ak3P8uIKVbXWQuHw==/oat/x86_64/split_GoogleCertificates_installtime.odex) is kOatUpToDate with filter 'speed' executable 'false'
01-19 22:36:59.084  3360  3369 I artd    : GetBestInfo: odex next to the dex file (/data/app/~~6Fx2stUZf9VHWzn0Kkn8Sg==/com.google.android.gms-e8mZq9Ak3P8uIKVbXWQuHw==/oat/x86_64/split_MapsDynamite_installtime.odex) is kOatUpToDate with filter 'speed' executable 'false'
01-19 22:36:59.085  3360  3368 I artd    : GetBestInfo: odex next to the dex file (/data/app/~~6Fx2stUZf9VHWzn0Kkn8Sg==/com.google.android.gms-e8mZq9Ak3P8uIKVbXWQuHw==/oat/x86_64/split_MeasurementDynamite_installtime.odex) is kOatUpToDate with filter 'speed' executable 'false'
01-19 22:36:59.087  3360  3369 I artd    : GetBestInfo: odex next to the dex file (/data/app/~~6Fx2stUZf9VHWzn0Kkn8Sg==/com.google.android.gms-e8mZq9Ak3P8uIKVbXWQuHw==/oat/x86_64/split_all_locale_splits.odex) is kOatUpToDate with filter 'speed' executable 'false'
01-19 22:36:59.087  3360  3369 I artd    : GetBestInfo: /data/user_de/0/com.google.android.gms/app_chimera/m/00000001/CronetDynamite.apk has no usable artifacts
01-19 22:36:59.089  3360  3369 I artd    : GetBestInfo: vdex next to the dex file (/data/user/0/com.google.android.gms/app_dg_cache/9C3914BA639C225C3270B81DD57E92CD956143E9/oat/x86_64/the.vdex) is kOatUpToDate with filter 'verify' executable 'false'
01-19 22:36:59.091  3360  3369 I artd    : GetBestInfo: /data/user_de/0/com.google.android.gms/app_chimera/m/00000002/DynamiteLoader.apk has no usable artifacts
01-19 22:36:59.092  3360  3369 I artd    : GetBestInfo: /data/user_de/0/com.google.android.gms/app_chimera/m/00000011/dl-MlkitBarcodeUi.optional_255034100800.apk has no usable artifacts
01-19 22:36:59.093  3360  3369 I artd    : GetBestInfo: /data/user_de/0/com.google.android.gms/app_chimera/m/00000005/GoogleCertificates.apk has no usable artifacts
01-19 22:36:59.094  3360  3368 I artd    : GetBestInfo: /data/user_de/0/com.google.android.gms/app_chimera/m/0000000c/dl-PlayCloudSearch.optional_253434100000.apk has no usable artifacts
01-19 22:36:59.096  3360  3360 I artd    : GetBestInfo: /data/user_de/0/com.google.android.gms/app_chimera/m/00000009/dl-TfliteDynamiteDynamite.integ_243930802100800.apk has no usable artifacts
01-19 22:36:59.097  3360  3360 I artd    : GetBestInfo: /data/user_de/0/com.google.android.gms/app_chimera/m/00000007/MeasurementDynamite.apk has no usable artifacts
01-19 22:36:59.183   810   920 D ActivityManager: freezing 2021 com.google.android.dialer
01-19 22:36:59.185   810   920 D ActivityManager: freezing 1787 android.process.acore
01-19 22:36:59.188   810   984 D InetDiagMessage: Destroyed 0 sockets, proto=IPPROTO_TCP, family=AF_INET, states=14
01-19 22:36:59.189   810   984 D InetDiagMessage: Destroyed 0 sockets, proto=IPPROTO_TCP, family=AF_INET6, states=14
01-19 22:36:59.189   810   984 D InetDiagMessage: Destroyed live tcp sockets for uids={10146} in 2ms
01-19 22:36:59.215   810   984 D InetDiagMessage: Destroyed 0 sockets, proto=IPPROTO_TCP, family=AF_INET, states=14
01-19 22:36:59.216   810   984 D InetDiagMessage: Destroyed 0 sockets, proto=IPPROTO_TCP, family=AF_INET6, states=14
01-19 22:36:59.216   810   984 D InetDiagMessage: Destroyed live tcp sockets for uids={10104} in 1ms
01-19 22:36:59.334  3765  3788 I OkHttpClient: POST https://rpeters1428.huron.usbx.me/jellyfin/Sessions/Playing/Progress
01-19 22:36:59.496  3765  3765 D PlaybackProgressManager: Reported progress at 579000ms for 73389e0d-fe8f-2953-2528-3c43bc3fc917
01-19 22:37:01.375  3765  3914 D BufferPoolAccessor2.0: bufferpool2 0x731cc407d218 : 5(31457280 size) total buffers - 4(25165824 size) used buffers - 240/245 (recycle/alloc) - 5/245 (fetch/transfer)
01-19 22:37:01.436   810   977 I HalDevMgr: bestIfaceCreationProposal is null, requestIface=STA, existingIface=[name=wlan0 type=STA]
01-19 22:37:01.755  3765  3923 D BufferPoolAccessor2.0: bufferpool2 0x731cc4057fc8 : 5(28800 size) total buffers - 4(23040 size) used buffers - 532/537 (recycle/alloc) - 6/1065 (fetch/transfer)
01-19 22:37:01.928   725  3924 D BufferPoolAccessor2.0: bufferpool2 0x701aa600c348 : 4(368640 size) total buffers - 1(92160 size) used buffers - 534/538 (recycle/alloc) - 4/523 (fetch/transfer)
01-19 22:37:04.442   810   977 I HalDevMgr: bestIfaceCreationProposal is null, requestIface=STA, existingIface=[name=wlan0 type=STA]
01-19 22:37:04.805   810  2150 D OomAdjuster: Not killing cached processes
01-19 22:37:05.398  1199  1371 D SatelliteController: iisInCarrierRoamingNbIotNtn: satellite is disabled
01-19 22:37:05.398  1199  1371 D SatelliteController: getCarrierRoamingNtnConnectType: Falling back to global carrier config connect type: 0
01-19 22:37:06.529  3765  3915 D BufferPoolAccessor2.0: bufferpool2 0x731cc407d218 : 5(31457280 size) total buffers - 4(25165824 size) used buffers - 364/369 (recycle/alloc) - 5/368 (fetch/transfer)
01-19 22:37:06.848  3765  3919 D BufferPoolAccessor2.0: bufferpool2 0x731cc4057fc8 : 5(28800 size) total buffers - 4(23040 size) used buffers - 787/792 (recycle/alloc) - 6/1576 (fetch/transfer)
01-19 22:37:07.196   725  3924 D BufferPoolAccessor2.0: bufferpool2 0x701aa600c348 : 4(368640 size) total buffers - 1(92160 size) used buffers - 799/803 (recycle/alloc) - 4/788 (fetch/transfer)
01-19 22:37:07.449   810   977 I HalDevMgr: bestIfaceCreationProposal is null, requestIface=STA, existingIface=[name=wlan0 type=STA]
01-19 22:37:07.903   810   920 D ActivityManager: freezing 1732 com.google.android.gms
01-19 22:37:09.015  3938  3938 W libbinder.BackendUnifiedServiceManager: Thread Pool max thread count is 0. Cannot cache binder as linkToDeath cannot be implemented. serviceName: package
01-19 22:37:09.068  3360  3360 I artd    : GetBestInfo: odex next to the dex file (/data/app/~~6Fx2stUZf9VHWzn0Kkn8Sg==/com.google.android.gms-e8mZq9Ak3P8uIKVbXWQuHw==/oat/x86_64/base.odex) is kOatUpToDate with filter 'speed-profile' executable 'false'
01-19 22:37:09.070  3360  3937 I artd    : GetBestInfo: odex next to the dex file (/data/app/~~6Fx2stUZf9VHWzn0Kkn8Sg==/com.google.android.gms-e8mZq9Ak3P8uIKVbXWQuHw==/oat/x86_64/split_AdsDynamite_installtime.odex) is kOatUpToDate with filter 'speed' executable 'false'
01-19 22:37:09.071  3360  3360 I artd    : GetBestInfo: odex next to the dex file (/data/app/~~6Fx2stUZf9VHWzn0Kkn8Sg==/com.google.android.gms-e8mZq9Ak3P8uIKVbXWQuHw==/oat/x86_64/split_CronetDynamite_installtime.odex) is kOatUpToDate with filter 'speed' executable 'false'
01-19 22:37:09.072  3360  3360 I artd    : GetBestInfo: odex next to the dex file (/data/app/~~6Fx2stUZf9VHWzn0Kkn8Sg==/com.google.android.gms-e8mZq9Ak3P8uIKVbXWQuHw==/oat/x86_64/split_DynamiteLoader_installtime.odex) is kOatUpToDate with filter 'speed' executable 'false'
01-19 22:37:09.075  3360  3360 I artd    : GetBestInfo: odex next to the dex file (/data/app/~~6Fx2stUZf9VHWzn0Kkn8Sg==/com.google.android.gms-e8mZq9Ak3P8uIKVbXWQuHw==/oat/x86_64/split_DynamiteModulesA_installtime.odex) is kOatUpToDate with filter 'speed' executable 'false'
01-19 22:37:09.076  3360  3360 I artd    : GetBestInfo: odex next to the dex file (/data/app/~~6Fx2stUZf9VHWzn0Kkn8Sg==/com.google.android.gms-e8mZq9Ak3P8uIKVbXWQuHw==/oat/x86_64/split_DynamiteModulesC_installtime.odex) is kOatUpToDate with filter 'speed' executable 'false'
01-19 22:37:09.077  3360  3360 I artd    : GetBestInfo: odex next to the dex file (/data/app/~~6Fx2stUZf9VHWzn0Kkn8Sg==/com.google.android.gms-e8mZq9Ak3P8uIKVbXWQuHw==/oat/x86_64/split_GoogleCertificates_installtime.odex) is kOatUpToDate with filter 'speed' executable 'false'
01-19 22:37:09.079  3360  3360 I artd    : GetBestInfo: odex next to the dex file (/data/app/~~6Fx2stUZf9VHWzn0Kkn8Sg==/com.google.android.gms-e8mZq9Ak3P8uIKVbXWQuHw==/oat/x86_64/split_MapsDynamite_installtime.odex) is kOatUpToDate with filter 'speed' executable 'false'
01-19 22:37:09.080  3360  3360 I artd    : GetBestInfo: odex next to the dex file (/data/app/~~6Fx2stUZf9VHWzn0Kkn8Sg==/com.google.android.gms-e8mZq9Ak3P8uIKVbXWQuHw==/oat/x86_64/split_MeasurementDynamite_installtime.odex) is kOatUpToDate with filter 'speed' executable 'false'
01-19 22:37:09.081  3360  3937 I artd    : GetBestInfo: odex next to the dex file (/data/app/~~6Fx2stUZf9VHWzn0Kkn8Sg==/com.google.android.gms-e8mZq9Ak3P8uIKVbXWQuHw==/oat/x86_64/split_all_locale_splits.odex) is kOatUpToDate with filter 'speed' executable 'false'
01-19 22:37:09.082  3360  3937 I artd    : GetBestInfo: /data/user_de/0/com.google.android.gms/app_chimera/m/00000001/CronetDynamite.apk has no usable artifacts
01-19 22:37:09.083  3360  3937 I artd    : GetBestInfo: vdex next to the dex file (/data/user/0/com.google.android.gms/app_dg_cache/9C3914BA639C225C3270B81DD57E92CD956143E9/oat/x86_64/the.vdex) is kOatUpToDate with filter 'verify' executable 'false'
01-19 22:37:09.084  3360  3937 I artd    : GetBestInfo: /data/user_de/0/com.google.android.gms/app_chimera/m/00000002/DynamiteLoader.apk has no usable artifacts
01-19 22:37:09.085  3360  3937 I artd    : GetBestInfo: /data/user_de/0/com.google.android.gms/app_chimera/m/00000011/dl-MlkitBarcodeUi.optional_255034100800.apk has no usable artifacts
01-19 22:37:09.088  3360  3937 I artd    : GetBestInfo: /data/user_de/0/com.google.android.gms/app_chimera/m/00000005/GoogleCertificates.apk has no usable artifacts
01-19 22:37:09.089  3360  3937 I artd    : GetBestInfo: /data/user_de/0/com.google.android.gms/app_chimera/m/0000000c/dl-PlayCloudSearch.optional_253434100000.apk has no usable artifacts
01-19 22:37:09.091  3360  3937 I artd    : GetBestInfo: /data/user_de/0/com.google.android.gms/app_chimera/m/00000009/dl-TfliteDynamiteDynamite.integ_243930802100800.apk has no usable artifacts
01-19 22:37:09.092  3360  3937 I artd    : GetBestInfo: /data/user_de/0/com.google.android.gms/app_chimera/m/00000007/MeasurementDynamite.apk has no usable artifacts
01-19 22:37:09.500  3765  3785 I OkHttpClient: POST https://rpeters1428.huron.usbx.me/jellyfin/Sessions/Playing/Progress
01-19 22:37:09.614  3765  3765 D PlaybackProgressManager: Reported progress at 579000ms for 73389e0d-fe8f-2953-2528-3c43bc3fc917
01-19 22:37:10.454   810   977 I HalDevMgr: bestIfaceCreationProposal is null, requestIface=STA, existingIface=[name=wlan0 type=STA]
01-19 22:37:11.618  3765  3919 D BufferPoolAccessor2.0: bufferpool2 0x731cc407d218 : 5(31457280 size) total buffers - 5(31457280 size) used buffers - 486/491 (recycle/alloc) - 5/490 (fetch/transfer)
01-19 22:37:12.041  3765  3923 D BufferPoolAccessor2.0: bufferpool2 0x731cc4057fc8 : 5(28800 size) total buffers - 4(23040 size) used buffers - 1046/1051 (recycle/alloc) - 7/2093 (fetch/transfer)
01-19 22:37:12.562   725  3924 D BufferPoolAccessor2.0: bufferpool2 0x701aa600c348 : 4(368640 size) total buffers - 1(92160 size) used buffers - 1066/1070 (recycle/alloc) - 4/1055 (fetch/transfer)
01-19 22:37:13.459   810   977 I HalDevMgr: bestIfaceCreationProposal is null, requestIface=STA, existingIface=[name=wlan0 type=STA]
01-19 22:37:15.397  1199  1371 D SatelliteController: iisInCarrierRoamingNbIotNtn: satellite is disabled
01-19 22:37:15.398  1199  1371 D SatelliteController: getCarrierRoamingNtnConnectType: Falling back to global carrier config connect type: 0
01-19 22:37:16.465   810   977 I HalDevMgr: bestIfaceCreationProposal is null, requestIface=STA, existingIface=[name=wlan0 type=STA]
01-19 22:37:16.749  3765  3915 D BufferPoolAccessor2.0: bufferpool2 0x731cc407d218 : 5(31457280 size) total buffers - 4(25165824 size) used buffers - 609/614 (recycle/alloc) - 5/613 (fetch/transfer)
01-19 22:37:17.225  3765  3923 D BufferPoolAccessor2.0: bufferpool2 0x731cc4057fc8 : 5(28800 size) total buffers - 1(5760 size) used buffers - 1303/1308 (recycle/alloc) - 7/2612 (fetch/transfer)
01-19 22:37:17.727   725  3924 D BufferPoolAccessor2.0: bufferpool2 0x701aa600c348 : 4(368640 size) total buffers - 3(276480 size) used buffers - 1328/1332 (recycle/alloc) - 5/1318 (fetch/transfer)
01-19 22:37:19.029  3941  3941 W libbinder.BackendUnifiedServiceManager: Thread Pool max thread count is 0. Cannot cache binder as linkToDeath cannot be implemented. serviceName: package
01-19 22:37:19.096  3360  3937 I artd    : GetBestInfo: odex next to the dex file (/data/app/~~6Fx2stUZf9VHWzn0Kkn8Sg==/com.google.android.gms-e8mZq9Ak3P8uIKVbXWQuHw==/oat/x86_64/base.odex) is kOatUpToDate with filter 'speed-profile' executable 'false'
01-19 22:37:19.097  3360  3360 I artd    : GetBestInfo: odex next to the dex file (/data/app/~~6Fx2stUZf9VHWzn0Kkn8Sg==/com.google.android.gms-e8mZq9Ak3P8uIKVbXWQuHw==/oat/x86_64/split_AdsDynamite_installtime.odex) is kOatUpToDate with filter 'speed' executable 'false'
01-19 22:37:19.099  3360  3360 I artd    : GetBestInfo: odex next to the dex file (/data/app/~~6Fx2stUZf9VHWzn0Kkn8Sg==/com.google.android.gms-e8mZq9Ak3P8uIKVbXWQuHw==/oat/x86_64/split_CronetDynamite_installtime.odex) is kOatUpToDate with filter 'speed' executable 'false'
01-19 22:37:19.100  3360  3360 I artd    : GetBestInfo: odex next to the dex file (/data/app/~~6Fx2stUZf9VHWzn0Kkn8Sg==/com.google.android.gms-e8mZq9Ak3P8uIKVbXWQuHw==/oat/x86_64/split_DynamiteLoader_installtime.odex) is kOatUpToDate with filter 'speed' executable 'false'
01-19 22:37:19.101  3360  3360 I artd    : GetBestInfo: odex next to the dex file (/data/app/~~6Fx2stUZf9VHWzn0Kkn8Sg==/com.google.android.gms-e8mZq9Ak3P8uIKVbXWQuHw==/oat/x86_64/split_DynamiteModulesA_installtime.odex) is kOatUpToDate with filter 'speed' executable 'false'
01-19 22:37:19.103  3360  3360 I artd    : GetBestInfo: odex next to the dex file (/data/app/~~6Fx2stUZf9VHWzn0Kkn8Sg==/com.google.android.gms-e8mZq9Ak3P8uIKVbXWQuHw==/oat/x86_64/split_DynamiteModulesC_installtime.odex) is kOatUpToDate with filter 'speed' executable 'false'
01-19 22:37:19.104  3360  3360 I artd    : GetBestInfo: odex next to the dex file (/data/app/~~6Fx2stUZf9VHWzn0Kkn8Sg==/com.google.android.gms-e8mZq9Ak3P8uIKVbXWQuHw==/oat/x86_64/split_GoogleCertificates_installtime.odex) is kOatUpToDate with filter 'speed' executable 'false'
01-19 22:37:19.105  3360  3360 I artd    : GetBestInfo: odex next to the dex file (/data/app/~~6Fx2stUZf9VHWzn0Kkn8Sg==/com.google.android.gms-e8mZq9Ak3P8uIKVbXWQuHw==/oat/x86_64/split_MapsDynamite_installtime.odex) is kOatUpToDate with filter 'speed' executable 'false'
01-19 22:37:19.106  3360  3360 I artd    : GetBestInfo: odex next to the dex file (/data/app/~~6Fx2stUZf9VHWzn0Kkn8Sg==/com.google.android.gms-e8mZq9Ak3P8uIKVbXWQuHw==/oat/x86_64/split_MeasurementDynamite_installtime.odex) is kOatUpToDate with filter 'speed' executable 'false'
01-19 22:37:19.108  3360  3360 I artd    : GetBestInfo: odex next to the dex file (/data/app/~~6Fx2stUZf9VHWzn0Kkn8Sg==/com.google.android.gms-e8mZq9Ak3P8uIKVbXWQuHw==/oat/x86_64/split_all_locale_splits.odex) is kOatUpToDate with filter 'speed' executable 'false'
01-19 22:37:19.108  3360  3360 I artd    : GetBestInfo: /data/user_de/0/com.google.android.gms/app_chimera/m/00000001/CronetDynamite.apk has no usable artifacts
01-19 22:37:19.110  3360  3360 I artd    : GetBestInfo: vdex next to the dex file (/data/user/0/com.google.android.gms/app_dg_cache/9C3914BA639C225C3270B81DD57E92CD956143E9/oat/x86_64/the.vdex) is kOatUpToDate with filter 'verify' executable 'false'
01-19 22:37:19.110  3360  3360 I artd    : GetBestInfo: /data/user_de/0/com.google.android.gms/app_chimera/m/00000002/DynamiteLoader.apk has no usable artifacts
01-19 22:37:19.111  3360  3360 I artd    : GetBestInfo: /data/user_de/0/com.google.android.gms/app_chimera/m/00000011/dl-MlkitBarcodeUi.optional_255034100800.apk has no usable artifacts
01-19 22:37:19.112  3360  3360 I artd    : GetBestInfo: /data/user_de/0/com.google.android.gms/app_chimera/m/00000005/GoogleCertificates.apk has no usable artifacts
01-19 22:37:19.113  3360  3360 I artd    : GetBestInfo: /data/user_de/0/com.google.android.gms/app_chimera/m/0000000c/dl-PlayCloudSearch.optional_253434100000.apk has no usable artifacts
01-19 22:37:19.114  3360  3360 I artd    : GetBestInfo: /data/user_de/0/com.google.android.gms/app_chimera/m/00000009/dl-TfliteDynamiteDynamite.integ_243930802100800.apk has no usable artifacts
01-19 22:37:19.115  3360  3360 I artd    : GetBestInfo: /data/user_de/0/com.google.android.gms/app_chimera/m/00000007/MeasurementDynamite.apk has no usable artifacts
01-19 22:37:19.471   810   977 I HalDevMgr: bestIfaceCreationProposal is null, requestIface=STA, existingIface=[name=wlan0 type=STA]
01-19 22:37:19.617  3765  3785 I OkHttpClient: POST https://rpeters1428.huron.usbx.me/jellyfin/Sessions/Playing/Progress
01-19 22:37:19.759  3765  3765 D PlaybackProgressManager: Reported progress at 579000ms for 73389e0d-fe8f-2953-2528-3c43bc3fc917
01-19 22:37:21.916  3765  3919 D BufferPoolAccessor2.0: bufferpool2 0x731cc407d218 : 5(31457280 size) total buffers - 5(31457280 size) used buffers - 733/738 (recycle/alloc) - 5/737 (fetch/transfer)
01-19 22:37:21.939  1590  1590 D WM-DelayedWorkTracker: Scheduling work 91c14d84-2ecc-4feb-8bf0-0182d7884f12
01-19 22:37:21.939  1590  1590 D WM-GreedyScheduler: Starting work for 91c14d84-2ecc-4feb-8bf0-0182d7884f12
01-19 22:37:21.940  1590  1811 D WM-Processor: Processor: processing WorkGenerationalId(workSpecId=91c14d84-2ecc-4feb-8bf0-0182d7884f12, generation=0)
01-19 22:37:21.941  1590  1590 D WM-WorkerWrapper: Starting work for com.android.providers.media.MediaServiceV2
01-19 22:37:21.942  1590  3944 I MediaServiceV2: Work initiated for action [ android.intent.action.MEDIA_MOUNTED ]
01-19 22:37:21.942  1590  3944 I MediaProvider: Volume MediaVolume name: [0000-0000] id: [public:253,80] user: [UserHandle{0}] path: [/storage/0000-0000] externallyManaged: [false] mPublicVolume: [true] already attached
01-19 22:37:21.942  1590  3944 I MediaServiceV2: Work ended for action [ android.intent.action.MEDIA_MOUNTED ]
01-19 22:37:21.943  1590  1811 I WM-WorkerWrapper: Worker result SUCCESS for Work [ id=91c14d84-2ecc-4feb-8bf0-0182d7884f12, tags={ com.android.providers.media.MediaServiceV2 } ]
01-19 22:37:21.944  1590  1590 D WM-Processor: Processor 91c14d84-2ecc-4feb-8bf0-0182d7884f12 executed; reschedule = false
01-19 22:37:21.945  1590  1811 D WM-GreedyScheduler: Cancelling work ID 91c14d84-2ecc-4feb-8bf0-0182d7884f12
01-19 22:37:21.947  1590  1811 D WM-GreedyScheduler: Ignoring {WorkSpec: 2efd7951-e345-4dfb-9e45-b8ce7c5fb9e3}. Requires device idle.
01-19 22:37:21.947  1590  1811 D WM-GreedyScheduler: Ignoring {WorkSpec: 96c3c110-f95d-4928-9fe0-a6fbb51d7ea1}. Requires device idle.
01-19 22:37:21.947  1590  1811 D WM-GreedyScheduler: Ignoring {WorkSpec: 41daca9e-83c2-42ad-9ff8-d16cd3526a4a}. Requires device idle.
01-19 22:37:21.947  1590  1811 D WM-GreedyScheduler: Ignoring {WorkSpec: dcecff1a-5854-43ab-b3b3-f0ce6509ec59}. Requires device idle.
01-19 22:37:22.336  3765  3923 D BufferPoolAccessor2.0: bufferpool2 0x731cc4057fc8 : 5(28800 size) total buffers - 1(5760 size) used buffers - 1557/1562 (recycle/alloc) - 8/3120 (fetch/transfer)
01-19 22:37:22.474   810   977 I HalDevMgr: bestIfaceCreationProposal is null, requestIface=STA, existingIface=[name=wlan0 type=STA]
01-19 22:37:23.004   725  3924 D BufferPoolAccessor2.0: bufferpool2 0x701aa600c348 : 4(368640 size) total buffers - 1(92160 size) used buffers - 1588/1592 (recycle/alloc) - 6/1577 (fetch/transfer)
01-19 22:37:25.398  1199  1371 D SatelliteController: iisInCarrierRoamingNbIotNtn: satellite is disabled
01-19 22:37:25.398  1199  1371 D SatelliteController: getCarrierRoamingNtnConnectType: Falling back to global carrier config connect type: 0
01-19 22:37:25.478   810   977 I HalDevMgr: bestIfaceCreationProposal is null, requestIface=STA, existingIface=[name=wlan0 type=STA]
01-19 22:37:27.104  3765  3915 D BufferPoolAccessor2.0: bufferpool2 0x731cc407d218 : 5(31457280 size) total buffers - 4(25165824 size) used buffers - 857/862 (recycle/alloc) - 5/861 (fetch/transfer)
01-19 22:37:27.429  3765  3923 D BufferPoolAccessor2.0: bufferpool2 0x731cc4057fc8 : 5(28800 size) total buffers - 1(5760 size) used buffers - 1812/1817 (recycle/alloc) - 8/3630 (fetch/transfer)
01-19 22:37:27.938   810  2150 D WifiNl80211Manager: Scan result ready event
01-19 22:37:27.938   810  2150 D WifiNative: Scan result ready event
01-19 22:37:27.940  1413  2153 I WifiScanner: onFullResults
01-19 22:37:27.941   810   977 I HalDevMgr: bestIfaceCreationProposal is null, requestIface=STA, existingIface=[name=wlan0 type=STA]
01-19 22:37:28.211   725  3924 D BufferPoolAccessor2.0: bufferpool2 0x701aa600c348 : 4(368640 size) total buffers - 1(92160 size) used buffers - 1848/1852 (recycle/alloc) - 6/1837 (fetch/transfer)
01-19 22:37:28.482   810   977 I HalDevMgr: bestIfaceCreationProposal is null, requestIface=STA, existingIface=[name=wlan0 type=STA]
01-19 22:37:29.028  3945  3945 W libbinder.BackendUnifiedServiceManager: Thread Pool max thread count is 0. Cannot cache binder as linkToDeath cannot be implemented. serviceName: package
01-19 22:37:29.077  3360  3360 I artd    : GetBestInfo: odex next to the dex file (/data/app/~~6Fx2stUZf9VHWzn0Kkn8Sg==/com.google.android.gms-e8mZq9Ak3P8uIKVbXWQuHw==/oat/x86_64/base.odex) is kOatUpToDate with filter 'speed-profile' executable 'false'
01-19 22:37:29.078  3360  3360 I artd    : GetBestInfo: odex next to the dex file (/data/app/~~6Fx2stUZf9VHWzn0Kkn8Sg==/com.google.android.gms-e8mZq9Ak3P8uIKVbXWQuHw==/oat/x86_64/split_AdsDynamite_installtime.odex) is kOatUpToDate with filter 'speed' executable 'false'
01-19 22:37:29.079  3360  3360 I artd    : GetBestInfo: odex next to the dex file (/data/app/~~6Fx2stUZf9VHWzn0Kkn8Sg==/com.google.android.gms-e8mZq9Ak3P8uIKVbXWQuHw==/oat/x86_64/split_CronetDynamite_installtime.odex) is kOatUpToDate with filter 'speed' executable 'false'
01-19 22:37:29.081  3360  3360 I artd    : GetBestInfo: odex next to the dex file (/data/app/~~6Fx2stUZf9VHWzn0Kkn8Sg==/com.google.android.gms-e8mZq9Ak3P8uIKVbXWQuHw==/oat/x86_64/split_DynamiteLoader_installtime.odex) is kOatUpToDate with filter 'speed' executable 'false'
01-19 22:37:29.082  3360  3360 I artd    : GetBestInfo: odex next to the dex file (/data/app/~~6Fx2stUZf9VHWzn0Kkn8Sg==/com.google.android.gms-e8mZq9Ak3P8uIKVbXWQuHw==/oat/x86_64/split_DynamiteModulesA_installtime.odex) is kOatUpToDate with filter 'speed' executable 'false'
01-19 22:37:29.083  3360  3360 I artd    : GetBestInfo: odex next to the dex file (/data/app/~~6Fx2stUZf9VHWzn0Kkn8Sg==/com.google.android.gms-e8mZq9Ak3P8uIKVbXWQuHw==/oat/x86_64/split_DynamiteModulesC_installtime.odex) is kOatUpToDate with filter 'speed' executable 'false'
01-19 22:37:29.084  3360  3360 I artd    : GetBestInfo: odex next to the dex file (/data/app/~~6Fx2stUZf9VHWzn0Kkn8Sg==/com.google.android.gms-e8mZq9Ak3P8uIKVbXWQuHw==/oat/x86_64/split_GoogleCertificates_installtime.odex) is kOatUpToDate with filter 'speed' executable 'false'
01-19 22:37:29.086  3360  3360 I artd    : GetBestInfo: odex next to the dex file (/data/app/~~6Fx2stUZf9VHWzn0Kkn8Sg==/com.google.android.gms-e8mZq9Ak3P8uIKVbXWQuHw==/oat/x86_64/split_MapsDynamite_installtime.odex) is kOatUpToDate with filter 'speed' executable 'false'
01-19 22:37:29.087  3360  3360 I artd    : GetBestInfo: odex next to the dex file (/data/app/~~6Fx2stUZf9VHWzn0Kkn8Sg==/com.google.android.gms-e8mZq9Ak3P8uIKVbXWQuHw==/oat/x86_64/split_MeasurementDynamite_installtime.odex) is kOatUpToDate with filter 'speed' executable 'false'
01-19 22:37:29.088  3360  3937 I artd    : GetBestInfo: odex next to the dex file (/data/app/~~6Fx2stUZf9VHWzn0Kkn8Sg==/com.google.android.gms-e8mZq9Ak3P8uIKVbXWQuHw==/oat/x86_64/split_all_locale_splits.odex) is kOatUpToDate with filter 'speed' executable 'false'
01-19 22:37:29.088  3360  3937 I artd    : GetBestInfo: /data/user_de/0/com.google.android.gms/app_chimera/m/00000001/CronetDynamite.apk has no usable artifacts
01-19 22:37:29.090  3360  3937 I artd    : GetBestInfo: vdex next to the dex file (/data/user/0/com.google.android.gms/app_dg_cache/9C3914BA639C225C3270B81DD57E92CD956143E9/oat/x86_64/the.vdex) is kOatUpToDate with filter 'verify' executable 'false'
01-19 22:37:29.090  3360  3937 I artd    : GetBestInfo: /data/user_de/0/com.google.android.gms/app_chimera/m/00000002/DynamiteLoader.apk has no usable artifacts
01-19 22:37:29.091  3360  3937 I artd    : GetBestInfo: /data/user_de/0/com.google.android.gms/app_chimera/m/00000011/dl-MlkitBarcodeUi.optional_255034100800.apk has no usable artifacts
01-19 22:37:29.092  3360  3937 I artd    : GetBestInfo: /data/user_de/0/com.google.android.gms/app_chimera/m/00000005/GoogleCertificates.apk has no usable artifacts
01-19 22:37:29.093  3360  3937 I artd    : GetBestInfo: /data/user_de/0/com.google.android.gms/app_chimera/m/0000000c/dl-PlayCloudSearch.optional_253434100000.apk has no usable artifacts
01-19 22:37:29.094  3360  3937 I artd    : GetBestInfo: /data/user_de/0/com.google.android.gms/app_chimera/m/00000009/dl-TfliteDynamiteDynamite.integ_243930802100800.apk has no usable artifacts
01-19 22:37:29.096  3360  3937 I artd    : GetBestInfo: /data/user_de/0/com.google.android.gms/app_chimera/m/00000007/MeasurementDynamite.apk has no usable artifacts
01-19 22:37:29.764  3765  3785 I OkHttpClient: POST https://rpeters1428.huron.usbx.me/jellyfin/Sessions/Playing/Progress
01-19 22:37:29.886  3765  3765 D PlaybackProgressManager: Reported progress at 579000ms for 73389e0d-fe8f-2953-2528-3c43bc3fc917
01-19 22:37:30.584   810   974 D NetworkStatsObservers: Registering observer for RequestInfo from pid/uid:810/1000(android) for DataUsageRequest [ requestId=10, networkTemplate=NetworkTemplate: matchRule=MOBILE, matchSubscriberIds=[310260...], matchWifiNetworkKeys=[], metered=YES, defaultNetwork=NO, thresholdInBytes=3206807 ] accessLevel:3
01-19 22:37:30.584   810  1080 D NetworkStatsObservers: Unregistering RequestInfo from pid/uid:810/1000(android) for DataUsageRequest [ requestId=9, networkTemplate=NetworkTemplate: matchRule=MOBILE, matchSubscriberIds=[310260...], matchWifiNetworkKeys=[], metered=YES, defaultNetwork=NO, thresholdInBytes=3209542 ] accessLevel:3
01-19 22:37:31.489   810   977 I HalDevMgr: bestIfaceCreationProposal is null, requestIface=STA, existingIface=[name=wlan0 type=STA]
01-19 22:37:32.264  3765  3919 D BufferPoolAccessor2.0: bufferpool2 0x731cc407d218 : 5(31457280 size) total buffers - 5(31457280 size) used buffers - 981/986 (recycle/alloc) - 5/985 (fetch/transfer)
01-19 22:37:32.626   810   840 I DisplayDeviceRepository: Display device changed render timings: "Built-in Screen", renderFrameRate=60.000004, presentationDeadlineNanos=16666666, appVsyncOffsetNanos=1000000, frameRateOverrides=[]
01-19 22:37:32.690  3765  3923 D BufferPoolAccessor2.0: bufferpool2 0x731cc4057fc8 : 5(28800 size) total buffers - 4(23040 size) used buffers - 2079/2084 (recycle/alloc) - 8/4159 (fetch/transfer)
01-19 22:37:32.780  3765  3769 I peters.jellyfin: JIT allocated 50KB for stack maps of void com.rpeters.jellyfin.ui.player.VideoPlayerScreenKt.VideoControlsOverlay(com.rpeters.jellyfin.ui.player.VideoPlayerState, kotlin.jvm.functions.Function0, kotlin.jvm.functions.Function1, kotlin.jvm.functions.Function1, kotlin.jvm.functions.Function1, kotlin.jvm.functions.Function1, kotlin.jvm.functions.Function0, kotlin.jvm.functions.Function0, kotlin.jvm.functions.Function0, kotlin.jvm.functions.Function0, kotlin.jvm.functions.Function0, kotlin.jvm.functions.Function0, boolean, kotlin.jvm.functions.Function1, boolean, kotlin.jvm.functions.Function1, boolean, kotlin.jvm.functions.Function1, boolean, com.rpeters.jellyfin.ui.player.VideoPlayerColors, boolean, androidx.compose.ui.Modifier, androidx.compose.runtime.Composer, int, int, int, int)
01-19 22:37:32.780  3765  3769 I peters.jellyfin: Compiler allocated 19MB to compile void com.rpeters.jellyfin.ui.player.VideoPlayerScreenKt.VideoControlsOverlay(com.rpeters.jellyfin.ui.player.VideoPlayerState, kotlin.jvm.functions.Function0, kotlin.jvm.functions.Function1, kotlin.jvm.functions.Function1, kotlin.jvm.functions.Function1, kotlin.jvm.functions.Function1, kotlin.jvm.functions.Function0, kotlin.jvm.functions.Function0, kotlin.jvm.functions.Function0, kotlin.jvm.functions.Function0, kotlin.jvm.functions.Function0, kotlin.jvm.functions.Function0, boolean, kotlin.jvm.functions.Function1, boolean, kotlin.jvm.functions.Function1, boolean, kotlin.jvm.functions.Function1, boolean, com.rpeters.jellyfin.ui.player.VideoPlayerColors, boolean, androidx.compose.ui.Modifier, androidx.compose.runtime.Composer, int, int, int, int)
01-19 22:37:33.559   725  3924 D BufferPoolAccessor2.0: bufferpool2 0x701aa600c348 : 4(368640 size) total buffers - 1(92160 size) used buffers - 2115/2119 (recycle/alloc) - 6/2104 (fetch/transfer)
01-19 22:37:34.436  1082  1143 V WindowManagerShell: Transition requested (#12): android.os.BinderProxy@de0fd9d TransitionRequestInfo { type = CLOSE, triggerTask = null, pipChange = null, remoteTransition = null, displayChange = null, requestedLocation = null, userChange = null, windowingLayerChange = null, flags = 0, debugId = 12 }
01-19 22:37:34.436  1082  1143 V ShellDesktopMode: DesktopTasksController: handleRequest request=TransitionRequestInfo { type = CLOSE, triggerTask = null, pipChange = null, remoteTransition = null, displayChange = null, requestedLocation = null, userChange = null, windowingLayerChange = null, flags = 0, debugId = 12 }
01-19 22:37:34.436  1082  1143 V ShellDesktopMode: DesktopTasksController: skipping handleRequest reason=triggerTask is null
01-19 22:37:34.441   810  2091 E AppOps  : attributionTag  not declared in manifest of com.rpeters.jellyfin
01-19 22:37:34.441   810  2091 E AppOps  : attributionTag  not declared in manifest of com.rpeters.jellyfin
01-19 22:37:34.443   810   840 D OomAdjuster: Not killing cached processes
01-19 22:37:34.444   810  1030 D BackgroundInstallControlService: Package event received: 0
01-19 22:37:34.444   810  1030 D BackgroundInstallControlService: Package event received: 0
01-19 22:37:34.444   810  1030 D BackgroundInstallControlService: Package event received: 0
01-19 22:37:34.463  1191  1191 I bluetooth: system/btif/avrcp/avrcp_service.cc:532 SendMediaUpdate: track_changed=false :  play_state=true :  queue=false
01-19 22:37:34.467  1191  1191 E MediaControlProfile: onCurrentPlayerStateUpdated: base actions not supported, player actions= 6ffe85, expected at least= 7f
01-19 22:37:34.467  1191  1191 W MediaControlGattService: Feature MEDIA_STATE support: true
01-19 22:37:34.468  1191  1191 I BluetoothAdapterProperties: getBondedDevices: length=0
01-19 22:37:34.468  1191  1191 W MediaControlGattService: Feature PLAYER_NAME support: true
01-19 22:37:34.468  1191  1191 W MediaControlGattService: Feature PLAYER_ICON_URL support: false
01-19 22:37:34.468  1191  1191 W MediaControlGattService: Feature PLAYER_ICON_OBJ_ID support: false
01-19 22:37:34.468  1191  1191 W MediaControlGattService: Feature CURRENT_TRACK_SEGMENT_OBJ_ID support: false
01-19 22:37:34.468  1191  1191 W MediaControlGattService: Feature CURRENT_TRACK_OBJ_ID support: false
01-19 22:37:34.468  1191  1191 W MediaControlGattService: Feature NEXT_TRACK_OBJ_ID support: false
01-19 22:37:34.468  1191  1191 W MediaControlGattService: Feature CURRENT_GROUP_OBJ_ID support: false
01-19 22:37:34.468  1191  1191 W MediaControlGattService: Feature PARENT_GROUP_OBJ_ID support: false
01-19 22:37:34.468  1191  1191 W MediaControlGattService: Feature SEARCH_RESULT_OBJ_ID support: false
01-19 22:37:34.468  1191  1191 W MediaControlGattService: Feature TRACK_TITLE support: true
01-19 22:37:34.468  1191  1191 W MediaControlGattService: Feature TRACK_DURATION support: true
01-19 22:37:34.468  1191  1191 W MediaControlGattService: Feature TRACK_POSITION support: true
01-19 22:37:34.468  1191  1191 W MediaControlGattService: Feature TRACK_POSITION_NOTIFY support: true
01-19 22:37:34.468  1191  1191 W MediaControlGattService: Feature MEDIA_STATE support: true
01-19 22:37:34.468  1191  1191 W MediaControlGattService: Feature MEDIA_STATE support: true
01-19 22:37:34.468  1191  1191 W MediaControlGattService: Feature PLAYBACK_SPEED support: true
01-19 22:37:34.468  1191  1191 W MediaControlGattService: Feature PLAYBACK_SPEED support: true
01-19 22:37:34.468  1191  1191 W MediaControlGattService: Feature PLAYBACK_SPEED support: true
01-19 22:37:34.468  1191  1191 W MediaControlGattService: Feature SEEKING_SPEED support: true
01-19 22:37:34.468  1191  1191 W MediaControlGattService: Feature SEEKING_SPEED support: true
01-19 22:37:34.468  1191  1191 W MediaControlGattService: Feature SEEKING_SPEED support: true
01-19 22:37:34.468  1191  1191 W MediaControlGattService: Feature PLAYING_ORDER_SUPPORTED support: true
01-19 22:37:34.468  1191  1191 W MediaControlGattService: Feature PLAYING_ORDER support: true
01-19 22:37:34.468  1191  1191 W MediaControlGattService: Feature MEDIA_CONTROL_POINT_OPCODES_SUPPORTED support: true
01-19 22:37:34.468  1191  1191 W MediaControlGattService: Feature PLAYER_NAME support: true
01-19 22:37:34.468  1191  1191 W MediaControlGattService: Feature PLAYER_NAME support: true
01-19 22:37:34.468  1191  1191 W MediaControlGattService: Feature PLAYER_NAME support: true
01-19 22:37:34.468  1191  1191 W MediaControlGattService: Feature PLAYER_NAME_NOTIFY support: true
01-19 22:37:34.469  1191  1191 I BluetoothAdapterProperties: getBondedDevices: length=0
