--------- beginning of main
01-19 22:36:50.945   646  2507 D NativePermissionController: checkPermission: missing 13 for 10227
01-19 22:36:50.945   646  2507 D NativePermissionController: checkPermission: missing 13 for 10227
01-19 22:36:50.947   646  2507 D NativePermissionController: checkPermission: missing 13 for 10227
01-19 22:36:50.948   646  2507 D NativePermissionController: checkPermission: missing 13 for 10227
01-19 22:36:50.968  3765  3900 D nativeloader: Load /data/app/~~4_RbhzhQm-sFVXWSEdOUdQ==/com.rpeters.jellyfin-4tnvhAhZajaSnjVltk7Bwg==/base.apk!/lib/x86_64/libffmpegJNI.so using class loader ns clns-9 (caller=/data/app/~~4_RbhzhQm-sFVXWSEdOUdQ==/com.rpeters.jellyfin-4tnvhAhZajaSnjVltk7Bwg==/base.apk!classes19.dex): ok
01-19 22:36:50.971  3765  3900 W FfmpegLibrary: No opus decoder available. Check the FFmpeg build configuration.
01-19 22:36:50.994  3765  3900 W FfmpegLibrary: No opus decoder available. Check the FFmpeg build configuration.
01-19 22:36:51.094  3765  3900 I DMCodecAdapterFactory: Creating an asynchronous MediaCodec adapter for track type video
01-19 22:36:51.097  3765  3915 D CCodec  : allocate(c2.goldfish.hevc.decoder)
01-19 22:36:51.100  3765  3915 I ApexCodecsLazy: ApexCodecs loaded
01-19 22:36:51.100  3765  3915 I Codec2Client: Available Codec2 services: "default" "software" "__ApexCodecs__"
01-19 22:36:51.102  3765  3915 I CCodec  : setting up 'default' as default (vendor) store
01-19 22:36:51.105   595   625 I GoldfishComponentStore: in init
01-19 22:36:51.105   595   625 I GoldfishComponentStore: loading dll of path libcodec2_goldfish_hevcdec.so
01-19 22:36:51.105   595   625 I GoldfishComponentStore: Create()
01-19 22:36:51.105   595   625 I GoldfishComponentStore: created interface
01-19 22:36:51.106   595   625 I GoldfishComponentStore: created component
01-19 22:36:51.111  3765  3915 I CCodec  : Created component [c2.goldfish.hevc.decoder] for [c2.goldfish.hevc.decoder]
01-19 22:36:51.112  3765  3915 D CCodecConfig: read media type: video/hevc
01-19 22:36:51.118  3765  3915 D ReflectedParamUpdater: extent() != 1 for single value type: algo.buffers.max-count.values
01-19 22:36:51.120  3765  3915 D ReflectedParamUpdater: extent() != 1 for single value type: output.subscribed-indices.values
01-19 22:36:51.120  3765  3915 D ReflectedParamUpdater: extent() != 1 for single value type: input.buffers.allocator-ids.values
01-19 22:36:51.120  3765  3915 D ReflectedParamUpdater: extent() != 1 for single value type: output.buffers.allocator-ids.values
01-19 22:36:51.121  3765  3915 D ReflectedParamUpdater: extent() != 1 for single value type: algo.buffers.allocator-ids.values
01-19 22:36:51.121  3765  3915 D ReflectedParamUpdater: extent() != 1 for single value type: output.buffers.pool-ids.values
01-19 22:36:51.122  3765  3915 D ReflectedParamUpdater: extent() != 1 for single value type: algo.buffers.pool-ids.values
01-19 22:36:51.125  3765  3915 D ReflectedParamUpdater: ignored struct field coded.color-format.locations
01-19 22:36:51.129  3765  3915 D CCodecConfig: ignoring local param raw.size (0xd2001800) as it is already supported
01-19 22:36:51.129  3765  3915 D CCodecConfig: ignoring local param default.color (0x5200180b) as it is already supported
01-19 22:36:51.129  3765  3915 D ReflectedParamUpdater: ignored struct field raw.hdr-static-info.mastering
01-19 22:36:51.130  3765  3915 I CCodecConfig: query failed after returning 12 values (BAD_INDEX)
01-19 22:36:51.131  3765  3915 D CCodecConfig: c2 config diff is Dict {
01-19 22:36:51.131  3765  3915 D CCodecConfig:   c2::u32 coded.pl.level = 24584
01-19 22:36:51.131  3765  3915 D CCodecConfig:   c2::u32 coded.pl.profile = 24576
01-19 22:36:51.131  3765  3915 D CCodecConfig:   c2::u32 coded.vui.color.matrix = 0
01-19 22:36:51.131  3765  3915 D CCodecConfig:   c2::u32 coded.vui.color.primaries = 0
01-19 22:36:51.131  3765  3915 D CCodecConfig:   c2::u32 coded.vui.color.range = 2
01-19 22:36:51.131  3765  3915 D CCodecConfig:   c2::u32 coded.vui.color.transfer = 0
01-19 22:36:51.131  3765  3915 D CCodecConfig:   c2::u32 default.color.matrix = 0
01-19 22:36:51.131  3765  3915 D CCodecConfig:   c2::u32 default.color.primaries = 0
01-19 22:36:51.131  3765  3915 D CCodecConfig:   c2::u32 default.color.range = 0
01-19 22:36:51.131  3765  3915 D CCodecConfig:   c2::u32 default.color.transfer = 0
01-19 22:36:51.131  3765  3915 D CCodecConfig:   c2::u32 input.buffers.max-size.value = 6291456
01-19 22:36:51.131  3765  3915 D CCodecConfig:   c2::u32 input.delay.value = 0
01-19 22:36:51.131  3765  3915 D CCodecConfig:   string input.media-type.value = "video/hevc"
01-19 22:36:51.131  3765  3915 D CCodecConfig:   c2::u32 output.delay.value = 8
01-19 22:36:51.131  3765  3915 D CCodecConfig:   string output.media-type.value = "video/raw"
01-19 22:36:51.131  3765  3915 D CCodecConfig:   c2::u32 raw.color.matrix = 0
01-19 22:36:51.131  3765  3915 D CCodecConfig:   c2::u32 raw.color.primaries = 0
01-19 22:36:51.131  3765  3915 D CCodecConfig:   c2::u32 raw.color.range = 2
01-19 22:36:51.131  3765  3915 D CCodecConfig:   c2::u32 raw.color.transfer = 0
01-19 22:36:51.131  3765  3915 D CCodecConfig:   c2::u32 raw.max-size.height = 240
01-19 22:36:51.131  3765  3915 D CCodecConfig:   c2::u32 raw.max-size.width = 320
01-19 22:36:51.131  3765  3915 D CCodecConfig:   c2::u32 raw.pixel-format.value = 35
01-19 22:36:51.131  3765  3915 D CCodecConfig:   c2::i32 raw.rotation.flip = 0
01-19 22:36:51.131  3765  3915 D CCodecConfig:   c2::i32 raw.rotation.value = 0
01-19 22:36:51.131  3765  3915 D CCodecConfig:   c2::u32 raw.sar.height = 1
01-19 22:36:51.131  3765  3915 D CCodecConfig:   c2::u32 raw.sar.width = 1
01-19 22:36:51.131  3765  3915 D CCodecConfig:   c2::u32 raw.size.height = 240
01-19 22:36:51.131  3765  3915 D CCodecConfig:   c2::u32 raw.size.width = 320
01-19 22:36:51.131  3765  3915 D CCodecConfig:   c2
01-19 22:36:51.131  3765  3915 W ColorUtils: expected specified color aspects (2:0:0:0)
01-19 22:36:51.135  3765  3914 I MediaCodec: MediaCodec will operate in async mode
01-19 22:36:51.136  3765  3900 I MediaCodec: media_quality service unavailable, skipping updatePictureProfile
01-19 22:36:51.137  3765  3914 D SurfaceUtils: connecting to surface 0x731d040ac8b0, reason connectToSurface
01-19 22:36:51.137  3765  3914 I MediaCodec: [c2.goldfish.hevc.decoder] setting surface generation to 3855361
01-19 22:36:51.137  3765  3914 D SurfaceUtils: disconnecting from surface 0x731d040ac8b0, reason connectToSurface(reconnect)
01-19 22:36:51.137  3765  3914 D SurfaceUtils: connecting to surface 0x731d040ac8a0, reason connectToSurface(reconnect-with-listener)
01-19 22:36:51.138  3765  3915 I CCodecBufferChannel: Using latch times for frame rendered signals - present fences not supported
01-19 22:36:51.138  3765  3915 D CCodec  : [c2.goldfish.hevc.decoder] buffers are bound to CCodec for this session
01-19 22:36:51.139  3765  3915 D CCodecConfig: no c2 equivalents for log-session-id
01-19 22:36:51.139  3765  3915 D CCodecConfig: no c2 equivalents for importance
01-19 22:36:51.139  3765  3915 D CCodecConfig: no c2 equivalents for color-standard
01-19 22:36:51.139  3765  3915 D CCodecConfig: no c2 equivalents for native-window
01-19 22:36:51.139  3765  3915 D CCodecConfig: no c2 equivalents for native-window-generation
01-19 22:36:51.139  3765  3915 D CCodecConfig: no c2 equivalents for flags
01-19 22:36:51.140  3765  3915 D CCodecConfig: config failed => CORRUPTED
01-19 22:36:51.140  3765  3915 D CCodecConfig: c2 config diff is   c2::u32 default.color.matrix = 1
01-19 22:36:51.140  3765  3915 D CCodecConfig:   c2::u32 default.color.primaries = 1
01-19 22:36:51.140  3765  3915 D CCodecConfig:   c2::u32 default.color.range = 2
01-19 22:36:51.140  3765  3915 D CCodecConfig:   c2::u32 default.color.transfer = 3
01-19 22:36:51.140  3765  3915 D CCodecConfig:   c2::u32 raw.max-size.width = 416
01-19 22:36:51.140  3765  3915 D CCodecConfig:   c2::u32 raw.size.height = 234
01-19 22:36:51.140  3765  3915 D CCodecConfig:   c2::u32 raw.size.width = 416
01-19 22:36:51.141  3765  3915 W Codec2Client: query -- param skipped: index = 1107298332.
01-19 22:36:51.141  3765  3915 D CCodec  : client requested max input size 2097152, which is smaller than what component recommended (6291456); overriding with component recommendation.
01-19 22:36:51.141  3765  3915 W CCodec  : This behavior is subject to change. It is recommended that app developers double check whether the requested max input size is in reasonable range.
01-19 22:36:51.141  3765  3915 D CCodec  : encoding statistics level = 0
01-19 22:36:51.141  3765  3915 D CCodec  : setup formats input: AMessage(what = 0x00000000) = {
01-19 22:36:51.141  3765  3915 D CCodec  :   int32_t height = 234
01-19 22:36:51.141  3765  3915 D CCodec  :   int32_t level = 65536
01-19 22:36:51.141  3765  3915 D CCodec  :   int32_t max-input-size = 6291456
01-19 22:36:51.141  3765  3915 D CCodec  :   string mime = "video/hevc"
01-19 22:36:51.141  3765  3915 D CCodec  :   int32_t profile = 1
01-19 22:36:51.141  3765  3915 D CCodec  :   int32_t width = 416
01-19 22:36:51.141  3765  3915 D CCodec  :   Rect crop(0, 0, 415, 233)
01-19 22:36:51.141  3765  3915 D CCodec  : }
01-19 22:36:51.141  3765  3915 D CCodec  : setup formats output: AMessage(what = 0x00000000) = {
01-19 22:36:51.141  3765  3915 D CCodec  :   int32_t android._color-format = 2135033992
01-19 22:36:51.141  3765  3915 D CCodec  :   int32_t android._video-scaling = 1
01-19 22:36:51.141  3765  3915 D CCodec  :   int32_t rotation-degrees = 0
01-19 22:36:51.141  3765  3915 D CCodec  :   int32_t color-standard = 4
01-19 22:36:51.141  3765  3915 D CCodec  :   int32_t color-range = 2
01-19 22:36:51.141  3765  3915 D CCodec  :   int32_t color-transfer = 3
01-19 22:36:51.141  3765  3915 D CCodec  :   int32_t sar-height = 1
01-19 22:36:51.141  3765  3915 D CCodec  :   int32_t sar-width = 1
01-19 22:36:51.141  3765  3915 D CCodec  :   Rect crop(0, 0, 415, 233)
01-19 22:36:51.141  3765  3915 D CCodec  :   int32_t width = 416
01-19 22:36:51.141  3765  3915 D CCodec  :   int32_t height = 234
01-19 22:36:51.141  3765  3915 D CCodec  :   int32_t max-height = 240
01-19 22:36:51.141  3765  3915 D CCodec  :   int32_t max-width = 416
01-19 22:36:51.141  3765  3915 D CCodec  :   string mime = "video/raw"
01-19 22:36:51.141  3765  3915 D CCodec  :   int32_t android._dataspace = 259
01-19 22:36:51.141  3765  3915 D CCodec  :   int32_t color-format = 2130708361
01-19 22:36:51.141  3765  3915 D CCodec  : }
01-19 22:36:51.142  3765  3915 I CCodecConfig: query failed after returning 12 values (BAD_INDEX)
01-19 22:36:51.142  3765  3915 D CCodecConfig: c2 config diff is   c2::u32 raw.color.matrix = 1
01-19 22:36:51.142  3765  3915 D CCodecConfig:   c2::u32 raw.color.primaries = 1
01-19 22:36:51.142  3765  3915 D CCodecConfig:   c2::u32 raw.color.transfer = 3
01-19 22:36:51.143  3765  3915 E peters.jellyfin: Failed to query component interface for required system resources: 6
01-19 22:36:51.144  3765  3900 D MediaCodec: keep callback message for reclaim
01-19 22:36:51.148  3765  3915 W Codec2Client: query -- param skipped: index = 1342179345.
01-19 22:36:51.148  3765  3915 W Codec2Client: query -- param skipped: index = 2415921170.
01-19 22:36:51.148  3765  3915 W Codec2Client: query -- param skipped: index = 1610614798.
01-19 22:36:51.148  3765  3915 W Codec2Client: query -- param skipped: index = 2684356609.
01-19 22:36:51.149  3765  3915 D C2Store : Using DMABUF Heaps
01-19 22:36:51.153  3765  3915 D CCodecBufferChannel: [c2.goldfish.hevc.decoder#72] Created input block pool with allocatorID 16 => poolID 17 - OK (0)
01-19 22:36:51.156  3765  3915 D CCodecBufferChannel: [c2.goldfish.hevc.decoder#72] Query output surface allocator returned 0 params => BAD_INDEX (6)
01-19 22:36:51.157  3765  3915 I CCodecBufferChannel: [c2.goldfish.hevc.decoder#72] Created output block pool with allocatorID 18 => poolID 17 - OK
01-19 22:36:51.158  3765  3915 D CCodecBufferChannel: [c2.goldfish.hevc.decoder#72] Configured output block pool ids 17 => OK
01-19 22:36:51.158  3765  3915 D Codec2-OutputBufferQueue: remote graphic buffer migration 0/0
01-19 22:36:51.158  3765  3915 D Codec2Client: setOutputSurface -- failed to set consumer usage (6/BAD_INDEX)
01-19 22:36:51.158  3765  3915 D Codec2Client: setOutputSurface -- generation=3855361 consumer usage=0x900
01-19 22:36:51.177   595   625 W libbinder.BackendUnifiedServiceManager: Thread Pool max thread count is 0. Cannot cache binder as linkToDeath cannot be implemented. serviceName: android.hardware.graphics.allocator.IAllocator/default
01-19 22:36:51.181   595   625 W libbinder.BackendUnifiedServiceManager: Thread Pool max thread count is 0. Cannot cache binder as linkToDeath cannot be implemented. serviceName: android.hardware.graphics.allocator.IAllocator/default
01-19 22:36:51.201   595   625 D C2BqBuffer: local generation change 3855361 , bqId: 16170551869442 migrated buffers # 0
01-19 22:36:51.201  3765  3915 D Codec2Client: Surface configure completed
01-19 22:36:51.201  3765  3915 I DMABUFHEAPS: Using DMA-BUF heap named: system
01-19 22:36:51.342   721  1860 W ResourceManagerServiceUtils: Ignoring request to add new resource entry with value <= 0
01-19 22:36:51.345   595   625 D C2Store : Using DMABUF Heaps
01-19 22:36:51.345   595  3920 D SimpleC2Component: Using output block pool with poolID 17 => got 17 - 0
01-19 22:36:51.345   595  3920 D android.hardware.media.c2@1.0-service-goldfish: isMinigbmFromProperty:codecs: minigbm query prop value is: ranchu
01-19 22:36:51.345   595  3920 D android.hardware.media.c2@1.0-service-goldfish: isMinigbmFromProperty:codecs: Is not using minigbm, in goldfish mode.
01-19 22:36:51.348  3765  3900 I DMCodecAdapterFactory: Creating an asynchronous MediaCodec adapter for track type audio
01-19 22:36:51.350  3765  3923 D CCodec  : allocate(c2.android.opus.decoder)
01-19 22:36:51.350   595  3920 I android.hardware.media.c2@1.0-service-goldfish: successfully allocated 33558528 bytes in goldfish_address_block
01-19 22:36:51.350   595  3920 I android.hardware.media.c2@1.0-service-goldfish: guest address is 0x761f9444b000
01-19 22:36:51.351   595  3920 I android.hardware.media.c2@1.0-service-goldfish: successfully pinged host to allocate memory
01-19 22:36:51.427  3765  3923 I CCodec  : setting up 'default' as default (vendor) store
01-19 22:36:51.431   810   932 D BufferPoolAccessor2.0: bufferpool2 0x731cc4076ea8 : 0(0 size) total buffers - 0(0 size) used buffers - 2/7 (recycle/alloc) - 5/18 (fetch/transfer)
01-19 22:36:51.432   810   932 D BufferPoolAccessor2.0: Destruction - bufferpool2 0x731cc4076ea8 cached: 0/0M, 0/0% in use; allocs: 7, 29% recycled; transfers: 18, 72% unfetched
01-19 22:36:51.432  1082  1488 D BufferPoolAccessor2.0: bufferpool2 0x731cc4030188 : 0(0 size) total buffers - 0(0 size) used buffers - 2/7 (recycle/alloc) - 5/38 (fetch/transfer)
01-19 22:36:51.432   810  1112 D BufferPoolAccessor2.0: bufferpool2 0x731cc402c7b8 : 0(0 size) total buffers - 0(0 size) used buffers - 2/7 (recycle/alloc) - 5/34 (fetch/transfer)
01-19 22:36:51.432   810  1112 D BufferPoolAccessor2.0: Destruction - bufferpool2 0x731cc402c7b8 cached: 0/0M, 0/0% in use; allocs: 7, 29% recycled; transfers: 34, 85% unfetched
01-19 22:36:51.433  1082  1488 D BufferPoolAccessor2.0: Destruction - bufferpool2 0x731cc4030188 cached: 0/0M, 0/0% in use; allocs: 7, 29% recycled; transfers: 38, 87% unfetched
01-19 22:36:51.433  1082  1488 D BufferPoolAccessor2.0: bufferpool2 0x731cc40318a8 : 0(0 size) total buffers - 0(0 size) used buffers - 2/7 (recycle/alloc) - 5/36 (fetch/transfer)
01-19 22:36:51.433  1082  1488 D BufferPoolAccessor2.0: Destruction - bufferpool2 0x731cc40318a8 cached: 0/0M, 0/0% in use; allocs: 7, 29% recycled; transfers: 36, 86% unfetched
01-19 22:36:51.433  1082  1488 D BufferPoolAccessor2.0: bufferpool2 0x731cc402bc28 : 0(0 size) total buffers - 0(0 size) used buffers - 2/7 (recycle/alloc) - 5/18 (fetch/transfer)
01-19 22:36:51.433  1082  1488 D BufferPoolAccessor2.0: Destruction - bufferpool2 0x731cc402bc28 cached: 0/0M, 0/0% in use; allocs: 7, 29% recycled; transfers: 18, 72% unfetched
01-19 22:36:51.433   810  1142 D BufferPoolAccessor2.0: bufferpool2 0x731cc40752e8 : 0(0 size) total buffers - 0(0 size) used buffers - 2/7 (recycle/alloc) - 5/24 (fetch/transfer)
01-19 22:36:51.433   810  1142 D BufferPoolAccessor2.0: Destruction - bufferpool2 0x731cc40752e8 cached: 0/0M, 0/0% in use; allocs: 7, 29% recycled; transfers: 24, 79% unfetched
01-19 22:36:51.434  3765  3923 I CCodec  : Created component [c2.android.opus.decoder] for [c2.android.opus.decoder]
01-19 22:36:51.434   810   933 D BufferPoolAccessor2.0: bufferpool2 0x731cc406b108 : 0(0 size) total buffers - 0(0 size) used buffers - 2/7 (recycle/alloc) - 5/24 (fetch/transfer)
01-19 22:36:51.434   810   933 D BufferPoolAccessor2.0: Destruction - bufferpool2 0x731cc406b108 cached: 0/0M, 0/0% in use; allocs: 7, 29% recycled; transfers: 24, 79% unfetched
01-19 22:36:51.434  3765  3923 D CCodecConfig: read media type: audio/opus
01-19 22:36:51.435   810   933 D BufferPoolAccessor2.0: bufferpool2 0x731cc406cf18 : 0(0 size) total buffers - 0(0 size) used buffers - 2/7 (recycle/alloc) - 10/34 (fetch/transfer)
01-19 22:36:51.435   810   933 D BufferPoolAccessor2.0: Destruction - bufferpool2 0x731cc406cf18 cached: 0/0M, 0/0% in use; allocs: 7, 29% recycled; transfers: 34, 71% unfetched
01-19 22:36:51.435   810  1118 D BufferPoolAccessor2.0: bufferpool2 0x731cc406b7f8 : 0(0 size) total buffers - 0(0 size) used buffers - 1/7 (recycle/alloc) - 7/26 (fetch/transfer)
01-19 22:36:51.435   810  1118 D BufferPoolAccessor2.0: Destruction - bufferpool2 0x731cc406b7f8 cached: 0/0M, 0/0% in use; allocs: 7, 14% recycled; transfers: 26, 73% unfetched
01-19 22:36:51.440  3765  3923 D ReflectedParamUpdater: extent() != 1 for single value type: algo.buffers.max-count.values
01-19 22:36:51.441  3765  3923 D ReflectedParamUpdater: extent() != 1 for single value type: output.subscribed-indices.values
01-19 22:36:51.441  3765  3923 D ReflectedParamUpdater: extent() != 1 for single value type: input.buffers.allocator-ids.values
01-19 22:36:51.442  3765  3923 D ReflectedParamUpdater: extent() != 1 for single value type: output.buffers.allocator-ids.values
01-19 22:36:51.442  3765  3923 D ReflectedParamUpdater: extent() != 1 for single value type: algo.buffers.allocator-ids.values
01-19 22:36:51.445  3765  3923 D ReflectedParamUpdater: extent() != 1 for single value type: output.buffers.pool-ids.values
01-19 22:36:51.445  3765  3923 D ReflectedParamUpdater: extent() != 1 for single value type: algo.buffers.pool-ids.values
01-19 22:36:51.448  3765  3923 I CCodecConfig: query failed after returning 8 values (BAD_INDEX)
01-19 22:36:51.448  3765  3923 D CCodecConfig: c2 config diff is Dict {
01-19 22:36:51.448  3765  3923 D CCodecConfig:   c2::u32 coded.bitrate.value = 6000
01-19 22:36:51.448  3765  3923 D CCodecConfig:   c2::u32 input.buffers.max-size.value = 5760
01-19 22:36:51.448  3765  3923 D CCodecConfig:   c2::u32 input.delay.value = 0
01-19 22:36:51.448  3765  3923 D CCodecConfig:   string input.media-type.value = "audio/opus"
01-19 22:36:51.448  3765  3923 D CCodecConfig:   c2::u32 output.large-frame.max-size = 0
01-19 22:36:51.448  3765  3923 D CCodecConfig:   c2::u32 output.large-frame.threshold-size = 0
01-19 22:36:51.448  3765  3923 D CCodecConfig:   string output.media-type.value = "audio/raw"
01-19 22:36:51.448  3765  3923 D CCodecConfig:   c2::u32 raw.channel-count.value = 1
01-19 22:36:51.448  3765  3923 D CCodecConfig:   c2::u32 raw.sample-rate.value = 48000
01-19 22:36:51.448  3765  3923 D CCodecConfig: }
01-19 22:36:51.451  3765  3923 I MediaCodec: MediaCodec will operate in async mode
01-19 22:36:51.452  3765  3900 I MediaCodec: media_quality service unavailable, skipping updatePictureProfile
01-19 22:36:51.452  3765  3923 D CCodec  : [c2.android.opus.decoder] buffers are bound to CCodec for this session
01-19 22:36:51.452  3765  3923 D CCodecConfig: no c2 equivalents for csd-1
01-19 22:36:51.452  3765  3923 D CCodecConfig: no c2 equivalents for csd-2
01-19 22:36:51.452  3765  3923 D CCodecConfig: no c2 equivalents for log-session-id
01-19 22:36:51.452  3765  3923 D CCodecConfig: no c2 equivalents for importance
01-19 22:36:51.452  3765  3923 D CCodecConfig: no c2 equivalents for flags
01-19 22:36:51.453  3765  3923 D CCodecConfig: c2 config diff is   c2::u32 raw.channel-count.value = 2
01-19 22:36:51.454  3765  3923 W Codec2Client: query -- param skipped: index = 1107298332.
01-19 22:36:51.454  3765  3923 D CCodec  : encoding statistics level = 0
01-19 22:36:51.454  3765  3923 D CCodec  : setup formats input: AMessage(what = 0x00000000) = {
01-19 22:36:51.454  3765  3923 D CCodec  :   int32_t bitrate = 6000
01-19 22:36:51.454  3765  3923 D CCodec  :   int32_t channel-count = 2
01-19 22:36:51.454  3765  3923 D CCodec  :   int32_t max-input-size = 5760
01-19 22:36:51.454  3765  3923 D CCodec  :   string mime = "audio/opus"
01-19 22:36:51.454  3765  3923 D CCodec  :   int32_t sample-rate = 48000
01-19 22:36:51.454  3765  3923 D CCodec  : }
01-19 22:36:51.454  3765  3923 D CCodec  : setup formats output: AMessage(what = 0x00000000) = {
01-19 22:36:51.454  3765  3923 D CCodec  :   int32_t buffer-batch-max-output-size = 0
01-19 22:36:51.454  3765  3923 D CCodec  :   int32_t buffer-batch-threshold-output-size = 0
01-19 22:36:51.454  3765  3923 D CCodec  :   int32_t channel-count = 2
01-19 22:36:51.454  3765  3923 D CCodec  :   string mime = "audio/raw"
01-19 22:36:51.454  3765  3923 D CCodec  :   int32_t sample-rate = 48000
01-19 22:36:51.454  3765  3923 D CCodec  :   int32_t android._config-pcm-encoding = 2
01-19 22:36:51.454  3765  3923 D CCodec  : }
01-19 22:36:51.454  3765  3923 I CCodecConfig: query failed after returning 8 values (BAD_INDEX)
01-19 22:36:51.454  3765  3923 E peters.jellyfin: Failed to query component interface for required system resources: 6
01-19 22:36:51.455  3765  3900 D MediaCodec: keep callback message for reclaim
01-19 22:36:51.457  3765  3923 W Codec2Client: query -- param skipped: index = 1342179345.
01-19 22:36:51.457  3765  3923 W Codec2Client: query -- param skipped: index = 2415921170.
01-19 22:36:51.458  3765  3923 D CCodecBufferChannel: [c2.android.opus.decoder#432] Created input block pool with allocatorID 16 => poolID 18 - OK (0)
01-19 22:36:51.459  3765  3923 I CCodecBufferChannel: [c2.android.opus.decoder#432] Created output block pool with allocatorID 16 => poolID 36 - OK
01-19 22:36:51.459  3765  3923 D CCodecBufferChannel: [c2.android.opus.decoder#432] Configured output block pool ids 36 => OK
01-19 22:36:51.459   725  1148 E Codec2-ComponentInterface: We have a failed config
01-19 22:36:51.460   725  3924 D SimpleC2Component: Using output block pool with poolID 36 => got 36 - 0
--------- beginning of system
01-19 22:36:51.463   810  1686 E TaskPersister: File error accessing recents directory (directory doesn't exist?).
01-19 22:36:51.465  3765  3900 W LoudnessCodecController: MediaCodec mime type not supported for loudness annotation
01-19 22:36:51.465  3765  3900 V LoudnessCodecController: Could not extract codec loudness information
01-19 22:36:51.466   725  3924 I C2SoftOpusDec: Configuring decoder: 48000 Hz, 2 channels
01-19 22:36:51.539  3765  3915 D CCodecConfig: c2 config diff is   c2::u32 raw.crop.height = 234
01-19 22:36:51.539  3765  3915 D CCodecConfig:   c2::u32 raw.crop.left = 0
01-19 22:36:51.539  3765  3915 D CCodecConfig:   c2::u32 raw.crop.top = 0
01-19 22:36:51.539  3765  3915 D CCodecConfig:   c2::u32 raw.crop.width = 416
01-19 22:36:51.660   646  2507 D NativePermissionController: checkPermission: missing 1 for 10227
01-19 22:36:51.660   646  2507 D NativePermissionController: checkPermission: missing 3 for 10227
01-19 22:36:51.660   646  2507 D NativePermissionController: checkPermission: missing 5 for 10227
01-19 22:36:51.660   646  2507 W AudioFlinger: createTrack_l(): mismatch between requested flags (00000008) and output flags (00000002)
01-19 22:36:51.661   646  2507 D AudioFlinger: Client defaulted notificationFrames to 8720 for frameCount 17440
01-19 22:36:51.661   646  2507 I AF::PthrPatchRecord: creating track with enforcement level 0
01-19 22:36:51.676  3765  3900 I peters.jellyfin: hiddenapi: Accessing hidden method Landroid/media/AudioTrack;->getLatency()I (runtime_flags=0, domain=platform, api=unsupported) from Landroidx/media3/exoplayer/audio/AudioTrackPositionTracker; (domain=app, TargetSdkVersion=35) using reflection: allowed
01-19 22:36:51.701   810   810 D MediaSessionService: Media button session is changed to com.rpeters.jellyfin/androidx.media3.session.id.JellyfinAudioSession/2 (userId=0)
01-19 22:36:51.705   810   890 E AppOps  : attributionTag  not declared in manifest of com.rpeters.jellyfin
01-19 22:36:51.706  1191  1191 I MediaPlayerList: onMediaKeyEventSessionChanged: token=com.rpeters.jellyfin
01-19 22:36:51.707   589  3928 W libprocessgroup: A JoinCgroup action in the SystemMemoryProcess profile is used for controller memory in the cgroup v2 hierarchy and will be ignored
01-19 22:36:51.707   810  2091 E AppOps  : attributionTag  not declared in manifest of com.rpeters.jellyfin
01-19 22:36:51.709   646  2507 D NativePermissionController: checkPermission: missing 13 for 10227
01-19 22:36:51.710   646   646 D NativePermissionController: checkPermission: missing 13 for 10227
01-19 22:36:51.711   646   646 D NativePermissionController: checkPermission: missing 13 for 10227
01-19 22:36:51.711   646   646 D NativePermissionController: checkPermission: missing 13 for 10227
01-19 22:36:51.711  1191  1191 I PlayerSettingsManager: activePlayerChanged : com.rpeters.jellyfin
01-19 22:36:51.715  1191  1191 I PlayerSettingsManager: updateRemoteDevice: repeat (STATE_REPEAT_OFF -> STATE_REPEAT_OFF), shuffle (STATE_SHUFFLE_OFF -> STATE_SHUFFLE_OFF)
01-19 22:36:51.715  1191  1191 I MediaPlayerList: sendMediaUpdate: Creating a one item queue for a player with no queue
01-19 22:36:51.715  1191  1191 I bluetooth: system/btif/avrcp/avrcp_service.cc:532 SendMediaUpdate: track_changed=true :  play_state=true :  queue=true
01-19 22:36:51.719  3765  3765 D MediaRouter: onRestoreRoute() : route=RouteInfo{ name=Phone, description=null, status=null, category=RouteCategory{ name=System types=ROUTE_TYPE_LIVE_AUDIO ROUTE_TYPE_LIVE_VIDEO  groupable=false }, supportedTypes=ROUTE_TYPE_LIVE_AUDIO ROUTE_TYPE_LIVE_VIDEO , presentationDisplay=null }
01-19 22:36:51.719  3765  3765 V MediaRouter: Selecting route: RouteInfo{ name=Phone, description=null, status=null, category=RouteCategory{ name=System types=ROUTE_TYPE_LIVE_AUDIO ROUTE_TYPE_LIVE_VIDEO  groupable=false }, supportedTypes=ROUTE_TYPE_LIVE_AUDIO ROUTE_TYPE_LIVE_VIDEO , presentationDisplay=null }
01-19 22:36:51.722  1191  1191 I MediaPlayerList: onMediaKeyEventSessionChanged: token=com.rpeters.jellyfin
01-19 22:36:51.877  1590  1590 D WM-DelayedWorkTracker: Scheduling work 480d5372-babe-4c65-ad1b-f1a90da12f6b
01-19 22:36:51.877  1191  1191 I MediaPlayerList: sendMediaUpdate: Creating a one item queue for a player with no queue
01-19 22:36:51.879  1590  1590 D WM-GreedyScheduler: Starting work for 480d5372-babe-4c65-ad1b-f1a90da12f6b
01-19 22:36:51.884  1590  1808 D WM-Processor: Processor: processing WorkGenerationalId(workSpecId=480d5372-babe-4c65-ad1b-f1a90da12f6b, generation=0)
01-19 22:36:51.885  1191  1191 E MediaControlProfile: onCurrentPlayerStateUpdated: base actions not supported, player actions= 6ffe85, expected at least= 7f
01-19 22:36:51.885  1191  1191 W MediaControlGattService: Feature MEDIA_STATE support: true
01-19 22:36:51.886  1191  1191 I BluetoothAdapterProperties: getBondedDevices: length=0
01-19 22:36:51.886  1191  1191 W MediaControlGattService: Feature PLAYER_NAME support: true
01-19 22:36:51.886  1191  1191 W MediaControlGattService: Feature PLAYER_ICON_URL support: false
01-19 22:36:51.886  1191  1191 W MediaControlGattService: Feature PLAYER_ICON_OBJ_ID support: false
01-19 22:36:51.886  1191  1191 W MediaControlGattService: Feature CURRENT_TRACK_SEGMENT_OBJ_ID support: false
01-19 22:36:51.886  1191  1191 W MediaControlGattService: Feature CURRENT_TRACK_OBJ_ID support: false
01-19 22:36:51.886  1191  1191 W MediaControlGattService: Feature NEXT_TRACK_OBJ_ID support: false
01-19 22:36:51.886  1191  1191 W MediaControlGattService: Feature CURRENT_GROUP_OBJ_ID support: false
01-19 22:36:51.886  1191  1191 W MediaControlGattService: Feature PARENT_GROUP_OBJ_ID support: false
01-19 22:36:51.886  1191  1191 W MediaControlGattService: Feature SEARCH_RESULT_OBJ_ID support: false
01-19 22:36:51.886  1191  1191 W MediaControlGattService: Feature TRACK_TITLE support: true
01-19 22:36:51.886  1191  1191 W MediaControlGattService: Feature TRACK_DURATION support: true
01-19 22:36:51.886  1191  1191 W MediaControlGattService: Feature TRACK_POSITION support: true
01-19 22:36:51.887  1191  1191 W MediaControlGattService: Feature TRACK_POSITION_NOTIFY support: true
01-19 22:36:51.887  1191  1191 W MediaControlGattService: Feature MEDIA_STATE support: true
01-19 22:36:51.887  1191  1191 W MediaControlGattService: Feature MEDIA_STATE support: true
01-19 22:36:51.887  1191  1191 W MediaControlGattService: Feature PLAYBACK_SPEED support: true
01-19 22:36:51.887  1191  1191 W MediaControlGattService: Feature PLAYBACK_SPEED support: true
01-19 22:36:51.887  1191  1191 W MediaControlGattService: Feature PLAYBACK_SPEED support: true
01-19 22:36:51.887  1191  1191 W MediaControlGattService: Feature SEEKING_SPEED support: true
01-19 22:36:51.887  1191  1191 W MediaControlGattService: Feature SEEKING_SPEED support: true
01-19 22:36:51.887  1191  1191 W MediaControlGattService: Feature SEEKING_SPEED support: true
01-19 22:36:51.887  1191  1191 W MediaControlGattService: Feature PLAYING_ORDER_SUPPORTED support: true
01-19 22:36:51.887  1191  1191 W MediaControlGattService: Feature PLAYING_ORDER support: true
01-19 22:36:51.887  1191  1191 W MediaControlGattService: Feature MEDIA_CONTROL_POINT_OPCODES_SUPPORTED support: true
01-19 22:36:51.887  1191  1191 W MediaControlGattService: Feature TRACK_POSITION support: true
01-19 22:36:51.887  1191  1191 W MediaControlGattService: Feature TRACK_POSITION_NOTIFY support: true
01-19 22:36:51.887  1191  1191 W MediaControlGattService: Feature MEDIA_STATE support: true
01-19 22:36:51.887  1191  1191 W MediaControlGattService: Feature MEDIA_STATE support: true
01-19 22:36:51.889  1191  1191 I BluetoothAdapterProperties: getBondedDevices: length=0
01-19 22:36:51.889  1191  1191 W MediaControlGattService: Feature PLAYER_NAME support: true
01-19 22:36:51.889  1191  1191 W MediaControlGattService: Feature PLAYER_NAME support: true
01-19 22:36:51.889  1191  1191 W MediaControlGattService: Feature PLAYER_NAME support: true
01-19 22:36:51.889  1191  1191 W MediaControlGattService: Feature PLAYER_NAME_NOTIFY support: true
01-19 22:36:51.890  1191  1191 I BluetoothAdapterProperties: getBondedDevices: length=0
01-19 22:36:51.890  1191  1191 W MediaControlGattService: Feature MEDIA_CONTROL_POINT_OPCODES_SUPPORTED support: true
01-19 22:36:51.890  1191  1191 W MediaControlGattService: Feature PLAYING_ORDER_SUPPORTED support: true
01-19 22:36:51.890  1191  1191 W MediaControlGattService: Feature PLAYING_ORDER support: true
01-19 22:36:51.890  1191  1191 W MediaControlGattService: Feature PLAYER_ICON_OBJ_ID support: false
01-19 22:36:51.890  1191  1191 W MediaControlGattService: Feature PLAYER_ICON_URL support: false
01-19 22:36:51.890  1191  1191 W MediaControlGattService: Feature MEDIA_CONTROL_POINT_OPCODES_SUPPORTED support: true
01-19 22:36:51.890  1191  1191 W MediaControlGattService: Feature TRACK_TITLE support: true
01-19 22:36:51.890  1191  1191 W MediaControlGattService: Feature TRACK_TITLE support: true
01-19 22:36:51.890  1191  1191 W MediaControlGattService: Feature TRACK_TITLE_NOTIFY support: true
01-19 22:36:51.891  1191  1191 I BluetoothAdapterProperties: getBondedDevices: length=0
01-19 22:36:51.891  1191  1191 W MediaControlGattService: Feature TRACK_DURATION support: true
01-19 22:36:51.891  1191  1191 W MediaControlGattService: Feature TRACK_DURATION support: true
01-19 22:36:51.891  1191  1191 W MediaControlGattService: Feature TRACK_DURATION_NOTIFY support: true
01-19 22:36:51.891  1191  1191 I BluetoothAdapterProperties: getBondedDevices: length=0
01-19 22:36:51.892  1191  1191 W MediaControlGattService: Feature MEDIA_STATE support: true
01-19 22:36:51.892  1191  1191 W MediaControlGattService: Feature TRACK_CHANGED support: true
01-19 22:36:51.892  1191  1191 I BluetoothAdapterProperties: getBondedDevices: length=0
01-19 22:36:51.894  1191  1191 W MediaControlGattService: Feature PLAYING_ORDER_SUPPORTED support: true
01-19 22:36:51.894  1191  1191 W MediaControlGattService: Feature PLAYING_ORDER support: true
01-19 22:36:51.894  1191  1191 W MediaControlGattService: Feature PLAYING_ORDER_NOTIFY support: true
01-19 22:36:51.895  1191  1191 I BluetoothAdapterProperties: getBondedDevices: length=0
01-19 22:36:51.895  1191  1191 W MediaControlGattService: Feature MEDIA_STATE support: true
01-19 22:36:51.903  1590  1590 D WM-WorkerWrapper: Starting work for com.android.providers.media.MediaServiceV2
01-19 22:36:51.905  1590  3930 I MediaServiceV2: Work initiated for action [ android.intent.action.MEDIA_MOUNTED ]
01-19 22:36:51.905  1590  3930 I MediaProvider: Volume MediaVolume name: [external_primary] id: [emulated;0] user: [UserHandle{0}] path: [/storage/emulated/0] externallyManaged: [false] mPublicVolume: [false] already attached
01-19 22:36:51.905  1590  3930 I MediaServiceV2: Work ended for action [ android.intent.action.MEDIA_MOUNTED ]
01-19 22:36:51.907  1590  1726 I WM-WorkerWrapper: Worker result SUCCESS for Work [ id=480d5372-babe-4c65-ad1b-f1a90da12f6b, tags={ com.android.providers.media.MediaServiceV2 } ]
01-19 22:36:51.908  1590  1726 I WM-WorkerWrapper: Setting status to enqueued for 91c14d84-2ecc-4feb-8bf0-0182d7884f12
01-19 22:36:51.910  1191  1191 I MediaPlayerList: sendMediaUpdate: Creating a one item queue for a player with no queue
01-19 22:36:51.910  1191  1191 I bluetooth: system/btif/avrcp/avrcp_service.cc:532 SendMediaUpdate: track_changed=false :  play_state=false :  queue=false
01-19 22:36:51.911  1590  1590 D WM-Processor: Processor 480d5372-babe-4c65-ad1b-f1a90da12f6b executed; reschedule = false
01-19 22:36:51.912  1191  1191 I bluetooth: system/btif/avrcp/avrcp_service.cc:532 SendMediaUpdate: track_changed=false :  play_state=true :  queue=false
01-19 22:36:51.916  1191  1191 E MediaControlProfile: onCurrentPlayerStateUpdated: base actions not supported, player actions= 0, expected at least= 7f
01-19 22:36:51.916  1191  1191 W MediaControlGattService: Feature PLAYBACK_SPEED support: true
01-19 22:36:51.916  1191  1191 W MediaControlGattService: Feature PLAYBACK_SPEED support: true
01-19 22:36:51.916  1191  1191 W MediaControlGattService: Feature PLAYBACK_SPEED support: true
01-19 22:36:51.916  1191  1191 W MediaControlGattService: Feature TRACK_POSITION support: true
01-19 22:36:51.916  1191  1191 W MediaControlGattService: Feature TRACK_POSITION_NOTIFY support: true
01-19 22:36:51.916  1191  1191 W MediaControlGattService: Feature MEDIA_STATE support: true
01-19 22:36:51.916  1191  1191 W MediaControlGattService: Feature MEDIA_STATE support: true
01-19 22:36:51.916  1191  1191 I BluetoothAdapterProperties: getBondedDevices: length=0
01-19 22:36:51.916  1191  1191 W MediaControlGattService: Feature PLAYER_NAME support: true
01-19 22:36:51.916  1191  1191 W MediaControlGattService: Feature PLAYER_NAME support: true
01-19 22:36:51.916  1191  1191 W MediaControlGattService: Feature MEDIA_CONTROL_POINT_OPCODES_SUPPORTED support: true
01-19 22:36:51.916  1191  1191 W MediaControlGattService: Feature MEDIA_STATE support: true
01-19 22:36:51.916  1191  1191 W MediaControlGattService: Feature MEDIA_STATE support: true
01-19 22:36:51.917  1191  1191 I BluetoothAdapterProperties: getBondedDevices: length=0
01-19 22:36:51.917  1191  1191 W MediaControlGattService: Feature MEDIA_STATE support: true
01-19 22:36:51.917  1191  1191 W MediaControlGattService: Feature SEEKING_SPEED support: true
01-19 22:36:51.917  1191  1191 W MediaControlGattService: Feature SEEKING_SPEED support: true
01-19 22:36:51.917  1191  1191 W MediaControlGattService: Feature SEEKING_SPEED support: true
01-19 22:36:51.920  1590  1811 D WM-GreedyScheduler: Cancelling work ID 480d5372-babe-4c65-ad1b-f1a90da12f6b
01-19 22:36:51.927  1191  1191 I PlayerSettingsManager: updateRemoteDevice: repeat (STATE_REPEAT_OFF -> STATE_REPEAT_OFF), shuffle (STATE_SHUFFLE_OFF -> STATE_SHUFFLE_OFF)
01-19 22:36:51.928  1590  1811 D WM-SystemJobScheduler: Scheduling work ID 91c14d84-2ecc-4feb-8bf0-0182d7884f12Job ID 26
01-19 22:36:51.929  1590  1811 D WM-GreedyScheduler: Ignoring {WorkSpec: 2efd7951-e345-4dfb-9e45-b8ce7c5fb9e3}. Requires device idle.
01-19 22:36:51.930  1590  1811 D WM-GreedyScheduler: Ignoring {WorkSpec: 96c3c110-f95d-4928-9fe0-a6fbb51d7ea1}. Requires device idle.
01-19 22:36:51.930  1590  1811 D WM-GreedyScheduler: Ignoring {WorkSpec: 41daca9e-83c2-42ad-9ff8-d16cd3526a4a}. Requires device idle.
01-19 22:36:51.930  1590  1811 D WM-GreedyScheduler: Ignoring {WorkSpec: dcecff1a-5854-43ab-b3b3-f0ce6509ec59}. Requires device idle.
01-19 22:36:51.932  3765  3900 D AudioTrack: getTimestamp_l(15): device stall time corrected using current time 142898942460
01-19 22:36:52.422   810   977 I HalDevMgr: bestIfaceCreationProposal is null, requestIface=STA, existingIface=[name=wlan0 type=STA]
01-19 22:36:52.738   810   846 D OomAdjuster: Not killing cached processes
01-19 22:36:53.475   810   840 I DisplayDeviceRepository: Display device changed render timings: "Built-in Screen", renderFrameRate=60.000004, presentationDeadlineNanos=16666666, appVsyncOffsetNanos=1000000, frameRateOverrides=[{uid=10227 frameRateHz=60.000004}]
01-19 22:36:53.496   810   974 D NetworkStatsObservers: Registering observer for RequestInfo from pid/uid:810/1000(android) for DataUsageRequest [ requestId=9, networkTemplate=NetworkTemplate: matchRule=MOBILE, matchSubscriberIds=[310260...], matchWifiNetworkKeys=[], metered=YES, defaultNetwork=NO, thresholdInBytes=3209542 ] accessLevel:3
01-19 22:36:53.497   810  1080 D NetworkStatsObservers: Unregistering RequestInfo from pid/uid:810/1000(android) for DataUsageRequest [ requestId=8, networkTemplate=NetworkTemplate: matchRule=MOBILE, matchSubscriberIds=[310260...], matchWifiNetworkKeys=[], metered=YES, defaultNetwork=NO, thresholdInBytes=3223556 ] accessLevel:3
01-19 22:36:54.035   810   984 D InetDiagMessage: Destroyed 0 sockets, proto=IPPROTO_TCP, family=AF_INET, states=14
01-19 22:36:54.035   810   984 D InetDiagMessage: Destroyed 0 sockets, proto=IPPROTO_TCP, family=AF_INET6, states=14
01-19 22:36:54.036   810   984 D InetDiagMessage: Destroyed live tcp sockets for uids={10170} in 1ms
01-19 22:36:54.036   810   984 D InetDiagMessage: Destroyed 0 sockets, proto=IPPROTO_TCP, family=AF_INET, states=14
01-19 22:36:54.036   810   984 D InetDiagMessage: Destroyed 0 sockets, proto=IPPROTO_TCP, family=AF_INET6, states=14
01-19 22:36:54.037   810   984 D InetDiagMessage: Destroyed live tcp sockets for uids={20170} in 1ms
01-19 22:36:54.186   810   984 D InetDiagMessage: Destroyed 0 sockets, proto=IPPROTO_TCP, family=AF_INET, states=14
01-19 22:36:54.186   810   984 D InetDiagMessage: Destroyed 0 sockets, proto=IPPROTO_TCP, family=AF_INET6, states=14
01-19 22:36:54.186   810   984 D InetDiagMessage: Destroyed live tcp sockets for uids={10146} in 1ms
01-19 22:36:54.186   810   984 D InetDiagMessage: Destroyed 0 sockets, proto=IPPROTO_TCP, family=AF_INET, states=14
01-19 22:36:54.187   810   984 D InetDiagMessage: Destroyed 0 sockets, proto=IPPROTO_TCP, family=AF_INET6, states=14
01-19 22:36:54.188   810   984 D InetDiagMessage: Destroyed live tcp sockets for uids={20146} in 1ms
01-19 22:36:54.406   810   840 I DisplayDeviceRepository: Display device changed render timings: "Built-in Screen", renderFrameRate=60.000004, presentationDeadlineNanos=16666666, appVsyncOffsetNanos=1000000, frameRateOverrides=[]
01-19 22:36:54.441  3765  3769 I peters.jellyfin: Compiler allocated 14MB to compile void com.rpeters.jellyfin.ui.player.VideoPlayerScreenKt.VideoPlayerScreen(com.rpeters.jellyfin.ui.player.VideoPlayerState, kotlin.jvm.functions.Function0, kotlin.jvm.functions.Function1, kotlin.jvm.functions.Function1, kotlin.jvm.functions.Function1, kotlin.jvm.functions.Function1, kotlin.jvm.functions.Function0, kotlin.jvm.functions.Function0, kotlin.jvm.functions.Function0, kotlin.jvm.functions.Function0, kotlin.jvm.functions.Function1, kotlin.jvm.functions.Function1, kotlin.jvm.functions.Function0, kotlin.jvm.functions.Function0, kotlin.jvm.functions.Function0, kotlin.jvm.functions.Function1, kotlin.jvm.functions.Function1, kotlin.jvm.functions.Function0, kotlin.jvm.functions.Function1, kotlin.jvm.functions.Function0, kotlin.jvm.functions.Function0, kotlin.jvm.functions.Function0, kotlin.jvm.functions.Function1, androidx.media3.exoplayer.ExoPlayer, boolean, androidx.compose.ui.Modifier, androidx.compose.runtime.Composer, int, int, int, int)
01-19 22:36:55.397  1199  1371 D SatelliteController: iisInCarrierRoamingNbIotNtn: satellite is disabled
01-19 22:36:55.398  1199  1371 D SatelliteController: getCarrierRoamingNtnConnectType: Falling back to global carrier config connect type: 0
01-19 22:36:55.426   810   977 I HalDevMgr: bestIfaceCreationProposal is null, requestIface=STA, existingIface=[name=wlan0 type=STA]
01-19 22:36:55.957   810   840 I DisplayDeviceRepository: Display device changed render timings: "Built-in Screen", renderFrameRate=60.000004, presentationDeadlineNanos=16666666, appVsyncOffsetNanos=1000000, frameRateOverrides=[{uid=10227 frameRateHz=60.000004}]
01-19 22:36:56.186  3765  3914 D BufferPoolAccessor2.0: bufferpool2 0x731cc407d218 : 5(31457280 size) total buffers - 4(25165824 size) used buffers - 116/121 (recycle/alloc) - 5/121 (fetch/transfer)
01-19 22:36:56.439   725   776 D BufferPoolAccessor2.0: bufferpool2 0x701aa600a9d8 : 0(0 size) total buffers - 0(0 size) used buffers - 0/0 (recycle/alloc) - 0/0 (fetch/transfer)
01-19 22:36:56.439   810  1108 D BufferPoolAccessor2.0: evictor expired: 6, evicted: 0
01-19 22:36:56.439   725   776 D BufferPoolAccessor2.0: evictor expired: 1, evicted: 1
01-19 22:36:56.440  1082  1487 D BufferPoolAccessor2.0: evictor expired: 3, evicted: 0
01-19 22:36:56.623  2021  2392 D WM-DelayedWorkTracker: Scheduling work 77388de0-68dd-42a1-9448-115131f0077f
01-19 22:36:56.623  2021  2392 D WM-GreedyScheduler: Starting tracking for 77388de0-68dd-42a1-9448-115131f0077f
01-19 22:36:56.625  2021  2369 D WM-ConstraintTracker: gcp: initial state = NetworkState(isConnected=false, isValidated=false, isMetered=true, isNotRoaming=true)
01-19 22:36:56.625  2021  2369 D WM-NetworkStateTracker: Registering network callback
01-19 22:36:56.626   810   889 D ConnectivityService: requestNetwork for uid/pid:10146/2021 activeRequest: null callbackRequest: 183 [NetworkRequest [ REQUEST id=184, [ Capabilities: INTERNET&NOT_RESTRICTED&TRUSTED&NOT_VCN_MANAGED&NOT_BANDWIDTH_CONSTRAINED Uid: 10146 RequestorUid: 10146 RequestorPkg: com.google.android.dialer UnderlyingNetworks: Null] ]] callback flags: 0 order: 2147483647 isUidTracked: false declaredMethods: AVAIL|LOST|NC
01-19 22:36:56.627  2021  2366 D WM-GreedyScheduler: Constraints not met: Cancelling work ID WorkGenerationalId(workSpecId=77388de0-68dd-42a1-9448-115131f0077f, generation=0)
01-19 22:36:56.627  2021  2580 D WM-NetworkStateTracker: Network capabilities changed: [ Transports: WIFI Capabilities: NOT_METERED&INTERNET&NOT_RESTRICTED&TRUSTED&NOT_VPN&VALIDATED&NOT_ROAMING&FOREGROUND&NOT_CONGESTED&NOT_SUSPENDED&NOT_VCN_MANAGED&NOT_BANDWIDTH_CONSTRAINED LinkUpBandwidth>=12000Kbps LinkDnBandwidth>=30000Kbps TransportInfo: <SSID: <unknown ssid>, BSSID: 02:00:00:00:00:00, MAC: 02:00:00:00:00:00, IP: /10.0.2.16, Security type: 0, Supplicant state: COMPLETED, Wi-Fi standard: legacy, RSSI: -50, Link speed: 1Mbps, Tx Link speed: 1Mbps, Max Supported Tx Link speed: 11Mbps, Rx Link speed: 2Mbps, Max Supported Rx Link speed: 11Mbps, Frequency: 2447MHz, Net ID: -1, Metered hint: false, score: 83, isUsable: true, CarrierMerged: false, SubscriptionId: -1, IsPrimary: -1, Trusted: true, Restricted: false, Ephemeral: false, OEM paid: false, OEM private: false, OSU AP: false, FQDN: <none>, Provider friendly name: <none>, Requesting package name: <none><none>MLO Information: , Is TID-To-Link negotiation supported by the AP: false, AP MLD Address: <none>, AP MLO Link Id: <none>, AP MLO Affiliated links: <none>, Vendor Data: <none>> SignalStrength: -50 UnderlyingNetworks: Null]
01-19 22:36:56.627   810   977 D WifiNetworkFactory: got request NetworkRequest [ REQUEST id=184, [ Capabilities: INTERNET&NOT_RESTRICTED&TRUSTED&NOT_VCN_MANAGED&NOT_BANDWIDTH_CONSTRAINED Uid: 10146 RequestorUid: 10146 RequestorPkg: com.google.android.dialer UnderlyingNetworks: Null] ]
01-19 22:36:56.627   810   977 D UntrustedWifiNetworkFactory: got request NetworkRequest [ REQUEST id=184, [ Capabilities: INTERNET&NOT_RESTRICTED&TRUSTED&NOT_VCN_MANAGED&NOT_BANDWIDTH_CONSTRAINED Uid: 10146 RequestorUid: 10146 RequestorPkg: com.google.android.dialer UnderlyingNetworks: Null] ]
01-19 22:36:56.627   810   977 D OemPaidWifiNetworkFactory: got request NetworkRequest [ REQUEST id=184, [ Capabilities: INTERNET&NOT_RESTRICTED&TRUSTED&NOT_VCN_MANAGED&NOT_BANDWIDTH_CONSTRAINED Uid: 10146 RequestorUid: 10146 RequestorPkg: com.google.android.dialer UnderlyingNetworks: Null] ]
01-19 22:36:56.627   810   984 D ConnectivityService: NetReassign [184 : null → 100] [c 0] [a 0] [i 1]
01-19 22:36:56.627   810   977 D MultiInternetWifiNetworkFactory: got request NetworkRequest [ REQUEST id=184, [ Capabilities: INTERNET&NOT_RESTRICTED&TRUSTED&NOT_VCN_MANAGED&NOT_BANDWIDTH_CONSTRAINED Uid: 10146 RequestorUid: 10146 RequestorPkg: com.google.android.dialer UnderlyingNetworks: Null] ]
01-19 22:36:56.627  2021  2369 D WM-GreedyScheduler: Constraints met: Scheduling work ID WorkGenerationalId(workSpecId=77388de0-68dd-42a1-9448-115131f0077f, generation=0)
01-19 22:36:56.629  2021  2366 D WM-Processor: fzi: processing WorkGenerationalId(workSpecId=77388de0-68dd-42a1-9448-115131f0077f, generation=0)
01-19 22:36:56.630  2021  2021 D WM-WorkerWrapper: Starting work for com.google.apps.tiktok.contrib.work.TikTokListenableWorker
01-19 22:36:56.631  2021  2221 I DialerSingletonScopedExternalsLogging: com.google.android.dialershared.externals.logging.SingletonScopedExternalsLogging.recordCallMethodInvocation:75 event: TIKTOK_WORK_EXECUTION_MONITOR_ON_WORK_STARTED, function parameters: [77388de0-68dd-42a1-9448-115131f0077f,com.android.dialer.voicemail.service.impl.VvmTaskWorker], return value: <empty>
01-19 22:36:56.631  2021  2221 I DialerVvmTaskWorkerDelegate: com.android.dialer.voicemail.service.impl.scheduler.VvmTaskWorker$VvmTaskWorkerDelegate.executeVvmJob:191 Beginning execution of job ID: 1
01-19 22:36:56.631  2021  2221 I DialerSingletonScopedExternalsLogging: com.google.android.dialershared.externals.logging.SingletonScopedExternalsLogging.recordCallMethodInvocation:66 event: VVM_TASK_WORKER_EXECUTE_VVM_JOB, function parameters: [1], return value: <empty> [CONTEXT enable_persistent_logger=true ]
01-19 22:36:56.633  2021  2450 I DialerVvmCarrierIdentifierImpl: com.android.dialer.voicemail.service.impl.carriermapping.VvmCarrierIdentifierImpl.getVvmCarrierNameBlocking:101 Looking up carrier name for phone account handle: 1 [CONTEXT ratelimit_period="1 MINUTES" skipped=15 ]
01-19 22:36:56.633  2021  2221 I DialerRestVoicemailEnabledFn: com.android.dialer.voicemail.service.impl.vvmclients.rest.RestVoicemailEnabledFn.isEnabled:67 device is supported, enabling. [CONTEXT ratelimit_period="1 MINUTES" skipped=95 ]
01-19 22:36:56.654  3765  3923 D BufferPoolAccessor2.0: bufferpool2 0x731cc4057fc8 : 5(28800 size) total buffers - 4(23040 size) used buffers - 277/282 (recycle/alloc) - 6/555 (fetch/transfer)
01-19 22:36:56.662  2021  2244 I DialerVvmExecutorImpl: com.android.dialer.voicemail.service.impl.scheduler.VvmExecutorImpl.execute:250 Beginning VVM action: UPDATE_STATUS with retryCount: 2 for ComponentInfo{com.android.phone/com.android.services.telephony.TelephonyConnectionService}, 1, UserHandle{0} [CONTEXT enable_persistent_logger=true ]
01-19 22:36:56.671  2021  2242 E DialerRestVvmCarrierService: com.android.dialer.voicemail.service.impl.vvmclients.rest.RestVvmCarrierService.getMsisdn:420 Retrieved phone number in an unexpected format: +15551234567 [CONTEXT disable_client_error_logging=true ]
01-19 22:36:56.671  2021  2242 E DialerRestVvmCarrierService: adis: MEDIUM
01-19 22:36:56.671  2021  2242 E DialerRestVvmCarrierService: 	at a.dC(PG:15)
01-19 22:36:56.671  2021  2242 E DialerRestVvmCarrierService: 	at smu.apply(PG:1019)
01-19 22:36:56.671  2021  2242 E DialerRestVvmCarrierService: 	at acnt.apply(PG:13)
01-19 22:36:56.671  2021  2242 E DialerRestVvmCarrierService: 	at advm.d(PG:3)
01-19 22:36:56.671  2021  2242 E DialerRestVvmCarrierService: 	at advn.run(PG:38)
01-19 22:36:56.671  2021  2242 E DialerRestVvmCarrierService: 	at xlk.run(PG:7)
01-19 22:36:56.671  2021  2242 E DialerRestVvmCarrierService: 	at adoy.run(PG:44)
01-19 22:36:56.671  2021  2242 E DialerRestVvmCarrierService: 	at wvj.run(PG:254)
01-19 22:36:56.671  2021  2242 E DialerRestVvmCarrierService: 	at tif.run(PG:267)
01-19 22:36:56.671  2021  2242 E DialerRestVvmCarrierService: 	at java.lang.Thread.run(Thread.java:1563)
01-19 22:36:56.671  2021  2242 E DialerRestVvmCarrierService: 	at xmm.run(PG:61)
01-19 22:36:56.671  2021  2242 I DialerStatusCheck: com.android.dialer.voicemail.service.impl.vvmclients.rest.StatusCheck.updateStatus:55 updateStatus
