01-19 22:37:35.064  1545  1545 I KeyboardThemeProvider: KeyboardThemeProvider.applyKeyboardTheme():27 Apply keyboard theme: theme,!gsf,!pgsans,!pgsf,!use_system_font,BORDER,FLAVOR_DPI=XXHDPI,GOOGLE_ICONS,IS_LIGHT,KEYBOARD_WIDTH_CATEGORY=NORMAL,KEY_BORDER_SHAPE=1,LIGHT_THEME=true,PHYSICAL_DIAGONAL=6.532579,POPUP,SCREEN_SHORTEST_WIDTH=448,SCREEN_SHORTEST_WIDTH_NO_SCALE=448,SW400DP,XXHDPI,bottom4dp,enable_emoji_kitchen_browse_color_v2=true,enable_google_fonts_icons=true,enable_popup_on_keypress=true,keyboard_redesign_google_sans=true,non_linear_scale,noshadow,overlay_builtin_dynamic_color_light_base.binarypb:gm3-light-fffaf8fe-ff4c5e8b-4fb1adea13304a190d4abf12326cf60c,roundedchip,silkpopup
01-19 22:37:35.065  1156  1262 E SystemServiceRegistry: No service published for: ethernet
01-19 22:37:35.065  1156  1262 E SystemServiceRegistry: android.os.ServiceManager$ServiceNotFoundException: No service published for: ethernet
01-19 22:37:35.065  1156  1262 E SystemServiceRegistry: 	at android.os.ServiceManager.getServiceOrThrow(ServiceManager.java:203)
01-19 22:37:35.065  1156  1262 E SystemServiceRegistry: 	at android.app.SystemServiceRegistry$156.createService(SystemServiceRegistry.java:2418)
01-19 22:37:35.065  1156  1262 E SystemServiceRegistry: 	at android.app.SystemServiceRegistry$CachedServiceFetcher.getService(SystemServiceRegistry.java:2531)
01-19 22:37:35.065  1156  1262 E SystemServiceRegistry: 	at android.app.SystemServiceRegistry.getSystemService(SystemServiceRegistry.java:2063)
01-19 22:37:35.065  1156  1262 E SystemServiceRegistry: 	at android.app.ContextImpl.getSystemService(ContextImpl.java:2434)
01-19 22:37:35.065  1156  1262 E SystemServiceRegistry: 	at android.content.ContextWrapper.getSystemService(ContextWrapper.java:991)
01-19 22:37:35.065  1156  1262 E SystemServiceRegistry: 	at com.android.networkstack.tethering.Tethering.isEthernetSupported(Tethering.java:1853)
01-19 22:37:35.065  1156  1262 E SystemServiceRegistry: 	at com.android.networkstack.tethering.Tethering.makeSupportedDownstreams(Tethering.java:2834)
01-19 22:37:35.065  1156  1262 E SystemServiceRegistry: 	at com.android.networkstack.tethering.Tethering.updateSupportedDownstreams(Tethering.java:2808)
01-19 22:37:35.065  1156  1262 E SystemServiceRegistry: 	at com.android.networkstack.tethering.Tethering.updateConfiguration(Tethering.java:561)
01-19 22:37:35.065  1156  1262 E SystemServiceRegistry: 	at com.android.networkstack.tethering.Tethering.-$$Nest$mupdateConfiguration(Tethering.java:0)
01-19 22:37:35.065  1156  1262 E SystemServiceRegistry: 	at com.android.networkstack.tethering.Tethering$StateReceiver.onReceive(Tethering.java:1376)
01-19 22:37:35.065  1156  1262 E SystemServiceRegistry: 	at android.app.LoadedApk$ReceiverDispatcher$Args.lambda$getRunnable$0(LoadedApk.java:1931)
01-19 22:37:35.065  1156  1262 E SystemServiceRegistry: 	at android.app.LoadedApk$ReceiverDispatcher$Args.$r8$lambda$mcNAAl1SQ4MyJPyDg8TJ2x2h0Rk(Unknown Source:0)
01-19 22:37:35.065  1156  1262 E SystemServiceRegistry: 	at android.app.LoadedApk$ReceiverDispatcher$Args$$ExternalSyntheticLambda0.run(D8$$SyntheticClass:0)
01-19 22:37:35.065  1156  1262 E SystemServiceRegistry: 	at android.os.Handler.handleCallback(Handler.java:1070)
01-19 22:37:35.065  1156  1262 E SystemServiceRegistry: 	at android.os.Handler.dispatchMessage(Handler.java:125)
01-19 22:37:35.065  1156  1262 E SystemServiceRegistry: 	at android.os.Looper.dispatchMessage(Looper.java:333)
01-19 22:37:35.065  1156  1262 E SystemServiceRegistry: 	at android.os.Looper.loopOnce(Looper.java:263)
01-19 22:37:35.065  1156  1262 E SystemServiceRegistry: 	at android.os.Looper.loop(Looper.java:367)
01-19 22:37:35.065  1156  1262 E SystemServiceRegistry: 	at android.os.HandlerThread.run(HandlerThread.java:139)
01-19 22:37:35.065  1545  2048 I SP      : Syncing emoticon_content_description (2022081613) with slices: [7a635888cb828dfa2fc744b7b9b50f04], metadata: false
01-19 22:37:35.068   595   625 D C2BqBuffer: local generation change 3855362 , bqId: 16170551869444 migrated buffers # 0
01-19 22:37:35.070  3765  3914 D Codec2Client: Surface configure completed
01-19 22:37:35.070  3765  3914 D SurfaceUtils: disconnecting from surface 0x731d040ac8b0, reason disconnectFromSurface
01-19 22:37:35.071  1545  2065 W LatinCommonMetricsProcessor: LatinCommonMetricsProcessor.processInputMethodEntryChanged():2426 The new entry is equal to the old entry
01-19 22:37:35.105  1545  1545 I AndroidIME: InputBundleManager.loadActiveInputBundleId():528 loadActiveInputBundleId: und-Latn-x-password, password
01-19 22:37:35.109  3765  3765 D LeakCanary: Watching instance of androidx.fragment.app.FragmentManagerViewModel (androidx.fragment.app.FragmentManagerViewModel received ViewModel#onCleared() callback) with key d2c68412-9d57-4dcc-9da2-0199d36c402f
01-19 22:37:35.109  3765  3765 D LeakCanary: Watching instance of dagger.hilt.android.internal.managers.ActivityRetainedComponentManager$ActivityRetainedComponentViewModel (dagger.hilt.android.internal.managers.ActivityRetainedComponentManager$ActivityRetainedComponentViewModel received ViewModel#onCleared() callback) with key 7ef71245-6fd3-444e-93fc-5c21467d04b8
01-19 22:37:35.109  3765  3765 D LeakCanary: Watching instance of leakcanary.internal.ViewModelClearedWatcher (leakcanary.internal.ViewModelClearedWatcher received ViewModel#onCleared() callback) with key b12c11a7-e85c-47d7-ba3b-df87b1388196
01-19 22:37:35.109  3765  3765 D LeakCanary: Watching instance of androidx.lifecycle.SavedStateHandlesVM (androidx.lifecycle.SavedStateHandlesVM received ViewModel#onCleared() callback) with key 32fb798c-3292-42be-ad72-7be097475f46
01-19 22:37:35.109  3765  3765 D LeakCanary: Watching instance of com.rpeters.jellyfin.ui.player.VideoPlayerViewModel (com.rpeters.jellyfin.ui.player.VideoPlayerViewModel received ViewModel#onCleared() callback) with key 77f7ae63-b2dc-43c3-8ffe-8ecfd31e6d39
01-19 22:37:35.109  3765  3765 D LeakCanary: Watching instance of androidx.compose.ui.platform.LifecycleRetainedValuesStoreOwner (androidx.compose.ui.platform.LifecycleRetainedValuesStoreOwner received ViewModel#onCleared() callback) with key 47f2f305-1073-4de5-af00-079e523d4e0f
01-19 22:37:35.110  1209  1209 I ContextualSearchInvoker: Contextual Search invocation failed: no ContextualSearchManager
01-19 22:37:35.110  1209  1209 D StatsLog: LAUNCHER_LAUNCH_ASSISTANT_FAILED_SERVICE_ERROR
01-19 22:37:35.113  1545  1545 I GoogleInputMethodService: GoogleInputMethodService.onStartInput():1318 onStartInput(EditorInfo{EditorInfo{packageName=com.rpeters.jellyfin, inputType=0, inputTypeString=NULL, enableLearning=false, autoCorrection=false, autoComplete=false, imeOptions=0, privateImeOptions=null, actionName=UNSPECIFIED, actionLabel=null, initialSelStart=-1, initialSelEnd=-1, initialCapsMode=0, label=null, fieldId=0, fieldName=null, extras=null, hintText=null, hintLocales=[]}}, true)
01-19 22:37:35.113  1545  1545 W SessionManager: SessionManager.beginSession():53 Try to begin an already begun session [INPUT_SESSION], end it first
01-19 22:37:35.115  3765  3782 I OkHttpClient: POST https://rpeters1428.huron.usbx.me/jellyfin/Sessions/Playing/Progress
01-19 22:37:35.116  1545  2048 I SP      : Sync for emoticon_content_description succeeded in 55 ms: no changes
01-19 22:37:35.116  1545  2048 I SP      : GC for 'emoticon_content_description' (10) with ttl of 0 ms took 0 ms (0/0/0)
01-19 22:37:35.117  1545  1545 I Module  : DeviceLockedStatusModuleProvider$Module.updateDeviceLockedStatus():100 repeatCheckTimes = 1, locked = false
01-19 22:37:35.117   810   889 W PackageConfigPersister: App-specific configuration not found for packageName: com.rpeters.jellyfin and userId: 0
01-19 22:37:35.118  1545  1545 I AbstractOpenableExtension: AbstractOpenableExtension$3.onSuccess():552 KeyboardGroupManager destroyed in emp.
01-19 22:37:35.118  1545  1545 I AbstractOpenableExtension: AbstractOpenableExtension$3.onSuccess():552 KeyboardGroupManager destroyed in gvt.
01-19 22:37:35.118  1545  1545 I AbstractOpenableExtension: AbstractOpenableExtension$3.onSuccess():552 KeyboardGroupManager destroyed in gyp.
01-19 22:37:35.128  1209  1209 D AlphabeticIndexCompat: computeSectionName: cs: Settings sectionName: S
01-19 22:37:35.128  1209  1209 D AlphabeticIndexCompat: computeSectionName: cs: Photos sectionName: P
01-19 22:37:35.128  1209  1209 D AlphabeticIndexCompat: computeSectionName: cs: Battery sectionName: B
01-19 22:37:35.128  1209  1209 D AlphabeticIndexCompat: computeSectionName: cs: Chrome sectionName: C
01-19 22:37:35.128  1209  1209 D AlphabeticIndexCompat: computeSectionName: cs: Gmail sectionName: G
01-19 22:37:35.129  1209  1209 D AlphabeticIndexCompat: computeSectionName: cs: Drive sectionName: D
01-19 22:37:35.129  1209  1209 D AlphabeticIndexCompat: computeSectionName: cs: Clock sectionName: C
01-19 22:37:35.129  1209  1209 D AlphabeticIndexCompat: computeSectionName: cs: Contacts sectionName: C
01-19 22:37:35.129  1209  1209 D AlphabeticIndexCompat: computeSectionName: cs: Calendar sectionName: C
01-19 22:37:35.129  1209  1209 D AlphabeticIndexCompat: computeSectionName: cs: Maps sectionName: M
01-19 22:37:35.129  1209  1209 D AlphabeticIndexCompat: computeSectionName: cs: YouTube Music sectionName: Y
01-19 22:37:35.129  1209  1209 D AlphabeticIndexCompat: computeSectionName: cs: YouTube sectionName: Y
01-19 22:37:35.130  1209  1209 D AlphabeticIndexCompat: computeSectionName: cs: Google sectionName: G
01-19 22:37:35.130  1209  1209 D AlphabeticIndexCompat: computeSectionName: cs: Android System Intelligence sectionName: A
01-19 22:37:35.134  1209  1209 D AlphabeticIndexCompat: computeSectionName: cs: Digital Wellbeing sectionName: D
01-19 22:37:35.135   810  2412 I WindowManager: finishDrawing of orientation change: Window{f6bdf4f u0 ScreenDecorOverlay} 92ms
01-19 22:37:35.136  1209  1209 D AlphabeticIndexCompat: computeSectionName: cs: Conversations sectionName: C
01-19 22:37:35.139  1209  1209 D TaskbarManager: createTaskbarUIControllerForRecentsViewContainer displayId=0 isDefaultDisplay=true
01-19 22:37:35.139  1209  1209 D TaskbarManager: recreateTaskbarForDisplay: adding rootView displayId=0 isDefaultDisplay=true
01-19 22:37:35.139  1209  1209 D TaskbarManager: addTaskbarRootViewToWindow: displayId=0 isDefaultDisplay=true
01-19 22:37:35.139  1209  1209 D TaskbarManager: addTaskbarRootViewToWindow: rootLayout already added! displayId=0 isDefaultDisplay=true
01-19 22:37:35.139  1209  1209 D TaskbarManager: getTaskbarRootLayoutForDisplay: displayId=0 isDefaultDisplay=true
01-19 22:37:35.139  1209  1209 D TaskbarManager: recreateTaskbarForDisplay: adding root layout displayId=0 isDefaultDisplay=true
01-19 22:37:35.141  1209  1209 D b/254119092: DisplayController#onConfigurationChanged: {1.0 310mcc260mnc [en_US] ldltr sw448dp w448dp h997dp 480dpi nrml long compactNeeded port finger qwerty/v/v dpad/v winConfig={ mBounds=Rect(0, 0 - 1344, 2992) mAppBounds=Rect(0, 0 - 1344, 2992) mMaxBounds=Rect(0, 0 - 1344, 2992) mDisplayRotation=ROTATION_0 mWindowingMode=fullscreen mActivityType=undefined mAlwaysOnTop=undefined mRotation=ROTATION_0} as.3 s.144 fontWeightAdjustment=0}
01-19 22:37:35.152  1209  1209 D TaskbarManager: onDisplayInfoChanged: Rotation changed displayId=0 isDefaultDisplay=true
01-19 22:37:35.153  1209  1209 D TaskbarManager: recreateTaskbarForDisplay:  displayId=0 isDefaultDisplay=true
01-19 22:37:35.153  1209  1209 D TaskbarManager: recreateTaskbarForDisplay: getting device profile displayId=0 isDefaultDisplay=true
01-19 22:37:35.153  1209  1209 D TaskbarManager: recreateTaskbarForDisplay: destroying taskbar displayId=0 isDefaultDisplay=true
01-19 22:37:35.153  1209  1209 D TaskbarManager: destroyTaskbarForDisplay displayId=0 isDefaultDisplay=true
01-19 22:37:35.154  1209  1209 V HandoffSuggestionMetadataLoader: cancelPendingLoads
01-19 22:37:35.155  1209  1209 V HandoffSuggestionList: Clearing Handoff suggestions.
01-19 22:37:35.155  1209  1209 D TaskbarManager: recreateTaskbarForDisplay: isTaskbarEnabled=true [dp != null (i.e. mUserUnlocked)]=true dp.isTaskbarPresent=false isTaskbarEnabled=true displayExists=true displayId=0 isDefaultDisplay=true
01-19 22:37:35.156  1209  1209 D TaskbarManager: recreateTaskbarForDisplay: creating taskbar displayId=0 isDefaultDisplay=true
01-19 22:37:35.168   810   890 I WindowManager: finishDrawing of orientation change: Window{b37fa9d u0 ScreenDecorOverlayBottom} 126ms
01-19 22:37:35.194  1209  1209 I ContextualSearchInvoker: Contextual Search invocation failed: no ContextualSearchManager
01-19 22:37:35.195  1209  1209 D StatsLog: LAUNCHER_LAUNCH_ASSISTANT_FAILED_SERVICE_ERROR
01-19 22:37:35.202  1209  1209 D AlphabeticIndexCompat: computeSectionName: cs: Settings sectionName: S
01-19 22:37:35.202  1209  1209 D AlphabeticIndexCompat: computeSectionName: cs: Photos sectionName: P
01-19 22:37:35.202  1209  1209 D AlphabeticIndexCompat: computeSectionName: cs: Battery sectionName: B
01-19 22:37:35.202  1209  1209 D AlphabeticIndexCompat: computeSectionName: cs: Chrome sectionName: C
01-19 22:37:35.202  1209  1209 D AlphabeticIndexCompat: computeSectionName: cs: Gmail sectionName: G
01-19 22:37:35.202  1209  1209 D AlphabeticIndexCompat: computeSectionName: cs: Drive sectionName: D
01-19 22:37:35.204  1209  1209 D AlphabeticIndexCompat: computeSectionName: cs: Clock sectionName: C
01-19 22:37:35.205  1209  1209 D AlphabeticIndexCompat: computeSectionName: cs: Contacts sectionName: C
01-19 22:37:35.205  1209  1209 D AlphabeticIndexCompat: computeSectionName: cs: Calendar sectionName: C
01-19 22:37:35.205  1209  1209 D AlphabeticIndexCompat: computeSectionName: cs: Maps sectionName: M
01-19 22:37:35.206  1209  1209 D AlphabeticIndexCompat: computeSectionName: cs: YouTube Music sectionName: Y
01-19 22:37:35.206  1209  1209 D AlphabeticIndexCompat: computeSectionName: cs: YouTube sectionName: Y
01-19 22:37:35.206  1209  1209 D AlphabeticIndexCompat: computeSectionName: cs: Google sectionName: G
01-19 22:37:35.206  1209  1209 D AlphabeticIndexCompat: computeSectionName: cs: Android System Intelligence sectionName: A
01-19 22:37:35.207  1209  1209 D AlphabeticIndexCompat: computeSectionName: cs: Digital Wellbeing sectionName: D
01-19 22:37:35.207  1209  1209 D AlphabeticIndexCompat: computeSectionName: cs: Conversations sectionName: C
01-19 22:37:35.207  1209  1209 D TaskbarManager: createTaskbarUIControllerForRecentsViewContainer displayId=0 isDefaultDisplay=true
01-19 22:37:35.208  1209  1209 D TaskbarManager: recreateTaskbarForDisplay: adding rootView displayId=0 isDefaultDisplay=true
01-19 22:37:35.208  1209  1209 D TaskbarManager: addTaskbarRootViewToWindow: displayId=0 isDefaultDisplay=true
01-19 22:37:35.208  1209  1209 D TaskbarManager: addTaskbarRootViewToWindow: rootLayout already added! displayId=0 isDefaultDisplay=true
01-19 22:37:35.208  1209  1209 D TaskbarManager: getTaskbarRootLayoutForDisplay: displayId=0 isDefaultDisplay=true
01-19 22:37:35.208  1209  1209 D TaskbarManager: recreateTaskbarForDisplay: adding root layout displayId=0 isDefaultDisplay=true
01-19 22:37:35.209  1209  1209 D BubbleBarView: BubbleBar RTL properties changed, new layoutDirection=0 previous layoutDirection=-1
01-19 22:37:35.232   810  2412 I WindowManager: finishDrawing of orientation change: Window{486db71 u0 Taskbar} 190ms
01-19 22:37:35.243   810  2412 I WindowManager: finishDrawing of orientation change: Window{d0905c1 u0 StatusBar} 200ms
01-19 22:37:35.271  1082  1082 D SsCardRecyclerViewAdapter: Updating Smartspace targets to targets for Lockscreen
01-19 22:37:35.273  1082  1082 D SsCardRecyclerViewAdapter: Updating Smartspace targets to targets for Lockscreen
01-19 22:37:35.274  1082  1082 W SsPagerDots: Total number of pages invalid: 0. Assuming 1 page.
01-19 22:37:35.274  1082  1082 W SsPagerDots: Total number of pages invalid: 0. Assuming 1 page.
01-19 22:37:35.274  1082  1082 W SsPagerDots: Total number of pages invalid: 0. Assuming 1 page.
01-19 22:37:35.274  1082  1082 W SsPagerDots: Total number of pages invalid: 0. Assuming 1 page.
01-19 22:37:35.274  1082  1082 W BcSmartspaceView: Current card is not present in the Adapter; cannot log.
01-19 22:37:35.275  1082  1082 W AlarmManager: Unrecognized alarm listener com.google.android.systemui.smartspace.KeyguardZenAlarmViewController$showNextAlarm$1@72dffdc
01-19 22:37:35.275  1082  1082 W AlarmManager: Unrecognized alarm listener com.google.android.systemui.smartspace.KeyguardZenAlarmViewController$showNextAlarm$1@72dffdc
01-19 22:37:35.276  1082  1082 W SsPagerDots: Total number of pages invalid: 0. Assuming 1 page.
01-19 22:37:35.276  1082  1082 W BcSmartspaceView: Current card is not present in the Adapter; cannot log.
01-19 22:37:35.276  1082  1082 W SsPagerDots: Total number of pages invalid: 0. Assuming 1 page.
01-19 22:37:35.277  1082  1082 W BcSmartspaceView: Current card is not present in the Adapter; cannot log.
01-19 22:37:35.278  1082  1082 W AlarmManager: Unrecognized alarm listener com.google.android.systemui.smartspace.KeyguardZenAlarmViewController$showNextAlarm$1@72dffdc
01-19 22:37:35.278  1082  1082 W SsPagerDots: Total number of pages invalid: 0. Assuming 1 page.
01-19 22:37:35.278  1082  1082 W BcSmartspaceView: Current card is not present in the Adapter; cannot log.
01-19 22:37:35.279  1082  1082 W SsPagerDots: Total number of pages invalid: 0. Assuming 1 page.
01-19 22:37:35.279  1082  1082 W BcSmartspaceView: Current card is not present in the Adapter; cannot log.
01-19 22:37:35.282  1649  1863 I AiAiEcho: Predicting[0]:  [CONTEXT sampling_count=5 ]
01-19 22:37:35.282  1649  1863 I AiAiEcho: EchoTargets: 
01-19 22:37:35.282  1649  1863 I AiAiEcho: Filtered by AiAi flag check: 
01-19 22:37:35.282  1649  1863 I AiAiEcho: [CONTEXT ratelimit_period="10 SECONDS" ]
01-19 22:37:35.282  1649  1863 I AiAiEcho: #remoteViewsTwiddler: feature disabled.
01-19 22:37:35.282  1649  1863 I AiAiEcho: Predicting[0]:  [CONTEXT sampling_count=5 ]
01-19 22:37:35.283  1649  1863 I AiAiEcho: EchoTargets: 
01-19 22:37:35.283  1649  1863 I AiAiEcho: Filtered by AiAi flag check: 
01-19 22:37:35.283  1649  1863 I AiAiEcho: [CONTEXT ratelimit_period="10 SECONDS" ]
01-19 22:37:35.283  1649  1863 I AiAiEcho: #remoteViewsTwiddler: feature disabled.
01-19 22:37:35.284  1649  1863 I AiAiEcho: #postPredictionTargets: Sending updates to UISurface lockscreen with targets# 0 (types=[])
01-19 22:37:35.285  1649  1863 I AiAiEcho: #postPredictionTargets: Sending updates to UISurface home with targets# 0 (types=[])
01-19 22:37:35.291  1082  1082 W SsPagerDots: Total number of pages invalid: 0. Assuming 1 page.
01-19 22:37:35.295  1649  1863 I AiAiEcho: Predicting[0]:  [CONTEXT sampling_count=5 ]
01-19 22:37:35.295  1649  1863 I AiAiEcho: EchoTargets: 
01-19 22:37:35.295  1649  1863 I AiAiEcho: Filtered by AiAi flag check: 
01-19 22:37:35.295  1649  1863 I AiAiEcho: [CONTEXT ratelimit_period="10 SECONDS" ]
01-19 22:37:35.295  1649  1863 I AiAiEcho: #remoteViewsTwiddler: feature disabled.
01-19 22:37:35.296  1649  1863 I AiAiEcho: Predicting[0]:  [CONTEXT sampling_count=5 ]
01-19 22:37:35.296  1649  1863 I AiAiEcho: EchoTargets: 
01-19 22:37:35.296  1649  1863 I AiAiEcho: Filtered by AiAi flag check: 
01-19 22:37:35.296  1649  1863 I AiAiEcho: [CONTEXT ratelimit_period="10 SECONDS" ]
01-19 22:37:35.296  1649  1863 I AiAiEcho: #remoteViewsTwiddler: feature disabled.
01-19 22:37:35.297  1649  1863 I AiAiEcho: #postPredictionTargets: Sending updates to UISurface lockscreen with targets# 0 (types=[])
01-19 22:37:35.297  1649  1863 I AiAiEcho: #postPredictionTargets: Sending updates to UISurface home with targets# 0 (types=[])
01-19 22:37:35.307  1082  1082 W SsPagerDots: Total number of pages invalid: 0. Assuming 1 page.
01-19 22:37:35.309  1649  1863 I AiAiEcho: Predicting[0]:  [CONTEXT sampling_count=5 ]
01-19 22:37:35.309  1649  1863 I AiAiEcho: EchoTargets: 
01-19 22:37:35.309  1649  1863 I AiAiEcho: Filtered by AiAi flag check: 
01-19 22:37:35.309  1649  1863 I AiAiEcho: [CONTEXT ratelimit_period="10 SECONDS" ]
01-19 22:37:35.309  1649  1863 I AiAiEcho: #remoteViewsTwiddler: feature disabled.
01-19 22:37:35.309  1649  1863 I AiAiEcho: Predicting[0]:  [CONTEXT sampling_count=5 ]
01-19 22:37:35.310  1649  1863 I AiAiEcho: EchoTargets: 
01-19 22:37:35.310  1649  1863 I AiAiEcho: Filtered by AiAi flag check: 
01-19 22:37:35.310  1649  1863 I AiAiEcho: [CONTEXT ratelimit_period="10 SECONDS" ]
01-19 22:37:35.310  1649  1863 I AiAiEcho: #remoteViewsTwiddler: feature disabled.
01-19 22:37:35.310  1649  1863 I AiAiEcho: #postPredictionTargets: Sending updates to UISurface lockscreen with targets# 0 (types=[])
01-19 22:37:35.311  1649  1863 I AiAiEcho: #postPredictionTargets: Sending updates to UISurface home with targets# 0 (types=[])
01-19 22:37:35.341  1082  1082 W SsPagerDots: Total number of pages invalid: 0. Assuming 1 page.
01-19 22:37:35.399  1199  1371 D SatelliteController: iisInCarrierRoamingNbIotNtn: satellite is disabled
01-19 22:37:35.400  1199  1371 D SatelliteController: getCarrierRoamingNtnConnectType: Falling back to global carrier config connect type: 0
01-19 22:37:35.478  3765  3765 D PlaybackProgressManager: Reported progress at 579000ms for 73389e0d-fe8f-2953-2528-3c43bc3fc917
01-19 22:37:35.480  3765  3782 I OkHttpClient: POST https://rpeters1428.huron.usbx.me/jellyfin/Sessions/Playing/Stopped
01-19 22:37:36.382   595  3920 W C2BqBuffer: last successful dequeue was 1299433 us ago, 114 consecutive failures
01-19 22:37:37.453   589  3928 D android.hardware.audio@7.1-impl.ranchu: threadLoop: entering standby, frames: 2190144
01-19 22:37:37.453   589  3928 D android.hardware.audio@7.1-impl.ranchu: ~TinyalsaSink: joining consumeThread
01-19 22:37:37.461   589  3929 D android.hardware.audio@7.1-impl.ranchu: consumeThread: exiting
01-19 22:37:37.461   589  3928 D android.hardware.audio@7.1-impl.ranchu: ~TinyalsaSink: stopping PCM stream
01-19 22:37:37.498   810   977 I HalDevMgr: bestIfaceCreationProposal is null, requestIface=STA, existingIface=[name=wlan0 type=STA]
01-19 22:37:37.502  3765  3765 D PlaybackProgressManager: Reported playback stop for: 73389e0d-fe8f-2953-2528-3c43bc3fc917 at 579000ms
01-19 22:37:37.502  3765  3765 D PlaybackProgressManager: Stopped tracking
01-19 22:37:37.504  3765  3765 I ExoPlayerImpl: Release 96a3f1f [AndroidXMedia3/1.9.0] [emu64xa, sdk_gphone64_x86_64, Google, 36] [media3.common, media3.session, media3.exoplayer, media3.decoder, media3.ui, media3.datasource, media3.extractor, media3.decoder.ffmpeg]
01-19 22:37:37.506  3765  3915 D BufferPoolAccessor2.0: bufferpool2 0x731cc407d218 : 5(31457280 size) total buffers - 4(25165824 size) used buffers - 1035/1040 (recycle/alloc) - 6/1040 (fetch/transfer)
01-19 22:37:37.507  3765  3900 D MediaCodec: keep callback message for reclaim
01-19 22:37:37.507  3765  3914 I CCodecConfig: query failed after returning 12 values (BAD_INDEX)
01-19 22:37:37.507  3765  3914 D CCodecConfig: c2 config diff is   c2::u32 coded.vui.color.matrix = 1
01-19 22:37:37.507  3765  3914 D CCodecConfig:   c2::u32 coded.vui.color.primaries = 1
01-19 22:37:37.507  3765  3914 D CCodecConfig:   c2::u32 coded.vui.color.transfer = 3
01-19 22:37:37.509  3765  3914 W Codec2Client: query -- param skipped: index = 1342179345.
01-19 22:37:37.509  3765  3914 W Codec2Client: query -- param skipped: index = 2415921170.
01-19 22:37:37.509  3765  3914 W Codec2Client: query -- param skipped: index = 1610614798.
01-19 22:37:37.513   595  3920 W SimpleC2Component: unknown frame index: 1033
01-19 22:37:37.513   595  3920 D SimpleC2Component: work form old generation: was 1 now 0
01-19 22:37:37.514  3765  3915 D CCodecBufferChannel: [c2.goldfish.hevc.decoder#72] flushed work; ignored.
01-19 22:37:37.514  3765  3915 D CCodecBufferChannel: [c2.goldfish.hevc.decoder#72] Discard frames from previous generation.
01-19 22:37:37.514  3765  3900 D MediaCodec: keep callback message for reclaim
01-19 22:37:37.515  3765  3923 I CCodecConfig: query failed after returning 8 values (BAD_INDEX)
01-19 22:37:37.516  3765  3923 W Codec2Client: query -- param skipped: index = 1342179345.
01-19 22:37:37.516  3765  3923 W Codec2Client: query -- param skipped: index = 2415921170.
01-19 22:37:37.518  3765  3914 I MediaCodec: [c2.goldfish.hevc.decoder] connecting to the same surface. Nothing to do.
01-19 22:37:37.519  3765  3914 D CCodecBufferChannel: [c2.goldfish.hevc.decoder#72] MediaCodec discarded an unknown buffer
01-19 22:37:37.520  3765  3914 D CCodecBufferChannel: [c2.goldfish.hevc.decoder#72] MediaCodec discarded an unknown buffer
01-19 22:37:37.520   595   625 D C2BqBuffer: configuring null producer: igbp_information(0)
01-19 22:37:37.520  3765  3914 D CCodecBufferChannel: [c2.goldfish.hevc.decoder#72] MediaCodec discarded an unknown buffer
01-19 22:37:37.521  3765  3914 D CCodecBufferChannel: [c2.goldfish.hevc.decoder#72] MediaCodec discarded an unknown buffer
01-19 22:37:37.553  3765  3914 D SurfaceUtils: disconnecting from surface 0x731d0402d000, reason disconnectFromSurface
01-19 22:37:37.555  3765  3923 D CCodecBufferChannel: [c2.android.opus.decoder#432] MediaCodec discarded an unknown buffer
01-19 22:37:37.557  3765  3923 D CCodecBufferChannel: [c2.android.opus.decoder#432] MediaCodec discarded an unknown buffer
01-19 22:37:37.557  3765  3923 D CCodecBufferChannel: [c2.android.opus.decoder#432] MediaCodec discarded an unknown buffer
01-19 22:37:37.558  3765  3923 D CCodecBufferChannel: [c2.android.opus.decoder#432] MediaCodec discarded an unknown buffer
01-19 22:37:37.559  3765  3923 I hw-BpHwBinder: onLastStrongRef automatically unlinking death recipients
01-19 22:37:37.559   725   773 I hw-BpHwBinder: onLastStrongRef automatically unlinking death recipients
01-19 22:37:37.559   725   773 I hw-BpHwBinder: onLastStrongRef automatically unlinking death recipients
01-19 22:37:37.559   725   773 D BufferPoolAccessor2.0: bufferpool2 0x701aa600a9d8 : 0(0 size) total buffers - 0(0 size) used buffers - 0/0 (recycle/alloc) - 0/0 (fetch/transfer)
01-19 22:37:37.559   725   773 D BufferPoolAccessor2.0: Destruction - bufferpool2 0x701aa600a9d8 cached: 0/0M, 0/0% in use; allocs: 0, 0% recycled; transfers: 0, 0% unfetched
01-19 22:37:37.564  3765  3765 D LeakCanary: Watching instance of androidx.lifecycle.ReportFragment (androidx.lifecycle.ReportFragment received Fragment#onDestroy() callback) with key 0ff7bd8d-4d33-4c89-a9c1-1d6b6ce4cabe
01-19 22:37:37.564  3765  3765 D LeakCanary: Watching instance of com.rpeters.jellyfin.ui.player.VideoPlayerActivity (com.rpeters.jellyfin.ui.player.VideoPlayerActivity received Activity#onDestroy() callback) with key 542b1044-4ca9-426f-931f-d62ae6f0065c
01-19 22:37:37.564  3765  3765 D WindowOnBackDispatcher: setTopOnBackInvokedCallback (unwrapped): null
01-19 22:37:37.565   810  2412 D CoreBackPreview: Window{f5715 u0 com.rpeters.jellyfin/com.rpeters.jellyfin.ui.player.VideoPlayerActivity}: Setting back callback null
01-19 22:37:37.569  3765  3765 D ViewRootImpl: Skipping stats log for color mode
01-19 22:37:37.572  3765  3915 I hw-BpHwBinder: onLastStrongRef automatically unlinking death recipients
01-19 22:37:37.572   595   625 I hw-BpHwBinder: onLastStrongRef automatically unlinking death recipients
01-19 22:37:37.574   810  1030 D BackgroundInstallControlService: Package event received: 0
01-19 22:37:37.577   595   625 I GoldfishComponentStore: in ~ComponentModule
01-19 22:37:37.577   595   625 I GoldfishComponentStore: unloading dll
01-19 22:37:37.582  3765  3765 I Choreographer: Skipped 149 frames!  The application may be doing too much work on its main thread.
01-19 22:37:37.583   810  2412 I ImeTracker: system_server:e231486a: onRequestHide at ORIGIN_SERVER reason IME_REQUESTED_CHANGED_LISTENER fromUser false
01-19 22:37:37.584   810   840 I ImeTracker: system_server:e231486a: onCancelled at PHASE_SERVER_SHOULD_HIDE
01-19 22:37:37.591  3765  3775 I HWUI    : Davey! duration=2500ms; Flags=0, FrameTimelineVsyncId=28225, IntendedVsync=186054904788, Vsync=188521571356, InputEventId=0, HandleInputStart=188549603236, AnimationStart=188549603992, PerformTraversalsStart=188551673320, DrawStart=188551710103, FrameDeadline=186104904786, FrameStartTime=188549023453, FrameInterval=16666666, WorkloadTarget=16666666, SyncQueued=188551762799, SyncStart=188551798967, IssueDrawCommandsStart=188551925756, SwapBuffers=188552970291, FrameCompleted=188555540731, DequeueBufferDuration=2043, QueueBufferDuration=116599, GpuCompleted=188555540731, SwapBuffersCompleted=188553670812, DisplayPresentTime=0, CommandSubmissionCompleted=188552970291, 
01-19 22:37:38.523   595  3956 D C2BqPoolInvalidator: invalidated 1 bqpool items
01-19 22:37:39.012  3959  3959 W libbinder.BackendUnifiedServiceManager: Thread Pool max thread count is 0. Cannot cache binder as linkToDeath cannot be implemented. serviceName: package
01-19 22:37:39.062  3360  3937 I artd    : GetBestInfo: odex next to the dex file (/data/app/~~6Fx2stUZf9VHWzn0Kkn8Sg==/com.google.android.gms-e8mZq9Ak3P8uIKVbXWQuHw==/oat/x86_64/base.odex) is kOatUpToDate with filter 'speed-profile' executable 'false'
01-19 22:37:39.063  3360  3937 I artd    : GetBestInfo: odex next to the dex file (/data/app/~~6Fx2stUZf9VHWzn0Kkn8Sg==/com.google.android.gms-e8mZq9Ak3P8uIKVbXWQuHw==/oat/x86_64/split_AdsDynamite_installtime.odex) is kOatUpToDate with filter 'speed' executable 'false'
01-19 22:37:39.065  3360  3937 I artd    : GetBestInfo: odex next to the dex file (/data/app/~~6Fx2stUZf9VHWzn0Kkn8Sg==/com.google.android.gms-e8mZq9Ak3P8uIKVbXWQuHw==/oat/x86_64/split_CronetDynamite_installtime.odex) is kOatUpToDate with filter 'speed' executable 'false'
01-19 22:37:39.066  3360  3937 I artd    : GetBestInfo: odex next to the dex file (/data/app/~~6Fx2stUZf9VHWzn0Kkn8Sg==/com.google.android.gms-e8mZq9Ak3P8uIKVbXWQuHw==/oat/x86_64/split_DynamiteLoader_installtime.odex) is kOatUpToDate with filter 'speed' executable 'false'
01-19 22:37:39.068  3360  3937 I artd    : GetBestInfo: odex next to the dex file (/data/app/~~6Fx2stUZf9VHWzn0Kkn8Sg==/com.google.android.gms-e8mZq9Ak3P8uIKVbXWQuHw==/oat/x86_64/split_DynamiteModulesA_installtime.odex) is kOatUpToDate with filter 'speed' executable 'false'
01-19 22:37:39.069  3360  3937 I artd    : GetBestInfo: odex next to the dex file (/data/app/~~6Fx2stUZf9VHWzn0Kkn8Sg==/com.google.android.gms-e8mZq9Ak3P8uIKVbXWQuHw==/oat/x86_64/split_DynamiteModulesC_installtime.odex) is kOatUpToDate with filter 'speed' executable 'false'
01-19 22:37:39.070  3360  3937 I artd    : GetBestInfo: odex next to the dex file (/data/app/~~6Fx2stUZf9VHWzn0Kkn8Sg==/com.google.android.gms-e8mZq9Ak3P8uIKVbXWQuHw==/oat/x86_64/split_GoogleCertificates_installtime.odex) is kOatUpToDate with filter 'speed' executable 'false'
01-19 22:37:39.072  3360  3937 I artd    : GetBestInfo: odex next to the dex file (/data/app/~~6Fx2stUZf9VHWzn0Kkn8Sg==/com.google.android.gms-e8mZq9Ak3P8uIKVbXWQuHw==/oat/x86_64/split_MapsDynamite_installtime.odex) is kOatUpToDate with filter 'speed' executable 'false'
01-19 22:37:39.074  3360  3937 I artd    : GetBestInfo: odex next to the dex file (/data/app/~~6Fx2stUZf9VHWzn0Kkn8Sg==/com.google.android.gms-e8mZq9Ak3P8uIKVbXWQuHw==/oat/x86_64/split_MeasurementDynamite_installtime.odex) is kOatUpToDate with filter 'speed' executable 'false'
01-19 22:37:39.075  3360  3937 I artd    : GetBestInfo: odex next to the dex file (/data/app/~~6Fx2stUZf9VHWzn0Kkn8Sg==/com.google.android.gms-e8mZq9Ak3P8uIKVbXWQuHw==/oat/x86_64/split_all_locale_splits.odex) is kOatUpToDate with filter 'speed' executable 'false'
01-19 22:37:39.076  3360  3360 I artd    : GetBestInfo: /data/user_de/0/com.google.android.gms/app_chimera/m/00000001/CronetDynamite.apk has no usable artifacts
01-19 22:37:39.077  3360  3360 I artd    : GetBestInfo: vdex next to the dex file (/data/user/0/com.google.android.gms/app_dg_cache/9C3914BA639C225C3270B81DD57E92CD956143E9/oat/x86_64/the.vdex) is kOatUpToDate with filter 'verify' executable 'false'
01-19 22:37:39.078  3360  3360 I artd    : GetBestInfo: /data/user_de/0/com.google.android.gms/app_chimera/m/00000002/DynamiteLoader.apk has no usable artifacts
01-19 22:37:39.079  3360  3360 I artd    : GetBestInfo: /data/user_de/0/com.google.android.gms/app_chimera/m/00000011/dl-MlkitBarcodeUi.optional_255034100800.apk has no usable artifacts
01-19 22:37:39.079  3360  3360 I artd    : GetBestInfo: /data/user_de/0/com.google.android.gms/app_chimera/m/00000005/GoogleCertificates.apk has no usable artifacts
01-19 22:37:39.081  3360  3360 I artd    : GetBestInfo: /data/user_de/0/com.google.android.gms/app_chimera/m/0000000c/dl-PlayCloudSearch.optional_253434100000.apk has no usable artifacts
01-19 22:37:39.082  3360  3360 I artd    : GetBestInfo: /data/user_de/0/com.google.android.gms/app_chimera/m/00000009/dl-TfliteDynamiteDynamite.integ_243930802100800.apk has no usable artifacts
01-19 22:37:39.083  3360  3360 I artd    : GetBestInfo: /data/user_de/0/com.google.android.gms/app_chimera/m/00000007/MeasurementDynamite.apk has no usable artifacts
01-19 22:37:40.127  3765  3780 W peters.jellyfin: Cleared Reference was only reachable from finalizer (only reported once)
01-19 22:37:40.147  3765  3780 I peters.jellyfin: Explicit concurrent mark compact GC freed 1725KB AllocSpace bytes, 31(780KB) LOS objects, 49% free, 12MB/25MB, paused 76us,1.465ms total 37.331ms
01-19 22:37:40.503   810   977 I HalDevMgr: bestIfaceCreationProposal is null, requestIface=STA, existingIface=[name=wlan0 type=STA]
01-19 22:37:40.578   810  1686 E TaskPersister: File error accessing recents directory (directory doesn't exist?).
01-19 22:37:42.368  1649  2298 I libbinder.IPCThreadState: oneway function results for code 2 on binder at 0x731bb40ab790 will be dropped but finished with status UNKNOWN_TRANSACTION
01-19 22:37:42.368   810  2412 D OomAdjuster: Not killing cached processes
01-19 22:37:43.211  3765  3918 D BufferPoolAccessor2.0: bufferpool2 0x731cc407d218 : 0(0 size) total buffers - 0(0 size) used buffers - 1039/1044 (recycle/alloc) - 6/1043 (fetch/transfer)
01-19 22:37:43.211  3765  3918 D BufferPoolAccessor2.0: bufferpool2 0x731cc4057fc8 : 0(0 size) total buffers - 0(0 size) used buffers - 2169/2174 (recycle/alloc) - 8/4336 (fetch/transfer)
01-19 22:37:43.211  3765  3918 D BufferPoolAccessor2.0: evictor expired: 2, evicted: 2
01-19 22:37:43.501   725   776 D BufferPoolAccessor2.0: bufferpool2 0x701aa600c348 : 0(0 size) total buffers - 0(0 size) used buffers - 2161/2165 (recycle/alloc) - 6/2151 (fetch/transfer)
01-19 22:37:43.501   725   776 D BufferPoolAccessor2.0: evictor expired: 2, evicted: 1
01-19 22:37:43.507   810   977 I HalDevMgr: bestIfaceCreationProposal is null, requestIface=STA, existingIface=[name=wlan0 type=STA]
01-19 22:37:45.399  1199  1371 D SatelliteController: iisInCarrierRoamingNbIotNtn: satellite is disabled
01-19 22:37:45.399  1199  1371 D SatelliteController: getCarrierRoamingNtnConnectType: Falling back to global carrier config connect type: 0
01-19 22:37:46.514   810   977 I HalDevMgr: bestIfaceCreationProposal is null, requestIface=STA, existingIface=[name=wlan0 type=STA]
01-19 22:37:46.969  1545  1545 I NativeLibHelper: NativeLibHelper.loadLibrary():190 Loaded native library:integrated_shared_object (result=true)
01-19 22:37:46.972  1545  1545 I StylusModule: StylusModule.onUpdateToolType():805 Update tool type = 0
01-19 22:37:46.993  1545  1545 I GoogleInputMethodService: GoogleInputMethodService.onFinishInput():2057 
01-19 22:37:46.994  1545  1545 I Module  : DeviceLockedStatusModuleProvider$Module.updateDeviceLockedStatus():100 repeatCheckTimes = 0, locked = false
01-19 22:37:46.994  1545  1545 I GoogleInputMethodService: GoogleInputMethodService.onStartInput():1318 onStartInput(EditorInfo{EditorInfo{packageName=com.rpeters.jellyfin, inputType=0, inputTypeString=NULL, enableLearning=false, autoCorrection=false, autoComplete=false, imeOptions=0, privateImeOptions=null, actionName=UNSPECIFIED, actionLabel=null, initialSelStart=-1, initialSelEnd=-1, initialCapsMode=0, label=null, fieldId=0, fieldName=null, extras=null, hintText=null, hintLocales=[]}}, false)
01-19 22:37:46.995  1545  1545 I Module  : DeviceLockedStatusModuleProvider$Module.updateDeviceLockedStatus():100 repeatCheckTimes = 1, locked = false
01-19 22:37:46.996   810   889 W PackageConfigPersister: App-specific configuration not found for packageName: com.rpeters.jellyfin and userId: 0
01-19 22:37:47.378   810   984 D InetDiagMessage: Destroyed 0 sockets, proto=IPPROTO_TCP, family=AF_INET, states=14
01-19 22:37:47.379   810   984 D InetDiagMessage: Destroyed 0 sockets, proto=IPPROTO_TCP, family=AF_INET6, states=14
01-19 22:37:47.379   810   984 D InetDiagMessage: Destroyed live tcp sockets for uids={10144} in 0ms
01-19 22:37:47.379   810   984 D InetDiagMessage: Destroyed 0 sockets, proto=IPPROTO_TCP, family=AF_INET, states=14
01-19 22:37:47.380   810   984 D InetDiagMessage: Destroyed 0 sockets, proto=IPPROTO_TCP, family=AF_INET6, states=14
01-19 22:37:47.380   810   984 D InetDiagMessage: Destroyed live tcp sockets for uids={20144} in 1ms
01-19 22:37:49.020  3962  3962 W libbinder.BackendUnifiedServiceManager: Thread Pool max thread count is 0. Cannot cache binder as linkToDeath cannot be implemented. serviceName: package
01-19 22:37:49.070  3360  3360 I artd    : GetBestInfo: odex next to the dex file (/data/app/~~6Fx2stUZf9VHWzn0Kkn8Sg==/com.google.android.gms-e8mZq9Ak3P8uIKVbXWQuHw==/oat/x86_64/base.odex) is kOatUpToDate with filter 'speed-profile' executable 'false'
01-19 22:37:49.071  3360  3360 I artd    : GetBestInfo: odex next to the dex file (/data/app/~~6Fx2stUZf9VHWzn0Kkn8Sg==/com.google.android.gms-e8mZq9Ak3P8uIKVbXWQuHw==/oat/x86_64/split_AdsDynamite_installtime.odex) is kOatUpToDate with filter 'speed' executable 'false'
01-19 22:37:49.073  3360  3360 I artd    : GetBestInfo: odex next to the dex file (/data/app/~~6Fx2stUZf9VHWzn0Kkn8Sg==/com.google.android.gms-e8mZq9Ak3P8uIKVbXWQuHw==/oat/x86_64/split_CronetDynamite_installtime.odex) is kOatUpToDate with filter 'speed' executable 'false'
01-19 22:37:49.075  3360  3360 I artd    : GetBestInfo: odex next to the dex file (/data/app/~~6Fx2stUZf9VHWzn0Kkn8Sg==/com.google.android.gms-e8mZq9Ak3P8uIKVbXWQuHw==/oat/x86_64/split_DynamiteLoader_installtime.odex) is kOatUpToDate with filter 'speed' executable 'false'
01-19 22:37:49.076  3360  3360 I artd    : GetBestInfo: odex next to the dex file (/data/app/~~6Fx2stUZf9VHWzn0Kkn8Sg==/com.google.android.gms-e8mZq9Ak3P8uIKVbXWQuHw==/oat/x86_64/split_DynamiteModulesA_installtime.odex) is kOatUpToDate with filter 'speed' executable 'false'
01-19 22:37:49.078  3360  3360 I artd    : GetBestInfo: odex next to the dex file (/data/app/~~6Fx2stUZf9VHWzn0Kkn8Sg==/com.google.android.gms-e8mZq9Ak3P8uIKVbXWQuHw==/oat/x86_64/split_DynamiteModulesC_installtime.odex) is kOatUpToDate with filter 'speed' executable 'false'
01-19 22:37:49.080  3360  3360 I artd    : GetBestInfo: odex next to the dex file (/data/app/~~6Fx2stUZf9VHWzn0Kkn8Sg==/com.google.android.gms-e8mZq9Ak3P8uIKVbXWQuHw==/oat/x86_64/split_GoogleCertificates_installtime.odex) is kOatUpToDate with filter 'speed' executable 'false'
01-19 22:37:49.082  3360  3360 I artd    : GetBestInfo: odex next to the dex file (/data/app/~~6Fx2stUZf9VHWzn0Kkn8Sg==/com.google.android.gms-e8mZq9Ak3P8uIKVbXWQuHw==/oat/x86_64/split_MapsDynamite_installtime.odex) is kOatUpToDate with filter 'speed' executable 'false'
01-19 22:37:49.083  3360  3360 I artd    : GetBestInfo: odex next to the dex file (/data/app/~~6Fx2stUZf9VHWzn0Kkn8Sg==/com.google.android.gms-e8mZq9Ak3P8uIKVbXWQuHw==/oat/x86_64/split_MeasurementDynamite_installtime.odex) is kOatUpToDate with filter 'speed' executable 'false'
01-19 22:37:49.085  3360  3360 I artd    : GetBestInfo: odex next to the dex file (/data/app/~~6Fx2stUZf9VHWzn0Kkn8Sg==/com.google.android.gms-e8mZq9Ak3P8uIKVbXWQuHw==/oat/x86_64/split_all_locale_splits.odex) is kOatUpToDate with filter 'speed' executable 'false'
01-19 22:37:49.085  3360  3360 I artd    : GetBestInfo: /data/user_de/0/com.google.android.gms/app_chimera/m/00000001/CronetDynamite.apk has no usable artifacts
01-19 22:37:49.087  3360  3360 I artd    : GetBestInfo: vdex next to the dex file (/data/user/0/com.google.android.gms/app_dg_cache/9C3914BA639C225C3270B81DD57E92CD956143E9/oat/x86_64/the.vdex) is kOatUpToDate with filter 'verify' executable 'false'
01-19 22:37:49.087  3360  3360 I artd    : GetBestInfo: /data/user_de/0/com.google.android.gms/app_chimera/m/00000002/DynamiteLoader.apk has no usable artifacts
01-19 22:37:49.088  3360  3360 I artd    : GetBestInfo: /data/user_de/0/com.google.android.gms/app_chimera/m/00000011/dl-MlkitBarcodeUi.optional_255034100800.apk has no usable artifacts
01-19 22:37:49.089  3360  3360 I artd    : GetBestInfo: /data/user_de/0/com.google.android.gms/app_chimera/m/00000005/GoogleCertificates.apk has no usable artifacts
01-19 22:37:49.091  3360  3360 I artd    : GetBestInfo: /data/user_de/0/com.google.android.gms/app_chimera/m/0000000c/dl-PlayCloudSearch.optional_253434100000.apk has no usable artifacts
01-19 22:37:49.092  3360  3360 I artd    : GetBestInfo: /data/user_de/0/com.google.android.gms/app_chimera/m/00000009/dl-TfliteDynamiteDynamite.integ_243930802100800.apk has no usable artifacts
01-19 22:37:49.094  3360  3360 I artd    : GetBestInfo: /data/user_de/0/com.google.android.gms/app_chimera/m/00000007/MeasurementDynamite.apk has no usable artifacts
01-19 22:37:49.519   810   977 I HalDevMgr: bestIfaceCreationProposal is null, requestIface=STA, existingIface=[name=wlan0 type=STA]
01-19 22:37:51.704   810   847 D OomAdjuster: Not killing cached processes
01-19 22:37:51.705   810   847 D ActivityManager: sync unfroze 2993 com.android.dynsystem:dynsystem for 10
01-19 22:37:51.706   810   847 D ActivityManager: sync unfroze 2957 com.android.dynsystem for 10
01-19 22:37:51.707   810   847 D ActivityManager: sync unfroze 2225 com.android.localtransport for 10
01-19 22:37:51.709   810   847 D ActivityManager: sync unfroze 1760 com.android.keychain for 10
01-19 22:37:52.375   810   920 D ActivityManager: freezing 1975 com.google.android.as.oss
01-19 22:37:52.377   810   984 D InetDiagMessage: Destroyed 0 sockets, proto=IPPROTO_TCP, family=AF_INET, states=14
01-19 22:37:52.378   810   984 D InetDiagMessage: Destroyed 0 sockets, proto=IPPROTO_TCP, family=AF_INET6, states=14
01-19 22:37:52.378   810   984 D InetDiagMessage: Destroyed live tcp sockets for uids={10144} in 1ms
01-19 22:37:52.523   810   977 I HalDevMgr: bestIfaceCreationProposal is null, requestIface=STA, existingIface=[name=wlan0 type=STA]
