2025-10-13 19:24:25.420  6496-6554  Finsky                  com.android.vending                  E  [79] ItemStore: getItems RPC failed for item com.rpeters.jellyfin
2025-10-13 19:24:25.420  6496-6546  Finsky                  com.android.vending                  E  [70] ItemStore: getItems RPC failed for item com.rpeters.jellyfin
2025-10-13 19:26:57.127   744-897   InputDispatcher         system_server                        E  channel '770732f com.rpeters.jellyfin/com.rpeters.jellyfin.MainActivity' ~ Channel is unrecoverably broken and will be disposed!
2025-10-22 18:04:31.819  9791-9791  peters.jellyfin         com.rpeters.jellyfin                 I  Late-enabling -Xcheck:jni
2025-10-22 18:04:31.901  9791-9791  peters.jellyfin         com.rpeters.jellyfin                 I  Using CollectorTypeCMC GC.
2025-10-22 18:04:31.901  9791-9791  peters.jellyfin         com.rpeters.jellyfin                 W  Unexpected CPU variant for x86: x86_64.
                                                                                                    Known variants: atom, sandybridge, silvermont, goldmont, goldmont-plus, goldmont-without-sha-xsaves, tremont, kabylake, alderlake, default
2025-10-22 18:04:31.913  9791-9791  nativeloader            com.rpeters.jellyfin                 D  Load libframework-connectivity-tiramisu-jni.so using APEX ns com_android_tethering for caller /apex/com.android.tethering/javalib/framework-connectivity-t.jar: ok
2025-10-22 18:04:31.954  9791-9791  ApplicationLoaders      com.rpeters.jellyfin                 D  Returning zygote-cached class loader: /system_ext/framework/androidx.window.extensions.jar
2025-10-22 18:04:31.954  9791-9791  ApplicationLoaders      com.rpeters.jellyfin                 D  Returning zygote-cached class loader: /system_ext/framework/androidx.window.sidecar.jar
2025-10-22 18:04:32.778  9791-9791  nativeloader            com.rpeters.jellyfin                 D  Configuring clns-9 for other apk /data/app/~~5KZpwnBgZmR3bhY7P0TLXw==/com.rpeters.jellyfin-0f1VOFvHa-TXcthBY49OXw==/base.apk. target_sdk_version=35, uses_libraries=, library_path=/data/app/~~5KZpwnBgZmR3bhY7P0TLXw==/com.rpeters.jellyfin-0f1VOFvHa-TXcthBY49OXw==/lib/x86_64:/data/app/~~5KZpwnBgZmR3bhY7P0TLXw==/com.rpeters.jellyfin-0f1VOFvHa-TXcthBY49OXw==/base.apk!/lib/x86_64, permitted_path=/data:/mnt/expand:/data/user/0/com.rpeters.jellyfin
2025-10-22 18:04:32.810  9791-9791  CompatChangeReporter    com.rpeters.jellyfin                 D  Compat change id reported: 202956589; UID 10217; state: ENABLED
2025-10-22 18:04:32.813  9791-9791  peters.jellyfin         com.rpeters.jellyfin                 I  AssetManager2(0x7312e9f68778) locale list changing from [] to [en-US]
2025-10-22 18:04:32.817  9791-9791  GraphicsEnvironment     com.rpeters.jellyfin                 V  Currently set values for:
2025-10-22 18:04:32.818  9791-9791  GraphicsEnvironment     com.rpeters.jellyfin                 V    angle_gl_driver_selection_pkgs=[]
2025-10-22 18:04:32.818  9791-9791  GraphicsEnvironment     com.rpeters.jellyfin                 V    angle_gl_driver_selection_values=[]
2025-10-22 18:04:32.818  9791-9791  GraphicsEnvironment     com.rpeters.jellyfin                 V  com.rpeters.jellyfin is not listed in per-application setting
2025-10-22 18:04:32.818  9791-9791  GraphicsEnvironment     com.rpeters.jellyfin                 V  ANGLE allowlist from config: com.dreamgames.royalmatch com.dts.freefiremax com.dxx.firenow com.gramgames.mergedragons com.ludo.king com.mojang.minecraftpe com.my.defense com.nintendo.zaka com.os.airforce com.playrix.fishdomdd.gplay io.teslatech.callbreak jp.konami.prospia net.peakgames.toonblast
2025-10-22 18:04:32.818  9791-9791  GraphicsEnvironment     com.rpeters.jellyfin                 V  com.rpeters.jellyfin is not listed in ANGLE allowlist or settings, returning default
2025-10-22 18:04:32.818  9791-9791  GraphicsEnvironment     com.rpeters.jellyfin                 V  Neither updatable production driver nor prerelease driver is supported.
2025-10-22 18:04:32.857  9791-9791  CompatChangeReporter    com.rpeters.jellyfin                 D  Compat change id reported: 312399441; UID 10217; state: ENABLED
2025-10-22 18:04:32.924  9791-9791  CompatChangeReporter    com.rpeters.jellyfin                 D  Compat change id reported: 279646685; UID 10217; state: ENABLED
2025-10-22 18:04:32.960  9791-9791  peters.jellyfin         com.rpeters.jellyfin                 I  hiddenapi: Accessing hidden method Landroid/view/WindowManagerGlobal;->getInstance()Landroid/view/WindowManagerGlobal; (runtime_flags=0, domain=platform, api=unsupported) from Lcurtains/internal/WindowManagerSpy$windowManagerInstance$2; (domain=app) using reflection: allowed
2025-10-22 18:04:32.960  9791-9791  peters.jellyfin         com.rpeters.jellyfin                 I  hiddenapi: Accessing hidden field Landroid/view/WindowManagerGlobal;->mViews:Ljava/util/ArrayList; (runtime_flags=0, domain=platform, api=unsupported) from Lcurtains/internal/WindowManagerSpy$mViewsField$2; (domain=app) using reflection: allowed
2025-10-22 18:04:32.960  9791-9791  peters.jellyfin         com.rpeters.jellyfin                 I  hiddenapi: Accessing hidden field Landroid/app/ActivityThread;->mH:Landroid/app/ActivityThread$H; (runtime_flags=0, domain=platform, api=unsupported) from Lleakcanary/ServiceWatcher; (domain=app) using reflection: allowed
2025-10-22 18:04:32.961  9791-9791  peters.jellyfin         com.rpeters.jellyfin                 I  hiddenapi: Accessing hidden method Landroid/app/ActivityThread;->currentActivityThread()Landroid/app/ActivityThread; (runtime_flags=0, domain=platform, api=unsupported) from Lleakcanary/ServiceWatcher$activityThreadInstance$2; (domain=app) using reflection: allowed
2025-10-22 18:04:32.961  9791-9791  peters.jellyfin         com.rpeters.jellyfin                 I  hiddenapi: Accessing hidden field Landroid/os/Handler;->mCallback:Landroid/os/Handler$Callback; (runtime_flags=0, domain=platform, api=unsupported) from Lleakcanary/ServiceWatcher; (domain=app) using reflection: allowed
2025-10-22 18:04:32.961  9791-9791  peters.jellyfin         com.rpeters.jellyfin                 I  hiddenapi: Accessing hidden field Landroid/util/Singleton;->mInstance:Ljava/lang/Object; (runtime_flags=0, domain=platform, api=unsupported) from Lleakcanary/ServiceWatcher; (domain=app) using reflection: allowed
2025-10-22 18:04:32.961  9791-9791  peters.jellyfin         com.rpeters.jellyfin                 I  hiddenapi: Accessing hidden method Landroid/util/Singleton;->get()Ljava/lang/Object; (runtime_flags=0, domain=platform, api=unsupported) from Lleakcanary/ServiceWatcher; (domain=app) using reflection: allowed
2025-10-22 18:04:32.962  9791-9791  peters.jellyfin         com.rpeters.jellyfin                 I  hiddenapi: Accessing hidden field Landroid/app/ActivityManager;->IActivityManagerSingleton:Landroid/util/Singleton; (runtime_flags=0, domain=platform, api=unsupported) from Lleakcanary/ServiceWatcher; (domain=app) using reflection: allowed
2025-10-22 18:04:33.095  9791-9791  JellyfinApplication     com.rpeters.jellyfin                 I  Application started
2025-10-22 18:04:33.101  9791-9827  NetworkOptimizer        com.rpeters.jellyfin                 D  Network optimizations initialized successfully
2025-10-22 18:04:33.102  9791-9791  JellyfinApplication     com.rpeters.jellyfin                 I  Performance optimizations initialized
2025-10-22 18:04:33.104  9791-9828  DisplayManager          com.rpeters.jellyfin                 I  Choreographer implicitly registered for the refresh rate.
2025-10-22 18:04:33.107  9791-9791  peters.jellyfin         com.rpeters.jellyfin                 I  AssetManager2(0x7312e9f65258) locale list changing from [] to [en-US]
2025-10-22 18:04:33.130  9791-9791  ashmem                  com.rpeters.jellyfin                 E  Pinning is deprecated since Android Q. Please use trim or other methods.
2025-10-22 18:04:33.142  9791-9828  EGL_emulation           com.rpeters.jellyfin                 I  Opening libGLESv1_CM_emulation.so
2025-10-22 18:04:33.142  9791-9828  EGL_emulation           com.rpeters.jellyfin                 I  Opening libGLESv2_emulation.so
2025-10-22 18:04:33.157  9791-9791  CompatChangeReporter    com.rpeters.jellyfin                 D  Compat change id reported: 309578419; UID 10217; state: ENABLED
2025-10-22 18:04:33.158  9791-9791  DesktopModeFlags        com.rpeters.jellyfin                 D  Toggle override initialized to: OVERRIDE_UNSET
2025-10-22 18:04:33.161  9791-9828  HWUI                    com.rpeters.jellyfin                 W  Failed to choose config with EGL_SWAP_BEHAVIOR_PRESERVED, retrying without...
2025-10-22 18:04:33.161  9791-9828  HWUI                    com.rpeters.jellyfin                 W  Failed to initialize 101010-2 format, error = EGL_SUCCESS
2025-10-22 18:04:33.172  9791-9791  MainThreadMonitor       com.rpeters.jellyfin                 D  Starting main thread monitoring
2025-10-22 18:04:33.173  9791-9824  LeakCanary              com.rpeters.jellyfin                 D  LeakCanary is running and ready to detect memory leaks.
2025-10-22 18:04:33.173  9791-9791  MainActivity            com.rpeters.jellyfin                 I  isTvDevice=false
2025-10-22 18:04:33.203  9791-9791  CompatChangeReporter    com.rpeters.jellyfin                 D  Compat change id reported: 352594277; UID 10217; state: ENABLED
2025-10-22 18:04:33.210  9791-9791  CompatChangeReporter    com.rpeters.jellyfin                 D  Compat change id reported: 349153669; UID 10217; state: ENABLED
2025-10-22 18:04:33.212  9791-9791  peters.jellyfin         com.rpeters.jellyfin                 I  hiddenapi: Accessing hidden field Lcom/android/internal/policy/DecorView;->mWindow:Lcom/android/internal/policy/PhoneWindow; (runtime_flags=0, domain=platform, api=unsupported) from Lcurtains/internal/WindowSpy$windowField$2; (domain=app) using reflection: allowed
2025-10-22 18:04:33.215  9791-9791  HWUI                    com.rpeters.jellyfin                 W  Unknown dataspace 0
2025-10-22 18:04:33.487  9791-9808  peters.jellyfin         com.rpeters.jellyfin                 I  Compiler allocated 5042KB to compile void android.view.ViewRootImpl.performTraversals()
2025-10-22 18:04:33.507  9791-9791  peters.jellyfin         com.rpeters.jellyfin                 I  hiddenapi: Accessing hidden method Landroid/os/SystemProperties;->addChangeCallback(Ljava/lang/Runnable;)V (runtime_flags=0, domain=platform, api=unsupported) from Landroidx/compose/ui/platform/AndroidComposeView$Companion; (domain=app) using reflection: allowed
2025-10-22 18:04:33.702  9791-9825  JellyfinCache           com.rpeters.jellyfin                 D  Cache cleanup completed. Removed 0 expired entries
2025-10-22 18:04:34.213  9791-9819  HWUI                    com.rpeters.jellyfin                 I  Davey! duration=983ms; Flags=1, FrameTimelineVsyncId=77718, IntendedVsync=1467334427634, Vsync=1467334427634, InputEventId=0, HandleInputStart=1467335744600, AnimationStart=1467335755500, PerformTraversalsStart=1467335771700, DrawStart=1468263383700, FrameDeadline=1467351094300, FrameStartTime=1467335736800, FrameInterval=16666666, WorkloadTarget=16666666, SyncQueued=1468278909200, SyncStart=1468280055900, IssueDrawCommandsStart=1468280131200, SwapBuffers=1468306399600, FrameCompleted=1468319054100, DequeueBufferDuration=13500, QueueBufferDuration=114200, GpuCompleted=1468319054100, SwapBuffersCompleted=1468307739800, DisplayPresentTime=0, CommandSubmissionCompleted=1468306399600, 
2025-10-22 18:04:34.214  9791-9791  Choreographer           com.rpeters.jellyfin                 I  Skipped 56 frames!  The application may be doing too much work on its main thread.
2025-10-22 18:04:34.245  9791-9839  HWUI                    com.rpeters.jellyfin                 I  Davey! duration=969ms; Flags=0, FrameTimelineVsyncId=77747, IntendedVsync=1467384427632, Vsync=1468317760928, InputEventId=0, HandleInputStart=1468323777700, AnimationStart=1468323788700, PerformTraversalsStart=1468331190000, DrawStart=1468331256100, FrameDeadline=1468351094260, FrameStartTime=1468323452200, FrameInterval=16666666, WorkloadTarget=16666666, SyncQueued=1468334835100, SyncStart=1468334979700, IssueDrawCommandsStart=1468335053100, SwapBuffers=1468335399200, FrameCompleted=1468353574800, DequeueBufferDuration=12100, QueueBufferDuration=108800, GpuCompleted=1468353574800, SwapBuffersCompleted=1468335762000, DisplayPresentTime=0, CommandSubmissionCompleted=1468335399200, 
2025-10-22 18:04:34.250  9791-9791  InsetsController        com.rpeters.jellyfin                 D  hide(ime(), fromIme=false)
2025-10-22 18:04:34.250  9791-9791  ImeTracker              com.rpeters.jellyfin                 I  com.rpeters.jellyfin:9bd49cd3: onCancelled at PHASE_CLIENT_ALREADY_HIDDEN
2025-10-22 18:04:36.391  6496-6554  Finsky                  com.android.vending                  E  [79] ItemStore: getItems RPC failed for item com.rpeters.jellyfin
2025-10-22 18:04:36.441  6496-6546  Finsky                  com.android.vending                  E  [70] ItemStore: getItems RPC failed for item com.rpeters.jellyfin
2025-10-22 18:04:38.269  9791-9841  ProfileInstaller        com.rpeters.jellyfin                 D  Installing profile for com.rpeters.jellyfin
2025-10-22 18:04:42.725  9791-9791  InsetsController        com.rpeters.jellyfin                 D  show(ime(), fromIme=false)
2025-10-22 18:04:42.727  9791-9791  ImeTracker              com.rpeters.jellyfin                 I  com.rpeters.jellyfin:519ba6f: onRequestShow at ORIGIN_CLIENT reason SHOW_SOFT_INPUT_BY_INSETS_API fromUser false
2025-10-22 18:04:42.728  9791-9791  InsetsController        com.rpeters.jellyfin                 D  Setting requestedVisibleTypes to -1 (was -9)
2025-10-22 18:04:42.740  9791-9791  AssistStructure         com.rpeters.jellyfin                 I  Flattened final assist data: 1036 bytes, containing 1 windows, 6 views
2025-10-22 18:04:42.753  9791-9791  ImeTracker              com.rpeters.jellyfin                 I  com.rpeters.jellyfin:326c5af9: onRequestShow at ORIGIN_CLIENT reason SHOW_SOFT_INPUT fromUser false
2025-10-22 18:04:42.753  9791-9791  InsetsController        com.rpeters.jellyfin                 D  show(ime(), fromIme=false)
2025-10-22 18:04:42.754  9791-9791  ImeTracker              com.rpeters.jellyfin                 I  com.rpeters.jellyfin:326c5af9: onCancelled at PHASE_CLIENT_REPORT_REQUESTED_VISIBLE_TYPES
2025-10-22 18:04:42.754  9791-9791  RemoteInpu...ectionImpl com.rpeters.jellyfin                 W  requestCursorUpdates on inactive InputConnection
2025-10-22 18:04:42.775  9791-9791  Autofill Status         com.rpeters.jellyfin                 D  Autofill popup isn't shown because autofill is not available.
                                                                                                    
                                                                                                    Did you set up autofill?
                                                                                                    1. Go to Settings > System > Languages&input > Advanced > Autofill Service
                                                                                                    2. Pick a service
                                                                                                    
                                                                                                    Did you add an account?
                                                                                                    1. Go to Settings > System > Languages&input > Advanced
                                                                                                    2. Click on the settings icon next to the Autofill Service
                                                                                                    3. Add your account
2025-10-22 18:04:43.213  9791-9791  InteractionJankMonitor  com.rpeters.jellyfin                 W  Initializing without READ_DEVICE_CONFIG permission. enabled=false, interval=1, missedFrameThreshold=3, frameTimeThreshold=64, package=com.rpeters.jellyfin
2025-10-22 18:04:43.427  9791-9791  ImeTracker              com.rpeters.jellyfin                 I  com.rpeters.jellyfin:519ba6f: onShown
2025-10-22 18:04:44.280  9791-9791  InsetsController        com.rpeters.jellyfin                 D  show(ime(), fromIme=false)
2025-10-22 18:04:44.280  9791-9791  ImeTracker              com.rpeters.jellyfin                 I  com.rpeters.jellyfin:9dfcd531: onRequestShow at ORIGIN_CLIENT reason SHOW_SOFT_INPUT_BY_INSETS_API fromUser false
2025-10-22 18:04:44.280  9791-9791  ImeTracker              com.rpeters.jellyfin                 I  com.rpeters.jellyfin:9dfcd531: onCancelled at PHASE_CLIENT_APPLY_ANIMATION
2025-10-22 18:04:44.284  9791-9791  ImeTracker              com.rpeters.jellyfin                 I  com.rpeters.jellyfin:4b23f3e4: onRequestShow at ORIGIN_CLIENT reason SHOW_SOFT_INPUT fromUser false
2025-10-22 18:04:44.284  9791-9791  InsetsController        com.rpeters.jellyfin                 D  show(ime(), fromIme=false)
2025-10-22 18:04:44.284  9791-9791  ImeTracker              com.rpeters.jellyfin                 I  com.rpeters.jellyfin:4b23f3e4: onCancelled at PHASE_CLIENT_APPLY_ANIMATION
2025-10-22 18:04:48.916  9791-9808  peters.jellyfin         com.rpeters.jellyfin                 I  Compiler allocated 7717KB to compile void androidx.compose.material3.internal.TextFieldImplKt.CommonDecorationBox(androidx.compose.material3.internal.TextFieldType, java.lang.CharSequence, kotlin.jvm.functions.Function2, androidx.compose.material3.TextFieldLabelPosition, kotlin.jvm.functions.Function3, kotlin.jvm.functions.Function2, kotlin.jvm.functions.Function2, kotlin.jvm.functions.Function2, kotlin.jvm.functions.Function2, kotlin.jvm.functions.Function2, kotlin.jvm.functions.Function2, boolean, boolean, boolean, androidx.compose.foundation.interaction.InteractionSource, androidx.compose.foundation.layout.PaddingValues, androidx.compose.material3.TextFieldColors, kotlin.jvm.functions.Function2, androidx.compose.runtime.Composer, int, int)
2025-10-22 18:04:49.224  9791-9808  peters.jellyfin         com.rpeters.jellyfin                 I  Compiler allocated 7615KB to compile void androidx.compose.foundation.text.CoreTextFieldKt.CoreTextField(androidx.compose.ui.text.input.TextFieldValue, kotlin.jvm.functions.Function1, androidx.compose.ui.Modifier, androidx.compose.ui.text.TextStyle, androidx.compose.ui.text.input.VisualTransformation, kotlin.jvm.functions.Function1, androidx.compose.foundation.interaction.MutableInteractionSource, androidx.compose.ui.graphics.Brush, boolean, int, int, androidx.compose.ui.text.input.ImeOptions, androidx.compose.foundation.text.KeyboardActions, boolean, boolean, kotlin.jvm.functions.Function3, androidx.compose.foundation.text.TextFieldScrollerPosition, androidx.compose.runtime.Composer, int, int, int)
2025-10-22 18:04:55.199  9791-9808  peters.jellyfin         com.rpeters.jellyfin                 I  Compiler allocated 10MB to compile void com.rpeters.jellyfin.ui.screens.ServerConnectionScreenKt.ServerConnectionScreen(kotlin.jvm.functions.Function3, kotlin.jvm.functions.Function0, com.rpeters.jellyfin.ui.components.ConnectionState, java.lang.String, java.lang.String, boolean, boolean, boolean, kotlin.jvm.functions.Function1, kotlin.jvm.functions.Function0, kotlin.jvm.functions.Function0, androidx.compose.ui.Modifier, androidx.compose.runtime.Composer, int, int, int)
2025-10-22 18:04:55.228  9791-9791  InsetsController        com.rpeters.jellyfin                 D  hide(ime(), fromIme=false)
2025-10-22 18:04:55.228  9791-9791  ImeTracker              com.rpeters.jellyfin                 I  com.rpeters.jellyfin:d6e16e84: onRequestHide at ORIGIN_CLIENT reason HIDE_SOFT_INPUT_BY_INSETS_API fromUser false
2025-10-22 18:04:55.228  9791-9791  WindowOnBackDispatcher  com.rpeters.jellyfin                 W  sendCancelIfRunning: isInProgress=false callback=android.view.ImeBackAnimationController@6c774db
2025-10-22 18:04:55.229  9791-9791  InsetsController        com.rpeters.jellyfin                 D  Setting requestedVisibleTypes to -9 (was -1)
2025-10-22 18:04:55.495  9791-9791  ImeTracker              com.rpeters.jellyfin                 I  system_server:2ec525d5: onCancelled at PHASE_CLIENT_ON_CONTROLS_CHANGED
2025-10-22 18:04:56.187  9791-9825  JellyfinAuthRepository  com.rpeters.jellyfin                 D  authenticateUser: Attempting authentication for user 'rpeters1428'
2025-10-22 18:04:57.031  9791-9825  JellyfinAuthRepository  com.rpeters.jellyfin                 D  authenticateUser: Authentication successful for user 'rpeters1428'
2025-10-22 18:04:57.032  9791-9825  JellyfinAuthRepository  com.rpeters.jellyfin                 D  Saving new token: ...2bad2a
2025-10-22 18:04:57.044  9791-9825  JellyfinAuthRepository  com.rpeters.jellyfin                 D  persistAuthenticationState: Saved credentials for user 'rpeters1428'
2025-10-22 18:04:57.270  9791-9791  HomeScreen              com.rpeters.jellyfin                 D  Received state - Libraries: 0, RecentlyAddedByTypes: {}
2025-10-22 18:04:57.294  9791-9791  MainAppVie...el-Initial com.rpeters.jellyfin                 D  ðŸš€ Starting loadInitialData (forceRefresh=false)
2025-10-22 18:04:57.294  9791-9791  MainAppVie...el-Initial com.rpeters.jellyfin                 D    Current libraries count: 0
2025-10-22 18:04:57.299  9791-9826  OptimizedClientFactory  com.rpeters.jellyfin                 D  Creating new optimized client for: https://rpeters1428.huron.usbx.me/jellyfin (token tail: 2bad2a)
2025-10-22 18:04:57.301  9791-9826  RepositoryUtils         com.rpeters.jellyfin                 D  validateServer: Server validation passed for user rpeters1428 on https://rpeters1428.huron.usbx.me/jellyfin
2025-10-22 18:04:57.301  9791-9870  RepositoryUtils         com.rpeters.jellyfin                 D  validateServer: Server validation passed for user rpeters1428 on https://rpeters1428.huron.usbx.me/jellyfin
2025-10-22 18:04:57.302  9791-9830  RepositoryUtils         com.rpeters.jellyfin                 D  validateServer: Server validation passed for user rpeters1428 on https://rpeters1428.huron.usbx.me/jellyfin
2025-10-22 18:04:57.302  9791-9876  RepositoryUtils         com.rpeters.jellyfin                 D  validateServer: Server validation passed for user rpeters1428 on https://rpeters1428.huron.usbx.me/jellyfin
2025-10-22 18:04:57.302  9791-9874  RepositoryUtils         com.rpeters.jellyfin                 D  validateServer: Server validation passed for user rpeters1428 on https://rpeters1428.huron.usbx.me/jellyfin
2025-10-22 18:04:57.302  9791-9872  RepositoryUtils         com.rpeters.jellyfin                 D  validateServer: Server validation passed for user rpeters1428 on https://rpeters1428.huron.usbx.me/jellyfin
2025-10-22 18:04:57.302  9791-9871  RepositoryUtils         com.rpeters.jellyfin                 D  validateServer: Server validation passed for user rpeters1428 on https://rpeters1428.huron.usbx.me/jellyfin
2025-10-22 18:04:57.302  9791-9825  RepositoryUtils         com.rpeters.jellyfin                 D  validateServer: Server validation passed for user rpeters1428 on https://rpeters1428.huron.usbx.me/jellyfin
2025-10-22 18:04:57.302  9791-9880  RepositoryUtils         com.rpeters.jellyfin                 D  validateServer: Server validation passed for user rpeters1428 on https://rpeters1428.huron.usbx.me/jellyfin
2025-10-22 18:05:00.260  9791-9825  MainAppVie...el-Initial com.rpeters.jellyfin                 D  ðŸ“¦ API calls completed:
2025-10-22 18:05:00.260  9791-9825  MainAppVie...el-Initial com.rpeters.jellyfin                 D    Libraries result: Success (5)
2025-10-22 18:05:00.260  9791-9825  MainAppVie...el-Initial com.rpeters.jellyfin                 D    Recent result: Success (50)
2025-10-22 18:05:00.260  9791-9825  MainAppVie...el-Initial com.rpeters.jellyfin                 D  âœ… Setting new state:
2025-10-22 18:05:00.260  9791-9825  MainAppVie...el-Initial com.rpeters.jellyfin                 D    Library: Shows (tvshows) id=a656b907-eb3a-7353-2e40-e44b968d0225
2025-10-22 18:05:00.260  9791-9825  MainAppVie...el-Initial com.rpeters.jellyfin                 D    Library: Music (music) id=7e64e319-657a-9516-ec78-490da03edccb
2025-10-22 18:05:00.260  9791-9825  MainAppVie...el-Initial com.rpeters.jellyfin                 D    Library: Movies (movies) id=f137a2dd-21bb-c1b9-9aa5-c0f6bf02a805
2025-10-22 18:05:00.260  9791-9825  MainAppVie...el-Initial com.rpeters.jellyfin                 D    Library: stuff (homevideos) id=db4f9179-ea8e-4d2b-273b-bca868a2dc47
2025-10-22 18:05:00.260  9791-9825  MainAppVie...el-Initial com.rpeters.jellyfin                 D    Library: Playlists (playlists) id=1071671e-7bff-a053-2e93-0debee501d2e
2025-10-22 18:05:00.260  9791-9825  MainAppVie...el-Initial com.rpeters.jellyfin                 D  ðŸŽ¯ loadInitialData completed - Libraries now: 5
2025-10-22 18:05:00.419  9791-9894  OkHttp                  com.rpeters.jellyfin                 I  --> GET https://rpeters1428.huron.usbx.me/jellyfin/Items/1a2a4b37-e492-95d5-dc75-69801500e8b0/Images/Backdrop?tag=593daf0dad73f3bfc55e7aa576941dac&maxHeight=400&maxWidth=800
2025-10-22 18:05:00.419  9791-9897  OkHttp                  com.rpeters.jellyfin                 I  --> GET https://rpeters1428.huron.usbx.me/jellyfin/Items/a656b907-eb3a-7353-2e40-e44b968d0225/Images/Primary?maxHeight=400&maxWidth=400
2025-10-22 18:05:00.420  9791-9896  OkHttp                  com.rpeters.jellyfin                 I  --> GET https://rpeters1428.huron.usbx.me/jellyfin/Items/db4f9179-ea8e-4d2b-273b-bca868a2dc47/Images/Primary?maxHeight=400&maxWidth=400
2025-10-22 18:05:00.420  9791-9895  OkHttp                  com.rpeters.jellyfin                 I  --> GET https://rpeters1428.huron.usbx.me/jellyfin/Items/16e9fca1-4f11-a110-e568-3b2e6916484a/Images/Backdrop?tag=763217ce03dbcebbf93b92ae5585907d&maxHeight=400&maxWidth=800
2025-10-22 18:05:00.420  9791-9898  OkHttp                  com.rpeters.jellyfin                 I  --> GET https://rpeters1428.huron.usbx.me/jellyfin/Items/f137a2dd-21bb-c1b9-9aa5-c0f6bf02a805/Images/Primary?maxHeight=400&maxWidth=400
2025-10-22 18:05:00.423  9791-9791  HomeScreen              com.rpeters.jellyfin                 D  Received state - Libraries: 5, RecentlyAddedByTypes: {MOVIE=20, SERIES=20, EPISODE=20, AUDIO=20, VIDEO=20}
2025-10-22 18:05:00.423  9791-9791  HomeScreen              com.rpeters.jellyfin                 D  Library 0: Shows (tvshows)
2025-10-22 18:05:00.423  9791-9791  HomeScreen              com.rpeters.jellyfin                 D  Library 1: Music (music)
2025-10-22 18:05:00.423  9791-9791  HomeScreen              com.rpeters.jellyfin                 D  Library 2: Movies (movies)
2025-10-22 18:05:00.423  9791-9791  HomeScreen              com.rpeters.jellyfin                 D  Library 3: stuff (homevideos)
2025-10-22 18:05:00.423  9791-9791  HomeScreen              com.rpeters.jellyfin                 D  Library 4: Playlists (playlists)
2025-10-22 18:05:01.073  9791-9897  OkHttp                  com.rpeters.jellyfin                 I  <-- 200 OK https://rpeters1428.huron.usbx.me/jellyfin/Items/a656b907-eb3a-7353-2e40-e44b968d0225/Images/Primary?maxHeight=400&maxWidth=400 (653ms, 102034-byte body)
2025-10-22 18:05:01.076  9791-9900  OkHttp                  com.rpeters.jellyfin                 I  --> GET https://rpeters1428.huron.usbx.me/jellyfin/Items/7e64e319-657a-9516-ec78-490da03edccb/Images/Primary?maxHeight=400&maxWidth=400
2025-10-22 18:05:01.105  9791-9898  OkHttp                  com.rpeters.jellyfin                 I  <-- 200 OK https://rpeters1428.huron.usbx.me/jellyfin/Items/f137a2dd-21bb-c1b9-9aa5-c0f6bf02a805/Images/Primary?maxHeight=400&maxWidth=400 (684ms, 59250-byte body)
2025-10-22 18:05:01.106  9791-9897  OkHttp                  com.rpeters.jellyfin                 I  --> GET https://rpeters1428.huron.usbx.me/jellyfin/Items/1071671e-7bff-a053-2e93-0debee501d2e/Images/Primary?maxHeight=400&maxWidth=400
2025-10-22 18:05:01.122  9791-9896  OkHttp                  com.rpeters.jellyfin                 I  <-- 200 OK https://rpeters1428.huron.usbx.me/jellyfin/Items/db4f9179-ea8e-4d2b-273b-bca868a2dc47/Images/Primary?maxHeight=400&maxWidth=400 (701ms, 97066-byte body)
2025-10-22 18:05:01.149  9791-9895  OkHttp                  com.rpeters.jellyfin                 I  <-- 200 OK https://rpeters1428.huron.usbx.me/jellyfin/Items/16e9fca1-4f11-a110-e568-3b2e6916484a/Images/Backdrop?tag=763217ce03dbcebbf93b92ae5585907d&maxHeight=400&maxWidth=800 (729ms, 378536-byte body)
2025-10-22 18:05:01.308  9791-9825  HWUI                    com.rpeters.jellyfin                 W  Image decoding logging dropped!
2025-10-22 18:05:01.308  9791-9870  HWUI                    com.rpeters.jellyfin                 W  Image decoding logging dropped!
2025-10-22 18:05:01.327  9791-9830  HWUI                    com.rpeters.jellyfin                 W  Image decoding logging dropped!
2025-10-22 18:05:01.360  9791-9894  OkHttp                  com.rpeters.jellyfin                 I  <-- 200 OK https://rpeters1428.huron.usbx.me/jellyfin/Items/1a2a4b37-e492-95d5-dc75-69801500e8b0/Images/Backdrop?tag=593daf0dad73f3bfc55e7aa576941dac&maxHeight=400&maxWidth=800 (940ms, 399338-byte body)
2025-10-22 18:05:01.537  9791-9897  OkHttp                  com.rpeters.jellyfin                 I  <-- 404 Not Found https://rpeters1428.huron.usbx.me/jellyfin/Items/1071671e-7bff-a053-2e93-0debee501d2e/Images/Primary?maxHeight=400&maxWidth=400 (431ms, unknown-length body)
2025-10-22 18:05:01.554  9791-9874  HWUI                    com.rpeters.jellyfin                 W  Image decoding logging dropped!
2025-10-22 18:05:01.598  9791-9900  OkHttp                  com.rpeters.jellyfin                 I  <-- 200 OK https://rpeters1428.huron.usbx.me/jellyfin/Items/7e64e319-657a-9516-ec78-490da03edccb/Images/Primary?maxHeight=400&maxWidth=400 (521ms, 117596-byte body)
2025-10-22 18:05:01.695  9791-9830  HWUI                    com.rpeters.jellyfin                 W  Image decoding logging dropped!
2025-10-22 18:05:01.839  9791-9874  HWUI                    com.rpeters.jellyfin                 W  Image decoding logging dropped!
2025-10-22 18:05:02.905  9791-9791  peters.jellyfin         com.rpeters.jellyfin                 I  hiddenapi: Accessing hidden method Landroid/view/ViewTreeObserver;->dispatchOnScrollChanged()V (runtime_flags=0, domain=platform, api=unsupported) from Landroidx/compose/ui/platform/AndroidComposeView$Companion; (domain=app) using reflection: allowed
2025-10-22 18:05:02.930  9791-9900  OkHttp                  com.rpeters.jellyfin                 I  --> GET https://rpeters1428.huron.usbx.me/jellyfin/Items/16e9fca1-4f11-a110-e568-3b2e6916484a/Images/Primary?maxHeight=400&maxWidth=400
2025-10-22 18:05:03.071  9791-9897  OkHttp                  com.rpeters.jellyfin                 I  --> GET https://rpeters1428.huron.usbx.me/jellyfin/Items/1a2a4b37-e492-95d5-dc75-69801500e8b0/Images/Primary?maxHeight=400&maxWidth=400
2025-10-22 18:05:03.086  9791-9894  OkHttp                  com.rpeters.jellyfin                 I  --> GET https://rpeters1428.huron.usbx.me/jellyfin/Items/3779d938-2d0d-3081-1d63-15fb881b124e/Images/Primary?maxHeight=400&maxWidth=400
2025-10-22 18:05:03.125  9791-9895  OkHttp                  com.rpeters.jellyfin                 I  --> GET https://rpeters1428.huron.usbx.me/jellyfin/Items/0cbf8cb5-395d-ada9-fa96-1317ef5f2db2/Images/Primary?maxHeight=400&maxWidth=400
2025-10-22 18:05:03.152  9791-9896  OkHttp                  com.rpeters.jellyfin                 I  --> GET https://rpeters1428.huron.usbx.me/jellyfin/Items/46bb39be-3368-582f-2e82-bd6163665ee7/Images/Primary?maxHeight=400&maxWidth=400
2025-10-22 18:05:03.318  9791-9894  OkHttp                  com.rpeters.jellyfin                 I  <-- 200 OK https://rpeters1428.huron.usbx.me/jellyfin/Items/3779d938-2d0d-3081-1d63-15fb881b124e/Images/Primary?maxHeight=400&maxWidth=400 (231ms, 161550-byte body)
2025-10-22 18:05:03.324  9791-9898  OkHttp                  com.rpeters.jellyfin                 I  --> GET https://rpeters1428.huron.usbx.me/jellyfin/Items/163273bc-516d-be73-d7f4-a6b66ec3c734/Images/Primary?maxHeight=400&maxWidth=400
2025-10-22 18:05:03.351  9791-9900  OkHttp                  com.rpeters.jellyfin                 I  <-- 200 OK https://rpeters1428.huron.usbx.me/jellyfin/Items/16e9fca1-4f11-a110-e568-3b2e6916484a/Images/Primary?maxHeight=400&maxWidth=400 (421ms, 200108-byte body)
2025-10-22 18:05:03.359  9791-9874  HWUI                    com.rpeters.jellyfin                 W  Image decoding logging dropped!
2025-10-22 18:05:03.397  9791-9830  HWUI                    com.rpeters.jellyfin                 W  Image decoding logging dropped!
2025-10-22 18:05:03.417  9791-9895  OkHttp                  com.rpeters.jellyfin                 I  <-- 200 OK https://rpeters1428.huron.usbx.me/jellyfin/Items/0cbf8cb5-395d-ada9-fa96-1317ef5f2db2/Images/Primary?maxHeight=400&maxWidth=400 (291ms, 120212-byte body)
2025-10-22 18:05:03.438  9791-9897  OkHttp                  com.rpeters.jellyfin                 I  <-- 200 OK https://rpeters1428.huron.usbx.me/jellyfin/Items/1a2a4b37-e492-95d5-dc75-69801500e8b0/Images/Primary?maxHeight=400&maxWidth=400 (367ms, 167048-byte body)
2025-10-22 18:05:03.449  9791-9896  OkHttp                  com.rpeters.jellyfin                 I  <-- 200 OK https://rpeters1428.huron.usbx.me/jellyfin/Items/46bb39be-3368-582f-2e82-bd6163665ee7/Images/Primary?maxHeight=400&maxWidth=400 (297ms, 143636-byte body)
2025-10-22 18:05:03.475  9791-9830  HWUI                    com.rpeters.jellyfin                 W  Image decoding logging dropped!
2025-10-22 18:05:03.556  9791-9874  HWUI                    com.rpeters.jellyfin                 W  Image decoding logging dropped!
2025-10-22 18:05:03.659  9791-9870  HWUI                    com.rpeters.jellyfin                 W  Image decoding logging dropped!
2025-10-22 18:05:03.819  9791-9898  OkHttp                  com.rpeters.jellyfin                 I  <-- 200 OK https://rpeters1428.huron.usbx.me/jellyfin/Items/163273bc-516d-be73-d7f4-a6b66ec3c734/Images/Primary?maxHeight=400&maxWidth=400 (495ms, 154888-byte body)
2025-10-22 18:05:04.043  9791-9870  HWUI                    com.rpeters.jellyfin                 W  Image decoding logging dropped!
2025-10-22 18:05:04.472  9791-9898  OkHttp                  com.rpeters.jellyfin                 I  --> GET https://rpeters1428.huron.usbx.me/jellyfin/Items/5dfa2abb-5115-4346-5fe5-24dd4b15f342/Images/Primary?maxHeight=400&maxWidth=400
2025-10-22 18:05:04.486  9791-9896  OkHttp                  com.rpeters.jellyfin                 I  --> GET https://rpeters1428.huron.usbx.me/jellyfin/Items/b5c99b3d-4af7-8290-1776-3bbd1b15301e/Images/Primary?maxHeight=400&maxWidth=400
2025-10-22 18:05:04.503  9791-9897  OkHttp                  com.rpeters.jellyfin                 I  --> GET https://rpeters1428.huron.usbx.me/jellyfin/Items/de38ffbc-8753-e5f7-c7ab-1c6315cc7239/Images/Primary?maxHeight=400&maxWidth=400
2025-10-22 18:05:04.522  9791-9808  peters.jellyfin         com.rpeters.jellyfin                 I  Compiler allocated 12MB to compile kotlin.Unit com.rpeters.jellyfin.ui.components.MediaCardsKt.PosterMediaCard$lambda$3(boolean, boolean, kotlin.jvm.functions.Function1, org.jellyfin.sdk.model.api.BaseItemDto, long, com.rpeters.jellyfin.ui.utils.EnhancedPlaybackUtils, androidx.compose.foundation.layout.ColumnScope, androidx.compose.runtime.Composer, int)
2025-10-22 18:05:04.601  9791-9896  OkHttp                  com.rpeters.jellyfin                 I  <-- 304 Not Modified https://rpeters1428.huron.usbx.me/jellyfin/Items/b5c99b3d-4af7-8290-1776-3bbd1b15301e/Images/Primary?maxHeight=400&maxWidth=400 (114ms, 0-byte body)
2025-10-22 18:05:04.612  9791-9870  HWUI                    com.rpeters.jellyfin                 W  Image decoding logging dropped!
2025-10-22 18:05:04.651  9791-9898  OkHttp                  com.rpeters.jellyfin                 I  <-- 200 OK https://rpeters1428.huron.usbx.me/jellyfin/Items/5dfa2abb-5115-4346-5fe5-24dd4b15f342/Images/Primary?maxHeight=400&maxWidth=400 (178ms, 185722-byte body)
2025-10-22 18:05:04.662  9791-9897  OkHttp                  com.rpeters.jellyfin                 I  <-- 200 OK https://rpeters1428.huron.usbx.me/jellyfin/Items/de38ffbc-8753-e5f7-c7ab-1c6315cc7239/Images/Primary?maxHeight=400&maxWidth=400 (159ms, 152228-byte body)
2025-10-22 18:05:04.710  9791-9874  HWUI                    com.rpeters.jellyfin                 W  Image decoding logging dropped!
2025-10-22 18:05:04.768  9791-9870  HWUI                    com.rpeters.jellyfin                 W  Image decoding logging dropped!
2025-10-22 18:05:06.268  9791-9897  OkHttp                  com.rpeters.jellyfin                 I  --> GET https://rpeters1428.huron.usbx.me/jellyfin/Items/b895b562-5e6d-6249-0766-5cb8ba7eefa1/Images/Primary?maxHeight=400&maxWidth=400
2025-10-22 18:05:06.556  9791-9897  OkHttp                  com.rpeters.jellyfin                 I  <-- 200 OK https://rpeters1428.huron.usbx.me/jellyfin/Items/b895b562-5e6d-6249-0766-5cb8ba7eefa1/Images/Primary?maxHeight=400&maxWidth=400 (287ms, 85334-byte body)
2025-10-22 18:05:06.558  9791-9897  OkHttp                  com.rpeters.jellyfin                 I  --> GET https://rpeters1428.huron.usbx.me/jellyfin/Items/770636d4-1cac-889a-7900-2e80d5285c3d/Images/Primary?maxHeight=400&maxWidth=400
2025-10-22 18:05:06.589  9791-9874  HWUI                    com.rpeters.jellyfin                 W  Image decoding logging dropped!
2025-10-22 18:05:06.682  9791-9898  OkHttp                  com.rpeters.jellyfin                 I  --> GET https://rpeters1428.huron.usbx.me/jellyfin/Items/c89b7480-bd96-8d25-6075-7f99fb43bb78/Images/Primary?maxHeight=400&maxWidth=400
2025-10-22 18:05:06.773  9791-9897  OkHttp                  com.rpeters.jellyfin                 I  <-- 200 OK https://rpeters1428.huron.usbx.me/jellyfin/Items/770636d4-1cac-889a-7900-2e80d5285c3d/Images/Primary?maxHeight=400&maxWidth=400 (214ms, 173330-byte body)
2025-10-22 18:05:06.817  9791-9874  HWUI                    com.rpeters.jellyfin                 W  Image decoding logging dropped!
2025-10-22 18:05:06.952  9791-9897  OkHttp                  com.rpeters.jellyfin                 I  --> GET https://rpeters1428.huron.usbx.me/jellyfin/Items/b4c5f007-c89f-47ee-34fb-2d339ceea01a/Images/Primary?maxHeight=400&maxWidth=400
2025-10-22 18:05:06.973  9791-9898  OkHttp                  com.rpeters.jellyfin                 I  <-- 200 OK https://rpeters1428.huron.usbx.me/jellyfin/Items/c89b7480-bd96-8d25-6075-7f99fb43bb78/Images/Primary?maxHeight=400&maxWidth=400 (291ms, 185760-byte body)
2025-10-22 18:05:07.027  9791-9874  HWUI                    com.rpeters.jellyfin                 W  Image decoding logging dropped!
2025-10-22 18:05:07.131  9791-9897  OkHttp                  com.rpeters.jellyfin                 I  <-- 200 OK https://rpeters1428.huron.usbx.me/jellyfin/Items/b4c5f007-c89f-47ee-34fb-2d339ceea01a/Images/Primary?maxHeight=400&maxWidth=400 (178ms, 115472-byte body)
2025-10-22 18:05:07.171  9791-9874  HWUI                    com.rpeters.jellyfin                 W  Image decoding logging dropped!
2025-10-22 18:05:08.629  9791-9791  VRI[MainActivity]       com.rpeters.jellyfin                 D  visibilityChanged oldVisibility=true newVisibility=false
2025-10-22 18:05:08.726  9791-9791  AutofillManager         com.rpeters.jellyfin                 I  onInvisibleForAutofill(): expiringResponse
2025-10-22 18:05:08.766  9791-9791  LeakCanary              com.rpeters.jellyfin                 D  Watching instance of androidx.lifecycle.ReportFragment (androidx.lifecycle.ReportFragment received Fragment#onDestroy() callback) with key 3fa413e4-7074-4ebd-b5ca-1fe68ba4df09
2025-10-22 18:05:08.766  9791-9791  LeakCanary              com.rpeters.jellyfin                 D  Watching instance of com.rpeters.jellyfin.MainActivity (com.rpeters.jellyfin.MainActivity received Activity#onDestroy() callback) with key 6dc7fec1-60b9-41a0-ab06-71b048cd3d1a
2025-10-22 18:05:08.766  9791-9791  WindowOnBackDispatcher  com.rpeters.jellyfin                 W  sendCancelIfRunning: isInProgress=false callback=android.app.Activity$$ExternalSyntheticLambda0@704e926
2025-10-22 18:05:08.766  9791-9791  MainThreadMonitor       com.rpeters.jellyfin                 D  Stopped main thread monitoring
2025-10-22 18:05:08.768  9791-9791  ViewRootImpl            com.rpeters.jellyfin                 D  Skipping stats log for color mode
2025-10-22 18:05:11.803  9791-9828  EGL_emulation           com.rpeters.jellyfin                 I  Opening libGLESv1_CM_emulation.so
2025-10-22 18:05:11.803  9791-9828  EGL_emulation           com.rpeters.jellyfin                 I  Opening libGLESv2_emulation.so
2025-10-22 18:05:11.812  9791-9828  HWUI                    com.rpeters.jellyfin                 W  Failed to choose config with EGL_SWAP_BEHAVIOR_PRESERVED, retrying without...
2025-10-22 18:05:11.812  9791-9828  HWUI                    com.rpeters.jellyfin                 W  Failed to initialize 101010-2 format, error = EGL_SUCCESS
2025-10-22 18:05:11.822  9791-9791  MainThreadMonitor       com.rpeters.jellyfin                 D  Starting main thread monitoring
2025-10-22 18:05:11.822  9791-9791  MainActivity            com.rpeters.jellyfin                 I  isTvDevice=false
2025-10-22 18:05:12.031  9791-9791  HomeScreen              com.rpeters.jellyfin                 D  Received state - Libraries: 0, RecentlyAddedByTypes: {}
2025-10-22 18:05:12.042  9791-9791  InsetsController        com.rpeters.jellyfin                 D  hide(ime(), fromIme=false)
2025-10-22 18:05:12.042  9791-9791  ImeTracker              com.rpeters.jellyfin                 I  com.rpeters.jellyfin:393f553f: onCancelled at PHASE_CLIENT_ALREADY_HIDDEN
2025-10-22 18:05:12.043  9791-9791  MainAppVie...el-Initial com.rpeters.jellyfin                 D  ðŸš€ Starting loadInitialData (forceRefresh=false)
2025-10-22 18:05:12.043  9791-9791  MainAppVie...el-Initial com.rpeters.jellyfin                 D    Current libraries count: 0
2025-10-22 18:05:12.045  9791-9871  RepositoryUtils         com.rpeters.jellyfin                 D  validateServer: Server validation passed for user rpeters1428 on https://rpeters1428.huron.usbx.me/jellyfin
2025-10-22 18:05:12.046  9791-9825  RepositoryUtils         com.rpeters.jellyfin                 D  validateServer: Server validation passed for user rpeters1428 on https://rpeters1428.huron.usbx.me/jellyfin
2025-10-22 18:05:12.047  9791-9874  RepositoryUtils         com.rpeters.jellyfin                 D  validateServer: Server validation passed for user rpeters1428 on https://rpeters1428.huron.usbx.me/jellyfin
2025-10-22 18:05:12.048  9791-9872  RepositoryUtils         com.rpeters.jellyfin                 D  validateServer: Server validation passed for user rpeters1428 on https://rpeters1428.huron.usbx.me/jellyfin
2025-10-22 18:05:12.048  9791-9875  RepositoryUtils         com.rpeters.jellyfin                 D  validateServer: Server validation passed for user rpeters1428 on https://rpeters1428.huron.usbx.me/jellyfin
2025-10-22 18:05:12.048  9791-9826  RepositoryUtils         com.rpeters.jellyfin                 D  validateServer: Server validation passed for user rpeters1428 on https://rpeters1428.huron.usbx.me/jellyfin
2025-10-22 18:05:12.049  9791-9878  RepositoryUtils         com.rpeters.jellyfin                 D  validateServer: Server validation passed for user rpeters1428 on https://rpeters1428.huron.usbx.me/jellyfin
2025-10-22 18:05:12.049  9791-9880  RepositoryUtils         com.rpeters.jellyfin                 D  validateServer: Server validation passed for user rpeters1428 on https://rpeters1428.huron.usbx.me/jellyfin
2025-10-22 18:05:12.053  9791-9870  RepositoryUtils         com.rpeters.jellyfin                 D  validateServer: Server validation passed for user rpeters1428 on https://rpeters1428.huron.usbx.me/jellyfin
2025-10-22 18:05:12.058  9791-9808  peters.jellyfin         com.rpeters.jellyfin                 I  Compiler allocated 7121KB to compile java.lang.Object org.jellyfin.sdk.api.operations.ItemsApi.getItems(java.util.UUID, java.lang.String, java.lang.Boolean, java.lang.Boolean, java.lang.Boolean, java.lang.Boolean, java.lang.Boolean, java.util.UUID, java.lang.Integer, java.lang.Integer, java.lang.Boolean, java.lang.Boolean, java.lang.Boolean, java.util.Collection, java.util.Collection, java.lang.Boolean, java.lang.Boolean, java.lang.Double, java.lang.Double, java.time.LocalDateTime, java.time.LocalDateTime, java.time.LocalDateTime, java.time.LocalDateTime, java.lang.Boolean, java.lang.Boolean, java.lang.Boolean, java.lang.Boolean, java.lang.Boolean, java.lang.Boolean, java.lang.Boolean, java.lang.Boolean, java.lang.Boolean, java.util.Collection, java.lang.Integer, java.lang.Integer, java.lang.Boolean, java.lang.String, java.util.Collection, java.util.UUID, java.util.Collection, java.util.Collection, java.util.Collection, java.util.Collection, java.lang.Boolean, java.util.Collection, java.util.Collection, java.util.Collection, java.lang.Boolean, java.util.Collection, java.util.Collection, java.util.Collection, java.util.Collection, java.lang.Boolean, java.lang.Integer, java.util.Collection, java.lang.String, java.util.Collection, java.util.Collection, java.util.Collection, java.util.Collection, java.util.Collection, java.util.Collection, java.util.Collection, java.util.Collection, java.util.Collection, java.util.Collection, java.util.Collection, java.util.Collection, java.lang.String, java.lang.Boolean, java.lang.Boolean, java.lang.Boolean, java.lang.Boolean, java.lang.Integer, java.lang.Integer, java.lang.Integer, java.lang.Integer, java.lang.Boolean, java.util.Collection, java.lang.String, java.lang.String, java.lang.String, java.util.Collection, java.util.Collection, java.lang.Boolean, java.lang.Boolean, kotlin.coroutines.Continuation)
2025-10-22 18:05:12.856  9791-9880  MainAppVie...el-Initial com.rpeters.jellyfin                 D  ðŸ“¦ API calls completed:
2025-10-22 18:05:12.856  9791-9880  MainAppVie...el-Initial com.rpeters.jellyfin                 D    Libraries result: Success (5)
2025-10-22 18:05:12.856  9791-9880  MainAppVie...el-Initial com.rpeters.jellyfin                 D    Recent result: Success (50)
2025-10-22 18:05:12.856  9791-9880  MainAppVie...el-Initial com.rpeters.jellyfin                 D  âœ… Setting new state:
2025-10-22 18:05:12.856  9791-9880  MainAppVie...el-Initial com.rpeters.jellyfin                 D    Library: Shows (tvshows) id=a656b907-eb3a-7353-2e40-e44b968d0225
2025-10-22 18:05:12.856  9791-9880  MainAppVie...el-Initial com.rpeters.jellyfin                 D    Library: Music (music) id=7e64e319-657a-9516-ec78-490da03edccb
2025-10-22 18:05:12.856  9791-9880  MainAppVie...el-Initial com.rpeters.jellyfin                 D    Library: Movies (movies) id=f137a2dd-21bb-c1b9-9aa5-c0f6bf02a805
2025-10-22 18:05:12.856  9791-9880  MainAppVie...el-Initial com.rpeters.jellyfin                 D    Library: stuff (homevideos) id=db4f9179-ea8e-4d2b-273b-bca868a2dc47
2025-10-22 18:05:12.856  9791-9880  MainAppVie...el-Initial com.rpeters.jellyfin                 D    Library: Playlists (playlists) id=1071671e-7bff-a053-2e93-0debee501d2e
2025-10-22 18:05:12.856  9791-9880  MainAppVie...el-Initial com.rpeters.jellyfin                 D  ðŸŽ¯ loadInitialData completed - Libraries now: 5
2025-10-22 18:05:12.889  9791-9897  OkHttp                  com.rpeters.jellyfin                 I  --> GET https://rpeters1428.huron.usbx.me/jellyfin/Items/1071671e-7bff-a053-2e93-0debee501d2e/Images/Primary?maxHeight=400&maxWidth=400
2025-10-22 18:05:12.914  9791-9791  HomeScreen              com.rpeters.jellyfin                 D  Received state - Libraries: 5, RecentlyAddedByTypes: {MOVIE=20, SERIES=20, EPISODE=20, AUDIO=20, VIDEO=20}
2025-10-22 18:05:12.914  9791-9791  HomeScreen              com.rpeters.jellyfin                 D  Library 0: Shows (tvshows)
2025-10-22 18:05:12.914  9791-9791  HomeScreen              com.rpeters.jellyfin                 D  Library 1: Music (music)
2025-10-22 18:05:12.914  9791-9791  HomeScreen              com.rpeters.jellyfin                 D  Library 2: Movies (movies)
2025-10-22 18:05:12.914  9791-9791  HomeScreen              com.rpeters.jellyfin                 D  Library 3: stuff (homevideos)
2025-10-22 18:05:12.914  9791-9791  HomeScreen              com.rpeters.jellyfin                 D  Library 4: Playlists (playlists)
2025-10-22 18:05:13.020  9791-9897  OkHttp                  com.rpeters.jellyfin                 I  <-- 404 Not Found https://rpeters1428.huron.usbx.me/jellyfin/Items/1071671e-7bff-a053-2e93-0debee501d2e/Images/Primary?maxHeight=400&maxWidth=400 (131ms, unknown-length body)
2025-10-22 18:05:13.808  9791-9824  peters.jellyfin         com.rpeters.jellyfin                 I  Explicit concurrent mark compact GC freed 5509KB AllocSpace bytes, 12(344KB) LOS objects, 49% free, 12MB/25MB, paused 845us,1.306ms total 29.540ms
2025-10-22 18:05:14.004  9791-9897  OkHttp                  com.rpeters.jellyfin                 I  --> GET https://rpeters1428.huron.usbx.me/jellyfin/Items/0cbf8cb5-395d-ada9-fa96-1317ef5f2db2/Images/Primary?maxHeight=400&maxWidth=400
2025-10-22 18:05:14.018  9791-9898  OkHttp                  com.rpeters.jellyfin                 I  --> GET https://rpeters1428.huron.usbx.me/jellyfin/Items/46bb39be-3368-582f-2e82-bd6163665ee7/Images/Primary?maxHeight=400&maxWidth=400
