2026-01-29 22:42:45.560 19193-19193 peters.jellyfin         com.rpeters.jellyfin                 W  Redefining intrinsic method java.lang.Thread java.lang.Thread.currentThread(). This may cause the unexpected use of the original definition of java.lang.Thread java.lang.Thread.currentThread()in methods that have already been compiled.
2026-01-29 22:42:45.560 19193-19193 peters.jellyfin         com.rpeters.jellyfin                 W  Redefining intrinsic method boolean java.lang.Thread.interrupted(). This may cause the unexpected use of the original definition of boolean java.lang.Thread.interrupted()in methods that have already been compiled.
2026-01-29 22:42:45.571 19193-19193 ApplicationLoaders      com.rpeters.jellyfin                 D  Returning zygote-cached class loader: /system_ext/framework/androidx.window.extensions.jar
2026-01-29 22:42:45.571 19193-19193 ApplicationLoaders      com.rpeters.jellyfin                 D  Returning zygote-cached class loader: /system_ext/framework/androidx.window.sidecar.jar
2026-01-29 22:42:46.058 19193-19193 nativeloader            com.rpeters.jellyfin                 D  Configuring clns-9 for other apk /data/app/~~z7tsfsZH-bO0oQcJM9Weyw==/com.rpeters.jellyfin-vwUc2zu2VdmgGCT0C85kZw==/base.apk. target_sdk_version=35, uses_libraries=, library_path=/data/app/~~z7tsfsZH-bO0oQcJM9Weyw==/com.rpeters.jellyfin-vwUc2zu2VdmgGCT0C85kZw==/lib/arm64:/data/app/~~z7tsfsZH-bO0oQcJM9Weyw==/com.rpeters.jellyfin-vwUc2zu2VdmgGCT0C85kZw==/base.apk!/lib/arm64-v8a, permitted_path=/data:/mnt/expand:/data/user/0/com.rpeters.jellyfin
2026-01-29 22:42:46.077 19193-19193 CompatChangeReporter    com.rpeters.jellyfin                 D  Compat change id reported: 202956589; UID 10543; state: ENABLED
2026-01-29 22:42:46.080 19193-19193 GraphicsEnvironment     com.rpeters.jellyfin                 V  Currently set values for:
2026-01-29 22:42:46.080 19193-19193 GraphicsEnvironment     com.rpeters.jellyfin                 V    angle_gl_driver_selection_pkgs=[]
2026-01-29 22:42:46.080 19193-19193 GraphicsEnvironment     com.rpeters.jellyfin                 V    angle_gl_driver_selection_values=[]
2026-01-29 22:42:46.080 19193-19193 GraphicsEnvironment     com.rpeters.jellyfin                 V  com.rpeters.jellyfin is not listed in per-application setting
2026-01-29 22:42:46.080 19193-19193 GraphicsEnvironment     com.rpeters.jellyfin                 V  ANGLE allowlist from config: com.dreamgames.royalmatch com.dts.freefiremax com.dxx.firenow com.gramgames.mergedragons com.ludo.king com.mojang.minecraftpe com.my.defense com.nintendo.zaka com.os.airforce com.playrix.fishdomdd.gplay io.teslatech.callbreak jp.konami.prospia net.peakgames.toonblast
2026-01-29 22:42:46.080 19193-19193 GraphicsEnvironment     com.rpeters.jellyfin                 V  No special selections for ANGLE, returning default driver choice
2026-01-29 22:42:46.080 19193-19193 GraphicsEnvironment     com.rpeters.jellyfin                 V  App is not on the allowlist for updatable production driver.
2026-01-29 22:42:46.097 19193-19193 peters.jellyfin         com.rpeters.jellyfin                 W  Method void com.google.android.gms.common.api.internal.BackgroundDetector.initialize(android.app.Application) failed lock verification and will run slower.
                                                                                                    Common causes for lock verification issues are non-optimized dex code
                                                                                                    and incorrect proguard optimizations.
2026-01-29 22:42:46.097 19193-19193 peters.jellyfin         com.rpeters.jellyfin                 W  Method void com.google.android.gms.common.api.internal.BackgroundDetector.zza(boolean) failed lock verification and will run slower.
2026-01-29 22:42:46.097 19193-19193 peters.jellyfin         com.rpeters.jellyfin                 W  Method void com.google.android.gms.common.api.internal.BackgroundDetector.addListener(com.google.android.gms.common.api.internal.BackgroundDetector$BackgroundStateChangeListener) failed lock verification and will run slower.
2026-01-29 22:42:46.102 19193-19193 FirebaseSessions        com.rpeters.jellyfin                 D  Dependency to CRASHLYTICS added.
2026-01-29 22:42:46.104 19193-19193 FirebaseApp             com.rpeters.jellyfin                 I  Device unlocked: initializing all Firebase APIs for app [DEFAULT]
2026-01-29 22:42:46.109 19193-19193 peters.jellyfin         com.rpeters.jellyfin                 W  Method void com.google.android.gms.tasks.zzw.zzi() failed lock verification and will run slower.
2026-01-29 22:42:46.109 19193-19193 peters.jellyfin         com.rpeters.jellyfin                 W  Method void com.google.android.gms.tasks.zzr.zza(com.google.android.gms.tasks.zzq) failed lock verification and will run slower.
2026-01-29 22:42:46.119 19193-19193 nativeloader            com.rpeters.jellyfin                 D  Load /data/app/~~z7tsfsZH-bO0oQcJM9Weyw==/com.rpeters.jellyfin-vwUc2zu2VdmgGCT0C85kZw==/base.apk!/lib/arm64-v8a/libdatastore_shared_counter.so using class loader ns clns-9 (caller=/data/app/~~z7tsfsZH-bO0oQcJM9Weyw==/com.rpeters.jellyfin-vwUc2zu2VdmgGCT0C85kZw==/base.apk!classes23.dex): ok
2026-01-29 22:42:46.125 19193-19214 CompatChangeReporter    com.rpeters.jellyfin                 D  Compat change id reported: 312399441; UID 10543; state: ENABLED
2026-01-29 22:42:46.125 19193-19193 FirebaseSessions        com.rpeters.jellyfin                 D  Initializing Firebase Sessions 3.0.4.
2026-01-29 22:42:46.126 19193-19193 FirebaseCrashlytics     com.rpeters.jellyfin                 I  Initializing Firebase Crashlytics 20.0.4 for com.rpeters.jellyfin
2026-01-29 22:42:46.129 19193-19193 peters.jellyfin         com.rpeters.jellyfin                 W  Method void com.google.firebase.analytics.connector.AnalyticsConnectorImpl.zza(com.google.firebase.events.Event) failed lock verification and will run slower.
2026-01-29 22:42:46.132 19193-19193 FirebaseSessions        com.rpeters.jellyfin                 D  Subscriber CRASHLYTICS registered.
2026-01-29 22:42:46.139 19193-19193 peters.jellyfin         com.rpeters.jellyfin                 W  Method void com.google.android.gms.tasks.zzl.zzb() failed lock verification and will run slower.
2026-01-29 22:42:46.142 19193-19217 FirebaseSessions        com.rpeters.jellyfin                 D  Notified CRASHLYTICS of new session 4502aa96463e47359297e75611b62e4e
2026-01-29 22:42:46.142 19193-19193 peters.jellyfin         com.rpeters.jellyfin                 W  Method void com.google.android.gms.tasks.zzn.zzb() failed lock verification and will run slower.
2026-01-29 22:42:46.142 19193-19224 peters.jellyfin         com.rpeters.jellyfin                 W  Method void com.google.android.gms.tasks.zzm.run() failed lock verification and will run slower.
2026-01-29 22:42:46.149 19193-19193 FirebaseInitProvider    com.rpeters.jellyfin                 I  FirebaseApp initialization successful
2026-01-29 22:42:46.150 19193-19217 peters.jellyfin         com.rpeters.jellyfin                 W  Method void com.google.android.gms.tasks.zzh.zzb() failed lock verification and will run slower.
2026-01-29 22:42:46.150 19193-19193 DesktopExperienceFlags  com.rpeters.jellyfin                 D  Toggle override initialized to: false
2026-01-29 22:42:46.150 19193-19226 ashmem                  com.rpeters.jellyfin                 E  Pinning is deprecated since Android Q. Please use trim or other methods.
2026-01-29 22:42:46.153 19193-19223 peters.jellyfin         com.rpeters.jellyfin                 W  Method java.lang.ClassLoader com.google.android.gms.dynamite.zzb.zza() failed lock verification and will run slower.
2026-01-29 22:42:46.153 19193-19223 peters.jellyfin         com.rpeters.jellyfin                 W  Method void com.google.android.gms.dynamite.zza.run() failed lock verification and will run slower.
2026-01-29 22:42:46.154 19193-19223 peters.jellyfin         com.rpeters.jellyfin                 W  ClassLoaderContext classpath size mismatch. expected=1, found=0 (DLC[];PCL[base.apk*1337880436]{PCL[/system/framework/org.apache.http.legacy.jar*3558608148]#PCL[/system/system_ext/framework/org.carconnectivity.android.digitalkey.rangingintent.jar*560278203]#PCL[/system/system_ext/framework/org.carconnectivity.android.digitalkey.secureelement.jar*3277496667]#PCL[/system_ext/framework/org.carconnectivity.android.digitalkey.timesync.jar*1887653037]#PCL[/system/framework/com.android.location.provider.jar*1880069816]#PCL[/system/framework/com.android.media.remotedisplay.jar*1838754544]#PCL[/system_ext/framework/androidx.window.extensions.jar*708456526]#PCL[/system_ext/framework/androidx.window.sidecar.jar*3846558453]} | DLC[];PCL[])
2026-01-29 22:42:46.155 19193-19223 DynamiteModule          com.rpeters.jellyfin                 I  Considering local module com.google.android.gms.measurement.dynamite:155 and remote module com.google.android.gms.measurement.dynamite:176
2026-01-29 22:42:46.155 19193-19223 DynamiteModule          com.rpeters.jellyfin                 I  Selected remote version of com.google.android.gms.measurement.dynamite, version >= 176
2026-01-29 22:42:46.155 19193-19223 DynamiteModule          com.rpeters.jellyfin                 V  Dynamite loader version >= 2, using loadModule2NoCrashUtils
2026-01-29 22:42:46.156 19193-19217 FirebaseCrashlytics     com.rpeters.jellyfin                 I  Saved version control info
2026-01-29 22:42:46.159 19193-19223 System                  com.rpeters.jellyfin                 W  ClassLoader referenced unknown path:
2026-01-29 22:42:46.159 19193-19223 nativeloader            com.rpeters.jellyfin                 D  Configuring clns-10 for other apk . target_sdk_version=36, uses_libraries=, library_path=/data/app/~~tsWUUglA6m3b9Ir-jxGiOA==/com.google.android.gms-YqfSBqyfdto7FvVbngkVPw==/lib/arm64:/data/app/~~tsWUUglA6m3b9Ir-jxGiOA==/com.google.android.gms-YqfSBqyfdto7FvVbngkVPw==/base.apk!/lib/arm64-v8a, permitted_path=/data:/mnt/expand:/data/user/0/com.google.android.gms
2026-01-29 22:42:46.163 19193-19223 peters.jellyfin         com.rpeters.jellyfin                 W  ClassLoaderContext classpath size mismatch. expected=1, found=4 (DLC[];PCL[base.apk*1337880436]{PCL[/system/framework/org.apache.http.legacy.jar*3558608148]#PCL[/system/system_ext/framework/org.carconnectivity.android.digitalkey.rangingintent.jar*560278203]#PCL[/system/system_ext/framework/org.carconnectivity.android.digitalkey.secureelement.jar*3277496667]#PCL[/system_ext/framework/org.carconnectivity.android.digitalkey.timesync.jar*1887653037]#PCL[/system/framework/com.android.location.provider.jar*1880069816]#PCL[/system/framework/com.android.media.remotedisplay.jar*1838754544]#PCL[/system_ext/framework/androidx.window.extensions.jar*708456526]#PCL[/system_ext/framework/androidx.window.sidecar.jar*3846558453]} | DLC[];PCL[/data/data/com.rpeters.jellyfin/code_cache/.overlay/base.apk/classes15.dex*3131711088:/data/data/com.rpeters.jellyfin/code_cache/.overlay/base.apk/classes16.dex*4018335513:/data/data/com.rpeters.jellyfin/code_cache/.overlay/base.apk/classes7.dex*1945036905:/data/app/~~z7tsfsZH-bO0oQcJM9Weyw==/com.rpeters.jellyfin-vwUc2zu2VdmgGCT0C85kZw==/base.apk*1082224596]{PCL[/system_ext/framework/androidx.window.extensions.jar*708456526]#PCL[/system_ext/framework/androidx.window.sidecar.jar*3846558453]})
2026-01-29 22:42:46.164 19193-19193 peters.jellyfin         com.rpeters.jellyfin                 I  hiddenapi: Accessing hidden method Landroid/view/WindowManagerGlobal;->getInstance()Landroid/view/WindowManagerGlobal; (runtime_flags=0, domain=platform, api=unsupported) from Lcurtains/internal/WindowManagerSpy$windowManagerInstance$2; (domain=app, TargetSdkVersion=35) using reflection: allowed
2026-01-29 22:42:46.164 19193-19193 peters.jellyfin         com.rpeters.jellyfin                 I  hiddenapi: Accessing hidden field Landroid/view/WindowManagerGlobal;->mViews:Ljava/util/ArrayList; (runtime_flags=0, domain=platform, api=unsupported) from Lcurtains/internal/WindowManagerSpy$mViewsField$2; (domain=app, TargetSdkVersion=35) using reflection: allowed
2026-01-29 22:42:46.165 19193-19193 peters.jellyfin         com.rpeters.jellyfin                 I  hiddenapi: Accessing hidden field Landroid/app/ActivityThread;->mH:Landroid/app/ActivityThread$H; (runtime_flags=0, domain=platform, api=unsupported) from Lleakcanary/ServiceWatcher; (domain=app, TargetSdkVersion=35) using reflection: allowed
2026-01-29 22:42:46.165 19193-19193 peters.jellyfin         com.rpeters.jellyfin                 I  hiddenapi: Accessing hidden method Landroid/app/ActivityThread;->currentActivityThread()Landroid/app/ActivityThread; (runtime_flags=0, domain=platform, api=unsupported) from Lleakcanary/ServiceWatcher$activityThreadInstance$2; (domain=app, TargetSdkVersion=35) using reflection: allowed
2026-01-29 22:42:46.165 19193-19193 peters.jellyfin         com.rpeters.jellyfin                 I  hiddenapi: Accessing hidden field Landroid/os/Handler;->mCallback:Landroid/os/Handler$Callback; (runtime_flags=0, domain=platform, api=unsupported) from Lleakcanary/ServiceWatcher; (domain=app, TargetSdkVersion=35) using reflection: allowed
2026-01-29 22:42:46.165 19193-19193 peters.jellyfin         com.rpeters.jellyfin                 I  hiddenapi: Accessing hidden field Landroid/util/Singleton;->mInstance:Ljava/lang/Object; (runtime_flags=0, domain=platform, api=unsupported) from Lleakcanary/ServiceWatcher; (domain=app, TargetSdkVersion=35) using reflection: allowed
2026-01-29 22:42:46.165 19193-19193 peters.jellyfin         com.rpeters.jellyfin                 I  hiddenapi: Accessing hidden method Landroid/util/Singleton;->get()Ljava/lang/Object; (runtime_flags=0, domain=platform, api=unsupported) from Lleakcanary/ServiceWatcher; (domain=app, TargetSdkVersion=35) using reflection: allowed
2026-01-29 22:42:46.165 19193-19193 peters.jellyfin         com.rpeters.jellyfin                 I  hiddenapi: Accessing hidden field Landroid/app/ActivityManager;->IActivityManagerSingleton:Landroid/util/Singleton; (runtime_flags=0, domain=platform, api=unsupported) from Lleakcanary/ServiceWatcher; (domain=app, TargetSdkVersion=35) using reflection: allowed
2026-01-29 22:42:46.174 19193-19232 peters.jellyfin         com.rpeters.jellyfin                 I  hiddenapi: Accessing hidden method Ldalvik/system/VMStack;->getStackClass2()Ljava/lang/Class; (runtime_flags=0, domain=core-platform, api=unsupported) from Lm7/aov; (domain=app, TargetSdkVersion=35) using reflection: allowed
2026-01-29 22:42:46.183 19193-19231 peters.jellyfin         com.rpeters.jellyfin                 E  No package ID 6a found for resource ID 0x6a0b0013.
2026-01-29 22:42:46.183 19193-19231 FA                      com.rpeters.jellyfin                 I  App measurement initialized, version: 152008
2026-01-29 22:42:46.183 19193-19231 FA                      com.rpeters.jellyfin                 I  To enable debug logging run: adb shell setprop log.tag.FA VERBOSE
2026-01-29 22:42:46.183 19193-19231 FA                      com.rpeters.jellyfin                 I  To enable faster debug mode event logging run:
                                                                                                      adb shell setprop debug.firebase.analytics.app com.rpeters.jellyfin
2026-01-29 22:42:46.264 19193-19193 ModernSurf...oordinator com.rpeters.jellyfin                 I  ModernSurfaceCoordinator initialized
2026-01-29 22:42:46.264 19193-19193 JellyfinApplication     com.rpeters.jellyfin                 I  Application started
2026-01-29 22:42:46.268 19193-19234 NetworkOptimizer        com.rpeters.jellyfin                 D  Network optimizations initialized successfully
2026-01-29 22:42:46.274 19193-19241 JellyfinApplication     com.rpeters.jellyfin                 I  Performance optimizations initialized
2026-01-29 22:42:46.285 19193-19226 TRuntime.C...ortBackend com.rpeters.jellyfin                 I  Making request to: https://firebaselogging-pa.googleapis.com/v1/firelog/legacy/batchlog
2026-01-29 22:42:46.295 19193-19228 LeakCanary              com.rpeters.jellyfin                 D  LeakCanary is running and ready to detect memory leaks.