2026-01-28 21:19:24.840 26724-26724 WindowOnBackDispatcher  com.rpeters.jellyfin                 D  setTopOnBackInvokedCallback (unwrapped): null
2026-01-28 21:19:24.844 26724-26826 HWUI                    com.rpeters.jellyfin                 D  endAllActiveAnimators on 0xb400007333e13a80 (UnprojectedRipple) with handle 0xb400007233dff190
2026-01-28 21:19:24.845 26724-26724 VRI[VideoP...y]@65aad8d com.rpeters.jellyfin                 I  dispatchDetachedFromWindow
2026-01-28 21:19:24.847 26724-26724 InputTransport          com.rpeters.jellyfin                 D  Input channel destroyed: '66f3f2e', fd=286
2026-01-28 21:19:24.863 26724-26724 VRI[VideoP...y]@633cb25 com.rpeters.jellyfin                 D  mThreadedRenderer.initializeIfNeeded()#2 mSurface={isValid=true 0xb400007333deb6c0}
2026-01-28 21:19:24.864 26724-26724 InputMethodManagerUtils com.rpeters.jellyfin                 D  startInputInner - Id : 0
2026-01-28 21:19:24.864 26724-26724 InputMethodManager      com.rpeters.jellyfin                 I  startInputInner - IInputMethodManagerGlobalInvoker.startInputOrWindowGainedFocus
2026-01-28 21:19:24.865 26724-26724 InsetsController        com.rpeters.jellyfin                 D  hide(ime())
2026-01-28 21:19:24.865 26724-26724 ImeTracker              com.rpeters.jellyfin                 I  com.rpeters.jellyfin:e097da73: onCancelled at PHASE_CLIENT_ALREADY_HIDDEN
2026-01-28 21:19:24.865 26724-26954 InputTransport          com.rpeters.jellyfin                 D  Input channel constructed: 'ClientS', fd=291
2026-01-28 21:19:24.880 26724-26724 InsetsController        com.rpeters.jellyfin                 I  onStateChanged: host=com.rpeters.jellyfin/com.rpeters.jellyfin.ui.player.VideoPlayerActivity, from=android.view.ViewRootImpl.onInsetsStateChanged:3038, state=InsetsState: {mDisplayFrame=Rect(0, 0 - 1440, 3120), mDisplayCutout=DisplayCutout{insets=Rect(0, 128 - 0, 0) waterfall=Insets{left=0, top=0, right=0, bottom=0} boundingRect={Bounds=[Rect(0, 0 - 0, 0), Rect(685, 0 - 755, 128), Rect(0, 0 - 0, 0), Rect(0, 0 - 0, 0)]} cutoutPathParserInfo={CutoutPathParserInfo{displayWidth=1440 displayHeight=3120 physicalDisplayWidth=1440 physicalDisplayHeight=3120 density={3.75} cutoutSpec={M 0,0 H -9.333333333333333 V 34.13333333333333 H 9.333333333333333 V 0 H 0 Z @dp} rotation={0} scale={1.0} physicalPixelDisplaySizeRatio={1.0}}} sideOverrides={}}, mRoundedCorners=RoundedCorners{[RoundedCorner{position=TopLeft, radius=56, center=Point(56, 56)}, RoundedCorner{position=TopRight, radius=56, center=Point(1384, 56)}, RoundedCorner{position=BottomRight, radius=56, center=Point(1384, 3064)}, RoundedCorner{position=BottomLeft, radius=56, center=Point(56, 3064)}]}  mRoundedCornerFrame=Rect(0, 0 - 1440, 3120), mPrivacyIndicatorBounds=PrivacyIndicatorBounds {static bounds=Rect(1275, 0 - 1440, 128) rotation=0}, mDisplayShape=DisplayShape{ spec=-311912193 displayWidth=1440 displayHeight=3120 physicalPixelDisplaySizeRatio=1.0 rotation=0 offsetX=0 offsetY=0 scale=1.0}, mSources= { InsetsSource: {91450001 mType=navigationBars mFrame=[0,3064][1440,3120] mAttachedInsets=null mVisible=false mFlags=SUPPRESS_SCRIM mSideHint=BOTTOM mBoundingRects=null}, InsetsSource: {91450004 mType=systemGestures mFrame=[0,0][112,3120] mAttachedInsets=null mVisible=true mFlags= mSideHint=LEFT mBoundingRects=null}, InsetsSource: {91450005 mType=mandatorySystemGestures mFrame=[0,3000][1440,3120] mAttachedInsets=null mVisible=true mFlags= mSideHint=BOTTOM mBoundingRects=null}, InsetsSource: {91450006 mType=tappableElement mFrame=[0,0][0,0] mAttachedInsets=null mVisible=true mFlags= mSideHint=NONE mBoundingRects=null}, InsetsSource: {91450024 mType=systemGestures mFrame=[1328,0][1440,3120] mAttachedInsets=null mVisible=true mFlags= mSideHint=RIGHT mBoundingRects=null}, InsetsSource: {9c550000 mType=statusBars mFrame=[0,0][1440,128] mAttachedInsets=null mVisible=false mFlags= mSideHint=TOP mBoundingRects=null}, InsetsSource: {9c550005 mType=mandatorySystemGestures mFrame=[0,0][1440,173] mAttachedInsets=null mVisible=true mFlags= mSideHint=TOP mBoundingRects=null}, InsetsSource: {9c550006 mType=tappableElement mFrame=[0,0][1440,128] mAttachedInsets=null mVisible=true mFlags= mSideHint=TOP mBoundingRects=null}, InsetsSource: {27 mType=displayCutout mFrame=[0,0][1440,128] mAttachedInsets=null mVisible=true mFlags= mSideHint=TOP mBoundingRects=null} }
2026-01-28 21:19:25.012  2941-3004  WindowManager           system_server                        E  win=Window{66f3f2e u0 com.rpeters.jellyfin/com.rpeters.jellyfin.ui.player.VideoPlayerActivity EXITING} destroySurfaces: appStopped=false cleanupOnResume=false win.mWindowRemovalAllowed=true win.mRemoveOnExit=true win.mViewVisibility=0 caller=com.android.server.wm.WindowState.onExitAnimationDone:224 com.android.server.wm.WindowState.onAnimationFinished:161 com.android.server.wm.WindowContainer$$ExternalSyntheticLambda8.onAnimationFinished:3 com.android.server.wm.SurfaceAnimator$$ExternalSyntheticLambda0.onAnimationFinished:69 com.android.server.wm.LocalAnimationAdapter$$ExternalSyntheticLambda0.run:10 android.os.Handler.handleCallback:1070 android.os.Handler.dispatchMessage:125
2026-01-28 21:19:25.020  1964-1964  SurfaceFlinger          surfaceflinger                       E  alpha changed 0.009 -> 0.000 - Surface(name=66f3f2e com.rpeters.jellyfin/com.rpeters.jellyfin.ui.player.VideoPlayerActivity#125950)/@0xedb88e1 - animation-leash of window_animation#125956
2026-01-28 21:19:25.384 26724-27003 AidlBufferPool          com.rpeters.jellyfin                 D  bufferpool2 0xb400007313d88138 : 5(40960 size) total buffers - 1(8192 size) used buffers - 608/613 (recycle/alloc) - 10/612 (fetch/transfer)
2026-01-28 21:19:25.590 26724-26896 OkHttpClient            com.rpeters.jellyfin                 I  POST https://rpeters1428.huron.usbx.me/jellyfin/Sessions/Playing/Progress
2026-01-28 21:19:25.702 26724-26893 PlaybackProgressManager com.rpeters.jellyfin                 D  Reported progress at 1969001ms for b4a28569-a7c3-84c1-a42f-3ad5df35c269
2026-01-28 21:19:25.790 26724-26982 AidlBufferPool          com.rpeters.jellyfin                 D  bufferpool2 0xb400007313d34648 : 11(92274688 size) total buffers - 10(83886080 size) used buffers - 721/732 (recycle/alloc) - 11/733 (fetch/transfer)
2026-01-28 21:19:26.787 26724-26724 VRI[VideoP...y]@633cb25 com.rpeters.jellyfin                 I  call setFrameRateCategory for touch hint category=no preference, reason=boost timeout, vri=VRI[VideoPlayerActivity]@633cb25
2026-01-28 21:19:28.032 26724-26893 OkHttpClient            com.rpeters.jellyfin                 I  POST https://rpeters1428.huron.usbx.me/jellyfin/Sessions/Playing/Progress
2026-01-28 21:19:28.159 26724-26724 PlaybackProgressManager com.rpeters.jellyfin                 D  Reported progress at 1971005ms for b4a28569-a7c3-84c1-a42f-3ad5df35c269
2026-01-28 21:19:28.223 26724-26724 peters.jellyfin         com.rpeters.jellyfin                 W  Method void com.google.android.gms.cast.internal.zzd.zza() failed lock verification and will run slower.
2026-01-28 21:19:28.224 26724-26724 peters.jellyfin         com.rpeters.jellyfin                 W  Method void com.google.android.gms.cast.internal.zzav.zzh(int, java.lang.Object, java.lang.String) failed lock verification and will run slower.
2026-01-28 21:19:28.224 26724-26724 peters.jellyfin         com.rpeters.jellyfin                 W  Method void com.google.android.gms.cast.internal.zzav.zza(long, com.google.android.gms.cast.internal.zzat) failed lock verification and will run slower.
2026-01-28 21:19:28.225 26724-26724 peters.jellyfin         com.rpeters.jellyfin                 W  Method void com.google.android.gms.cast.framework.media.MediaQueue.zzv() failed lock verification and will run slower.
2026-01-28 21:19:28.225 26724-26724 peters.jellyfin         com.rpeters.jellyfin                 W  Method void com.google.android.gms.cast.framework.media.MediaQueue.zzw() failed lock verification and will run slower.
2026-01-28 21:19:28.225 26724-26724 peters.jellyfin         com.rpeters.jellyfin                 W  Method void com.google.android.gms.cast.framework.media.MediaQueue.zzx() failed lock verification and will run slower.
2026-01-28 21:19:28.225 26724-26724 peters.jellyfin         com.rpeters.jellyfin                 W  Method void com.google.android.gms.cast.framework.media.MediaQueue.zzy(int[]) failed lock verification and will run slower.
2026-01-28 21:19:28.225 26724-26724 peters.jellyfin         com.rpeters.jellyfin                 W  Method void com.google.android.gms.cast.framework.media.MediaQueue.zzk(int, int) failed lock verification and will run slower.
2026-01-28 21:19:28.225 26724-26724 peters.jellyfin         com.rpeters.jellyfin                 W  Method void com.google.android.gms.cast.framework.media.MediaQueue.zzm(int[]) failed lock verification and will run slower.
2026-01-28 21:19:28.225 26724-26724 peters.jellyfin         com.rpeters.jellyfin                 W  Method void com.google.android.gms.cast.framework.media.MediaQueue.zzn(java.util.List, int) failed lock verification and will run slower.
2026-01-28 21:19:28.226 26724-26724 peters.jellyfin         com.rpeters.jellyfin                 W  Method void com.google.android.gms.common.api.internal.BasePendingResult.addStatusListener(com.google.android.gms.common.api.PendingResult$StatusListener) failed lock verification and will run slower.
2026-01-28 21:19:28.226 26724-26724 peters.jellyfin         com.rpeters.jellyfin                 W  Method void com.google.android.gms.common.api.internal.BasePendingResult.forceFailureUnlessReady(com.google.android.gms.common.api.Status) failed lock verification and will run slower.
2026-01-28 21:19:28.226 26724-26724 peters.jellyfin         com.rpeters.jellyfin                 W  Method void com.google.android.gms.common.api.internal.BasePendingResult.setCancelToken(com.google.android.gms.common.internal.ICancelToken) failed lock verification and will run slower.
2026-01-28 21:19:28.241 26724-26893 OkHttpClient            com.rpeters.jellyfin                 I  POST https://rpeters1428.huron.usbx.me/jellyfin/Sessions/Playing/Progress
2026-01-28 21:19:28.281 26724-26724 SV[3743892...rActivity] com.rpeters.jellyfin                 I  onWindowVisibilityChanged(8) false android.view.SurfaceView{23b45cc V.E...... ........ 0,0-1440,810} of VRI[VideoPlayerActivity]@633cb25
2026-01-28 21:19:28.281 26724-26724 SurfaceView             com.rpeters.jellyfin                 I  37438924 Changes: creating=false format=false size=false visible=true alpha=false hint=false left=false top=false z=false attached=true lifecycleStrategy=false
2026-01-28 21:19:28.281 26724-26724 SurfaceView             com.rpeters.jellyfin                 I  37438924 Cur surface: Surface(name=null mNativeObject=-5476376652090982736)/@0x423387d
2026-01-28 21:19:28.281 26724-26724 SV[3743892...rActivity] com.rpeters.jellyfin                 I  updateSurface: mVisible = false mSurface.isValid() = true
2026-01-28 21:19:28.281 26724-26724 SV[3743892...rActivity] com.rpeters.jellyfin                 I  updateSurface: mSurfaceCreated = true surfaceChanged = false visibleChanged = true
2026-01-28 21:19:28.281 26724-26724 SurfaceView             com.rpeters.jellyfin                 V  Layout: x=0 y=1155 w=1440 h=810, frame=Rect(0, 0 - 1440, 810)
2026-01-28 21:19:28.281 26724-26724 SurfaceView             com.rpeters.jellyfin                 I  37438924 Detaching SV
2026-01-28 21:19:28.281 26724-26724 SurfaceView             com.rpeters.jellyfin                 I  37438924 Changes: creating=false format=false size=false visible=false alpha=false hint=false left=false top=false z=false attached=false lifecycleStrategy=false
2026-01-28 21:19:28.281 26724-26724 SurfaceView             com.rpeters.jellyfin                 I  37438924 Cur surface: Surface(name=null mNativeObject=-5476376652090982736)/@0x423387d
2026-01-28 21:19:28.281 26724-26724 SurfaceView             com.rpeters.jellyfin                 I  37438924 surfaceDestroyed
2026-01-28 21:19:28.281 26724-26724 SV[3743892...rActivity] com.rpeters.jellyfin                 I  surfaceDestroyed callback.size 1 #4 android.view.SurfaceView{23b45cc V.E...... ........ 0,0-1440,810}
2026-01-28 21:19:28.281 26724-26982 SurfaceUtils            com.rpeters.jellyfin                 D  connecting to surface 0xb400007333d60370, reason connectToSurface
2026-01-28 21:19:28.281 26724-26982 MediaCodec              com.rpeters.jellyfin                 I  [c2.qti.avc.decoder] setting surface generation to 27365378
2026-01-28 21:19:28.281 26724-26982 SurfaceUtils            com.rpeters.jellyfin                 D  disconnecting from surface 0xb400007333d60370, reason connectToSurface(reconnect)
2026-01-28 21:19:28.281 26724-26982 SurfaceUtils            com.rpeters.jellyfin                 D  connecting to surface 0xb400007333d60360, reason connectToSurface(reconnect-with-listener)
2026-01-28 21:19:28.282 26724-26982 Codec2Client            com.rpeters.jellyfin                 D  setOutputSurface -- failed to set consumer usage (6/BAD_INDEX)
2026-01-28 21:19:28.282 26724-26982 GraphicsTracker         com.rpeters.jellyfin                 D  new surface in configuration: maxDequeueRequested(0), maxDequeueCommitted(19)
2026-01-28 21:19:28.282 26724-26982 GraphicsTracker         com.rpeters.jellyfin                 D  new surface configured with id:114778706018309 gen:27365378 maxDequeue:19
2026-01-28 21:19:28.282 26724-26982 GraphicsTracker         com.rpeters.jellyfin                 D  maxDequeueCount is already 19
2026-01-28 21:19:28.282 26724-26982 Codec2Client            com.rpeters.jellyfin                 D  setOutputSurface -- generation=27365378 consumer usage=0x900
2026-01-28 21:19:28.282 26724-26982 SurfaceUtils            com.rpeters.jellyfin                 D  disconnecting from surface 0xb400007333ddd580, reason disconnectFromSurface
2026-01-28 21:19:28.282 26724-26724 SV[3743892...rActivity] com.rpeters.jellyfin                 I  updateSurface: mVisible = false mSurface.isValid() = true
2026-01-28 21:19:28.282 26724-26724 SV[3743892...rActivity] com.rpeters.jellyfin                 I  releaseSurfaces: viewRoot = VRI[VideoPlayerActivity]@633cb25
2026-01-28 21:19:28.282 26724-26724 SurfaceView             com.rpeters.jellyfin                 V  Layout: x=0 y=1155 w=1440 h=810, frame=Rect(0, 0 - 1440, 810)
2026-01-28 21:19:28.282 26724-26724 SV[3743892...rActivity] com.rpeters.jellyfin                 I  onDetachedFromWindow: tryReleaseSurfaces()
2026-01-28 21:19:28.282 26724-26724 SV[3743892...rActivity] com.rpeters.jellyfin                 I  releaseSurfaces: viewRoot = VRI[VideoPlayerActivity]@633cb25
2026-01-28 21:19:28.291 26724-26724 BLASTBufferQueue_Java   com.rpeters.jellyfin                 I  update, w= 1440 h= 3120 mName = VRI[VideoPlayerActivity]@633cb25 mNativeObject= 0xb4000073e3d06ae0 sc.mNativeObject= 0xb400007273cfb450 format= -3 caller= android.view.ViewRootImpl.updateBlastSurfaceIfNeeded:3592 android.view.ViewRootImpl.relayoutWindow:11809 android.view.ViewRootImpl.performTraversals:4839 android.view.ViewRootImpl.doTraversal:3959 android.view.ViewRootImpl$TraversalRunnable.run:13030 android.view.Choreographer$CallbackRecord.run:1961
2026-01-28 21:19:28.291 26724-26724 VRI[VideoP...y]@633cb25 com.rpeters.jellyfin                 I  Relayout returned: old=(0,0,1440,3120) new=(0,0,1440,3120) relayoutAsync=true req=(1440,3120)0 dur=0 res=0x0 s={true 0xb400007333deb6c0} ch=false seqId=0
2026-01-28 21:19:28.292 26724-26724 VRI[VideoP...y]@633cb25 com.rpeters.jellyfin                 I  registerCallbackForPendingTransactions
2026-01-28 21:19:28.303 26724-26826 SurfaceView             com.rpeters.jellyfin                 D  147632654 windowPositionLost, frameNr = 647
2026-01-28 21:19:28.303 26724-26836 VRI[VideoP...y]@633cb25 com.rpeters.jellyfin                 I  mWNT: t=0xb400007313d8f470 mBlastBufferQueue=0xb4000073e3d06ae0 fn= 647 HdrRenderState mRenderHdrSdrRatio=1.0 caller= android.view.ViewRootImpl$10.onFrameDraw:6611 android.view.ViewRootImpl$4.onFrameDraw:2485 android.view.ThreadedRenderer$1.onFrameDraw:751
2026-01-28 21:19:28.385 26724-26724 PlaybackProgressManager com.rpeters.jellyfin                 D  Reported progress at 1971504ms for b4a28569-a7c3-84c1-a42f-3ad5df35c269
2026-01-28 21:19:28.385 26724-26724 PlaybackProgressManager com.rpeters.jellyfin                 D  Stopped tracking
2026-01-28 21:19:28.386 26724-26982 CCodec                  com.rpeters.jellyfin                 I  [c2.qti.avc.decoder] state->set(FLUSHING)
2026-01-28 21:19:28.386 26724-26724 ExoPlayerImpl           com.rpeters.jellyfin                 I  Release d2f17bb [AndroidXMedia3/1.9.1] [pa3q, SM-S938U1, samsung, 36] [media3.common, media3.session, media3.exoplayer, media3.decoder, media3.ui, media3.datasource, media3.extractor, media3.decoder.ffmpeg]
2026-01-28 21:19:28.388 26724-26983 CCodec                  com.rpeters.jellyfin                 I  [c2.qti.avc.decoder] state->set(FLUSHED)
2026-01-28 21:19:28.388 26724-26961 MediaCodec              com.rpeters.jellyfin                 D  keep callback message for reclaim
2026-01-28 21:19:28.388 26724-26982 CCodec                  com.rpeters.jellyfin                 I  [c2.qti.avc.decoder] state->set(RESUMING)
2026-01-28 21:19:28.389 26724-26982 CCodecConfig            com.rpeters.jellyfin                 I  query failed after returning 17 values (BAD_INDEX)
2026-01-28 21:19:28.389 26724-26982 CCodecConfig            com.rpeters.jellyfin                 D  c2 config diff is   c2::u32 input.buffers.max-size.value = 3133440
                                                                                                      c2::u32 input.delay.value = 6
2026-01-28 21:19:28.390 26724-26982 CCodecBufferChannel     com.rpeters.jellyfin                 I  [c2.qti.avc.decoder#492] 10 initial input buffers available
2026-01-28 21:19:28.390 26724-26982 CCodec                  com.rpeters.jellyfin                 I  [c2.qti.avc.decoder] state->set(RUNNING)
2026-01-28 21:19:28.392  2941-6225  AppOps                  system_server                        E  attributionTag  not declared in manifest of com.rpeters.jellyfin
2026-01-28 21:19:28.393  2941-7666  AppOps                  system_server                        E  attributionTag  not declared in manifest of com.rpeters.jellyfin
2026-01-28 21:19:28.394 26724-27003 CCodec                  com.rpeters.jellyfin                 I  [c2.android.aac.decoder] state->set(FLUSHING)
2026-01-28 21:19:28.395 26724-27003 CCodec                  com.rpeters.jellyfin                 I  [c2.android.aac.decoder] state->set(FLUSHED)
2026-01-28 21:19:28.395 26724-27003 CCodecBuffers           com.rpeters.jellyfin                 D  [c2.android.aac.decoder#313:1D-Output.Impl[N]] Client returned a buffer it does not own according to our record: 0
2026-01-28 21:19:28.395 26724-27003 CCodecBuffers           com.rpeters.jellyfin                 D  [c2.android.aac.decoder#313:1D-Output.Impl[N]] Client returned a buffer it does not own according to our record: 1
2026-01-28 21:19:28.395 26724-27003 CCodecBuffers           com.rpeters.jellyfin                 D  [c2.android.aac.decoder#313:1D-Output.Impl[N]] Client returned a buffer it does not own according to our record: 2
2026-01-28 21:19:28.395 26724-26961 MediaCodec              com.rpeters.jellyfin                 D  keep callback message for reclaim
2026-01-28 21:19:28.395 26724-27003 CCodec                  com.rpeters.jellyfin                 I  [c2.android.aac.decoder] state->set(RESUMING)
2026-01-28 21:19:28.396 26724-27003 CCodecConfig            com.rpeters.jellyfin                 I  query failed after returning 21 values (BAD_INDEX)
2026-01-28 21:19:28.396 26724-27003 CCodecBufferChannel     com.rpeters.jellyfin                 I  [c2.android.aac.decoder#313] 4 initial input buffers available
2026-01-28 21:19:28.397 26724-27003 CCodec                  com.rpeters.jellyfin                 I  [c2.android.aac.decoder] state->set(RUNNING)
2026-01-28 21:19:28.397 26724-26982 MediaCodec              com.rpeters.jellyfin                 I  [c2.qti.avc.decoder] connecting to the same surface. Nothing to do.
2026-01-28 21:19:28.397 26724-26982 CCodec                  com.rpeters.jellyfin                 I  [c2.qti.avc.decoder] state->set(RELEASING)
2026-01-28 21:19:28.397 26724-26982 CCodecBufferChannel     com.rpeters.jellyfin                 D  [c2.qti.avc.decoder#492] MediaCodec discarded an unknown buffer
2026-01-28 21:19:28.397 26724-26982 CCodecBufferChannel     com.rpeters.jellyfin                 D  [c2.qti.avc.decoder#492] MediaCodec discarded an unknown buffer
2026-01-28 21:19:28.398 26724-26982 CCodecBufferChannel     com.rpeters.jellyfin                 D  [c2.qti.avc.decoder#492] MediaCodec discarded an unknown buffer
2026-01-28 21:19:28.398 26724-26982 CCodecBufferChannel     com.rpeters.jellyfin                 D  [c2.qti.avc.decoder#492] MediaCodec discarded an unknown buffer
2026-01-28 21:19:28.398 26724-27096 CCodec                  com.rpeters.jellyfin                 I  [release][3739] component -> surface
2026-01-28 21:19:28.398 26724-26982 CCodecBufferChannel     com.rpeters.jellyfin                 D  [c2.qti.avc.decoder#492] MediaCodec discarded an unknown buffer
2026-01-28 21:19:28.398 26724-26982 CCodecBufferChannel     com.rpeters.jellyfin                 D  [c2.qti.avc.decoder#492] MediaCodec discarded an unknown buffer
2026-01-28 21:19:28.398 26724-26982 CCodecBufferChannel     com.rpeters.jellyfin                 D  [c2.qti.avc.decoder#492] MediaCodec discarded an unknown buffer
2026-01-28 21:19:28.398 26724-26982 CCodecBufferChannel     com.rpeters.jellyfin                 D  [c2.qti.avc.decoder#492] MediaCodec discarded an unknown buffer
2026-01-28 21:19:28.398 26724-26982 CCodecBufferChannel     com.rpeters.jellyfin                 D  [c2.qti.avc.decoder#492] MediaCodec discarded an unknown buffer
2026-01-28 21:19:28.398 26724-26982 CCodecBufferChannel     com.rpeters.jellyfin                 D  [c2.qti.avc.decoder#492] MediaCodec discarded an unknown buffer
2026-01-28 21:19:28.399 26724-27003 CCodec                  com.rpeters.jellyfin                 I  [c2.android.aac.decoder] state->set(RELEASING)
2026-01-28 21:19:28.399 26724-27003 CCodecBufferChannel     com.rpeters.jellyfin                 D  [c2.android.aac.decoder#313] MediaCodec discarded an unknown buffer
2026-01-28 21:19:28.399 26724-27003 CCodecBufferChannel     com.rpeters.jellyfin                 D  [c2.android.aac.decoder#313] MediaCodec discarded an unknown buffer
2026-01-28 21:19:28.399 26724-27003 CCodecBufferChannel     com.rpeters.jellyfin                 D  [c2.android.aac.decoder#313] MediaCodec discarded an unknown buffer
2026-01-28 21:19:28.399 26724-27003 CCodecBufferChannel     com.rpeters.jellyfin                 D  [c2.android.aac.decoder#313] MediaCodec discarded an unknown buffer
2026-01-28 21:19:28.399 26724-27099 CCodec                  com.rpeters.jellyfin                 I  [release][3739] component -> surface
2026-01-28 21:19:28.399 26724-27099 CCodec                  com.rpeters.jellyfin                 I  [c2.android.aac.decoder] state->set(RELEASED)
2026-01-28 21:19:28.399 26724-27003 Codec2Client            com.rpeters.jellyfin                 I  Component destructing
2026-01-28 21:19:28.400 26724-27003 MediaCodec              com.rpeters.jellyfin                 I  Codec shutdown complete
2026-01-28 21:19:28.400 26724-27003 CCodecBufferChannel     com.rpeters.jellyfin                 I  CCodecBufferChannel destructing c2.android.aac.decoder#313
2026-01-28 21:19:28.406 26724-27096 CCodec                  com.rpeters.jellyfin                 I  [c2.qti.avc.decoder] state->set(RELEASED)
2026-01-28 21:19:28.406 26724-26982 SurfaceUtils            com.rpeters.jellyfin                 D  disconnecting from surface 0xb400007333d60370, reason disconnectFromSurface
2026-01-28 21:19:28.406 26724-26982 MediaCodec              com.rpeters.jellyfin                 I  Codec shutdown complete
2026-01-28 21:19:28.406 26724-26983 Codec2Client            com.rpeters.jellyfin                 I  Component destructing
2026-01-28 21:19:28.408 26724-26982 CCodecBufferChannel     com.rpeters.jellyfin                 I  CCodecBufferChannel destructing c2.qti.avc.decoder#492
2026-01-28 21:19:28.416 26724-26724 CastManager             com.rpeters.jellyfin                 I  Cast load: url=https://rpeters1428.huron.usbx.me/jellyfin/Videos/b4a28569-a7c3-84c1-a42f-3ad5df35c269/master.m3u8?VideoCodec=h264&AudioCodec=aac&MaxStreamingBitrate=140000000&PlaySessionId=98369f14-994e-43e8-9c36-c3e18f17ab6b&api_key=d88f923506a341849288048fb9471338 contentType=application/x-mpegURL streamType=1 hls=true transcoded=false startMs=1971649
2026-01-28 21:19:28.439 26724-26724 RealImageLoader         com.rpeters.jellyfin                 I   Successful (MEMORY_CACHE) - https://rpeters1428.huron.usbx.me/jellyfin/Items/b4a28569-a7c3-84c1-a42f-3ad5df35c269/Images/Primary?maxHeight=400&maxWidth=400&tag=a1a6957102f024e4934aa4cb4bc213cc
2026-01-28 21:19:28.443 26724-26732 peters.jellyfin         com.rpeters.jellyfin                 W  Cleared Reference was only reachable from finalizer (only reported once)
2026-01-28 21:19:28.455 26724-26724 RealImageLoader         com.rpeters.jellyfin                 I   Successful (DISK) - https://rpeters1428.huron.usbx.me/jellyfin/Items/63f6e000-50e0-da9b-fbd6-5cff1eb91f94/Images/Primary?maxHeight=400&maxWidth=400
2026-01-28 21:19:28.465 26724-26733 InputTransport          com.rpeters.jellyfin                 D  Input channel destroyed: 'ClientS', fd=291
2026-01-28 21:19:28.465 26724-26733 InputTransport          com.rpeters.jellyfin                 D  Input channel destroyed: 'ClientS', fd=328
2026-01-28 21:19:28.466 26724-26733 InputTransport          com.rpeters.jellyfin                 D  Input channel destroyed: 'ClientS', fd=424
2026-01-28 21:19:28.466 26724-26733 InputTransport          com.rpeters.jellyfin                 D  Input channel destroyed: 'ClientS', fd=571
2026-01-28 21:19:28.492 26724-26724 CastManager             com.rpeters.jellyfin                 I  Cast load result: status=Status{statusCode=SUCCESS, resolution=null} statusCode=0
2026-01-28 21:19:28.493 26724-26724 CastManager             com.rpeters.jellyfin                 I  Cast status after load: playerState=5 idleReason=0 streamType=1
2026-01-28 21:19:31.003 26724-26724 MediaControlChannel     com.rpeters.jellyfin                 W  received unexpected error: Invalid Request.
2026-01-28 21:19:31.019 26724-26724 MediaQueue              com.rpeters.jellyfin                 W  Error fetching queue item ids, statusCode=2001, statusMessage=null
2026-01-28 21:19:33.032 26724-26987 AidlBufferPool          com.rpeters.jellyfin                 D  bufferpool2 0xb400007313d34648 : 0(0 size) total buffers - 0(0 size) used buffers - 794/805 (recycle/alloc) - 11/796 (fetch/transfer)
2026-01-28 21:19:33.032 26724-26987 AidlBufferPool          com.rpeters.jellyfin                 D  bufferpool2 0xb400007313d88138 : 0(0 size) total buffers - 0(0 size) used buffers - 686/691 (recycle/alloc) - 11/686 (fetch/transfer)
2026-01-28 21:19:33.033 26724-26987 AidlBufferPoolAcc       com.rpeters.jellyfin                 D  evictor expired: 2, evicted: 2
2026-01-28 21:19:34.902 26724-26724 VRI[VideoP...y]@633cb25 com.rpeters.jellyfin                 I  ViewPostIme pointer 0
2026-01-28 21:19:34.908 26724-26724 VRI[VideoP...y]@633cb25 com.rpeters.jellyfin                 I  call setFrameRateCategory for touch hint category=high hint, reason=touch, vri=VRI[VideoPlayerActivity]@633cb25
2026-01-28 21:19:34.921 26724-26724 VRI[VideoP...y]@633cb25 com.rpeters.jellyfin                 I  ViewPostIme pointer 1
2026-01-28 21:19:35.181 26724-26724 MediaControlChannel     com.rpeters.jellyfin                 W  received unexpected error: Invalid Request.
2026-01-28 21:19:37.922 26724-26724 VRI[VideoP...y]@633cb25 com.rpeters.jellyfin                 I  ViewPostIme pointer 0
2026-01-28 21:19:37.940 26724-26724 VRI[VideoP...y]@633cb25 com.rpeters.jellyfin                 I  call setFrameRateCategory for touch hint category=no preference, reason=boost timeout, vri=VRI[VideoPlayerActivity]@633cb25
2026-01-28 21:19:38.001 26724-26724 VRI[VideoP...y]@633cb25 com.rpeters.jellyfin                 I  ViewPostIme pointer 1
2026-01-28 21:19:38.026 26724-26724 SessionManager          com.rpeters.jellyfin                 I  End session for com.rpeters.jellyfin
2026-01-28 21:19:38.026 26724-26724 SessionManagerImpl      com.rpeters.jellyfin                 I  End session: session ID: da8f046b-fc33-4953-b730-3b78776aa50f
2026-01-28 21:19:38.027 26724-26724 SessionImpl             com.rpeters.jellyfin                 I  ending session
2026-01-28 21:19:38.034 26724-26724 AudioAttributes         com.rpeters.jellyfin                 E  Invalid stream type -1 for AudioAttributes
2026-01-28 21:19:38.040 26724-26724 PlaybackProgressManager com.rpeters.jellyfin                 D  Stopped tracking
2026-01-28 21:19:38.041 26724-26896 OkHttpClient            com.rpeters.jellyfin                 I  GET https://rpeters1428.huron.usbx.me/jellyfin/UserItems/b4a28569-a7c3-84c1-a42f-3ad5df35c269/UserData?userId=c1b3b2bb-8e62-45b6-a7c4-f6645be8423a
2026-01-28 21:19:38.051 26724-26724 SessionManagerImpl      com.rpeters.jellyfin                 I  Select default route from route with the selected route ID: com.google.android.gms/.cast.media.CastMediaRoute2ProviderService_Persistent:e1ec065b9d50360c6a754bbf08d9db33
2026-01-28 21:19:38.052 26724-26724 VRI[VideoP...y]@633cb25 com.rpeters.jellyfin                 I  call setFrameRateCategory for touch hint category=high hint, reason=touch, vri=VRI[VideoPlayerActivity]@633cb25
2026-01-28 21:19:38.066 26724-26724 SurfaceView             com.rpeters.jellyfin                 D  58876891 updateSurface: has no frame
2026-01-28 21:19:38.071 26724-26724 SV[5887689...rActivity] com.rpeters.jellyfin                 I  onWindowVisibilityChanged(0) true android.view.SurfaceView{38263db V.E...... ......I. 0,0-0,0} of VRI[VideoPlayerActivity]@633cb25
2026-01-28 21:19:38.071 26724-26724 SurfaceView             com.rpeters.jellyfin                 D  58876891 updateSurface: has no frame
2026-01-28 21:19:38.072 26724-26724 BLASTBufferQueue_Java   com.rpeters.jellyfin                 I  update, w= 1440 h= 3120 mName = VRI[VideoPlayerActivity]@633cb25 mNativeObject= 0xb4000073e3d06ae0 sc.mNativeObject= 0xb400007273cfb450 format= -3 caller= android.view.ViewRootImpl.updateBlastSurfaceIfNeeded:3592 android.view.ViewRootImpl.relayoutWindow:11809 android.view.ViewRootImpl.performTraversals:4839 android.view.ViewRootImpl.doTraversal:3959 android.view.ViewRootImpl$TraversalRunnable.run:13030 android.view.Choreographer$CallbackRecord.run:1961
2026-01-28 21:19:38.072 26724-26724 VRI[VideoP...y]@633cb25 com.rpeters.jellyfin                 I  Relayout returned: old=(0,0,1440,3120) new=(0,0,1440,3120) relayoutAsync=true req=(1440,3120)0 dur=0 res=0x0 s={true 0xb400007333deb6c0} ch=false seqId=0
2026-01-28 21:19:38.073 26724-26724 SurfaceView             com.rpeters.jellyfin                 D  58876891 updateSurface: has no frame
2026-01-28 21:19:38.073 26724-26724 VRI[VideoP...y]@633cb25 com.rpeters.jellyfin                 I  registerCallbackForPendingTransactions
2026-01-28 21:19:38.073 26724-26724 SurfaceView             com.rpeters.jellyfin                 D  58876891 updateSurface: has no frame
2026-01-28 21:19:38.074 26724-26837 VRI[VideoP...y]@633cb25 com.rpeters.jellyfin                 I  mWNT: t=0xb400007313d88c60 mBlastBufferQueue=0xb4000073e3d06ae0 fn= 715 HdrRenderState mRenderHdrSdrRatio=1.0 caller= android.view.ViewRootImpl$10.onFrameDraw:6611 android.view.ViewRootImpl$4.onFrameDraw:2485 android.view.ThreadedRenderer$1.onFrameDraw:751
2026-01-28 21:19:38.075 26724-26724 MediaRouterCallback     com.rpeters.jellyfin                 I  onRouteUnselected with reason = 3, routeId = com.google.android.gms/.cast.media.CastMediaRoute2ProviderService_Persistent:e1ec065b9d50360c6a754bbf08d9db33
2026-01-28 21:19:38.083 26724-26724 MediaRouterCallback     com.rpeters.jellyfin                 I  onRouteUnselected with reason = 3, routeId = com.google.android.gms/.cast.media.CastMediaRoute2ProviderService_Persistent:e1ec065b9d50360c6a754bbf08d9db33
2026-01-28 21:19:38.083 26724-26724 MRCallbackImpl          com.rpeters.jellyfin                 I  the route (com.google.android.gms/.cast.media.CastMediaRoute2ProviderService_Persistent:e1ec065b9d50360c6a754bbf08d9db33) is unselected with the reason: 3
2026-01-28 21:19:38.088 26724-26724 MediaRouter             com.rpeters.jellyfin                 V  Selecting route: RouteInfo{ name=Phone, description=null, status=null, category=RouteCategory{ name=System types=ROUTE_TYPE_LIVE_AUDIO ROUTE_TYPE_LIVE_VIDEO  groupable=false }, supportedTypes=ROUTE_TYPE_LIVE_AUDIO ROUTE_TYPE_LIVE_VIDEO , presentationDisplay=null }
2026-01-28 21:19:38.089 26724-26724 MediaRouter             com.rpeters.jellyfin                 I  Skip setBluetoothA2dpOn(): types=8388611, isPlaybackActive()=false, BT route=null
2026-01-28 21:19:38.089 26724-26724 AxMediaRouter           com.rpeters.jellyfin                 W  Ignoring attempt to select selected route: MediaRouter.RouteInfo{ uniqueId=DEFAULT_ROUTE, name=Phone, description=null, iconUri=null, enabled=true, isSystemRoute=true, connectionState=0, canDisconnect=false, playbackType=0, playbackStream=3, deviceType=0, volumeHandling=1, volume=4, volumeMax=15, presentationDisplayId=-1, extras=null, settingsIntent=null, providerPackageName=android }
2026-01-28 21:19:38.109 26724-26724 SurfaceView             com.rpeters.jellyfin                 I  58876891 Changes: creating=true format=true size=true visible=true alpha=false hint=false left=true top=true z=false attached=true lifecycleStrategy=true
2026-01-28 21:19:38.109 26724-26724 BufferQueueProducer     com.rpeters.jellyfin                 I  [](id:686400000006,api:0,p:1996817664,c:26724) setDequeueTimeout:2077252342
2026-01-28 21:19:38.109 26724-26724 BLASTBufferQueue_Java   com.rpeters.jellyfin                 I  new BLASTBufferQueue, mName= 38263db SurfaceView[com.rpeters.jellyfin/com.rpeters.jellyfin.ui.player.VideoPlayerActivity]@0 mNativeObject= 0xb4000073e3d7d370 caller= android.view.SurfaceView.createBlastSurfaceControls:1878 android.view.SurfaceView.updateSurface:1519 android.view.SurfaceView.lambda$new$0:283 android.view.SurfaceView.$r8$lambda$NfZyM_TG8F8lqzaOVZ7noREFjzU:0 android.view.SurfaceView$$ExternalSyntheticLambda1.onPreDraw:0 android.view.ViewTreeObserver.dispatchOnPreDraw:1295 android.view.ViewRootImpl.performTraversals:5508 android.view.ViewRootImpl.doTraversal:3959 android.view.ViewRootImpl$TraversalRunnable.run:13030 android.view.Choreographer$CallbackRecord.run:1961
2026-01-28 21:19:38.109 26724-26724 BLASTBufferQueue_Java   com.rpeters.jellyfin                 I  update, w= 1440 h= 3120 mName = 38263db SurfaceView[com.rpeters.jellyfin/com.rpeters.jellyfin.ui.player.VideoPlayerActivity]@0 mNativeObject= 0xb4000073e3d7d370 sc.mNativeObject= 0xb400007273d0ded0 format= 4 caller= android.view.SurfaceView.createBlastSurfaceControls:1879 android.view.SurfaceView.updateSurface:1519 android.view.SurfaceView.lambda$new$0:283 android.view.SurfaceView.$r8$lambda$NfZyM_TG8F8lqzaOVZ7noREFjzU:0 android.view.SurfaceView$$ExternalSyntheticLambda1.onPreDraw:0 android.view.ViewTreeObserver.dispatchOnPreDraw:1295
2026-01-28 21:19:38.109 26724-26724 SurfaceView             com.rpeters.jellyfin                 I  58876891 Cur surface: Surface(name=null mNativeObject=0)/@0x2e78fb5
2026-01-28 21:19:38.110 26724-26724 SV[5887689...rActivity] com.rpeters.jellyfin                 I  pST: sr = Rect(0, 0 - 1440, 3120) sw = 1440 sh = 3120
2026-01-28 21:19:38.110 26724-26724 SurfaceView             com.rpeters.jellyfin                 D  58876891 performSurfaceTransaction RenderWorker position = [0, 0, 1440, 3120] surfaceSize = 1440x3120
2026-01-28 21:19:38.110 26724-26724 SV[5887689...rActivity] com.rpeters.jellyfin                 I  updateSurface: mVisible = true mSurface.isValid() = true
2026-01-28 21:19:38.110 26724-26724 SV[5887689...rActivity] com.rpeters.jellyfin                 I  updateSurface: mSurfaceCreated = false surfaceChanged = true visibleChanged = true
2026-01-28 21:19:38.110 26724-26724 SurfaceView             com.rpeters.jellyfin                 I  58876891 visibleChanged -- surfaceCreated
2026-01-28 21:19:38.110 26724-26724 SV[5887689...rActivity] com.rpeters.jellyfin                 I  surfaceCreated 0 #8 android.view.SurfaceView{38263db V.E...... ........ 0,0-1440,3120}
2026-01-28 21:19:38.110 26724-26724 SurfaceView             com.rpeters.jellyfin                 I  58876891 surfaceChanged -- format=4 w=1440 h=3120
2026-01-28 21:19:38.110 26724-26724 SV[5887689...rActivity] com.rpeters.jellyfin                 I  surfaceChanged (1440,3120) 0 #8 android.view.SurfaceView{38263db V.E...... ........ 0,0-1440,3120}
2026-01-28 21:19:38.110 26724-26724 SurfaceView             com.rpeters.jellyfin                 I  58876891 surfaceRedrawNeeded
2026-01-28 21:19:38.110 26724-26724 SurfaceView             com.rpeters.jellyfin                 I  58876891 finishedDrawing
2026-01-28 21:19:38.110 26724-26724 SurfaceView             com.rpeters.jellyfin                 V  Layout: x=0 y=0 w=1440 h=3120, frame=Rect(0, 0 - 1440, 3120)
2026-01-28 21:19:38.110 26724-26724 VRI[VideoP...y]@633cb25 com.rpeters.jellyfin                 I  registerCallbackForPendingTransactions
2026-01-28 21:19:38.127 26724-26826 SurfaceView             com.rpeters.jellyfin                 D  58876891 updateSurfacePosition RenderWorker, frameNr = 716, position = [0, 0, 1440, 3120] surfaceSize = 1440x3120
2026-01-28 21:19:38.127 26724-26826 SV[5887689...rActivity] com.rpeters.jellyfin                 I  uSP: rtp = Rect(0, 0 - 1440, 3120) rtsw = 1440 rtsh = 3120
2026-01-28 21:19:38.127 26724-26826 SV[5887689...rActivity] com.rpeters.jellyfin                 I  onSSPAndSRT: pl = 0 pt = 0 sx = 1.0 sy = 1.0
2026-01-28 21:19:38.127 26724-26826 SV[5887689...rActivity] com.rpeters.jellyfin                 I  aOrMT: VRI[VideoPlayerActivity]@633cb25 t = android.view.SurfaceControl$Transaction@9c024c3 fN = 716 android.view.SurfaceView.-$$Nest$mapplyOrMergeTransaction:0 android.view.SurfaceView$SurfaceViewPositionUpdateListener.positionChanged:2029 android.graphics.RenderNode$CompositePositionUpdateListener.positionChanged:401
2026-01-28 21:19:38.127 26724-26826 VRI[VideoP...y]@633cb25 com.rpeters.jellyfin                 I  mWNT: t=0xb400007313d6e090 mBlastBufferQueue=0xb4000073e3d06ae0 fn= 716 HdrRenderState mRenderHdrSdrRatio=1.0 caller= android.view.SurfaceView.applyOrMergeTransaction:1960 android.view.SurfaceView.-$$Nest$mapplyOrMergeTransaction:0 android.view.SurfaceView$SurfaceViewPositionUpdateListener.positionChanged:2029
2026-01-28 21:19:38.128 26724-26836 VRI[VideoP...y]@633cb25 com.rpeters.jellyfin                 I  mWNT: t=0xb400007313d6c030 mBlastBufferQueue=0xb4000073e3d06ae0 fn= 716 HdrRenderState mRenderHdrSdrRatio=1.0 caller= android.view.ViewRootImpl$10.onFrameDraw:6611 android.view.ViewRootImpl$4.onFrameDraw:2485 android.view.ThreadedRenderer$1.onFrameDraw:751
2026-01-28 21:19:38.209 26724-26896 OkHttpClient            com.rpeters.jellyfin                 I  GET https://rpeters1428.huron.usbx.me/jellyfin/Items?userId=c1b3b2bb-8e62-45b6-a7c4-f6645be8423a&limit=1&fields=Overview&fields=Genres&fields=People&fields=MediaSources&fields=MediaStreams&fields=DateCreated&fields=Studios&fields=Tags&fields=Chapters&ids=b4a28569-a7c3-84c1-a42f-3ad5df35c269&enableTotalRecordCount=true&enableImages=true
2026-01-28 21:19:38.395 26724-26724 JellyfinRepository      com.rpeters.jellyfin                 D  getEpisodesForSeason: Fetching episodes for seasonId=4055ce5e-7909-928c-90f1-b367002c23b0
2026-01-28 21:19:38.399 26724-26896 OkHttpClient            com.rpeters.jellyfin                 I  GET https://rpeters1428.huron.usbx.me/jellyfin/Items?userId=c1b3b2bb-8e62-45b6-a7c4-f6645be8423a&sortOrder=Ascending&parentId=4055ce5e-7909-928c-90f1-b367002c23b0&fields=MediaSources&fields=DateCreated&fields=Overview&includeItemTypes=Episode&sortBy=IndexNumber&enableTotalRecordCount=true&enableImages=true
2026-01-28 21:19:38.590 26724-26896 JellyfinRepository      com.rpeters.jellyfin                 D  getEpisodesForSeason: Successfully fetched 9 episodes for seasonId=4055ce5e-7909-928c-90f1-b367002c23b0
2026-01-28 21:19:38.592 26724-26724 JellyfinRepository      com.rpeters.jellyfin                 D  Device capabilities: maxResolution=(3840, 2160), supports4K=true
2026-01-28 21:19:38.592 26724-26724 JellyfinDeviceProfile   com.rpeters.jellyfin                 D  Creating device profile with maxWidth=3840, maxHeight=2160
2026-01-28 21:19:38.592 26724-26724 JellyfinRepository      com.rpeters.jellyfin                 D  DeviceProfile created with codecProfiles: 4
2026-01-28 21:19:38.593 26724-26724 JellyfinRepository      com.rpeters.jellyfin                 D    CodecProfile[0]: type=Video, codec=h264, conditions=4
2026-01-28 21:19:38.593 26724-26724 JellyfinRepository      com.rpeters.jellyfin                 D    CodecProfile[1]: type=Video, codec=h265,hevc, conditions=4
2026-01-28 21:19:38.593 26724-26724 JellyfinRepository      com.rpeters.jellyfin                 D    CodecProfile[2]: type=Video, codec=vp9, conditions=4
2026-01-28 21:19:38.593 26724-26724 JellyfinRepository      com.rpeters.jellyfin                 D    CodecProfile[3]: type=Video, codec=av1, conditions=4
2026-01-28 21:19:38.593 26724-26724 JellyfinRepository      com.rpeters.jellyfin                 D  Network-based maxStreamingBitrate: 80Mbps
2026-01-28 21:19:38.593 26724-26724 JellyfinRepository      com.rpeters.jellyfin                 D  DeviceProfile: Jellyfin Android Client, maxStreamBitrate=400000000, maxStaticBitrate=400000000
2026-01-28 21:19:38.593 26724-26724 JellyfinRepository      com.rpeters.jellyfin                 D    TranscodingProfile[0]: codec=h265,hevc, container=mp4, protocol=http, conditions=2
2026-01-28 21:19:38.593 26724-26724 JellyfinRepository      com.rpeters.jellyfin                 D      Condition: Height LessThanEqual 2160
2026-01-28 21:19:38.593 26724-26724 JellyfinRepository      com.rpeters.jellyfin                 D      Condition: Width LessThanEqual 3840
2026-01-28 21:19:38.593 26724-26724 JellyfinRepository      com.rpeters.jellyfin                 D    TranscodingProfile[1]: codec=h264, container=mp4, protocol=hls, conditions=2
2026-01-28 21:19:38.593 26724-26724 JellyfinRepository      com.rpeters.jellyfin                 D      Condition: Height LessThanEqual 2160
2026-01-28 21:19:38.593 26724-26724 JellyfinRepository      com.rpeters.jellyfin                 D      Condition: Width LessThanEqual 3840
2026-01-28 21:19:38.593 26724-26724 JellyfinRepository      com.rpeters.jellyfin                 D    TranscodingProfile[2]: codec=, container=mp3, protocol=http, conditions=0
2026-01-28 21:19:38.594 26724-26896 OkHttpClient            com.rpeters.jellyfin                 I  POST https://rpeters1428.huron.usbx.me/jellyfin/Items/b4a28569-a7c3-84c1-a42f-3ad5df35c269/PlaybackInfo
2026-01-28 21:19:38.600 26724-26731 peters.jellyfin         com.rpeters.jellyfin                 I  Compiler allocated 4400KB to compile org.jellyfin.sdk.model.api.MediaStream org.jellyfin.sdk.model.api.MediaStream$$serializer.deserialize(kotlinx.serialization.encoding.Decoder)
2026-01-28 21:19:38.771 26724-26724 JellyfinRepository      com.rpeters.jellyfin                 D  Server response:
2026-01-28 21:19:38.771 26724-26724 JellyfinRepository      com.rpeters.jellyfin                 D    PlaySessionId: 5b4183e011ee4ff384360be59caae358
2026-01-28 21:19:38.771 26724-26724 JellyfinRepository      com.rpeters.jellyfin                 D    MediaSources: 1
2026-01-28 21:19:38.771 26724-26724 JellyfinRepository      com.rpeters.jellyfin                 D    MediaSource[0]:
2026-01-28 21:19:38.771 26724-26724 JellyfinRepository      com.rpeters.jellyfin                 D      Name: The Curse of Oak Island - S13E13 - Testing Their Metal WEBDL-1080p
2026-01-28 21:19:38.771 26724-26724 JellyfinRepository      com.rpeters.jellyfin                 D      Container: mkv
2026-01-28 21:19:38.771 26724-26724 JellyfinRepository      com.rpeters.jellyfin                 D      Size: 1769879221
2026-01-28 21:19:38.771 26724-26724 JellyfinRepository      com.rpeters.jellyfin                 D      IsRemote: false
2026-01-28 21:19:38.771 26724-26724 JellyfinRepository      com.rpeters.jellyfin                 D      Video Stream: h264, 1920x1080, bitrate=5601734
2026-01-28 21:19:38.771 26724-26724 JellyfinRepository      com.rpeters.jellyfin                 D      SupportsDirectPlay: true
2026-01-28 21:19:38.771 26724-26724 JellyfinRepository      com.rpeters.jellyfin                 D      SupportsDirectStream: true
2026-01-28 21:19:38.771 26724-26724 JellyfinRepository      com.rpeters.jellyfin                 D      SupportsTranscoding: true
2026-01-28 21:19:38.775 26724-26896 JellyfinRepository      com.rpeters.jellyfin                 D  Device capabilities: maxResolution=(3840, 2160), supports4K=true
2026-01-28 21:19:38.775 26724-26896 JellyfinDeviceProfile   com.rpeters.jellyfin                 D  Creating device profile with maxWidth=3840, maxHeight=2160
2026-01-28 21:19:38.775 26724-26896 JellyfinRepository      com.rpeters.jellyfin                 D  DeviceProfile created with codecProfiles: 4
2026-01-28 21:19:38.775 26724-26896 JellyfinRepository      com.rpeters.jellyfin                 D    CodecProfile[0]: type=Video, codec=h264, conditions=4
2026-01-28 21:19:38.775 26724-26896 JellyfinRepository      com.rpeters.jellyfin                 D    CodecProfile[1]: type=Video, codec=h265,hevc, conditions=4
2026-01-28 21:19:38.775 26724-26896 JellyfinRepository      com.rpeters.jellyfin                 D    CodecProfile[2]: type=Video, codec=vp9, conditions=4
2026-01-28 21:19:38.775 26724-26896 JellyfinRepository      com.rpeters.jellyfin                 D    CodecProfile[3]: type=Video, codec=av1, conditions=4
2026-01-28 21:19:38.776 26724-26896 JellyfinRepository      com.rpeters.jellyfin                 D  Network-based maxStreamingBitrate: 80Mbps
2026-01-28 21:19:38.776 26724-26896 JellyfinRepository      com.rpeters.jellyfin                 D  DeviceProfile: Jellyfin Android Client, maxStreamBitrate=400000000, maxStaticBitrate=400000000
2026-01-28 21:19:38.776 26724-26896 JellyfinRepository      com.rpeters.jellyfin                 D    TranscodingProfile[0]: codec=h265,hevc, container=mp4, protocol=http, conditions=2
2026-01-28 21:19:38.776 26724-26896 JellyfinRepository      com.rpeters.jellyfin                 D      Condition: Height LessThanEqual 2160
2026-01-28 21:19:38.776 26724-26896 JellyfinRepository      com.rpeters.jellyfin                 D      Condition: Width LessThanEqual 3840
2026-01-28 21:19:38.776 26724-26896 JellyfinRepository      com.rpeters.jellyfin                 D    TranscodingProfile[1]: codec=h264, container=mp4, protocol=hls, conditions=2
2026-01-28 21:19:38.776 26724-26896 JellyfinRepository      com.rpeters.jellyfin                 D      Condition: Height LessThanEqual 2160
2026-01-28 21:19:38.776 26724-26896 JellyfinRepository      com.rpeters.jellyfin                 D      Condition: Width LessThanEqual 3840
2026-01-28 21:19:38.776 26724-26896 JellyfinRepository      com.rpeters.jellyfin                 D    TranscodingProfile[2]: codec=, container=mp3, protocol=http, conditions=0
2026-01-28 21:19:38.777 26724-26896 OkHttpClient            com.rpeters.jellyfin                 I  POST https://rpeters1428.huron.usbx.me/jellyfin/Items/b4a28569-a7c3-84c1-a42f-3ad5df35c269/PlaybackInfo
2026-01-28 21:19:38.851 26724-26724 VRI[VideoP...y]@633cb25 com.rpeters.jellyfin                 I  ViewPostIme pointer 0
2026-01-28 21:19:38.953 26724-26896 JellyfinRepository      com.rpeters.jellyfin                 D  Server response:
2026-01-28 21:19:38.953 26724-26896 JellyfinRepository      com.rpeters.jellyfin                 D    PlaySessionId: 83f61fc6b5f9434f9a63622bd4cc1bf0
2026-01-28 21:19:38.953 26724-26896 JellyfinRepository      com.rpeters.jellyfin                 D    MediaSources: 1
2026-01-28 21:19:38.953 26724-26896 JellyfinRepository      com.rpeters.jellyfin                 D    MediaSource[0]:
2026-01-28 21:19:38.953 26724-26896 JellyfinRepository      com.rpeters.jellyfin                 D      Name: The Curse of Oak Island - S13E13 - Testing Their Metal WEBDL-1080p
2026-01-28 21:19:38.953 26724-26896 JellyfinRepository      com.rpeters.jellyfin                 D      Container: mkv
2026-01-28 21:19:38.953 26724-26896 JellyfinRepository      com.rpeters.jellyfin                 D      Size: 1769879221
2026-01-28 21:19:38.953 26724-26896 JellyfinRepository      com.rpeters.jellyfin                 D      IsRemote: false
2026-01-28 21:19:38.954 26724-26896 JellyfinRepository      com.rpeters.jellyfin                 D      Video Stream: h264, 1920x1080, bitrate=5601734
2026-01-28 21:19:38.954 26724-26896 JellyfinRepository      com.rpeters.jellyfin                 D      SupportsDirectPlay: true
2026-01-28 21:19:38.954 26724-26896 JellyfinRepository      com.rpeters.jellyfin                 D      SupportsDirectStream: true
2026-01-28 21:19:38.954 26724-26896 JellyfinRepository      com.rpeters.jellyfin                 D      SupportsTranscoding: true
2026-01-28 21:19:38.956 26724-26724 VideoPlayer             com.rpeters.jellyfin                 D  Direct Play: mkv (h264/aac) @ 5Mbps - Server-directed direct play
