                                                                                                    	at android.view.Choreographer.doCallbacks(Choreographer.java:1235)
                                                                                                    	at android.view.Choreographer.doFrame(Choreographer.java:1164)
                                                                                                    	at android.view.Choreographer$FrameDisplayEventReceiver.run(Choreographer.java:1613)
                                                                                                    	at android.os.Handler.handleCallback(Handler.java:1070)
                                                                                                    	at android.os.Handler.dispatchMessage(Handler.java:125)
                                                                                                    	at android.os.Looper.dispatchMessage(Looper.java:333)
                                                                                                    	at android.os.Looper.loopOnce(Looper.java:263)
                                                                                                    	at android.os.Looper.loop(Looper.java:367)
                                                                                                    	at android.app.ActivityThread.main(ActivityThread.java:9287)
                                                                                                    	at java.lang.reflect.Method.invoke(Native Method)
                                                                                                    	at com.android.internal.os.RuntimeInit$MethodAndArgsCaller.run(RuntimeInit.java:566)
                                                                                                    	at com.android.internal.os.ZygoteInit.main(ZygoteInit.java:929)
2026-02-01 20:49:49.038  8148-8160  HWUI                    com.rpeters.jellyfin                 I  Davey! duration=1000ms; Flags=1, FrameTimelineVsyncId=29037, IntendedVsync=680415435405, Vsync=680415435405, InputEventId=0, HandleInputStart=680419323026, AnimationStart=680419325586, PerformTraversalsStart=680419520683, DrawStart=681311175420, FrameDeadline=680432102071, FrameStartTime=680419306200, FrameInterval=16666666, WorkloadTarget=16666666, SyncQueued=681349235873, SyncStart=681350815969, IssueDrawCommandsStart=681350943429, SwapBuffers=681402734207, FrameCompleted=681417234166, DequeueBufferDuration=2526, QueueBufferDuration=499568, GpuCompleted=681417234166, SwapBuffersCompleted=681404905113, DisplayPresentTime=0, CommandSubmissionCompleted=681402734207,
2026-02-01 20:49:49.053  8148-8148  Choreographer           com.rpeters.jellyfin                 I  Skipped 59 frames!  The application may be doing too much work on its main thread.
2026-02-01 20:49:49.102  8148-8160  HWUI                    com.rpeters.jellyfin                 I  Davey! duration=1034ms; Flags=0, FrameTimelineVsyncId=29056, IntendedVsync=680448768737, Vsync=681432102031, InputEventId=0, HandleInputStart=681440391552, AnimationStart=681440392272, PerformTraversalsStart=681453827271, DrawStart=681454053150, FrameDeadline=681448768697, FrameStartTime=681439419871, FrameInterval=16666666, WorkloadTarget=16666666, SyncQueued=681459543431, SyncStart=681459462437, IssueDrawCommandsStart=681459556991, SwapBuffers=681460454336, FrameCompleted=681483637974, DequeueBufferDuration=2858, QueueBufferDuration=412905, GpuCompleted=681483637974, SwapBuffersCompleted=681469187380, DisplayPresentTime=0, CommandSubmissionCompleted=681460454336,
2026-02-01 20:49:49.133  8148-8148  InsetsController        com.rpeters.jellyfin                 D  hide(ime())
2026-02-01 20:49:49.133  8148-8148  ImeTracker              com.rpeters.jellyfin                 I  com.rpeters.jellyfin:182d8612: onCancelled at PHASE_CLIENT_ALREADY_HIDDEN
2026-02-01 20:49:52.673  8148-8148  InsetsController        com.rpeters.jellyfin                 D  show(ime())
2026-02-01 20:49:52.673  8148-8148  ImeTracker              com.rpeters.jellyfin                 I  com.rpeters.jellyfin:d7a950d8: onRequestShow at ORIGIN_CLIENT reason SHOW_SOFT_INPUT_BY_INSETS_API fromUser false
2026-02-01 20:49:52.676  8148-8148  InsetsController        com.rpeters.jellyfin                 D  Setting requestedVisibleTypes to 511 (was 503)
2026-02-01 20:49:52.701  8148-8148  AssistStructure         com.rpeters.jellyfin                 I  Flattened final assist data: 1016 bytes, containing 1 windows, 6 views
2026-02-01 20:49:52.731  8148-8148  ImeTracker              com.rpeters.jellyfin                 I  com.rpeters.jellyfin:f48fbd33: onRequestShow at ORIGIN_CLIENT reason SHOW_SOFT_INPUT fromUser false
2026-02-01 20:49:52.731  8148-8148  InsetsController        com.rpeters.jellyfin                 D  show(ime())
2026-02-01 20:49:52.732  8148-8148  ImeTracker              com.rpeters.jellyfin                 I  com.rpeters.jellyfin:f48fbd33: onCancelled at PHASE_CLIENT_REPORT_REQUESTED_VISIBLE_TYPES
2026-02-01 20:49:52.732  8148-8148  RemoteInpu...ectionImpl com.rpeters.jellyfin                 W  requestCursorUpdates on inactive InputConnection
2026-02-01 20:49:52.830  8148-8148  Autofill Status         com.rpeters.jellyfin                 D  Autofill popup isn't shown because autofill is not available.

                                                                                                    Did you set up autofill?
                                                                                                    1. Go to Settings > System > Languages&input > Advanced > Autofill Service
                                                                                                    2. Pick a service

                                                                                                    Did you add an account?
                                                                                                    1. Go to Settings > System > Languages&input > Advanced
                                                                                                    2. Click on the settings icon next to the Autofill Service
                                                                                                    3. Add your account
2026-02-01 20:49:52.922  8148-8246  ProfileInstaller        com.rpeters.jellyfin                 D  Installing profile for com.rpeters.jellyfin
2026-02-01 20:49:52.995  8148-8148  WindowOnBackDispatcher  com.rpeters.jellyfin                 D  setTopOnBackInvokedCallback (unwrapped): android.view.ImeBackAnimationController@445004f
2026-02-01 20:49:53.249  8148-8148  InteractionJankMonitor  com.rpeters.jellyfin                 W  Initializing without READ_DEVICE_CONFIG permission. enabled=false, interval=1, missedFrameThreshold=3, frameTimeThreshold=64, package=com.rpeters.jellyfin
2026-02-01 20:49:53.466  8148-8148  ImeTracker              com.rpeters.jellyfin                 I  com.rpeters.jellyfin:d7a950d8: onShown
2026-02-01 20:49:55.093  8148-8154  peters.jellyfin         com.rpeters.jellyfin                 W  userfaultfd: MOVE ioctl seems unsupported: Connection timed out
2026-02-01 20:49:57.180  8148-8153  peters.jellyfin         com.rpeters.jellyfin                 I  Compiler allocated 7577KB to compile void androidx.compose.foundation.text.CoreTextFieldKt.CoreTextField(androidx.compose.ui.text.input.TextFieldValue, kotlin.jvm.functions.Function1, androidx.compose.ui.Modifier, androidx.compose.ui.text.TextStyle, androidx.compose.ui.text.input.VisualTransformation, kotlin.jvm.functions.Function1, androidx.compose.foundation.interaction.MutableInteractionSource, androidx.compose.ui.graphics.Brush, boolean, int, int, androidx.compose.ui.text.input.ImeOptions, androidx.compose.foundation.text.KeyboardActions, boolean, boolean, kotlin.jvm.functions.Function3, androidx.compose.foundation.text.TextFieldScrollerPosition, androidx.compose.runtime.Composer, int, int, int)
2026-02-01 20:49:57.194  8148-8153  peters.jellyfin         com.rpeters.jellyfin                 I  Compiler allocated 7573KB to compile void androidx.compose.material3.internal.TextFieldImplKt.CommonDecorationBox(androidx.compose.material3.internal.TextFieldType, java.lang.CharSequence, kotlin.jvm.functions.Function2, androidx.compose.material3.TextFieldLabelPosition, kotlin.jvm.functions.Function3, kotlin.jvm.functions.Function2, kotlin.jvm.functions.Function2, kotlin.jvm.functions.Function2, kotlin.jvm.functions.Function2, kotlin.jvm.functions.Function2, kotlin.jvm.functions.Function2, boolean, boolean, boolean, androidx.compose.foundation.interaction.InteractionSource, androidx.compose.foundation.layout.PaddingValues, androidx.compose.material3.TextFieldColors, kotlin.jvm.functions.Function2, androidx.compose.runtime.Composer, int, int)
2026-02-01 20:49:58.753  8148-8153  peters.jellyfin         com.rpeters.jellyfin                 I  Compiler allocated 10MB to compile void com.rpeters.jellyfin.ui.screens.ServerConnectionScreenKt.ServerConnectionScreen(kotlin.jvm.functions.Function3, kotlin.jvm.functions.Function0, com.rpeters.jellyfin.ui.components.ConnectionState, java.lang.String, java.lang.String, boolean, boolean, boolean, boolean, boolean, boolean, kotlin.jvm.functions.Function1, kotlin.jvm.functions.Function0, kotlin.jvm.functions.Function0, kotlin.jvm.functions.Function0, kotlin.jvm.functions.Function0, kotlin.jvm.functions.Function1, androidx.compose.ui.Modifier, androidx.compose.runtime.Composer, int, int, int)
2026-02-01 20:50:00.361  8148-8153  peters.jellyfin         com.rpeters.jellyfin                 I  Compiler allocated 5404KB to compile boolean androidx.compose.runtime.snapshots.SnapshotStateObserver$ObservedScopeMap.recordInvalidation(java.util.Set)
2026-02-01 20:50:03.050  8148-8148  AssistStructure         com.rpeters.jellyfin                 I  Flattened final assist data: 1056 bytes, containing 1 windows, 6 views
2026-02-01 20:50:03.085  8148-8148  InsetsController        com.rpeters.jellyfin                 D  show(ime())
2026-02-01 20:50:03.085  8148-8148  ImeTracker              com.rpeters.jellyfin                 I  com.rpeters.jellyfin:65b06f38: onRequestShow at ORIGIN_CLIENT reason SHOW_SOFT_INPUT_BY_INSETS_API fromUser false
2026-02-01 20:50:03.085  8148-8148  ImeTracker              com.rpeters.jellyfin                 I  com.rpeters.jellyfin:65b06f38: onCancelled at PHASE_CLIENT_APPLY_ANIMATION
2026-02-01 20:50:03.109  8148-8148  Autofill Status         com.rpeters.jellyfin                 D  Autofill popup isn't shown because autofill is not available.

                                                                                                    Did you set up autofill?
                                                                                                    1. Go to Settings > System > Languages&input > Advanced > Autofill Service
                                                                                                    2. Pick a service

                                                                                                    Did you add an account?
                                                                                                    1. Go to Settings > System > Languages&input > Advanced
                                                                                                    2. Click on the settings icon next to the Autofill Service
                                                                                                    3. Add your account
2026-02-01 20:50:03.128  8148-8148  ImeTracker              com.rpeters.jellyfin                 I  com.rpeters.jellyfin:8cd2f35b: onRequestShow at ORIGIN_CLIENT reason SHOW_SOFT_INPUT fromUser false
2026-02-01 20:50:03.129  8148-8148  InsetsController        com.rpeters.jellyfin                 D  show(ime())
2026-02-01 20:50:03.129  8148-8148  ImeTracker              com.rpeters.jellyfin                 I  com.rpeters.jellyfin:8cd2f35b: onCancelled at PHASE_CLIENT_APPLY_ANIMATION
2026-02-01 20:50:04.997  8148-8148  AssistStructure         com.rpeters.jellyfin                 I  Flattened final assist data: 1064 bytes, containing 1 windows, 6 views
2026-02-01 20:50:05.006  8148-8148  Autofill Status         com.rpeters.jellyfin                 D  Autofill popup isn't shown because autofill is not available.

                                                                                                    Did you set up autofill?
                                                                                                    1. Go to Settings > System > Languages&input > Advanced > Autofill Service
                                                                                                    2. Pick a service

                                                                                                    Did you add an account?
                                                                                                    1. Go to Settings > System > Languages&input > Advanced
                                                                                                    2. Click on the settings icon next to the Autofill Service
                                                                                                    3. Add your account
2026-02-01 20:50:05.047  8148-8148  InsetsController        com.rpeters.jellyfin                 D  show(ime())
2026-02-01 20:50:05.047  8148-8148  ImeTracker              com.rpeters.jellyfin                 I  com.rpeters.jellyfin:3bdcff8c: onRequestShow at ORIGIN_CLIENT reason SHOW_SOFT_INPUT_BY_INSETS_API fromUser false
2026-02-01 20:50:05.047  8148-8148  ImeTracker              com.rpeters.jellyfin                 I  com.rpeters.jellyfin:3bdcff8c: onCancelled at PHASE_CLIENT_APPLY_ANIMATION
2026-02-01 20:50:05.081  8148-8148  ImeTracker              com.rpeters.jellyfin                 I  com.rpeters.jellyfin:eb821f1: onRequestShow at ORIGIN_CLIENT reason SHOW_SOFT_INPUT fromUser false
2026-02-01 20:50:05.081  8148-8148  InsetsController        com.rpeters.jellyfin                 D  show(ime())
2026-02-01 20:50:05.081  8148-8148  ImeTracker              com.rpeters.jellyfin                 I  com.rpeters.jellyfin:eb821f1: onCancelled at PHASE_CLIENT_APPLY_ANIMATION
2026-02-01 20:50:10.197  8148-8148  InsetsController        com.rpeters.jellyfin                 D  hide(ime())
2026-02-01 20:50:10.198  8148-8148  ImeTracker              com.rpeters.jellyfin                 I  com.rpeters.jellyfin:e70b788d: onRequestHide at ORIGIN_CLIENT reason HIDE_SOFT_INPUT_BY_INSETS_API fromUser false
2026-02-01 20:50:10.198  8148-8148  WindowOnBackDispatcher  com.rpeters.jellyfin                 D  setTopOnBackInvokedCallback (unwrapped): android.app.Activity$$ExternalSyntheticLambda0@ae0521
2026-02-01 20:50:10.198  8148-8148  InsetsController        com.rpeters.jellyfin                 D  Setting requestedVisibleTypes to 503 (was 511)
2026-02-01 20:50:10.341  8148-8148  InsetsController        com.rpeters.jellyfin                 D  hide(ime())
2026-02-01 20:50:10.342  8148-8148  ImeTracker              com.rpeters.jellyfin                 I  com.rpeters.jellyfin:f6087a4a: onRequestHide at ORIGIN_CLIENT reason HIDE_SOFT_INPUT_BY_INSETS_API fromUser false
2026-02-01 20:50:10.342  8148-8148  ImeTracker              com.rpeters.jellyfin                 I  com.rpeters.jellyfin:f6087a4a: onCancelled at PHASE_CLIENT_ALREADY_HIDDEN
2026-02-01 20:50:10.353  8148-8148  ImeTracker              com.rpeters.jellyfin                 I  system_server:173fbf9a: onCancelled at PHASE_CLIENT_ON_CONTROLS_CHANGED
2026-02-01 20:50:11.270  8148-8184  JellyfinAuthRepository  com.rpeters.jellyfin                 D  authenticateUser: Attempting authentication
2026-02-01 20:50:11.738  8148-8184  JellyfinAuthRepository  com.rpeters.jellyfin                 D  authenticateUser: Authentication successful
2026-02-01 20:50:11.739  8148-8184  JellyfinAuthRepository  com.rpeters.jellyfin                 D  Saving new token: [PRESENT]
2026-02-01 20:50:11.841  8148-8148  NavController           com.rpeters.jellyfin                 I  Ignoring popBackStack to route server_connection as it was not found on the current back stack
2026-02-01 20:50:11.989  8148-8148  WindowOnBackDispatcher  com.rpeters.jellyfin                 D  setTopOnBackInvokedCallback (unwrapped): androidx.navigationevent.OnBackInvokedInput$createOnBackAnimationCallback$1@f8a1f2b
2026-02-01 20:50:12.063  8148-8148  WindowExtensionsImpl    com.rpeters.jellyfin                 I  Initializing Window Extensions, vendor API level=9, activity embedding enabled=true
2026-02-01 20:50:12.209  8148-8148  HomeScreen              com.rpeters.jellyfin                 D  Waiting for server connection before loading data
2026-02-01 20:50:12.238  8148-8148  MediaController         com.rpeters.jellyfin                 I  Init eb5bee3 [AndroidXMedia3/1.9.1] [emu64xa, sdk_gphone64_x86_64, Google, 36]
2026-02-01 20:50:12.254  8148-8148  WindowLayo...ponentImpl com.rpeters.jellyfin                 D  Register WindowLayoutInfoListener on Context=com.rpeters.jellyfin.MainActivity@445c8ac, of which baseContext=android.app.ContextImpl@a6beb0c
2026-02-01 20:50:12.257  8148-8148  HomeScreen              com.rpeters.jellyfin                 D  Current server available, loading initial data for: rpeters1428
2026-02-01 20:50:12.272  8148-8148  ExoPlayerImpl           com.rpeters.jellyfin                 I  Init 8d8ec55 [AndroidXMedia3/1.9.1] [emu64xa, sdk_gphone64_x86_64, Google, 36]
2026-02-01 20:50:12.310  8148-8267  AudioSystem             com.rpeters.jellyfin                 D  onNewServiceWithAdapter: media.audio_flinger service obtained 0x7b88660c2e60
2026-02-01 20:50:12.312  8148-8267  AudioSystem             com.rpeters.jellyfin                 D  getService: IAudioFlingerService retrieved: 0x7b86d606ada0  IAudioFlinger cached: 0x7b88660c2e60
2026-02-01 20:50:12.313  8148-8148  MediaSessionImpl        com.rpeters.jellyfin                 I  Init 7cb0210 [AndroidXMedia3/1.9.1] [emu64xa, sdk_gphone64_x86_64, Google, 36]
2026-02-01 20:50:12.325  8148-8148  MediaSessionCompat      com.rpeters.jellyfin                 I  Couldn't find a unique registered media button receiver in the given context.
2026-02-01 20:50:12.351  8148-8184  OptimizedClientFactory  com.rpeters.jellyfin                 D  Creating new optimized client for: https://rpeters1428.huron.usbx.me/jellyfin (token tail: 886301)
2026-02-01 20:50:12.459  8148-8148  MediaController         com.rpeters.jellyfin                 I  Init a43365 [AndroidXMedia3/1.9.1] [emu64xa, sdk_gphone64_x86_64, Google, 36]
2026-02-01 20:50:12.460  8148-8154  peters.jellyfin         com.rpeters.jellyfin                 I  Background young concurrent mark compact GC freed 8242KB AllocSpace bytes, 4(112KB) LOS objects, 35% free, 12MB/20MB, paused 681us,1.982ms total 102.572ms
2026-02-01 20:50:12.465  8148-8148  WindowLayo...ponentImpl com.rpeters.jellyfin                 D  Register WindowLayoutInfoListener on Context=com.rpeters.jellyfin.MainActivity@445c8ac, of which baseContext=android.app.ContextImpl@a6beb0c
2026-02-01 20:50:13.552  8148-8290  HWUI                    com.rpeters.jellyfin                 W  Failed to choose config with EGL_SWAP_BEHAVIOR_PRESERVED, retrying without...
2026-02-01 20:50:13.552  8148-8290  HWUI                    com.rpeters.jellyfin                 W  Failed to initialize 101010-2 format, error = EGL_SUCCESS
2026-02-01 20:50:13.598  8148-8273  GenerativeAi            com.rpeters.jellyfin                 D  AI request [analyzeViewingHabits] using cloud (Gemini API)
2026-02-01 20:50:13.600  8148-8148  RealImageLoader         com.rpeters.jellyfin                 I   Successful (DISK) - https://rpeters1428.huron.usbx.me/jellyfin/Items/28398653-fdb8-beab-dacc-91ffa1b70c56/Images/Backdrop?tag=d3a7fbf7f40f90bd77535c07498fd498&maxHeight=400&maxWidth=800
2026-02-01 20:50:13.601  8148-8148  RealImageLoader         com.rpeters.jellyfin                 I   Successful (DISK) - https://rpeters1428.huron.usbx.me/jellyfin/Items/3eea4f61-c034-3048-b9e9-aa4fedfdffe7/Images/Backdrop?tag=3df01912ff9353fa36ce2582f07c7a12&maxHeight=400&maxWidth=800
2026-02-01 20:50:13.702  8148-8154  peters.jellyfin         com.rpeters.jellyfin                 I  Background concurrent mark compact GC freed 4505KB AllocSpace bytes, 14(404KB) LOS objects, 49% free, 14MB/28MB, paused 1.036ms,5.823ms total 101.034ms
2026-02-01 20:50:13.705  8148-8148  WindowLayo...ponentImpl com.rpeters.jellyfin                 D  Register WindowLayoutInfoListener on Context=com.rpeters.jellyfin.MainActivity@445c8ac, of which baseContext=android.app.ContextImpl@a6beb0c
2026-02-01 20:50:13.708  8148-8148  RealImageLoader         com.rpeters.jellyfin                 I   Successful (DISK) - https://rpeters1428.huron.usbx.me/jellyfin/Items/7dcba4b0-e89d-13bc-cb6e-5827d374b98d/Images/Primary?maxHeight=400&maxWidth=400
2026-02-01 20:50:13.708  8148-8148  RealImageLoader         com.rpeters.jellyfin                 I   Successful (DISK) - https://rpeters1428.huron.usbx.me/jellyfin/Items/4b0e6c1d-308c-2f2f-90a8-acca321d9f73/Images/Primary?maxHeight=400&maxWidth=400
2026-02-01 20:50:13.708  8148-8148  RealImageLoader         com.rpeters.jellyfin                 I   Successful (DISK) - https://rpeters1428.huron.usbx.me/jellyfin/Items/b4453c79-2f8c-d2d9-7d82-7202b3dff373/Images/Primary?maxHeight=400&maxWidth=400
2026-02-01 20:50:13.717  8148-8148  WindowLayo...ponentImpl com.rpeters.jellyfin                 D  Register WindowLayoutInfoListener on Context=com.rpeters.jellyfin.MainActivity@445c8ac, of which baseContext=android.app.ContextImpl@a6beb0c
2026-02-01 20:50:14.038  8148-8274  GenerativeModel         com.rpeters.jellyfin                 W  Auth not registered, skipping
2026-02-01 20:50:14.844  8148-8306  OkHttp                  com.rpeters.jellyfin                 I  --> GET https://rpeters1428.huron.usbx.me/jellyfin/Items/51978f2b-b57e-58c7-fa66-388814687b38/Images/Primary?maxHeight=400&maxWidth=400
2026-02-01 20:50:14.878  8148-8307  OkHttp                  com.rpeters.jellyfin                 I  --> GET https://rpeters1428.huron.usbx.me/jellyfin/Items/b7f875a9-2aad-25b0-d4f6-119c30004c9b/Images/Primary?maxHeight=400&maxWidth=400
2026-02-01 20:50:14.900  8148-8311  OkHttp                  com.rpeters.jellyfin                 I  --> GET https://rpeters1428.huron.usbx.me/jellyfin/Items/e8c791c3-d4a1-5faf-e74f-f77c26e021c8/Images/Primary?maxHeight=400&maxWidth=400
2026-02-01 20:50:15.076  8148-8312  OkHttp                  com.rpeters.jellyfin                 I  --> GET https://rpeters1428.huron.usbx.me/jellyfin/Items/28398653-fdb8-beab-dacc-91ffa1b70c56/Images/Primary?maxHeight=400&maxWidth=400
2026-02-01 20:50:15.124  8148-8313  OkHttp                  com.rpeters.jellyfin                 I  --> GET https://rpeters1428.huron.usbx.me/jellyfin/Items/3eea4f61-c034-3048-b9e9-aa4fedfdffe7/Images/Primary?maxHeight=400&maxWidth=400
2026-02-01 20:50:15.126  8148-8306  PinningTrustManager     com.rpeters.jellyfin                 D  Validating certificate for hostname: rpeters1428.huron.usbx.me
2026-02-01 20:50:15.126  8148-8306  peters.jellyfin         com.rpeters.jellyfin                 I  hiddenapi: Accessing hidden method Landroid/security/net/config/RootTrustManager;->checkServerTrusted([Ljava/security/cert/X509Certificate;Ljava/lang/String;Ljava/lang/String;)Ljava/util/List; (runtime_flags=0, domain=platform, api=unsupported) from Lcom/rpeters/jellyfin/data/security/PinningTrustManager; (domain=app, TargetSdkVersion=35) using reflection: allowed
2026-02-01 20:50:15.129  8148-8307  PinningTrustManager     com.rpeters.jellyfin                 D  Validating certificate for hostname: rpeters1428.huron.usbx.me
2026-02-01 20:50:15.150  8148-8311  PinningTrustManager     com.rpeters.jellyfin                 D  Validating certificate for hostname: rpeters1428.huron.usbx.me
2026-02-01 20:50:15.154  8148-8307  Certificat...ingManager com.rpeters.jellyfin                 D  Stored certificate pin for rpeters1428.huron.usbx.me (backups=1, expires=1777783815145)
2026-02-01 20:50:15.154  8148-8307  PinningTrustManager     com.rpeters.jellyfin                 D  Certificate pin validated successfully for rpeters1428.huron.usbx.me
2026-02-01 20:50:15.156  8148-8307  PinningHostnameVerifier com.rpeters.jellyfin                 D  Hostname verification for rpeters1428.huron.usbx.me: true
2026-02-01 20:50:15.160  8148-8306  Certificat...ingManager com.rpeters.jellyfin                 D  Stored certificate pin for rpeters1428.huron.usbx.me (backups=1, expires=1777783815146)
2026-02-01 20:50:15.160  8148-8306  PinningTrustManager     com.rpeters.jellyfin                 D  Certificate pin validated successfully for rpeters1428.huron.usbx.me
2026-02-01 20:50:15.161  8148-8306  PinningHostnameVerifier com.rpeters.jellyfin                 D  Hostname verification for rpeters1428.huron.usbx.me: true
2026-02-01 20:50:15.174  8148-8311  Certificat...ingManager com.rpeters.jellyfin                 D  Stored certificate pin for rpeters1428.huron.usbx.me (backups=1, expires=1777783815166)
2026-02-01 20:50:15.175  8148-8311  PinningTrustManager     com.rpeters.jellyfin                 D  Certificate pin validated successfully for rpeters1428.huron.usbx.me
2026-02-01 20:50:15.176  8148-8311  PinningHostnameVerifier com.rpeters.jellyfin                 D  Hostname verification for rpeters1428.huron.usbx.me: true
2026-02-01 20:50:15.319  8148-8312  PinningTrustManager     com.rpeters.jellyfin                 D  Validating certificate for hostname: rpeters1428.huron.usbx.me
2026-02-01 20:50:15.338  8148-8312  Certificat...ingManager com.rpeters.jellyfin                 D  Stored certificate pin for rpeters1428.huron.usbx.me (backups=1, expires=1777783815327)
2026-02-01 20:50:15.338  8148-8312  PinningTrustManager     com.rpeters.jellyfin                 D  Certificate pin validated successfully for rpeters1428.huron.usbx.me
2026-02-01 20:50:15.339  8148-8312  PinningHostnameVerifier com.rpeters.jellyfin                 D  Hostname verification for rpeters1428.huron.usbx.me: true
2026-02-01 20:50:15.373  8148-8313  PinningTrustManager     com.rpeters.jellyfin                 D  Validating certificate for hostname: rpeters1428.huron.usbx.me
2026-02-01 20:50:15.391  8148-8306  OkHttp                  com.rpeters.jellyfin                 I  <-- 200 OK https://rpeters1428.huron.usbx.me/jellyfin/Items/51978f2b-b57e-58c7-fa66-388814687b38/Images/Primary?maxHeight=400&maxWidth=400 (546ms, 130474-byte body)
2026-02-01 20:50:15.392  8148-8313  Certificat...ingManager com.rpeters.jellyfin                 D  Stored certificate pin for rpeters1428.huron.usbx.me (backups=1, expires=1777783815380)
2026-02-01 20:50:15.392  8148-8313  PinningTrustManager     com.rpeters.jellyfin                 D  Certificate pin validated successfully for rpeters1428.huron.usbx.me
2026-02-01 20:50:15.393  8148-8313  PinningHostnameVerifier com.rpeters.jellyfin                 D  Hostname verification for rpeters1428.huron.usbx.me: true
2026-02-01 20:50:15.396  8148-8307  OkHttp                  com.rpeters.jellyfin                 I  <-- 200 OK https://rpeters1428.huron.usbx.me/jellyfin/Items/b7f875a9-2aad-25b0-d4f6-119c30004c9b/Images/Primary?maxHeight=400&maxWidth=400 (517ms, 132024-byte body)
2026-02-01 20:50:15.402  8148-8314  OkHttp                  com.rpeters.jellyfin                 I  --> GET https://rpeters1428.huron.usbx.me/jellyfin/Items/8cdd17bb-faac-e38e-25dc-71f27ceb9321/Images/Primary?maxHeight=400&maxWidth=400
2026-02-01 20:50:15.416  8148-8311  OkHttp                  com.rpeters.jellyfin                 I  <-- 200 OK https://rpeters1428.huron.usbx.me/jellyfin/Items/e8c791c3-d4a1-5faf-e74f-f77c26e021c8/Images/Primary?maxHeight=400&maxWidth=400 (515ms, 182348-byte body)
2026-02-01 20:50:15.481  8148-8312  OkHttp                  com.rpeters.jellyfin                 I  <-- 200 OK https://rpeters1428.huron.usbx.me/jellyfin/Items/28398653-fdb8-beab-dacc-91ffa1b70c56/Images/Primary?maxHeight=400&maxWidth=400 (404ms, 103052-byte body)
2026-02-01 20:50:15.621  8148-8313  OkHttp                  com.rpeters.jellyfin                 I  <-- 200 OK https://rpeters1428.huron.usbx.me/jellyfin/Items/3eea4f61-c034-3048-b9e9-aa4fedfdffe7/Images/Primary?maxHeight=400&maxWidth=400 (497ms, 139278-byte body)
2026-02-01 20:50:15.652  8148-8314  PinningHostnameVerifier com.rpeters.jellyfin                 D  Hostname verification for rpeters1428.huron.usbx.me: true
2026-02-01 20:50:15.668  8148-8148  RealImageLoader         com.rpeters.jellyfin                 I   Successful (NETWORK) - https://rpeters1428.huron.usbx.me/jellyfin/Items/51978f2b-b57e-58c7-fa66-388814687b38/Images/Primary?maxHeight=400&maxWidth=400
2026-02-01 20:50:15.703  8148-8148  RealImageLoader         com.rpeters.jellyfin                 I   Successful (NETWORK) - https://rpeters1428.huron.usbx.me/jellyfin/Items/b7f875a9-2aad-25b0-d4f6-119c30004c9b/Images/Primary?maxHeight=400&maxWidth=400
2026-02-01 20:50:15.744  8148-8148  RealImageLoader         com.rpeters.jellyfin                 I   Successful (NETWORK) - https://rpeters1428.huron.usbx.me/jellyfin/Items/e8c791c3-d4a1-5faf-e74f-f77c26e021c8/Images/Primary?maxHeight=400&maxWidth=400
2026-02-01 20:50:15.770  8148-8148  RealImageLoader         com.rpeters.jellyfin                 I   Successful (NETWORK) - https://rpeters1428.huron.usbx.me/jellyfin/Items/28398653-fdb8-beab-dacc-91ffa1b70c56/Images/Primary?maxHeight=400&maxWidth=400
2026-02-01 20:50:15.885  8148-8314  OkHttp                  com.rpeters.jellyfin                 I  <-- 200 OK https://rpeters1428.huron.usbx.me/jellyfin/Items/8cdd17bb-faac-e38e-25dc-71f27ceb9321/Images/Primary?maxHeight=400&maxWidth=400 (482ms, 116680-byte body)
2026-02-01 20:50:15.938  8148-8148  RealImageLoader         com.rpeters.jellyfin                 I   Successful (NETWORK) - https://rpeters1428.huron.usbx.me/jellyfin/Items/3eea4f61-c034-3048-b9e9-aa4fedfdffe7/Images/Primary?maxHeight=400&maxWidth=400
2026-02-01 20:50:16.023  8148-8148  RealImageLoader         com.rpeters.jellyfin                 I   Successful (MEMORY_CACHE) - https://rpeters1428.huron.usbx.me/jellyfin/Items/e8c791c3-d4a1-5faf-e74f-f77c26e021c8/Images/Primary?maxHeight=400&maxWidth=400
2026-02-01 20:50:16.045  8148-8314  OkHttp                  com.rpeters.jellyfin                 I  --> GET https://rpeters1428.huron.usbx.me/jellyfin/Items/feb053cc-0a12-4d39-cb2e-202de1f2694b/Images/Primary?maxHeight=400&maxWidth=400
2026-02-01 20:50:16.062  8148-8313  OkHttp                  com.rpeters.jellyfin                 I  --> GET https://rpeters1428.huron.usbx.me/jellyfin/Items/4f42be96-730f-7905-a114-168788ac188d/Images/Primary?maxHeight=400&maxWidth=400
2026-02-01 20:50:16.178  8148-8314  OkHttp                  com.rpeters.jellyfin                 I  <-- 200 OK https://rpeters1428.huron.usbx.me/jellyfin/Items/feb053cc-0a12-4d39-cb2e-202de1f2694b/Images/Primary?maxHeight=400&maxWidth=400 (132ms, 145362-byte body)
2026-02-01 20:50:16.187  8148-8170  peters.jellyfin         com.rpeters.jellyfin                 W  Method void com.google.android.gms.tasks.zzae.onCanceled() failed lock verification and will run slower.
2026-02-01 20:50:16.187  8148-8170  peters.jellyfin         com.rpeters.jellyfin                 W  Method void com.google.android.gms.tasks.zzae.onFailure(java.lang.Exception) failed lock verification and will run slower.
2026-02-01 20:50:16.187  8148-8170  peters.jellyfin         com.rpeters.jellyfin                 W  Method void com.google.android.gms.tasks.zzae.onSuccess(java.lang.Object) failed lock verification and will run slower.
2026-02-01 20:50:16.203  8148-8313  OkHttp                  com.rpeters.jellyfin                 I  <-- 200 OK https://rpeters1428.huron.usbx.me/jellyfin/Items/4f42be96-730f-7905-a114-168788ac188d/Images/Primary?maxHeight=400&maxWidth=400 (141ms, 20402-byte body)
2026-02-01 20:50:16.219  8148-8148  RealImageLoader         com.rpeters.jellyfin                 I   Successful (NETWORK) - https://rpeters1428.huron.usbx.me/jellyfin/Items/8cdd17bb-faac-e38e-25dc-71f27ceb9321/Images/Primary?maxHeight=400&maxWidth=400
2026-02-01 20:50:16.243  8148-8148  RealImageLoader         com.rpeters.jellyfin                 I   Successful (NETWORK) - https://rpeters1428.huron.usbx.me/jellyfin/Items/4f42be96-730f-7905-a114-168788ac188d/Images/Primary?maxHeight=400&maxWidth=400
2026-02-01 20:50:16.289  8148-8313  OkHttp                  com.rpeters.jellyfin                 I  --> GET https://rpeters1428.huron.usbx.me/jellyfin/Items/18b5239e-71b1-2e66-f406-057c0a738387/Images/Primary?maxHeight=400&maxWidth=400&tag=64d944f02ecf566f2d15cfce3a3eca3f
2026-02-01 20:50:16.302  8148-8314  OkHttp                  com.rpeters.jellyfin                 I  --> GET https://rpeters1428.huron.usbx.me/jellyfin/Items/bab0243e-53b8-11cf-5036-cc4506bbb9cb/Images/Primary?maxHeight=400&maxWidth=400&tag=99ade71200cf1786c377657306f3481d
2026-02-01 20:50:16.332  8148-8148  RealImageLoader         com.rpeters.jellyfin                 I   Successful (NETWORK) - https://rpeters1428.huron.usbx.me/jellyfin/Items/feb053cc-0a12-4d39-cb2e-202de1f2694b/Images/Primary?maxHeight=400&maxWidth=400
2026-02-01 20:50:16.483  8148-8314  OkHttp                  com.rpeters.jellyfin                 I  <-- 200 OK https://rpeters1428.huron.usbx.me/jellyfin/Items/bab0243e-53b8-11cf-5036-cc4506bbb9cb/Images/Primary?maxHeight=400&maxWidth=400&tag=99ade71200cf1786c377657306f3481d (179ms, 128442-byte body)
2026-02-01 20:50:16.505  8148-8313  OkHttp                  com.rpeters.jellyfin                 I  <-- 200 OK https://rpeters1428.huron.usbx.me/jellyfin/Items/18b5239e-71b1-2e66-f406-057c0a738387/Images/Primary?maxHeight=400&maxWidth=400&tag=64d944f02ecf566f2d15cfce3a3eca3f (215ms, 118870-byte body)
2026-02-01 20:50:16.558  8148-8148  RealImageLoader         com.rpeters.jellyfin                 I   Successful (NETWORK) - https://rpeters1428.huron.usbx.me/jellyfin/Items/bab0243e-53b8-11cf-5036-cc4506bbb9cb/Images/Primary?maxHeight=400&maxWidth=400&tag=99ade71200cf1786c377657306f3481d
2026-02-01 20:50:16.578  8148-8148  RealImageLoader         com.rpeters.jellyfin                 I   Successful (NETWORK) - https://rpeters1428.huron.usbx.me/jellyfin/Items/18b5239e-71b1-2e66-f406-057c0a738387/Images/Primary?maxHeight=400&maxWidth=400&tag=64d944f02ecf566f2d15cfce3a3eca3f
2026-02-01 20:50:18.450  8148-8148  WindowLayo...ponentImpl com.rpeters.jellyfin                 D  Register WindowLayoutInfoListener on Context=com.rpeters.jellyfin.MainActivity@445c8ac, of which baseContext=android.app.ContextImpl@a6beb0c
2026-02-01 20:50:18.831  8148-8148  RealImageLoader         com.rpeters.jellyfin                 I   Successful (MEMORY_CACHE) - https://rpeters1428.huron.usbx.me/jellyfin/Items/51978f2b-b57e-58c7-fa66-388814687b38/Images/Primary?maxHeight=400&maxWidth=400
2026-02-01 20:50:18.860  8148-8148  RealImageLoader         com.rpeters.jellyfin                 I   Successful (MEMORY_CACHE) - https://rpeters1428.huron.usbx.me/jellyfin/Items/b7f875a9-2aad-25b0-d4f6-119c30004c9b/Images/Primary?maxHeight=400&maxWidth=400
2026-02-01 20:50:18.890  8148-8148  RealImageLoader         com.rpeters.jellyfin                 I   Successful (MEMORY_CACHE) - https://rpeters1428.huron.usbx.me/jellyfin/Items/e8c791c3-d4a1-5faf-e74f-f77c26e021c8/Images/Primary?maxHeight=400&maxWidth=400
2026-02-01 20:50:18.916  8148-8153  peters.jellyfin         com.rpeters.jellyfin                 I  Compiler allocated 10MB to compile kotlin.Unit com.rpeters.jellyfin.ui.components.MediaCardsKt.PosterMediaCard_yO7VmSw$lambda$4(boolean, boolean, kotlin.jvm.functions.Function1, org.jellyfin.sdk.model.api.BaseItemDto, long, com.rpeters.jellyfin.ui.utils.EnhancedPlaybackUtils, int, androidx.compose.foundation.layout.ColumnScope, androidx.compose.runtime.Composer, int)
2026-02-01 20:50:20.106  8148-8148  RealImageLoader         com.rpeters.jellyfin                 I   Successful (MEMORY_CACHE) - https://rpeters1428.huron.usbx.me/jellyfin/Items/7dcba4b0-e89d-13bc-cb6e-5827d374b98d/Images/Primary?maxHeight=400&maxWidth=400
2026-02-01 20:50:20.122  8148-8148  RealImageLoader         com.rpeters.jellyfin                 I   Successful (MEMORY_CACHE) - https://rpeters1428.huron.usbx.me/jellyfin/Items/4b0e6c1d-308c-2f2f-90a8-acca321d9f73/Images/Primary?maxHeight=400&maxWidth=400
2026-02-01 20:50:20.134  8148-8148  RealImageLoader         com.rpeters.jellyfin                 I   Successful (MEMORY_CACHE) - https://rpeters1428.huron.usbx.me/jellyfin/Items/b4453c79-2f8c-d2d9-7d82-7202b3dff373/Images/Primary?maxHeight=400&maxWidth=400
2026-02-01 20:50:20.726  8148-8148  RealImageLoader         com.rpeters.jellyfin                 I   Successful (MEMORY_CACHE) - https://rpeters1428.huron.usbx.me/jellyfin/Items/28398653-fdb8-beab-dacc-91ffa1b70c56/Images/Backdrop?tag=d3a7fbf7f40f90bd77535c07498fd498&maxHeight=400&maxWidth=800
2026-02-01 20:50:20.736  8148-8148  RealImageLoader         com.rpeters.jellyfin                 I   Successful (MEMORY_CACHE) - https://rpeters1428.huron.usbx.me/jellyfin/Items/3eea4f61-c034-3048-b9e9-aa4fedfdffe7/Images/Backdrop?tag=3df01912ff9353fa36ce2582f07c7a12&maxHeight=400&maxWidth=800
2026-02-01 20:50:25.371  8148-8148  WindowOnBackDispatcher  com.rpeters.jellyfin                 D  setTopOnBackInvokedCallback (unwrapped): android.app.Activity$$ExternalSyntheticLambda0@ae0521
2026-02-01 20:50:25.405  8148-8148  WindowOnBackDispatcher  com.rpeters.jellyfin                 D  setTopOnBackInvokedCallback (unwrapped): androidx.navigationevent.OnBackInvokedInput$createOnBackAnimationCallback$1@f8a1f2b
2026-02-01 20:50:25.494  8148-8148  TVShowsScreen           com.rpeters.jellyfin                 D  Libraries not yet loaded, waiting...
2026-02-01 20:50:25.494  8148-8148  TVShowsScreen           com.rpeters.jellyfin                 D  Libraries empty on composition, ensuring libraries are loaded
2026-02-01 20:50:25.495  8148-8148  TVShowsScreen           com.rpeters.jellyfin                 D  State: tvShows=0, isLoading=false, libraries=0
2026-02-01 20:50:25.776  8148-8148  ApiParameterValidator   com.rpeters.jellyfin                 D  Validated params: parentId=a656b907-eb3a-7353-2e40-e44b968d0225, itemTypes=Series, collectionType=tvshows, startIndex=0, limit=100
2026-02-01 20:50:25.836  8148-8148  TVShowsScreen           com.rpeters.jellyfin                 D  Libraries loaded: 4, triggering TV show data load
2026-02-01 20:50:25.836  8148-8148  TVShowsScreen           com.rpeters.jellyfin                 D  State: tvShows=0, isLoading=true, libraries=4
2026-02-01 20:50:25.846  8148-8148  ApiParameterValidator   com.rpeters.jellyfin                 D  Validated params: parentId=a656b907-eb3a-7353-2e40-e44b968d0225, itemTypes=Series, collectionType=tvshows, startIndex=0, limit=100
2026-02-01 20:50:25.866  8148-8153  peters.jellyfin         com.rpeters.jellyfin                 I  Compiler allocated 7048KB to compile java.lang.Object org.jellyfin.sdk.api.operations.ItemsApi.getItems(java.util.UUID, java.lang.String, java.lang.Boolean, java.lang.Boolean, java.lang.Boolean, java.lang.Boolean, java.lang.Boolean, java.util.UUID, java.lang.Integer, java.lang.Integer, java.lang.Boolean, java.lang.Boolean, java.lang.Boolean, java.util.Collection, java.util.Collection, java.lang.Boolean, java.lang.Boolean, java.lang.Double, java.lang.Double, java.time.LocalDateTime, java.time.LocalDateTime, java.time.LocalDateTime, java.time.LocalDateTime, java.lang.Boolean, java.lang.Boolean, java.lang.Boolean, java.lang.Boolean, java.lang.Boolean, java.lang.Boolean, java.lang.Boolean, java.lang.Boolean, java.lang.Boolean, java.util.Collection, java.lang.Integer, java.lang.Integer, java.lang.Boolean, java.lang.String, java.util.Collection, java.util.UUID, java.util.Collection, java.util.Collection, java.util.Collection, java.util.Collection, java.lang.Boolean, java.util.Collection, java.util.Collection, java.util.Collection, java.lang.Boolean, java.util.Collection, java.util.Collection, java.util.Collection, java.util.Collection, java.lang.Boolean, java.lang.Integer, java.util.Collection, java.lang.String, java.util.Collection, java.util.Collection, java.util.Collection, java.util.Collection, java.util.Collection, java.util.Collection, java.util.Collection, java.util.Collection, java.util.Collection, java.util.Collection, java.util.Collection, java.util.Collection, java.lang.String, java.lang.Boolean, java.lang.Boolean, java.lang.Boolean, java.lang.Boolean, java.lang.Integer, java.lang.Integer, java.lang.Integer, java.lang.Integer, java.lang.Boolean, java.util.Collection, java.lang.String, java.lang.String, java.lang.String, java.util.Collection, java.util.Collection, java.lang.Boolean, java.lang.Boolean, kotlin.coroutines.Continuation)
2026-02-01 20:50:26.729  8148-8313  OkHttp                  com.rpeters.jellyfin                 I  --> GET https://rpeters1428.huron.usbx.me/jellyfin/Items/2557c8dc-17ad-7605-d622-b2ee02aa1781/Images/Backdrop?tag=f92d0829cc09c0744dc474d571513362&maxHeight=400&maxWidth=800
2026-02-01 20:50:26.742  8148-8314  OkHttp                  com.rpeters.jellyfin                 I  --> GET https://rpeters1428.huron.usbx.me/jellyfin/Items/b7f875a9-2aad-25b0-d4f6-119c30004c9b/Images/Backdrop?tag=d07624fef2771a7d5a2409caa9950178&maxHeight=400&maxWidth=800
2026-02-01 20:50:26.764  8148-8312  OkHttp                  com.rpeters.jellyfin                 I  --> GET https://rpeters1428.huron.usbx.me/jellyfin/Items/31f9be4e-8429-909a-9c35-60d204efb097/Images/Primary?maxHeight=400&maxWidth=400
2026-02-01 20:50:26.785  8148-8311  OkHttp                  com.rpeters.jellyfin                 I  --> GET https://rpeters1428.huron.usbx.me/jellyfin/Items/d2dc6bd7-bdfd-f9ed-9b17-203de79d7287/Images/Primary?maxHeight=400&maxWidth=400
2026-02-01 20:50:26.819  8148-8307  OkHttp                  com.rpeters.jellyfin                 I  --> GET https://rpeters1428.huron.usbx.me/jellyfin/Items/e04fdf1c-fd9c-d3fa-8ee7-a38fabeca3e9/Images/Primary?maxHeight=400&maxWidth=400
2026-02-01 20:50:26.891  8148-8148  TVShowsScreen           com.rpeters.jellyfin                 D  State: tvShows=100, isLoading=false, libraries=4
2026-02-01 20:50:26.906  8148-8313  OkHttp                  com.rpeters.jellyfin                 I  <-- 200 OK https://rpeters1428.huron.usbx.me/jellyfin/Items/2557c8dc-17ad-7605-d622-b2ee02aa1781/Images/Backdrop?tag=f92d0829cc09c0744dc474d571513362&maxHeight=400&maxWidth=800 (176ms, 373866-byte body)
2026-02-01 20:50:26.914  8148-8306  OkHttp                  com.rpeters.jellyfin                 I  --> GET https://rpeters1428.huron.usbx.me/jellyfin/Items/c57879d1-ad4a-dd2d-66d9-6020ec2c2c75/Images/Primary?maxHeight=400&maxWidth=400
2026-02-01 20:50:26.925  8148-8314  OkHttp                  com.rpeters.jellyfin                 I  <-- 200 OK https://rpeters1428.huron.usbx.me/jellyfin/Items/b7f875a9-2aad-25b0-d4f6-119c30004c9b/Images/Backdrop?tag=d07624fef2771a7d5a2409caa9950178&maxHeight=400&maxWidth=800 (182ms, 340668-byte body)
2026-02-01 20:50:26.941  8148-8312  OkHttp                  com.rpeters.jellyfin                 I  <-- 200 OK https://rpeters1428.huron.usbx.me/jellyfin/Items/31f9be4e-8429-909a-9c35-60d204efb097/Images/Primary?maxHeight=400&maxWidth=400 (177ms, 119026-byte body)
2026-02-01 20:50:26.965  8148-8311  OkHttp                  com.rpeters.jellyfin                 I  <-- 200 OK https://rpeters1428.huron.usbx.me/jellyfin/Items/d2dc6bd7-bdfd-f9ed-9b17-203de79d7287/Images/Primary?maxHeight=400&maxWidth=400 (179ms, 142054-byte body)
2026-02-01 20:50:26.971  8148-8307  OkHttp                  com.rpeters.jellyfin                 I  <-- 200 OK https://rpeters1428.huron.usbx.me/jellyfin/Items/e04fdf1c-fd9c-d3fa-8ee7-a38fabeca3e9/Images/Primary?maxHeight=400&maxWidth=400 (151ms, 204950-byte body)
2026-02-01 20:50:27.163  8148-8148  MainThreadMonitor       com.rpeters.jellyfin                 W  Main thread delayed by 37ms - frame drops possible
2026-02-01 20:50:27.164  8148-8148  RealImageLoader         com.rpeters.jellyfin                 I   Successful (NETWORK) - https://rpeters1428.huron.usbx.me/jellyfin/Items/b7f875a9-2aad-25b0-d4f6-119c30004c9b/Images/Backdrop?tag=d07624fef2771a7d5a2409caa9950178&maxHeight=400&maxWidth=800
2026-02-01 20:50:27.164  8148-8148  RealImageLoader         com.rpeters.jellyfin                 I   Successful (NETWORK) - https://rpeters1428.huron.usbx.me/jellyfin/Items/2557c8dc-17ad-7605-d622-b2ee02aa1781/Images/Backdrop?tag=f92d0829cc09c0744dc474d571513362&maxHeight=400&maxWidth=800
2026-02-01 20:50:27.249  8148-8148  RealImageLoader         com.rpeters.jellyfin                 I   Successful (NETWORK) - https://rpeters1428.huron.usbx.me/jellyfin/Items/d2dc6bd7-bdfd-f9ed-9b17-203de79d7287/Images/Primary?maxHeight=400&maxWidth=400
2026-02-01 20:50:27.250  8148-8306  PinningHostnameVerifier com.rpeters.jellyfin                 D  Hostname verification for rpeters1428.huron.usbx.me: true
2026-02-01 20:50:27.251  8148-8148  RealImageLoader         com.rpeters.jellyfin                 I   Successful (NETWORK) - https://rpeters1428.huron.usbx.me/jellyfin/Items/31f9be4e-8429-909a-9c35-60d204efb097/Images/Primary?maxHeight=400&maxWidth=400
2026-02-01 20:50:27.251  8148-8148  RealImageLoader         com.rpeters.jellyfin                 I   Successful (NETWORK) - https://rpeters1428.huron.usbx.me/jellyfin/Items/e04fdf1c-fd9c-d3fa-8ee7-a38fabeca3e9/Images/Primary?maxHeight=400&maxWidth=400
2026-02-01 20:50:27.520  8148-8306  OkHttp                  com.rpeters.jellyfin                 I  <-- 200 OK https://rpeters1428.huron.usbx.me/jellyfin/Items/c57879d1-ad4a-dd2d-66d9-6020ec2c2c75/Images/Primary?maxHeight=400&maxWidth=400 (606ms, 169198-byte body)
2026-02-01 20:50:27.896  8148-8148  RealImageLoader         com.rpeters.jellyfin                 I   Successful (NETWORK) - https://rpeters1428.huron.usbx.me/jellyfin/Items/c57879d1-ad4a-dd2d-66d9-6020ec2c2c75/Images/Primary?maxHeight=400&maxWidth=400
2026-02-01 20:50:28.864  8148-8148  RealImageLoader         com.rpeters.jellyfin                 I   Successful (DISK) - https://rpeters1428.huron.usbx.me/jellyfin/Items/51978f2b-b57e-58c7-fa66-388814687b38/Images/Primary?maxHeight=400&maxWidth=400
2026-02-01 20:50:28.893  8148-8306  OkHttp                  com.rpeters.jellyfin                 I  --> GET https://rpeters1428.huron.usbx.me/jellyfin/Items/3b444b85-def0-27a8-f929-c5108f8eadc2/Images/Primary?maxHeight=400&maxWidth=400
2026-02-01 20:50:28.942  8148-8307  OkHttp                  com.rpeters.jellyfin                 I  --> GET https://rpeters1428.huron.usbx.me/jellyfin/Items/34304750-3d1d-a008-f90c-5412c804b58b/Images/Primary?maxHeight=400&maxWidth=400
2026-02-01 20:50:29.008  8148-8311  OkHttp                  com.rpeters.jellyfin                 I  --> GET https://rpeters1428.huron.usbx.me/jellyfin/Items/94e06d65-4626-7027-7fc2-565250784842/Images/Primary?maxHeight=400&maxWidth=400
2026-02-01 20:50:29.076  8148-8306  OkHttp                  com.rpeters.jellyfin                 I  <-- 200 OK https://rpeters1428.huron.usbx.me/jellyfin/Items/3b444b85-def0-27a8-f929-c5108f8eadc2/Images/Primary?maxHeight=400&maxWidth=400 (182ms, 120818-byte body)
2026-02-01 20:50:29.117  8148-8307  OkHttp                  com.rpeters.jellyfin                 I  <-- 200 OK https://rpeters1428.huron.usbx.me/jellyfin/Items/34304750-3d1d-a008-f90c-5412c804b58b/Images/Primary?maxHeight=400&maxWidth=400 (174ms, 163806-byte body)
2026-02-01 20:50:29.152  8148-8148  RealImageLoader         com.rpeters.jellyfin                 I   Successful (NETWORK) - https://rpeters1428.huron.usbx.me/jellyfin/Items/3b444b85-def0-27a8-f929-c5108f8eadc2/Images/Primary?maxHeight=400&maxWidth=400
2026-02-01 20:50:29.184  8148-8311  OkHttp                  com.rpeters.jellyfin                 I  <-- 200 OK https://rpeters1428.huron.usbx.me/jellyfin/Items/94e06d65-4626-7027-7fc2-565250784842/Images/Primary?maxHeight=400&maxWidth=400 (175ms, 159404-byte body)
2026-02-01 20:50:29.195  8148-8148  RealImageLoader         com.rpeters.jellyfin                 I   Successful (NETWORK) - https://rpeters1428.huron.usbx.me/jellyfin/Items/34304750-3d1d-a008-f90c-5412c804b58b/Images/Primary?maxHeight=400&maxWidth=400
2026-02-01 20:50:29.338  8148-8148  RealImageLoader         com.rpeters.jellyfin                 I   Successful (NETWORK) - https://rpeters1428.huron.usbx.me/jellyfin/Items/94e06d65-4626-7027-7fc2-565250784842/Images/Primary?maxHeight=400&maxWidth=400
2026-02-01 20:50:30.968  8148-8311  OkHttp                  com.rpeters.jellyfin                 I  --> GET https://rpeters1428.huron.usbx.me/jellyfin/Items/c57879d1-ad4a-dd2d-66d9-6020ec2c2c75/Images/Backdrop?tag=c4ac97b5766426e8a19c5ddef0bc174f&maxHeight=400&maxWidth=800
2026-02-01 20:50:30.970  8148-8307  OkHttp                  com.rpeters.jellyfin                 I  --> GET https://rpeters1428.huron.usbx.me/jellyfin/Items/c57879d1-ad4a-dd2d-66d9-6020ec2c2c75/Images/Logo?tag=24b6636ac3cf4841adcaac0daf3ff9b7
2026-02-01 20:50:30.997  8148-8306  OkHttp                  com.rpeters.jellyfin                 I  --> GET https://rpeters1428.huron.usbx.me/jellyfin/Items/e53ab581-0dfa-8675-d163-da599584859c/Images/Primary?maxHeight=400&maxWidth=400
2026-02-01 20:50:31.142  8148-8311  OkHttp                  com.rpeters.jellyfin                 I  <-- 200 OK https://rpeters1428.huron.usbx.me/jellyfin/Items/c57879d1-ad4a-dd2d-66d9-6020ec2c2c75/Images/Backdrop?tag=c4ac97b5766426e8a19c5ddef0bc174f&maxHeight=400&maxWidth=800 (173ms, 311050-byte body)
