2026-02-04 20:30:30.436 23447-23509 VRI[MainAc...y]@4abd18f com.rpeters.jellyfin                 I  mWNT: t=0xb400007313d59f20 mBlastBufferQueue=0xb4000073e3d51300 fn= 327 HdrRenderState mRenderHdrSdrRatio=1.0 caller= android.view.SyncRtSurfaceTransactionApplier.applyTransaction:102 android.view.SyncRtSurfaceTransactionApplier.lambda$scheduleApply$0:75 android.view.SyncRtSurfaceTransactionApplier.$r8$lambda$afI4fXg3U3-nBZQEDQMiNy-B06s:0
2026-02-04 20:30:30.438 23447-23447 InsetsController        com.rpeters.jellyfin                 I  onStateChanged: host=com.rpeters.jellyfin/com.rpeters.jellyfin.MainActivity, from=android.view.ViewRootImpl.onInsetsStateChanged:3038, state=InsetsState: {mDisplayFrame=Rect(0, 0 - 1440, 3120), mDisplayCutout=DisplayCutout{insets=Rect(0, 128 - 0, 0) waterfall=Insets{left=0, top=0, right=0, bottom=0} boundingRect={Bounds=[Rect(0, 0 - 0, 0), Rect(685, 0 - 755, 128), Rect(0, 0 - 0, 0), Rect(0, 0 - 0, 0)]} cutoutPathParserInfo={CutoutPathParserInfo{displayWidth=1440 displayHeight=3120 physicalDisplayWidth=1440 physicalDisplayHeight=3120 density={3.75} cutoutSpec={M 0,0 H -9.333333333333333 V 34.13333333333333 H 9.333333333333333 V 0 H 0 Z @dp} rotation={0} scale={1.0} physicalPixelDisplaySizeRatio={1.0}}} sideOverrides={}}, mRoundedCorners=RoundedCorners{[RoundedCorner{position=TopLeft, radius=56, center=Point(56, 56)}, RoundedCorner{position=TopRight, radius=56, center=Point(1384, 56)}, RoundedCorner{position=BottomRight, radius=56, center=Point(1384, 3064)}, RoundedCorner{position=BottomLeft, radius=56, center=Point(56, 3064)}]}  mRoundedCornerFrame=Rect(0, 0 - 1440, 3120), mPrivacyIndicatorBounds=PrivacyIndicatorBounds {static bounds=Rect(1275, 0 - 1440, 128) rotation=0}, mDisplayShape=DisplayShape{ spec=-311912193 displayWidth=1440 displayHeight=3120 physicalPixelDisplaySizeRatio=1.0 rotation=0 offsetX=0 offsetY=0 scale=1.0}, mSources= { InsetsSource: {91450001 mType=navigationBars mFrame=[0,3064][1440,3120] mAttachedInsets=null mVisible=true mFlags=SUPPRESS_SCRIM mSideHint=BOTTOM mBoundingRects=null}, InsetsSource: {91450004 mType=systemGestures mFrame=[0,0][112,3120] mAttachedInsets=null mVisible=true mFlags= mSideHint=LEFT mBoundingRects=null}, InsetsSource: {91450005 mType=mandatorySystemGestures mFrame=[0,3000][1440,3120] mAttachedInsets=null mVisible=true mFlags= mSideHint=BOTTOM mBoundingRects=null}, InsetsSource: {91450006 mType=tappableElement mFrame=[0,0][0,0] mAttachedInsets=null mVisible=true mFlags= mSideHint=NONE mBoundingRects=null}, InsetsSource: {91450024 mType=systemGestures mFrame=[1328,0][1440,3120] mAttachedInsets=null mVisible=true mFlags= mSideHint=RIGHT mBoundingRects=null}, InsetsSource: {9c550000 mType=statusBars mFrame=[0,0][1440,128] mAttachedInsets=null mVisible=true mFlags= mSideHint=TOP mBoundingRects=null}, InsetsSource: {9c550005 mType=mandatorySystemGestures mFrame=[0,0][1440,173] mAttachedInsets=null mVisible=true mFlags= mSideHint=TOP mBoundingRects=null}, InsetsSource: {9c550006 mType=tappableElement mFrame=[0,0][1440,128] mAttachedInsets=null mVisible=true mFlags= mSideHint=TOP mBoundingRects=null}, InsetsSource: {3 mType=ime mFrame=[0,1892][1440,3120] mAttachedInsets=null mVisible=false mFlags= mSideHint=BOTTOM mBoundingRects=null}, InsetsSource: {27 mType=displayCutout mFrame=[0,0][1440,128] mAttachedInsets=null mVisible=true mFlags= mSideHint=TOP mBoundingRects=null} }
2026-02-04 20:30:30.438 23447-23447 VRI[MainAc...y]@4abd18f com.rpeters.jellyfin                 I  handleResized, frames=ClientWindowFrames{frame=[0,0][1440,3120] display=[0,0][1440,3120] parentFrame=[0,0][0,0]} displayId=0 dragResizing=false compatScale=1.0 frameChanged=false attachedFrameChanged=false configChanged=false displayChanged=false compatScaleChanged=false dragResizingChanged=false
2026-02-04 20:30:30.446 23447-23510 VRI[MainAc...y]@4abd18f com.rpeters.jellyfin                 I  mWNT: t=0xb400007313d5b640 mBlastBufferQueue=0xb4000073e3d51300 fn= 328 HdrRenderState mRenderHdrSdrRatio=1.0 caller= android.view.SyncRtSurfaceTransactionApplier.applyTransaction:102 android.view.SyncRtSurfaceTransactionApplier.lambda$scheduleApply$0:75 android.view.SyncRtSurfaceTransactionApplier.$r8$lambda$afI4fXg3U3-nBZQEDQMiNy-B06s:0
2026-02-04 20:30:30.454 23447-23509 VRI[MainAc...y]@4abd18f com.rpeters.jellyfin                 I  mWNT: t=0xb400007313d5ad00 mBlastBufferQueue=0xb4000073e3d51300 fn= 329 HdrRenderState mRenderHdrSdrRatio=1.0 caller= android.view.SyncRtSurfaceTransactionApplier.applyTransaction:102 android.view.SyncRtSurfaceTransactionApplier.lambda$scheduleApply$0:75 android.view.SyncRtSurfaceTransactionApplier.$r8$lambda$afI4fXg3U3-nBZQEDQMiNy-B06s:0
2026-02-04 20:30:30.454 23447-23447 InsetsController        com.rpeters.jellyfin                 I  onStateChanged: host=com.rpeters.jellyfin/com.rpeters.jellyfin.MainActivity, from=android.view.ViewRootImpl.onInsetsStateChanged:3038, state=InsetsState: {mDisplayFrame=Rect(0, 0 - 1440, 3120), mDisplayCutout=DisplayCutout{insets=Rect(0, 128 - 0, 0) waterfall=Insets{left=0, top=0, right=0, bottom=0} boundingRect={Bounds=[Rect(0, 0 - 0, 0), Rect(685, 0 - 755, 128), Rect(0, 0 - 0, 0), Rect(0, 0 - 0, 0)]} cutoutPathParserInfo={CutoutPathParserInfo{displayWidth=1440 displayHeight=3120 physicalDisplayWidth=1440 physicalDisplayHeight=3120 density={3.75} cutoutSpec={M 0,0 H -9.333333333333333 V 34.13333333333333 H 9.333333333333333 V 0 H 0 Z @dp} rotation={0} scale={1.0} physicalPixelDisplaySizeRatio={1.0}}} sideOverrides={}}, mRoundedCorners=RoundedCorners{[RoundedCorner{position=TopLeft, radius=56, center=Point(56, 56)}, RoundedCorner{position=TopRight, radius=56, center=Point(1384, 56)}, RoundedCorner{position=BottomRight, radius=56, center=Point(1384, 3064)}, RoundedCorner{position=BottomLeft, radius=56, center=Point(56, 3064)}]}  mRoundedCornerFrame=Rect(0, 0 - 1440, 3120), mPrivacyIndicatorBounds=PrivacyIndicatorBounds {static bounds=Rect(1275, 0 - 1440, 128) rotation=0}, mDisplayShape=DisplayShape{ spec=-311912193 displayWidth=1440 displayHeight=3120 physicalPixelDisplaySizeRatio=1.0 rotation=0 offsetX=0 offsetY=0 scale=1.0}, mSources= { InsetsSource: {91450001 mType=navigationBars mFrame=[0,3064][1440,3120] mAttachedInsets=null mVisible=true mFlags=SUPPRESS_SCRIM mSideHint=BOTTOM mBoundingRects=null}, InsetsSource: {91450004 mType=systemGestures mFrame=[0,0][112,3120] mAttachedInsets=null mVisible=true mFlags= mSideHint=LEFT mBoundingRects=null}, InsetsSource: {91450005 mType=mandatorySystemGestures mFrame=[0,3000][1440,3120] mAttachedInsets=null mVisible=true mFlags= mSideHint=BOTTOM mBoundingRects=null}, InsetsSource: {91450006 mType=tappableElement mFrame=[0,0][0,0] mAttachedInsets=null mVisible=true mFlags= mSideHint=NONE mBoundingRects=null}, InsetsSource: {91450024 mType=systemGestures mFrame=[1328,0][1440,3120] mAttachedInsets=null mVisible=true mFlags= mSideHint=RIGHT mBoundingRects=null}, InsetsSource: {9c550000 mType=statusBars mFrame=[0,0][1440,128] mAttachedInsets=null mVisible=true mFlags= mSideHint=TOP mBoundingRects=null}, InsetsSource: {9c550005 mType=mandatorySystemGestures mFrame=[0,0][1440,173] mAttachedInsets=null mVisible=true mFlags= mSideHint=TOP mBoundingRects=null}, InsetsSource: {9c550006 mType=tappableElement mFrame=[0,0][1440,128] mAttachedInsets=null mVisible=true mFlags= mSideHint=TOP mBoundingRects=null}, InsetsSource: {3 mType=ime mFrame=[0,1892][1440,3120] mAttachedInsets=null mVisible=false mFlags= mSideHint=BOTTOM mBoundingRects=null}, InsetsSource: {27 mType=displayCutout mFrame=[0,0][1440,128] mAttachedInsets=null mVisible=true mFlags= mSideHint=TOP mBoundingRects=null} }
2026-02-04 20:30:30.454 23447-23447 ImeTracker              com.rpeters.jellyfin                 I  system_server:141e4731: onCancelled at PHASE_CLIENT_ON_CONTROLS_CHANGED
2026-02-04 20:30:30.461 23447-23510 VRI[MainAc...y]@4abd18f com.rpeters.jellyfin                 I  mWNT: t=0xb400007313d6b4a0 mBlastBufferQueue=0xb4000073e3d51300 fn= 330 HdrRenderState mRenderHdrSdrRatio=1.0 caller= android.view.SyncRtSurfaceTransactionApplier.applyTransaction:102 android.view.SyncRtSurfaceTransactionApplier.lambda$scheduleApply$0:75 android.view.SyncRtSurfaceTransactionApplier.$r8$lambda$afI4fXg3U3-nBZQEDQMiNy-B06s:0
2026-02-04 20:30:30.470 23447-23509 VRI[MainAc...y]@4abd18f com.rpeters.jellyfin                 I  mWNT: t=0xb400007313d818c0 mBlastBufferQueue=0xb4000073e3d51300 fn= 331 HdrRenderState mRenderHdrSdrRatio=1.0 caller= android.view.SyncRtSurfaceTransactionApplier.applyTransaction:102 android.view.SyncRtSurfaceTransactionApplier.lambda$scheduleApply$0:75 android.view.SyncRtSurfaceTransactionApplier.$r8$lambda$afI4fXg3U3-nBZQEDQMiNy-B06s:0
2026-02-04 20:30:30.480 23447-23510 VRI[MainAc...y]@4abd18f com.rpeters.jellyfin                 I  mWNT: t=0xb400007313d77930 mBlastBufferQueue=0xb4000073e3d51300 fn= 332 HdrRenderState mRenderHdrSdrRatio=1.0 caller= android.view.SyncRtSurfaceTransactionApplier.applyTransaction:102 android.view.SyncRtSurfaceTransactionApplier.lambda$scheduleApply$0:75 android.view.SyncRtSurfaceTransactionApplier.$r8$lambda$afI4fXg3U3-nBZQEDQMiNy-B06s:0
2026-02-04 20:30:30.488 23447-23509 VRI[MainAc...y]@4abd18f com.rpeters.jellyfin                 I  mWNT: t=0xb400007313d78270 mBlastBufferQueue=0xb4000073e3d51300 fn= 333 HdrRenderState mRenderHdrSdrRatio=1.0 caller= android.view.SyncRtSurfaceTransactionApplier.applyTransaction:102 android.view.SyncRtSurfaceTransactionApplier.lambda$scheduleApply$0:75 android.view.SyncRtSurfaceTransactionApplier.$r8$lambda$afI4fXg3U3-nBZQEDQMiNy-B06s:0
2026-02-04 20:30:30.496 23447-23510 VRI[MainAc...y]@4abd18f com.rpeters.jellyfin                 I  mWNT: t=0xb400007313d7cec0 mBlastBufferQueue=0xb4000073e3d51300 fn= 334 HdrRenderState mRenderHdrSdrRatio=1.0 caller= android.view.SyncRtSurfaceTransactionApplier.applyTransaction:102 android.view.SyncRtSurfaceTransactionApplier.lambda$scheduleApply$0:75 android.view.SyncRtSurfaceTransactionApplier.$r8$lambda$afI4fXg3U3-nBZQEDQMiNy-B06s:0
2026-02-04 20:30:30.504 23447-23509 VRI[MainAc...y]@4abd18f com.rpeters.jellyfin                 I  mWNT: t=0xb400007313d7bc40 mBlastBufferQueue=0xb4000073e3d51300 fn= 335 HdrRenderState mRenderHdrSdrRatio=1.0 caller= android.view.SyncRtSurfaceTransactionApplier.applyTransaction:102 android.view.SyncRtSurfaceTransactionApplier.lambda$scheduleApply$0:75 android.view.SyncRtSurfaceTransactionApplier.$r8$lambda$afI4fXg3U3-nBZQEDQMiNy-B06s:0
2026-02-04 20:30:30.513 23447-23510 VRI[MainAc...y]@4abd18f com.rpeters.jellyfin                 I  mWNT: t=0xb400007313d84260 mBlastBufferQueue=0xb4000073e3d51300 fn= 336 HdrRenderState mRenderHdrSdrRatio=1.0 caller= android.view.SyncRtSurfaceTransactionApplier.applyTransaction:102 android.view.SyncRtSurfaceTransactionApplier.lambda$scheduleApply$0:75 android.view.SyncRtSurfaceTransactionApplier.$r8$lambda$afI4fXg3U3-nBZQEDQMiNy-B06s:0
2026-02-04 20:30:30.523 23447-23509 VRI[MainAc...y]@4abd18f com.rpeters.jellyfin                 I  mWNT: t=0xb400007313d93090 mBlastBufferQueue=0xb4000073e3d51300 fn= 337 HdrRenderState mRenderHdrSdrRatio=1.0 caller= android.view.SyncRtSurfaceTransactionApplier.applyTransaction:102 android.view.SyncRtSurfaceTransactionApplier.lambda$scheduleApply$0:75 android.view.SyncRtSurfaceTransactionApplier.$r8$lambda$afI4fXg3U3-nBZQEDQMiNy-B06s:0
2026-02-04 20:30:30.529 23447-23510 VRI[MainAc...y]@4abd18f com.rpeters.jellyfin                 I  mWNT: t=0xb400007313d0f140 mBlastBufferQueue=0xb4000073e3d51300 fn= 338 HdrRenderState mRenderHdrSdrRatio=1.0 caller= android.view.SyncRtSurfaceTransactionApplier.applyTransaction:102 android.view.SyncRtSurfaceTransactionApplier.lambda$scheduleApply$0:75 android.view.SyncRtSurfaceTransactionApplier.$r8$lambda$afI4fXg3U3-nBZQEDQMiNy-B06s:0
2026-02-04 20:30:30.537 23447-23509 VRI[MainAc...y]@4abd18f com.rpeters.jellyfin                 I  mWNT: t=0xb400007313d6cbc0 mBlastBufferQueue=0xb4000073e3d51300 fn= 339 HdrRenderState mRenderHdrSdrRatio=1.0 caller= android.view.SyncRtSurfaceTransactionApplier.applyTransaction:102 android.view.SyncRtSurfaceTransactionApplier.lambda$scheduleApply$0:75 android.view.SyncRtSurfaceTransactionApplier.$r8$lambda$afI4fXg3U3-nBZQEDQMiNy-B06s:0
2026-02-04 20:30:30.545 23447-23510 VRI[MainAc...y]@4abd18f com.rpeters.jellyfin                 I  mWNT: t=0xb400007313d6ec20 mBlastBufferQueue=0xb4000073e3d51300 fn= 340 HdrRenderState mRenderHdrSdrRatio=1.0 caller= android.view.SyncRtSurfaceTransactionApplier.applyTransaction:102 android.view.SyncRtSurfaceTransactionApplier.lambda$scheduleApply$0:75 android.view.SyncRtSurfaceTransactionApplier.$r8$lambda$afI4fXg3U3-nBZQEDQMiNy-B06s:0
2026-02-04 20:30:30.554 23447-23509 VRI[MainAc...y]@4abd18f com.rpeters.jellyfin                 I  mWNT: t=0xb400007313d6e530 mBlastBufferQueue=0xb4000073e3d51300 fn= 341 HdrRenderState mRenderHdrSdrRatio=1.0 caller= android.view.SyncRtSurfaceTransactionApplier.applyTransaction:102 android.view.SyncRtSurfaceTransactionApplier.lambda$scheduleApply$0:75 android.view.SyncRtSurfaceTransactionApplier.$r8$lambda$afI4fXg3U3-nBZQEDQMiNy-B06s:0
2026-02-04 20:30:30.562 23447-23510 VRI[MainAc...y]@4abd18f com.rpeters.jellyfin                 I  mWNT: t=0xb400007313d879e0 mBlastBufferQueue=0xb4000073e3d51300 fn= 342 HdrRenderState mRenderHdrSdrRatio=1.0 caller= android.view.SyncRtSurfaceTransactionApplier.applyTransaction:102 android.view.SyncRtSurfaceTransactionApplier.lambda$scheduleApply$0:75 android.view.SyncRtSurfaceTransactionApplier.$r8$lambda$afI4fXg3U3-nBZQEDQMiNy-B06s:0
2026-02-04 20:30:30.571 23447-23509 VRI[MainAc...y]@4abd18f com.rpeters.jellyfin                 I  mWNT: t=0xb400007313d84010 mBlastBufferQueue=0xb4000073e3d51300 fn= 343 HdrRenderState mRenderHdrSdrRatio=1.0 caller= android.view.SyncRtSurfaceTransactionApplier.applyTransaction:102 android.view.SyncRtSurfaceTransactionApplier.lambda$scheduleApply$0:75 android.view.SyncRtSurfaceTransactionApplier.$r8$lambda$afI4fXg3U3-nBZQEDQMiNy-B06s:0
2026-02-04 20:30:30.579 23447-23510 VRI[MainAc...y]@4abd18f com.rpeters.jellyfin                 I  mWNT: t=0xb400007313d569f0 mBlastBufferQueue=0xb4000073e3d51300 fn= 344 HdrRenderState mRenderHdrSdrRatio=1.0 caller= android.view.SyncRtSurfaceTransactionApplier.applyTransaction:102 android.view.SyncRtSurfaceTransactionApplier.lambda$scheduleApply$0:75 android.view.SyncRtSurfaceTransactionApplier.$r8$lambda$afI4fXg3U3-nBZQEDQMiNy-B06s:0
2026-02-04 20:30:30.586 23447-23509 VRI[MainAc...y]@4abd18f com.rpeters.jellyfin                 I  mWNT: t=0xb400007313d85bd0 mBlastBufferQueue=0xb4000073e3d51300 fn= 345 HdrRenderState mRenderHdrSdrRatio=1.0 caller= android.view.SyncRtSurfaceTransactionApplier.applyTransaction:102 android.view.SyncRtSurfaceTransactionApplier.lambda$scheduleApply$0:75 android.view.SyncRtSurfaceTransactionApplier.$r8$lambda$afI4fXg3U3-nBZQEDQMiNy-B06s:0
2026-02-04 20:30:30.595 23447-23510 VRI[MainAc...y]@4abd18f com.rpeters.jellyfin                 I  mWNT: t=0xb400007313d794f0 mBlastBufferQueue=0xb4000073e3d51300 fn= 346 HdrRenderState mRenderHdrSdrRatio=1.0 caller= android.view.SyncRtSurfaceTransactionApplier.applyTransaction:102 android.view.SyncRtSurfaceTransactionApplier.lambda$scheduleApply$0:75 android.view.SyncRtSurfaceTransactionApplier.$r8$lambda$afI4fXg3U3-nBZQEDQMiNy-B06s:0
2026-02-04 20:30:30.596 23447-23490 EnhancedPlaybackManager com.rpeters.jellyfin                 D  [VERBOSE] Getting optimal playback URL for: Jurassic World Rebirth (Movie) [Audio: null, Sub: null]
2026-02-04 20:30:30.597 23447-23490 AudioCapabilities       com.rpeters.jellyfin                 W  Unsupported mediaType audio/x-ape
2026-02-04 20:30:30.597 23447-23490 AudioCapabilities       com.rpeters.jellyfin                 W  Unsupported mediaType audio/evrc
2026-02-04 20:30:30.597 23447-23490 AudioCapabilities       com.rpeters.jellyfin                 W  Unsupported mediaType audio/evrc
2026-02-04 20:30:30.598 23447-23490 AudioCapabilities       com.rpeters.jellyfin                 W  Unsupported mediaType audio/x-ima
2026-02-04 20:30:30.598 23447-23490 AudioCapabilities       com.rpeters.jellyfin                 W  Unsupported mediaType audio/mpeg-L1
2026-02-04 20:30:30.598 23447-23490 AudioCapabilities       com.rpeters.jellyfin                 W  Unsupported mediaType audio/mpeg-L2
2026-02-04 20:30:30.598 23447-23490 AudioCapabilities       com.rpeters.jellyfin                 W  Unsupported mediaType audio/qcelp
2026-02-04 20:30:30.598 23447-23490 AudioCapabilities       com.rpeters.jellyfin                 W  Unsupported mediaType audio/qcelp
2026-02-04 20:30:30.598 23447-23490 VideoCapabilities       com.rpeters.jellyfin                 W  Unsupported mime video/wvc1
2026-02-04 20:30:30.598 23447-23490 VideoCapabilities       com.rpeters.jellyfin                 W  Unsupported mime video/x-ms-wmv
2026-02-04 20:30:30.603 23447-23509 VRI[MainAc...y]@4abd18f com.rpeters.jellyfin                 I  mWNT: t=0xb400007313d723a0 mBlastBufferQueue=0xb4000073e3d51300 fn= 347 HdrRenderState mRenderHdrSdrRatio=1.0 caller= android.view.SyncRtSurfaceTransactionApplier.applyTransaction:102 android.view.SyncRtSurfaceTransactionApplier.lambda$scheduleApply$0:75 android.view.SyncRtSurfaceTransactionApplier.$r8$lambda$afI4fXg3U3-nBZQEDQMiNy-B06s:0
2026-02-04 20:30:30.604 23447-23490 VideoCapabilities       com.rpeters.jellyfin                 W  Unsupported mime video/x-mvhevc
2026-02-04 20:30:30.604 23447-23490 VideoCapabilities       com.rpeters.jellyfin                 W  Unsupported mime image/vnd.android.heic
2026-02-04 20:30:30.604 23447-23490 VideoCapabilities       com.rpeters.jellyfin                 W  Unrecognized profile/level 32768/256 for video/mp4v-es
2026-02-04 20:30:30.607 23447-23490 AudioCapabilities       com.rpeters.jellyfin                 W  Unsupported mediaType audio/x-ape
2026-02-04 20:30:30.607 23447-23490 AudioCapabilities       com.rpeters.jellyfin                 W  Unsupported mediaType audio/evrc
2026-02-04 20:30:30.607 23447-23490 AudioCapabilities       com.rpeters.jellyfin                 W  Unsupported mediaType audio/evrc
2026-02-04 20:30:30.607 23447-23490 AudioCapabilities       com.rpeters.jellyfin                 W  Unsupported mediaType audio/x-ima
2026-02-04 20:30:30.607 23447-23490 AudioCapabilities       com.rpeters.jellyfin                 W  Unsupported mediaType audio/mpeg-L1
2026-02-04 20:30:30.607 23447-23490 AudioCapabilities       com.rpeters.jellyfin                 W  Unsupported mediaType audio/mpeg-L2
2026-02-04 20:30:30.608 23447-23490 AudioCapabilities       com.rpeters.jellyfin                 W  Unsupported mediaType audio/qcelp
2026-02-04 20:30:30.608 23447-23490 AudioCapabilities       com.rpeters.jellyfin                 W  Unsupported mediaType audio/qcelp
2026-02-04 20:30:30.608 23447-23490 VideoCapabilities       com.rpeters.jellyfin                 W  Unsupported mime video/wvc1
2026-02-04 20:30:30.608 23447-23490 VideoCapabilities       com.rpeters.jellyfin                 W  Unsupported mime video/x-ms-wmv
2026-02-04 20:30:30.612 23447-23510 VRI[MainAc...y]@4abd18f com.rpeters.jellyfin                 I  mWNT: t=0xb400007313d13b40 mBlastBufferQueue=0xb4000073e3d51300 fn= 348 HdrRenderState mRenderHdrSdrRatio=1.0 caller= android.view.SyncRtSurfaceTransactionApplier.applyTransaction:102 android.view.SyncRtSurfaceTransactionApplier.lambda$scheduleApply$0:75 android.view.SyncRtSurfaceTransactionApplier.$r8$lambda$afI4fXg3U3-nBZQEDQMiNy-B06s:0
2026-02-04 20:30:30.614 23447-23490 VideoCapabilities       com.rpeters.jellyfin                 W  Unsupported mime video/x-mvhevc
2026-02-04 20:30:30.614 23447-23490 VideoCapabilities       com.rpeters.jellyfin                 W  Unsupported mime image/vnd.android.heic
2026-02-04 20:30:30.614 23447-23490 VideoCapabilities       com.rpeters.jellyfin                 W  Unrecognized profile/level 32768/256 for video/mp4v-es
2026-02-04 20:30:30.618 23447-23490 AudioCapabilities       com.rpeters.jellyfin                 W  Unsupported mime audio/x-ape
2026-02-04 20:30:30.619 23447-23490 AudioCapabilities       com.rpeters.jellyfin                 W  Unsupported mime audio/evrc
2026-02-04 20:30:30.619 23447-23490 AudioCapabilities       com.rpeters.jellyfin                 W  Unsupported mime audio/evrc
2026-02-04 20:30:30.619 23447-23490 AudioCapabilities       com.rpeters.jellyfin                 W  Unsupported mime audio/x-ima
2026-02-04 20:30:30.619 23447-23490 AudioCapabilities       com.rpeters.jellyfin                 W  Unsupported mime audio/mpeg-L1
2026-02-04 20:30:30.619 23447-23490 AudioCapabilities       com.rpeters.jellyfin                 W  Unsupported mime audio/mpeg-L2
2026-02-04 20:30:30.619 23447-23490 AudioCapabilities       com.rpeters.jellyfin                 W  Unsupported mime audio/qcelp
2026-02-04 20:30:30.620 23447-23490 AudioCapabilities       com.rpeters.jellyfin                 W  Unsupported mime audio/qcelp
2026-02-04 20:30:30.620 23447-23490 VideoCapabilities       com.rpeters.jellyfin                 W  Unsupported mime video/wvc1
2026-02-04 20:30:30.620 23447-23490 VideoCapabilities       com.rpeters.jellyfin                 W  Unsupported mime video/x-ms-wmv
2026-02-04 20:30:30.621 23447-23509 VRI[MainAc...y]@4abd18f com.rpeters.jellyfin                 I  mWNT: t=0xb400007313d68fa0 mBlastBufferQueue=0xb4000073e3d51300 fn= 349 HdrRenderState mRenderHdrSdrRatio=1.0 caller= android.view.SyncRtSurfaceTransactionApplier.applyTransaction:102 android.view.SyncRtSurfaceTransactionApplier.lambda$scheduleApply$0:75 android.view.SyncRtSurfaceTransactionApplier.$r8$lambda$afI4fXg3U3-nBZQEDQMiNy-B06s:0
2026-02-04 20:30:30.627 23447-23490 VideoCapabilities       com.rpeters.jellyfin                 W  Unsupported mime video/x-mvhevc
2026-02-04 20:30:30.627 23447-23490 VideoCapabilities       com.rpeters.jellyfin                 W  Unsupported mime image/vnd.android.heic
2026-02-04 20:30:30.627 23447-23490 VideoCapabilities       com.rpeters.jellyfin                 W  Unrecognized profile/level 32768/256 for video/mp4v-es
2026-02-04 20:30:30.628 23447-23510 VRI[MainAc...y]@4abd18f com.rpeters.jellyfin                 I  mWNT: t=0xb400007313d5cd60 mBlastBufferQueue=0xb4000073e3d51300 fn= 350 HdrRenderState mRenderHdrSdrRatio=1.0 caller= android.view.SyncRtSurfaceTransactionApplier.applyTransaction:102 android.view.SyncRtSurfaceTransactionApplier.lambda$scheduleApply$0:75 android.view.SyncRtSurfaceTransactionApplier.$r8$lambda$afI4fXg3U3-nBZQEDQMiNy-B06s:0
2026-02-04 20:30:30.630 23447-23490 VideoCapabilities       com.rpeters.jellyfin                 W  Unsupported mime video/wvc1
2026-02-04 20:30:30.634 23447-23490 VideoCapabilities       com.rpeters.jellyfin                 W  Unsupported mime image/vnd.android.heic
2026-02-04 20:30:30.636 23447-23490 DeviceCapabilities      com.rpeters.jellyfin                 D  [VERBOSE] Video codecs supported: [h264, h265, vp9, av1, mpeg4, h263, vp8]
2026-02-04 20:30:30.636 23447-23509 VRI[MainAc...y]@4abd18f com.rpeters.jellyfin                 I  mWNT: t=0xb400007313d55c10 mBlastBufferQueue=0xb4000073e3d51300 fn= 351 HdrRenderState mRenderHdrSdrRatio=1.0 caller= android.view.SyncRtSurfaceTransactionApplier.applyTransaction:102 android.view.SyncRtSurfaceTransactionApplier.lambda$scheduleApply$0:75 android.view.SyncRtSurfaceTransactionApplier.$r8$lambda$afI4fXg3U3-nBZQEDQMiNy-B06s:0
2026-02-04 20:30:30.636 23447-23490 DeviceCapabilities      com.rpeters.jellyfin                 D  [VERBOSE] Audio codecs supported: [flac, mp3, ac3, eac3, aac, opus, pcm, vorbis]
2026-02-04 20:30:30.637 23447-23490 DeviceCapabilities      com.rpeters.jellyfin                 D  Detected max resolution: 3840x2160
2026-02-04 20:30:30.637 23447-23490 DeviceCapabilities      com.rpeters.jellyfin                 D  Device: samsung SM-S938U1, Display: 1440x3120
2026-02-04 20:30:30.638 23447-23490 DeviceCapabilities      com.rpeters.jellyfin                 D  Detected total RAM: 11653MB
2026-02-04 20:30:30.639 23447-23490 DeviceCapabilities      com.rpeters.jellyfin                 D  Hardware codecs: [flac, mp3, ac3, eac3, h264, h265, vp9, av1, mpeg4]
2026-02-04 20:30:30.639 23447-23490 DeviceCapabilities      com.rpeters.jellyfin                 D  Software codecs: [aac, flac, mp3, opus, pcm, vorbis, av1, h264, h263, h265, mpeg4, vp8, vp9]
2026-02-04 20:30:30.639 23447-23490 JellyfinRepository      com.rpeters.jellyfin                 D  Device capabilities: maxResolution=(3840, 2160), supports4K=true
2026-02-04 20:30:30.640 23447-23490 JellyfinDeviceProfile   com.rpeters.jellyfin                 D  Creating dynamic device profile for 7 video and 8 audio codecs
2026-02-04 20:30:30.642 23447-23490 JellyfinRepository      com.rpeters.jellyfin                 D  DeviceProfile created with codecProfiles: 7
2026-02-04 20:30:30.642 23447-23490 JellyfinRepository      com.rpeters.jellyfin                 D    CodecProfile[0]: type=Video, codec=h264, conditions=2
2026-02-04 20:30:30.642 23447-23490 JellyfinRepository      com.rpeters.jellyfin                 D      Condition: Width LessThanEqual 3840
2026-02-04 20:30:30.642 23447-23490 JellyfinRepository      com.rpeters.jellyfin                 D      Condition: Height LessThanEqual 2160
2026-02-04 20:30:30.642 23447-23490 JellyfinRepository      com.rpeters.jellyfin                 D    CodecProfile[1]: type=Video, codec=h265, conditions=3
2026-02-04 20:30:30.642 23447-23490 JellyfinRepository      com.rpeters.jellyfin                 D      Condition: Width LessThanEqual 3840
2026-02-04 20:30:30.642 23447-23490 JellyfinRepository      com.rpeters.jellyfin                 D      Condition: Height LessThanEqual 2160
2026-02-04 20:30:30.642 23447-23490 JellyfinRepository      com.rpeters.jellyfin                 D      Condition: VideoBitDepth LessThanEqual 10
2026-02-04 20:30:30.642 23447-23490 JellyfinRepository      com.rpeters.jellyfin                 D    CodecProfile[2]: type=Video, codec=vp9, conditions=2
2026-02-04 20:30:30.642 23447-23490 JellyfinRepository      com.rpeters.jellyfin                 D      Condition: Width LessThanEqual 3840
2026-02-04 20:30:30.642 23447-23490 JellyfinRepository      com.rpeters.jellyfin                 D      Condition: Height LessThanEqual 2160
2026-02-04 20:30:30.642 23447-23490 JellyfinRepository      com.rpeters.jellyfin                 D    CodecProfile[3]: type=Video, codec=av1, conditions=2
2026-02-04 20:30:30.642 23447-23490 JellyfinRepository      com.rpeters.jellyfin                 D      Condition: Width LessThanEqual 3840
2026-02-04 20:30:30.642 23447-23490 JellyfinRepository      com.rpeters.jellyfin                 D      Condition: Height LessThanEqual 2160
2026-02-04 20:30:30.642 23447-23490 JellyfinRepository      com.rpeters.jellyfin                 D    CodecProfile[4]: type=Video, codec=mpeg4, conditions=2
2026-02-04 20:30:30.642 23447-23490 JellyfinRepository      com.rpeters.jellyfin                 D      Condition: Width LessThanEqual 3840
2026-02-04 20:30:30.642 23447-23490 JellyfinRepository      com.rpeters.jellyfin                 D      Condition: Height LessThanEqual 2160
2026-02-04 20:30:30.642 23447-23490 JellyfinRepository      com.rpeters.jellyfin                 D    CodecProfile[5]: type=Video, codec=h263, conditions=2
2026-02-04 20:30:30.642 23447-23490 JellyfinRepository      com.rpeters.jellyfin                 D      Condition: Width LessThanEqual 3840
2026-02-04 20:30:30.642 23447-23490 JellyfinRepository      com.rpeters.jellyfin                 D      Condition: Height LessThanEqual 2160
2026-02-04 20:30:30.642 23447-23490 JellyfinRepository      com.rpeters.jellyfin                 D    CodecProfile[6]: type=Video, codec=vp8, conditions=2
2026-02-04 20:30:30.642 23447-23490 JellyfinRepository      com.rpeters.jellyfin                 D      Condition: Width LessThanEqual 3840
2026-02-04 20:30:30.642 23447-23490 JellyfinRepository      com.rpeters.jellyfin                 D      Condition: Height LessThanEqual 2160
2026-02-04 20:30:30.644 23447-23490 JellyfinRepository      com.rpeters.jellyfin                 D  PlaybackInfo request for item UUID-***: maxBitrate=80000000 (80Mbps), directPlay=true, directStream=true, transcode=true
2026-02-04 20:30:30.644 23447-23490 JellyfinRepository      com.rpeters.jellyfin                 D  Network-based maxStreamingBitrate: 80Mbps
2026-02-04 20:30:30.644 23447-23490 JellyfinRepository      com.rpeters.jellyfin                 D  DeviceProfile: Jellyfin Android Client (Dynamic), maxStreamBitrate=100000000, maxStaticBitrate=100000000
2026-02-04 20:30:30.644 23447-23490 JellyfinRepository      com.rpeters.jellyfin                 D    DirectPlayProfile[0]: container=mp4, type=Video, videoCodec=h264,h265,vp9,av1,mpeg4,h263,vp8, audioCodec=flac,mp3,ac3,eac3,aac,opus,pcm,vorbis,alac
2026-02-04 20:30:30.644 23447-23490 JellyfinRepository      com.rpeters.jellyfin                 D    DirectPlayProfile[1]: container=m4v, type=Video, videoCodec=h264,h265,vp9,av1,mpeg4,h263,vp8, audioCodec=flac,mp3,ac3,eac3,aac,opus,pcm,vorbis,alac
2026-02-04 20:30:30.644 23447-23490 JellyfinRepository      com.rpeters.jellyfin                 D    DirectPlayProfile[2]: container=3gp, type=Video, videoCodec=h264,h265,vp9,av1,mpeg4,h263,vp8, audioCodec=flac,mp3,ac3,eac3,aac,opus,pcm,vorbis,alac
2026-02-04 20:30:30.644 23447-23490 JellyfinRepository      com.rpeters.jellyfin                 D    DirectPlayProfile[3]: container=3gpp, type=Video, videoCodec=h264,h265,vp9,av1,mpeg4,h263,vp8, audioCodec=flac,mp3,ac3,eac3,aac,opus,pcm,vorbis,alac
2026-02-04 20:30:30.644 23447-23490 JellyfinRepository      com.rpeters.jellyfin                 D    DirectPlayProfile[4]: container=3g2, type=Video, videoCodec=h264,h265,vp9,av1,mpeg4,h263,vp8, audioCodec=flac,mp3,ac3,eac3,aac,opus,pcm,vorbis,alac
2026-02-04 20:30:30.644 23447-23490 JellyfinRepository      com.rpeters.jellyfin                 D    DirectPlayProfile[5]: container=3gpp2, type=Video, videoCodec=h264,h265,vp9,av1,mpeg4,h263,vp8, audioCodec=flac,mp3,ac3,eac3,aac,opus,pcm,vorbis,alac
2026-02-04 20:30:30.644 23447-23490 JellyfinRepository      com.rpeters.jellyfin                 D    DirectPlayProfile[6]: container=webm, type=Video, videoCodec=h264,h265,vp9,av1,mpeg4,h263,vp8, audioCodec=flac,mp3,ac3,eac3,aac,opus,pcm,vorbis,alac
2026-02-04 20:30:30.644 23447-23490 JellyfinRepository      com.rpeters.jellyfin                 D    DirectPlayProfile[7]: container=mkv, type=Video, videoCodec=h264,h265,vp9,av1,mpeg4,h263,vp8, audioCodec=flac,mp3,ac3,eac3,aac,opus,pcm,vorbis,alac
2026-02-04 20:30:30.644 23447-23490 JellyfinRepository      com.rpeters.jellyfin                 D    DirectPlayProfile[8]: container=avi, type=Video, videoCodec=h264,h265,vp9,av1,mpeg4,h263,vp8, audioCodec=flac,mp3,ac3,eac3,aac,opus,pcm,vorbis,alac
2026-02-04 20:30:30.644 23447-23490 JellyfinRepository      com.rpeters.jellyfin                 D    DirectPlayProfile[9]: container=mov, type=Video, videoCodec=h264,h265,vp9,av1,mpeg4,h263,vp8, audioCodec=flac,mp3,ac3,eac3,aac,opus,pcm,vorbis,alac
2026-02-04 20:30:30.644 23447-23490 JellyfinRepository      com.rpeters.jellyfin                 D    DirectPlayProfile[10]: container=flv, type=Video, videoCodec=h264,h265,vp9,av1,mpeg4,h263,vp8, audioCodec=flac,mp3,ac3,eac3,aac,opus,pcm,vorbis,alac
2026-02-04 20:30:30.644 23447-23490 JellyfinRepository      com.rpeters.jellyfin                 D    DirectPlayProfile[11]: container=asf, type=Video, videoCodec=h264,h265,vp9,av1,mpeg4,h263,vp8, audioCodec=flac,mp3,ac3,eac3,aac,opus,pcm,vorbis,alac
2026-02-04 20:30:30.644 23447-23490 JellyfinRepository      com.rpeters.jellyfin                 D    DirectPlayProfile[12]: container=wmv, type=Video, videoCodec=h264,h265,vp9,av1,mpeg4,h263,vp8, audioCodec=flac,mp3,ac3,eac3,aac,opus,pcm,vorbis,alac
2026-02-04 20:30:30.644 23447-23490 JellyfinRepository      com.rpeters.jellyfin                 D    DirectPlayProfile[13]: container=flac, type=Audio, videoCodec=, audioCodec=flac
2026-02-04 20:30:30.644 23447-23490 JellyfinRepository      com.rpeters.jellyfin                 D    DirectPlayProfile[14]: container=mp3, type=Audio, videoCodec=, audioCodec=mp3
2026-02-04 20:30:30.644 23447-23490 JellyfinRepository      com.rpeters.jellyfin                 D    DirectPlayProfile[15]: container=ogg, type=Audio, videoCodec=, audioCodec=vorbis,opus
2026-02-04 20:30:30.644 23447-23490 JellyfinRepository      com.rpeters.jellyfin                 D    DirectPlayProfile[16]: container=m4a, type=Audio, videoCodec=, audioCodec=aac
2026-02-04 20:30:30.644 23447-23490 JellyfinRepository      com.rpeters.jellyfin                 D    TranscodingProfile[0]: codec=h265,hevc, container=mp4, protocol=http, conditions=2
2026-02-04 20:30:30.644 23447-23490 JellyfinRepository      com.rpeters.jellyfin                 D      Condition: Width LessThanEqual 3840
2026-02-04 20:30:30.644 23447-23490 JellyfinRepository      com.rpeters.jellyfin                 D      Condition: Height LessThanEqual 2160
2026-02-04 20:30:30.644 23447-23490 JellyfinRepository      com.rpeters.jellyfin                 D    TranscodingProfile[1]: codec=h264, container=mp4, protocol=hls, conditions=2
2026-02-04 20:30:30.644 23447-23490 JellyfinRepository      com.rpeters.jellyfin                 D      Condition: Width LessThanEqual 3840
2026-02-04 20:30:30.644 23447-23490 JellyfinRepository      com.rpeters.jellyfin                 D      Condition: Height LessThanEqual 2160
2026-02-04 20:30:30.644 23447-23490 JellyfinRepository      com.rpeters.jellyfin                 D    TranscodingProfile[2]: codec=, container=mp3, protocol=http, conditions=0
2026-02-04 20:30:30.645 23447-23510 VRI[MainAc...y]@4abd18f com.rpeters.jellyfin                 I  mWNT: t=0xb400007313d612c0 mBlastBufferQueue=0xb4000073e3d51300 fn= 352 HdrRenderState mRenderHdrSdrRatio=1.0 caller= android.view.SyncRtSurfaceTransactionApplier.applyTransaction:102 android.view.SyncRtSurfaceTransactionApplier.lambda$scheduleApply$0:75 android.view.SyncRtSurfaceTransactionApplier.$r8$lambda$afI4fXg3U3-nBZQEDQMiNy-B06s:0
2026-02-04 20:30:30.656 23447-23509 VRI[MainAc...y]@4abd18f com.rpeters.jellyfin                 I  mWNT: t=0xb400007313d64350 mBlastBufferQueue=0xb4000073e3d51300 fn= 353 HdrRenderState mRenderHdrSdrRatio=1.0 caller= android.view.SyncRtSurfaceTransactionApplier.applyTransaction:102 android.view.SyncRtSurfaceTransactionApplier.lambda$scheduleApply$0:75 android.view.SyncRtSurfaceTransactionApplier.$r8$lambda$afI4fXg3U3-nBZQEDQMiNy-B06s:0
2026-02-04 20:30:30.662 23447-23510 VRI[MainAc...y]@4abd18f com.rpeters.jellyfin                 I  mWNT: t=0xb400007313d52930 mBlastBufferQueue=0xb4000073e3d51300 fn= 354 HdrRenderState mRenderHdrSdrRatio=1.0 caller= android.view.SyncRtSurfaceTransactionApplier.applyTransaction:102 android.view.SyncRtSurfaceTransactionApplier.lambda$scheduleApply$0:75 android.view.SyncRtSurfaceTransactionApplier.$r8$lambda$afI4fXg3U3-nBZQEDQMiNy-B06s:0
2026-02-04 20:30:30.670 23447-23509 VRI[MainAc...y]@4abd18f com.rpeters.jellyfin                 I  mWNT: t=0xb400007313d53270 mBlastBufferQueue=0xb4000073e3d51300 fn= 355 HdrRenderState mRenderHdrSdrRatio=1.0 caller= android.view.SyncRtSurfaceTransactionApplier.applyTransaction:102 android.view.SyncRtSurfaceTransactionApplier.lambda$scheduleApply$0:75 android.view.SyncRtSurfaceTransactionApplier.$r8$lambda$afI4fXg3U3-nBZQEDQMiNy-B06s:0
2026-02-04 20:30:30.679 23447-23510 VRI[MainAc...y]@4abd18f com.rpeters.jellyfin                 I  mWNT: t=0xb400007313d51900 mBlastBufferQueue=0xb4000073e3d51300 fn= 356 HdrRenderState mRenderHdrSdrRatio=1.0 caller= android.view.SyncRtSurfaceTransactionApplier.applyTransaction:102 android.view.SyncRtSurfaceTransactionApplier.lambda$scheduleApply$0:75 android.view.SyncRtSurfaceTransactionApplier.$r8$lambda$afI4fXg3U3-nBZQEDQMiNy-B06s:0
2026-02-04 20:30:30.687 23447-23509 VRI[MainAc...y]@4abd18f com.rpeters.jellyfin                 I  mWNT: t=0xb400007313d501e0 mBlastBufferQueue=0xb4000073e3d51300 fn= 357 HdrRenderState mRenderHdrSdrRatio=1.0 caller= android.view.SyncRtSurfaceTransactionApplier.applyTransaction:102 android.view.SyncRtSurfaceTransactionApplier.lambda$scheduleApply$0:75 android.view.SyncRtSurfaceTransactionApplier.$r8$lambda$afI4fXg3U3-nBZQEDQMiNy-B06s:0
2026-02-04 20:30:30.696 23447-23510 VRI[MainAc...y]@4abd18f com.rpeters.jellyfin                 I  mWNT: t=0xb400007313d4f650 mBlastBufferQueue=0xb4000073e3d51300 fn= 358 HdrRenderState mRenderHdrSdrRatio=1.0 caller= android.view.SyncRtSurfaceTransactionApplier.applyTransaction:102 android.view.SyncRtSurfaceTransactionApplier.lambda$scheduleApply$0:75 android.view.SyncRtSurfaceTransactionApplier.$r8$lambda$afI4fXg3U3-nBZQEDQMiNy-B06s:0
2026-02-04 20:30:30.706 23447-23447 BLASTBufferQueue_Java   com.rpeters.jellyfin                 I  update, w= 1440 h= 3120 mName = VRI[MainActivity]@4abd18f mNativeObject= 0xb4000073e3d51300 sc.mNativeObject= 0xb400007273cfcf50 format= -1 caller= android.view.ViewRootImpl.updateBlastSurfaceIfNeeded:3592 android.view.ViewRootImpl.relayoutWindow:11809 android.view.ViewRootImpl.performTraversals:4839 android.view.ViewRootImpl.doTraversal:3959 android.view.ViewRootImpl$TraversalRunnable.run:13030 android.view.Choreographer$CallbackRecord.run:1961
2026-02-04 20:30:30.706 23447-23447 VRI[MainAc...y]@4abd18f com.rpeters.jellyfin                 I  Relayout returned: old=(0,0,1440,3120) new=(0,0,1440,3120) relayoutAsync=true req=(1440,3120)0 dur=0 res=0x0 s={true 0xb400007333d26ad0} ch=false seqId=0
2026-02-04 20:30:30.706 23447-23447 VRI[MainAc...y]@4abd18f com.rpeters.jellyfin                 I  registerCallbackForPendingTransactions
2026-02-04 20:30:30.708 23447-23509 VRI[MainAc...y]@4abd18f com.rpeters.jellyfin                 I  mWNT: t=0xb400007313d508d0 mBlastBufferQueue=0xb4000073e3d51300 fn= 359 HdrRenderState mRenderHdrSdrRatio=1.0 caller= android.view.SyncRtSurfaceTransactionApplier.applyTransaction:102 android.view.SyncRtSurfaceTransactionApplier.lambda$scheduleApply$0:75 android.view.SyncRtSurfaceTransactionApplier.$r8$lambda$afI4fXg3U3-nBZQEDQMiNy-B06s:0
2026-02-04 20:30:30.708 23447-23509 VRI[MainAc...y]@4abd18f com.rpeters.jellyfin                 I  mWNT: t=0xb400007313d52dd0 mBlastBufferQueue=0xb4000073e3d51300 fn= 359 HdrRenderState mRenderHdrSdrRatio=1.0 caller= android.view.ViewRootImpl$10.onFrameDraw:6611 android.view.ViewRootImpl$4.onFrameDraw:2485 android.view.ThreadedRenderer$1.onFrameDraw:751
2026-02-04 20:30:30.790 23447-23490 JellyfinRepository      com.rpeters.jellyfin                 D  Server response:
2026-02-04 20:30:30.790 23447-23490 JellyfinRepository      com.rpeters.jellyfin                 D    PlaySessionId: 3c372f44684d43a8b4c6bd4b0e06388c
2026-02-04 20:30:30.790 23447-23490 JellyfinRepository      com.rpeters.jellyfin                 D    MediaSources: 1
2026-02-04 20:30:30.790 23447-23490 JellyfinRepository      com.rpeters.jellyfin                 D    MediaSource[0]:
2026-02-04 20:30:30.790 23447-23490 JellyfinRepository      com.rpeters.jellyfin                 D      Name: Jurassic World Rebirth (2025) WEBDL-2160p
2026-02-04 20:30:30.790 23447-23490 JellyfinRepository      com.rpeters.jellyfin                 D      Container: mkv
2026-02-04 20:30:30.790 23447-23490 JellyfinRepository      com.rpeters.jellyfin                 D      Size: 6409131021
2026-02-04 20:30:30.790 23447-23490 JellyfinRepository      com.rpeters.jellyfin                 D      IsRemote: false
2026-02-04 20:30:30.791 23447-23490 JellyfinRepository      com.rpeters.jellyfin                 D      Video Stream: hevc, 3840x1600, bitrate=6386197
2026-02-04 20:30:30.791 23447-23490 JellyfinRepository      com.rpeters.jellyfin                 D      SupportsDirectPlay: false
2026-02-04 20:30:30.791 23447-23490 JellyfinRepository      com.rpeters.jellyfin                 D      SupportsDirectStream: false
2026-02-04 20:30:30.791 23447-23490 JellyfinRepository      com.rpeters.jellyfin                 D      SupportsTranscoding: true
2026-02-04 20:30:30.791 23447-23490 JellyfinRepository      com.rpeters.jellyfin                 D      TranscodingUrl: /videos/5ec5425d-6206-4fe4-4666-e4305a41a686/stream.mp4?&DeviceId=android-jellyfin-client&MediaSourceId=5ec5425d62064fe44666e4305a41a686&VideoCodec=h265,hevc&AudioCodec=aac&AudioStreamIndex=1&VideoBitrate=79680000&AudioBitrate=320000&AudioSampleRate=48000&MaxFramerate=23.976025&MaxWidth=3840&MaxHeight=2160&PlaySessionId=3c372f44684d43a8b4c6bd4b0e06388c&ApiKey=f494aabde09441079c0a15e127700178&RequireAvc=false&EnableAudioVbrEncoding=true&Tag=6c021da97163abf9bfe138c63dda7c62&hevc-level=150&hevc-videobitdepth=10&hevc-profile=main10&hevc-audiochannels=6&aac-profile=lc&h265-videobitdepth=10&TranscodeReasons=VideoCodecNotSupported
2026-02-04 20:30:30.791 23447-23490 JellyfinRepository      com.rpeters.jellyfin                 D      Transcoding resolution: 3840x2160
2026-02-04 20:30:30.791 23447-23490 JellyfinRepository      com.rpeters.jellyfin                 D  PlaybackInfo response: playSessionId=*** mediaSources=1
2026-02-04 20:30:30.791 23447-23490 JellyfinRepository      com.rpeters.jellyfin                 D  [VERBOSE] PlaybackInfo sources: id=5ec5425d62064fe44666e4305a41a686, directPlay=false, directStream=false, transcode=true, container=mkv, transcodingUrl=true
2026-02-04 20:30:30.791 23447-23490 EnhancedPlaybackManager com.rpeters.jellyfin                 D  Received 1 media sources from server:
2026-02-04 20:30:30.792 23447-23490 EnhancedPlaybackManager com.rpeters.jellyfin                 D    Source[0]: directPlay=false, directStream=false, transcode=true
2026-02-04 20:30:30.792 23447-23490 EnhancedPlaybackManager com.rpeters.jellyfin                 D  Server recommends transcoding: id=5ec5425d62064fe44666e4305a41a686, container=mkv, directPlay=false, transcode=true
2026-02-04 20:30:30.793 23447-23490 DeviceCapabilities      com.rpeters.jellyfin                 D  Detected total RAM: 11653MB
2026-02-04 20:30:30.794 23447-23490 DeviceCapabilities      com.rpeters.jellyfin                 D  Hardware codecs: [flac, mp3, ac3, eac3, h264, h265, vp9, av1, mpeg4]
2026-02-04 20:30:30.794 23447-23490 DeviceCapabilities      com.rpeters.jellyfin                 D  Software codecs: [aac, flac, mp3, opus, pcm, vorbis, av1, h264, h263, h265, mpeg4, vp8, vp9]
2026-02-04 20:30:30.797 23447-23490 EnhancedPlaybackManager com.rpeters.jellyfin                 D  Transcoding params: source=3840x1600, target=3840x1600, bitrate=60Mbps, quality=MAXIMUM, channels=2
2026-02-04 20:30:30.797 23447-23490 EnhancedPlaybackManager com.rpeters.jellyfin                 D  [VERBOSE] Server-directed transcoding: https://rpeters1428.huron.usbx.me/jellyfin/Videos/UUID-***/stream?MaxStreamingBitrate=60000000&MaxWidth=3840&MaxHeight=1600&VideoCodec=h265&AudioCodec=opus&Container=mp4&TranscodingMaxAudioChannels=2&BreakOnNonKeyFrames=true&AllowVideoStreamCopy=true&AllowAudioStreamCopy=true&MediaSourceId=5ec5425d62064fe44666e4305a41a686&PlaySessionId=***
2026-02-04 20:30:30.799 23447-23490 RepositoryUtils         com.rpeters.jellyfin                 D  [VERBOSE] validateServer: Server validation passed for user rpeters1428 on https://rpeters1428.huron.usbx.me/jellyfin
2026-02-04 20:30:30.884 23447-23447 peters.jellyfin         com.rpeters.jellyfin                 W  Method void com.google.android.gms.common.api.GoogleApiClient.dumpAll(java.lang.String, java.io.FileDescriptor, java.io.PrintWriter, java.lang.String[]) failed lock verification and will run slower.
2026-02-04 20:30:30.884 23447-23447 peters.jellyfin         com.rpeters.jellyfin                 W  Method void com.google.android.gms.common.api.internal.GoogleApiManager.reportSignOut() failed lock verification and will run slower.
2026-02-04 20:30:30.884 23447-23447 peters.jellyfin         com.rpeters.jellyfin                 W  Method void com.google.android.gms.common.api.internal.GoogleApiManager.zae(com.google.android.gms.common.api.internal.zaab) failed lock verification and will run slower.
2026-02-04 20:30:30.884 23447-23447 peters.jellyfin         com.rpeters.jellyfin                 W  Method void com.google.android.gms.common.api.internal.GoogleApiManager.zaf(com.google.android.gms.common.api.internal.zaab) failed lock verification and will run slower.
2026-02-04 20:30:30.884 23447-23447 peters.jellyfin         com.rpeters.jellyfin                 W  Method void com.google.android.gms.common.internal.GmsClientSupervisor.setDefaultBindExecutor(java.util.concurrent.Executor) failed lock verification and will run slower.
2026-02-04 20:30:30.884 23447-23447 peters.jellyfin         com.rpeters.jellyfin                 W  Method void com.google.android.gms.common.internal.GmsClientSupervisor.setUseHandlerThreadForCallbacks() failed lock verification and will run slower.
2026-02-04 20:30:30.885 23447-23447 peters.jellyfin         com.rpeters.jellyfin                 W  Method void com.google.android.gms.common.GoogleApiAvailability.setDefaultNotificationChannelId(android.content.Context, java.lang.String) failed lock verification and will run slower.
2026-02-04 20:30:30.885 23447-23447 peters.jellyfin         com.rpeters.jellyfin                 W  Method int com.google.android.gms.common.internal.zal.zaa(android.content.Context, com.google.android.gms.common.api.Api$Client) failed lock verification and will run slower.
2026-02-04 20:30:30.885 23447-23447 peters.jellyfin         com.rpeters.jellyfin                 W  Method void com.google.android.gms.common.internal.zal.zac() failed lock verification and will run slower.
2026-02-04 20:30:30.886 23447-23447 peters.jellyfin         com.rpeters.jellyfin                 W  Method void com.google.android.gms.internal.cast.zzbx.zzw(androidx.mediarouter.media.MediaRouteSelector, int) failed lock verification and will run slower.
2026-02-04 20:30:30.887 23447-23645 peters.jellyfin         com.rpeters.jellyfin                 W  Method void com.google.android.gms.common.internal.BaseGmsClient.zzp(int, android.os.IInterface) failed lock verification and will run slower.
2026-02-04 20:30:30.888 23447-23447 MediaRouter             com.rpeters.jellyfin                 V  Selecting route: RouteInfo{ name=Phone, description=null, status=null, category=RouteCategory{ name=System types=ROUTE_TYPE_LIVE_AUDIO ROUTE_TYPE_LIVE_VIDEO  groupable=false }, supportedTypes=ROUTE_TYPE_LIVE_AUDIO ROUTE_TYPE_LIVE_VIDEO , presentationDisplay=null }
2026-02-04 20:30:30.888 23447-23447 MediaRouter             com.rpeters.jellyfin                 I  Skip setBluetoothA2dpOn(): types=8388615, isPlaybackActive()=false, BT route=null
2026-02-04 20:30:30.888 23447-23645 peters.jellyfin         com.rpeters.jellyfin                 W  Method void com.google.android.gms.common.internal.zzq.zzc(com.google.android.gms.common.internal.zzn, android.content.ServiceConnection, java.lang.String) failed lock verification and will run slower.
2026-02-04 20:30:30.888 23447-23645 peters.jellyfin         com.rpeters.jellyfin                 W  Method void com.google.android.gms.common.internal.zzq.zzd(android.os.Looper) failed lock verification and will run slower.
2026-02-04 20:30:30.888 23447-23645 peters.jellyfin         com.rpeters.jellyfin                 W  Method void com.google.android.gms.common.internal.zzq.zze(java.util.concurrent.Executor) failed lock verification and will run slower.
2026-02-04 20:30:30.889 23447-23447 AxMediaRouter           com.rpeters.jellyfin                 I  Found default route: MediaRouter.RouteInfo{ uniqueId=DEFAULT_ROUTE, name=Phone, description=null, iconUri=null, enabled=true, isSystemRoute=true, connectionState=0, canDisconnect=false, playbackType=0, playbackStream=3, deviceType=0, volumeHandling=1, volume=5, volumeMax=15, presentationDisplayId=-1, extras=null, settingsIntent=null, providerPackageName=android }
2026-02-04 20:30:30.889 23447-23447 AxMediaRouter           com.rpeters.jellyfin                 I  Unselecting the current route because it is no longer selectable: null
2026-02-04 20:30:30.891 23447-23645 peters.jellyfin         com.rpeters.jellyfin                 W  Method void com.google.android.gms.common.internal.zzo.onServiceConnected(android.content.ComponentName, android.os.IBinder) failed lock verification and will run slower.
2026-02-04 20:30:30.891 23447-23645 peters.jellyfin         com.rpeters.jellyfin                 W  Method void com.google.android.gms.common.internal.zzo.onServiceDisconnected(android.content.ComponentName) failed lock verification and will run slower.
2026-02-04 20:30:30.891 23447-23646 peters.jellyfin         com.rpeters.jellyfin                 W  Method void com.google.android.gms.internal.cast.zzbq.zza(androidx.mediarouter.media.MediaRouter$RouteInfo, boolean) failed lock verification and will run slower.
2026-02-04 20:30:30.893 23447-23447 RealImageLoader         com.rpeters.jellyfin                 I   Successful (DISK) - https://rpeters1428.huron.usbx.me/jellyfin/Items/5ec5425d-6206-4fe4-4666-e4305a41a686/Images/Backdrop?tag=2399cb50a292eca5c597f62f4d58b987&maxHeight=400&maxWidth=800
2026-02-04 20:30:30.894 23447-23447 RealImageLoader         com.rpeters.jellyfin                 I   Successful (DISK) - https://rpeters1428.huron.usbx.me/jellyfin/Items/5ec5425d-6206-4fe4-4666-e4305a41a686/Images/Logo?tag=7917c6a9a18a6682c5bf65c53367c939
2026-02-04 20:30:30.896 23447-23646 DynamiteModule          com.rpeters.jellyfin                 I  Considering local module com.google.android.gms.cast.framework.dynamite:0 and remote module com.google.android.gms.cast.framework.dynamite:260533000
2026-02-04 20:30:30.896 23447-23646 DynamiteModule          com.rpeters.jellyfin                 I  Selected remote version of com.google.android.gms.cast.framework.dynamite, version >= 260533000
