2026-01-28 21:19:03.778 26724-26724 VRI[VideoP...y]@633cb25 com.rpeters.jellyfin                 I  ViewPostIme pointer 0
2026-01-28 21:19:03.781 26724-26724 VRI[VideoP...y]@633cb25 com.rpeters.jellyfin                 I  call setFrameRateCategory for touch hint category=high hint, reason=touch, vri=VRI[VideoPlayerActivity]@633cb25
2026-01-28 21:19:03.809 26724-26724 VRI[VideoP...y]@633cb25 com.rpeters.jellyfin                 I  ViewPostIme pointer 1
2026-01-28 21:19:04.091 26724-27003 AidlBufferPool          com.rpeters.jellyfin                 D  bufferpool2 0xb400007313d88138 : 5(40960 size) total buffers - 1(8192 size) used buffers - 109/114 (recycle/alloc) - 5/113 (fetch/transfer)
2026-01-28 21:19:04.509 26724-26853 AidlBufferPool          com.rpeters.jellyfin                 D  bufferpool2 0xb400007313d34648 : 11(92274688 size) total buffers - 11(92274688 size) used buffers - 209/220 (recycle/alloc) - 11/220 (fetch/transfer)
2026-01-28 21:19:04.626 26724-26724 VRI[VideoP...y]@633cb25 com.rpeters.jellyfin                 I  ViewPostIme pointer 0
2026-01-28 21:19:04.691 26724-26724 VRI[VideoP...y]@633cb25 com.rpeters.jellyfin                 I  ViewPostIme pointer 1
2026-01-28 21:19:04.711 26724-26724 Dialog                  com.rpeters.jellyfin                 I  mIsDeviceDefault = false, mIsSamsungBasicInteraction = false, isMetaDataInActivity = false
2026-01-28 21:19:04.713 26724-26724 DecorView               com.rpeters.jellyfin                 I  setWindowBackground: isPopOver=false color=0 d=android.graphics.drawable.ColorDrawable@5afc14b
2026-01-28 21:19:04.718 26724-26724 WindowManager           com.rpeters.jellyfin                 I  WindowManagerGlobal#addView, ty=2, view=com.android.internal.policy.DecorView{78a5ded V.E...... R.....I. 0,0-0,0}[VideoPlayerActivity], caller=android.view.WindowManagerImpl.addView:167 android.app.Dialog.show:544 androidx.compose.ui.window.AndroidDialog_androidKt$Dialog$1$1.invoke:220
2026-01-28 21:19:04.718 26724-26724 ViewRootImpl            com.rpeters.jellyfin                 D  desktopMode is false
2026-01-28 21:19:04.718 26724-26724 ViewRootImpl            com.rpeters.jellyfin                 I  dVRR is disabled
2026-01-28 21:19:04.719 26724-26826 NativeCust...ncyManager com.rpeters.jellyfin                 D  [NativeCFMS] BpCustomFrequencyManager::BpCustomFrequencyManager()
2026-01-28 21:19:04.721 26724-26724 InputTransport          com.rpeters.jellyfin                 D  Input channel constructed: '1bc9e68', fd=302
2026-01-28 21:19:04.722 26724-26724 InsetsController        com.rpeters.jellyfin                 I  onStateChanged: host=com.rpeters.jellyfin/com.rpeters.jellyfin.ui.player.VideoPlayerActivity, from=android.view.ViewRootImpl.onInsetsStateChanged:3038, state=InsetsState: {mDisplayFrame=Rect(0, 0 - 1440, 3120), mDisplayCutout=DisplayCutout{insets=Rect(0, 128 - 0, 0) waterfall=Insets{left=0, top=0, right=0, bottom=0} boundingRect={Bounds=[Rect(0, 0 - 0, 0), Rect(685, 0 - 755, 128), Rect(0, 0 - 0, 0), Rect(0, 0 - 0, 0)]} cutoutPathParserInfo={CutoutPathParserInfo{displayWidth=1440 displayHeight=3120 physicalDisplayWidth=1440 physicalDisplayHeight=3120 density={3.75} cutoutSpec={M 0,0 H -9.333333333333333 V 34.13333333333333 H 9.333333333333333 V 0 H 0 Z @dp} rotation={0} scale={1.0} physicalPixelDisplaySizeRatio={1.0}}} sideOverrides={}}, mRoundedCorners=RoundedCorners{[RoundedCorner{position=TopLeft, radius=56, center=Point(56, 56)}, RoundedCorner{position=TopRight, radius=56, center=Point(1384, 56)}, RoundedCorner{position=BottomRight, radius=56, center=Point(1384, 3064)}, RoundedCorner{position=BottomLeft, radius=56, center=Point(56, 3064)}]}  mRoundedCornerFrame=Rect(0, 0 - 1440, 3120), mPrivacyIndicatorBounds=PrivacyIndicatorBounds {static bounds=Rect(1275, 0 - 1440, 128) rotation=0}, mDisplayShape=DisplayShape{ spec=-311912193 displayWidth=1440 displayHeight=3120 physicalPixelDisplaySizeRatio=1.0 rotation=0 offsetX=0 offsetY=0 scale=1.0}, mSources= { InsetsSource: {91450001 mType=navigationBars mFrame=[0,3064][1440,3120] mAttachedInsets=null mVisible=false mFlags=SUPPRESS_SCRIM mSideHint=BOTTOM mBoundingRects=null}, InsetsSource: {91450004 mType=systemGestures mFrame=[0,0][112,3120] mAttachedInsets=null mVisible=true mFlags= mSideHint=LEFT mBoundingRects=null}, InsetsSource: {91450005 mType=mandatorySystemGestures mFrame=[0,3000][1440,3120] mAttachedInsets=null mVisible=true mFlags= mSideHint=BOTTOM mBoundingRects=null}, InsetsSource: {91450006 mType=tappableElement mFrame=[0,0][0,0] mAttachedInsets=null mVisible=true mFlags= mSideHint=NONE mBoundingRects=null}, InsetsSource: {91450024 mType=systemGestures mFrame=[1328,0][1440,3120] mAttachedInsets=null mVisible=true mFlags= mSideHint=RIGHT mBoundingRects=null}, InsetsSource: {9c550000 mType=statusBars mFrame=[0,0][1440,128] mAttachedInsets=null mVisible=false mFlags= mSideHint=TOP mBoundingRects=null}, InsetsSource: {9c550005 mType=mandatorySystemGestures mFrame=[0,0][1440,173] mAttachedInsets=null mVisible=true mFlags= mSideHint=TOP mBoundingRects=null}, InsetsSource: {9c550006 mType=tappableElement mFrame=[0,0][1440,128] mAttachedInsets=null mVisible=true mFlags= mSideHint=TOP mBoundingRects=null}, InsetsSource: {3 mType=ime mFrame=[0,0][0,0] mAttachedInsets=null mVisible=false mFlags=INVALID mSideHint=NONE mBoundingRects=null}, InsetsSource: {27 mType=displayCutout mFrame=[0,0][1440,128] mAttachedInsets=null mVisible=true mFlags= mSideHint=TOP mBoundingRects=null} }
2026-01-28 21:19:04.722 26724-26836 perf_hint               com.rpeters.jellyfin                 E  Session ID too large, must fit 32-bit integer
2026-01-28 21:19:04.722 26724-26724 VRI[VideoP...ty]@d66422 com.rpeters.jellyfin                 I  synced displayState. AttachInfo displayState=2
2026-01-28 21:19:04.723 26724-26724 VRI[VideoP...ty]@d66422 com.rpeters.jellyfin                 I  setView = com.android.internal.policy.DecorView@78a5ded IsHRR=false mFlingFrameRateChange=0 TM=true
2026-01-28 21:19:04.724 26724-26724 WindowOnBackDispatcher  com.rpeters.jellyfin                 D  setTopOnBackInvokedCallback (unwrapped): android.app.Dialog$$ExternalSyntheticLambda4@51aa06e
2026-01-28 21:19:04.725 26724-26724 WindowOnBackDispatcher  com.rpeters.jellyfin                 D  setTopOnBackInvokedCallback (unwrapped): androidx.navigationevent.OnBackInvokedInput$createOnBackAnimationCallback$1@c4c030f
2026-01-28 21:19:04.752 26724-26724 BufferQueueProducer     com.rpeters.jellyfin                 I  [](id:686400000003,api:0,p:0,c:26724) setDequeueTimeout:2077252342
2026-01-28 21:19:04.752 26724-26724 BLASTBufferQueue_Java   com.rpeters.jellyfin                 I  new BLASTBufferQueue, mName= VRI[VideoPlayerActivity]@d66422 mNativeObject= 0xb4000073e3d5fdd0 caller= android.view.ViewRootImpl.updateBlastSurfaceIfNeeded:3603 android.view.ViewRootImpl.relayoutWindow:11809 android.view.ViewRootImpl.performTraversals:4839 android.view.ViewRootImpl.doTraversal:3959 android.view.ViewRootImpl$TraversalRunnable.run:13030 android.view.Choreographer$CallbackRecord.run:1961 android.view.Choreographer$CallbackRecord.run:1970 android.view.Choreographer.doCallbacks:1423 android.view.Choreographer.doFrame:1348 android.view.Choreographer$FrameDisplayEventReceiver.run:1930
2026-01-28 21:19:04.752 26724-26724 BLASTBufferQueue_Java   com.rpeters.jellyfin                 I  update, w= 1560 h= 1530 mName = VRI[VideoPlayerActivity]@d66422 mNativeObject= 0xb4000073e3d5fdd0 sc.mNativeObject= 0xb400007273d09190 format= -2 caller= android.view.ViewRootImpl.updateBlastSurfaceIfNeeded:3608 android.view.ViewRootImpl.relayoutWindow:11809 android.view.ViewRootImpl.performTraversals:4839 android.view.ViewRootImpl.doTraversal:3959 android.view.ViewRootImpl$TraversalRunnable.run:13030 android.view.Choreographer$CallbackRecord.run:1961
2026-01-28 21:19:04.752 26724-26724 VRI[VideoP...ty]@d66422 com.rpeters.jellyfin                 I  Relayout returned: old=(0,128,1440,3120) new=(120,1039,1320,2209) relayoutAsync=false req=(1200,1170)0 dur=1 res=0x3 s={true 0xb400007333d90170} ch=true seqId=0
2026-01-28 21:19:04.752 26724-26724 VRI[VideoP...ty]@d66422 com.rpeters.jellyfin                 I  performConfigurationChange setNightDimText nightDimLevel=0
2026-01-28 21:19:04.753 26724-26724 VRI[VideoP...ty]@d66422 com.rpeters.jellyfin                 D  mThreadedRenderer.initialize() mSurface={isValid=true 0xb400007333d90170} hwInitialized=true
2026-01-28 21:19:04.760 26724-26724 VRI[VideoP...ty]@d66422 com.rpeters.jellyfin                 D  reportNextDraw android.view.ViewRootImpl.performTraversals:5503 android.view.ViewRootImpl.doTraversal:3959 android.view.ViewRootImpl$TraversalRunnable.run:13030 android.view.Choreographer$CallbackRecord.run:1961 android.view.Choreographer$CallbackRecord.run:1970
2026-01-28 21:19:04.760 26724-26724 VRI[VideoP...ty]@d66422 com.rpeters.jellyfin                 D  Setup new sync=wmsSync-VRI[VideoPlayerActivity]@d66422#8
2026-01-28 21:19:04.760 26724-26724 VRI[VideoP...ty]@d66422 com.rpeters.jellyfin                 I  Creating new active sync group VRI[VideoPlayerActivity]@d66422#9
2026-01-28 21:19:04.761 26724-26724 VRI[VideoP...ty]@d66422 com.rpeters.jellyfin                 D  registerCallbacksForSync syncBuffer=false
2026-01-28 21:19:04.762 26724-26837 VRI[VideoP...ty]@d66422 com.rpeters.jellyfin                 D  Received frameDrawingCallback syncResult=0 frameNum=1.
2026-01-28 21:19:04.762 26724-26837 VRI[VideoP...ty]@d66422 com.rpeters.jellyfin                 I  mWNT: t=0xb400007313d39480 mBlastBufferQueue=0xb4000073e3d5fdd0 fn= 1 HdrRenderState mRenderHdrSdrRatio=1.0 caller= android.view.ViewRootImpl$12.onFrameDraw:15557 android.view.ThreadedRenderer$1.onFrameDraw:751 <bottom of call stack>
2026-01-28 21:19:04.762 26724-26837 VRI[VideoP...ty]@d66422 com.rpeters.jellyfin                 I  Setting up sync and frameCommitCallback
2026-01-28 21:19:04.764 26724-26826 BLASTBufferQueue        com.rpeters.jellyfin                 I  [VRI[VideoPlayerActivity]@d66422#3](f:0,a:0,s:0) onFrameAvailable the first frame is available
2026-01-28 21:19:04.764 26724-26826 SurfaceComposerClient   com.rpeters.jellyfin                 I  apply transaction with the first frame. layerId: 125944, bufferData(ID: 114778706018548, frameNumber: 1)
2026-01-28 21:19:04.764 26724-26826 VRI[VideoP...ty]@d66422 com.rpeters.jellyfin                 I  Received frameCommittedCallback lastAttemptedDrawFrameNum=1 didProduceBuffer=true
2026-01-28 21:19:04.764 26724-26826 HWUI                    com.rpeters.jellyfin                 D  CFMS:: SetUp Pid : 26724    Tid : 26826
2026-01-28 21:19:04.764 26724-26724 VRI[VideoP...ty]@d66422 com.rpeters.jellyfin                 D  reportDrawFinished seqId=0
2026-01-28 21:19:04.766 26724-26826 HWUI                    com.rpeters.jellyfin                 D  HWUI - treat SMPTE_170M as sRGB
2026-01-28 21:19:04.772 26724-26724 BLASTBufferQueue_Java   com.rpeters.jellyfin                 I  update, w= 1560 h= 1530 mName = VRI[VideoPlayerActivity]@d66422 mNativeObject= 0xb4000073e3d5fdd0 sc.mNativeObject= 0xb400007273d09190 format= -2 caller= android.view.ViewRootImpl.updateBlastSurfaceIfNeeded:3592 android.view.ViewRootImpl.relayoutWindow:11809 android.view.ViewRootImpl.performTraversals:4839 android.view.ViewRootImpl.doTraversal:3959 android.view.ViewRootImpl$TraversalRunnable.run:13030 android.view.Choreographer$CallbackRecord.run:1961
2026-01-28 21:19:04.772 26724-26724 VRI[VideoP...ty]@d66422 com.rpeters.jellyfin                 I  Relayout returned: old=(120,1039,1320,2209) new=(120,1039,1320,2209) relayoutAsync=true req=(1200,1170)0 dur=0 res=0x0 s={true 0xb400007333d90170} ch=false seqId=0
2026-01-28 21:19:04.774 26724-26724 VRI[VideoP...ty]@d66422 com.rpeters.jellyfin                 I  registerCallbackForPendingTransactions
2026-01-28 21:19:04.774 26724-26836 VRI[VideoP...ty]@d66422 com.rpeters.jellyfin                 I  mWNT: t=0xb400007313d8b160 mBlastBufferQueue=0xb4000073e3d5fdd0 fn= 2 HdrRenderState mRenderHdrSdrRatio=1.0 caller= android.view.ViewRootImpl$10.onFrameDraw:6611 android.view.ViewRootImpl$4.onFrameDraw:2485 android.view.ThreadedRenderer$1.onFrameDraw:751
2026-01-28 21:19:04.775 26724-26724 VRI[VideoP...ty]@d66422 com.rpeters.jellyfin                 I  handleResized, frames=ClientWindowFrames{frame=[120,1039][1320,2209] display=[0,128][1440,3120] parentFrame=[0,0][0,0]} displayId=0 dragResizing=false compatScale=1.0 frameChanged=false attachedFrameChanged=false configChanged=false displayChanged=false compatScaleChanged=false dragResizingChanged=false
2026-01-28 21:19:04.775 26724-26724 VRI[VideoP...ty]@d66422 com.rpeters.jellyfin                 I  handleResized mSyncSeqId = 0
2026-01-28 21:19:04.775 26724-26724 VRI[VideoP...ty]@d66422 com.rpeters.jellyfin                 D  reportNextDraw android.view.ViewRootImpl.handleResized:2995 android.view.ViewRootImpl.-$$Nest$mhandleResized:0 android.view.ViewRootImpl$W.resized:14196 android.app.servertransaction.WindowStateResizeItem.execute:81 android.app.servertransaction.WindowStateTransactionItem.execute:62
2026-01-28 21:19:04.775 26724-26724 ImeFocusController      com.rpeters.jellyfin                 I  onPreWindowFocus: skipped hasWindowFocus=false mHasImeFocus=true
2026-01-28 21:19:04.775 26724-26724 ImeFocusController      com.rpeters.jellyfin                 I  onPostWindowFocus: skipped hasWindowFocus=false mHasImeFocus=true
2026-01-28 21:19:04.776 26724-26724 VRI[VideoP...ty]@d66422 com.rpeters.jellyfin                 D  Setup new sync=wmsSync-VRI[VideoPlayerActivity]@d66422#10
2026-01-28 21:19:04.776 26724-26724 VRI[VideoP...ty]@d66422 com.rpeters.jellyfin                 I  Creating new active sync group VRI[VideoPlayerActivity]@d66422#11
2026-01-28 21:19:04.776 26724-26724 VRI[VideoP...ty]@d66422 com.rpeters.jellyfin                 D  registerCallbacksForSync syncBuffer=false
2026-01-28 21:19:04.776 26724-26837 VRI[VideoP...ty]@d66422 com.rpeters.jellyfin                 D  Received frameDrawingCallback syncResult=0 frameNum=3.
2026-01-28 21:19:04.776 26724-26837 VRI[VideoP...ty]@d66422 com.rpeters.jellyfin                 I  Setting up sync and frameCommitCallback
2026-01-28 21:19:04.777 26724-26826 VRI[VideoP...ty]@d66422 com.rpeters.jellyfin                 I  Received frameCommittedCallback lastAttemptedDrawFrameNum=3 didProduceBuffer=false
2026-01-28 21:19:04.777 26724-26826 BLASTBufferQueue_Java   com.rpeters.jellyfin                 I  gatherPendingTransactions, mName= VRI[VideoPlayerActivity]@d66422 mNativeObject= 0xb4000073e3d5fdd0 frameNumber= 3 caller= android.view.ViewRootImpl$12.lambda$onFrameDraw$3:15641 android.view.ViewRootImpl$12.$r8$lambda$CTo3ExVBk8akdVTGlqHPAoYLRVI:0 android.view.ViewRootImpl$12$$ExternalSyntheticLambda1.onFrameCommit:0 android.view.ThreadedRenderer$1.lambda$onFrameDraw$0:763 android.view.ThreadedRenderer$1$$ExternalSyntheticLambda0.onFrameCommit:0 <bottom of call stack>
2026-01-28 21:19:04.777 26724-26724 VRI[VideoP...ty]@d66422 com.rpeters.jellyfin                 D  reportDrawFinished seqId=0
2026-01-28 21:19:04.779  1964-1964  SurfaceFlinger          surfaceflinger                       E  alpha changed 1.000 -> 0.000 - Surface(name=1bc9e68 com.rpeters.jellyfin/com.rpeters.jellyfin.ui.player.VideoPlayerActivity#125942)/@0x5ca87b2 - animation-leash of window_animation#125945
2026-01-28 21:19:04.779  1964-1964  SurfaceFlinger          surfaceflinger                       E  alpha changed 0.000 -> 0.000 - Surface(name=1bc9e68 com.rpeters.jellyfin/com.rpeters.jellyfin.ui.player.VideoPlayerActivity#125942)/@0x5ca87b2 - animation-leash of window_animation#125945
2026-01-28 21:19:04.787  1964-1964  SurfaceFlinger          surfaceflinger                       E  alpha changed 0.000 -> 0.014 - Surface(name=1bc9e68 com.rpeters.jellyfin/com.rpeters.jellyfin.ui.player.VideoPlayerActivity#125942)/@0x5ca87b2 - animation-leash of window_animation#125945
2026-01-28 21:19:04.789 26724-26724 VRI[VideoP...ty]@d66422 com.rpeters.jellyfin                 D  mThreadedRenderer.initializeIfNeeded()#2 mSurface={isValid=true 0xb400007333d90170}
2026-01-28 21:19:04.789 26724-26724 InputMethodManagerUtils com.rpeters.jellyfin                 D  startInputInner - Id : 0
2026-01-28 21:19:04.789 26724-26724 InputMethodManager      com.rpeters.jellyfin                 I  startInputInner - IInputMethodManagerGlobalInvoker.startInputOrWindowGainedFocus
2026-01-28 21:19:04.790 26724-26724 InsetsController        com.rpeters.jellyfin                 D  hide(ime())
2026-01-28 21:19:04.790 26724-26724 ImeTracker              com.rpeters.jellyfin                 I  com.rpeters.jellyfin:a2e3c4a6: onCancelled at PHASE_CLIENT_ALREADY_HIDDEN
2026-01-28 21:19:04.790 26724-26853 InputTransport          com.rpeters.jellyfin                 D  Input channel constructed: 'ClientS', fd=571
2026-01-28 21:19:05.563 26724-26894 OkHttpClient            com.rpeters.jellyfin                 I  POST https://rpeters1428.huron.usbx.me/jellyfin/Sessions/Playing/Progress
2026-01-28 21:19:05.691 26724-26894 PlaybackProgressManager com.rpeters.jellyfin                 D  Reported progress at 1948967ms for b4a28569-a7c3-84c1-a42f-3ad5df35c269
2026-01-28 21:19:07.693 26724-26724 VRI[VideoP...y]@633cb25 com.rpeters.jellyfin                 I  call setFrameRateCategory for touch hint category=no preference, reason=boost timeout, vri=VRI[VideoPlayerActivity]@633cb25
2026-01-28 21:19:07.728 26724-26893 OkHttpClient            com.rpeters.jellyfin                 I  POST https://rpeters1428.huron.usbx.me/jellyfin/Sessions/Playing/Progress
2026-01-28 21:19:07.903 26724-26724 PlaybackProgressManager com.rpeters.jellyfin                 D  Reported progress at 1950972ms for b4a28569-a7c3-84c1-a42f-3ad5df35c269
2026-01-28 21:19:08.603 26724-26724 VRI[VideoP...ty]@d66422 com.rpeters.jellyfin                 I  ViewPostIme pointer 0
2026-01-28 21:19:08.604 26724-26724 VRI[VideoP...ty]@d66422 com.rpeters.jellyfin                 I  call setFrameRateCategory for touch hint category=high hint, reason=touch, vri=VRI[VideoPlayerActivity]@d66422
2026-01-28 21:19:08.660 26724-26724 VRI[VideoP...ty]@d66422 com.rpeters.jellyfin                 I  ViewPostIme pointer 1
2026-01-28 21:19:08.682 26724-26724 WindowManager           com.rpeters.jellyfin                 I  WindowManagerGlobal#removeView, ty=2, view=com.android.internal.policy.DecorView{78a5ded V.E...... R....... 0,0-1200,1170 aid=1073741826}[VideoPlayerActivity], caller=android.view.WindowManagerGlobal.removeView:654 android.view.WindowManagerImpl.removeViewImmediate:254 android.app.Dialog.dismissDialog:854
2026-01-28 21:19:08.684 26724-26724 WindowOnBackDispatcher  com.rpeters.jellyfin                 D  setTopOnBackInvokedCallback (unwrapped): null
2026-01-28 21:19:08.691 26724-26724 VRI[VideoP...ty]@d66422 com.rpeters.jellyfin                 I  dispatchDetachedFromWindow
2026-01-28 21:19:08.694 26724-26724 InputTransport          com.rpeters.jellyfin                 D  Input channel destroyed: '1bc9e68', fd=302
2026-01-28 21:19:08.708 26724-26724 VRI[VideoP...y]@633cb25 com.rpeters.jellyfin                 D  mThreadedRenderer.initializeIfNeeded()#2 mSurface={isValid=true 0xb400007333deb6c0}
2026-01-28 21:19:08.708 26724-26724 InputMethodManagerUtils com.rpeters.jellyfin                 D  startInputInner - Id : 0
2026-01-28 21:19:08.709 26724-26724 InputMethodManager      com.rpeters.jellyfin                 I  startInputInner - IInputMethodManagerGlobalInvoker.startInputOrWindowGainedFocus
2026-01-28 21:19:08.709 26724-26724 InsetsController        com.rpeters.jellyfin                 D  hide(ime())
2026-01-28 21:19:08.709 26724-26724 ImeTracker              com.rpeters.jellyfin                 I  com.rpeters.jellyfin:cbf9e1b: onCancelled at PHASE_CLIENT_ALREADY_HIDDEN
2026-01-28 21:19:08.710 26724-26853 InputTransport          com.rpeters.jellyfin                 D  Input channel constructed: 'ClientS', fd=424
2026-01-28 21:19:08.726 26724-26724 InsetsController        com.rpeters.jellyfin                 I  onStateChanged: host=com.rpeters.jellyfin/com.rpeters.jellyfin.ui.player.VideoPlayerActivity, from=android.view.ViewRootImpl.onInsetsStateChanged:3038, state=InsetsState: {mDisplayFrame=Rect(0, 0 - 1440, 3120), mDisplayCutout=DisplayCutout{insets=Rect(0, 128 - 0, 0) waterfall=Insets{left=0, top=0, right=0, bottom=0} boundingRect={Bounds=[Rect(0, 0 - 0, 0), Rect(685, 0 - 755, 128), Rect(0, 0 - 0, 0), Rect(0, 0 - 0, 0)]} cutoutPathParserInfo={CutoutPathParserInfo{displayWidth=1440 displayHeight=3120 physicalDisplayWidth=1440 physicalDisplayHeight=3120 density={3.75} cutoutSpec={M 0,0 H -9.333333333333333 V 34.13333333333333 H 9.333333333333333 V 0 H 0 Z @dp} rotation={0} scale={1.0} physicalPixelDisplaySizeRatio={1.0}}} sideOverrides={}}, mRoundedCorners=RoundedCorners{[RoundedCorner{position=TopLeft, radius=56, center=Point(56, 56)}, RoundedCorner{position=TopRight, radius=56, center=Point(1384, 56)}, RoundedCorner{position=BottomRight, radius=56, center=Point(1384, 3064)}, RoundedCorner{position=BottomLeft, radius=56, center=Point(56, 3064)}]}  mRoundedCornerFrame=Rect(0, 0 - 1440, 3120), mPrivacyIndicatorBounds=PrivacyIndicatorBounds {static bounds=Rect(1275, 0 - 1440, 128) rotation=0}, mDisplayShape=DisplayShape{ spec=-311912193 displayWidth=1440 displayHeight=3120 physicalPixelDisplaySizeRatio=1.0 rotation=0 offsetX=0 offsetY=0 scale=1.0}, mSources= { InsetsSource: {91450001 mType=navigationBars mFrame=[0,3064][1440,3120] mAttachedInsets=null mVisible=false mFlags=SUPPRESS_SCRIM mSideHint=BOTTOM mBoundingRects=null}, InsetsSource: {91450004 mType=systemGestures mFrame=[0,0][112,3120] mAttachedInsets=null mVisible=true mFlags= mSideHint=LEFT mBoundingRects=null}, InsetsSource: {91450005 mType=mandatorySystemGestures mFrame=[0,3000][1440,3120] mAttachedInsets=null mVisible=true mFlags= mSideHint=BOTTOM mBoundingRects=null}, InsetsSource: {91450006 mType=tappableElement mFrame=[0,0][0,0] mAttachedInsets=null mVisible=true mFlags= mSideHint=NONE mBoundingRects=null}, InsetsSource: {91450024 mType=systemGestures mFrame=[1328,0][1440,3120] mAttachedInsets=null mVisible=true mFlags= mSideHint=RIGHT mBoundingRects=null}, InsetsSource: {9c550000 mType=statusBars mFrame=[0,0][1440,128] mAttachedInsets=null mVisible=false mFlags= mSideHint=TOP mBoundingRects=null}, InsetsSource: {9c550005 mType=mandatorySystemGestures mFrame=[0,0][1440,173] mAttachedInsets=null mVisible=true mFlags= mSideHint=TOP mBoundingRects=null}, InsetsSource: {9c550006 mType=tappableElement mFrame=[0,0][1440,128] mAttachedInsets=null mVisible=true mFlags= mSideHint=TOP mBoundingRects=null}, InsetsSource: {27 mType=displayCutout mFrame=[0,0][1440,128] mAttachedInsets=null mVisible=true mFlags= mSideHint=TOP mBoundingRects=null} }
2026-01-28 21:19:08.857  2941-3004  WindowManager           system_server                        E  win=Window{1bc9e68 u0 com.rpeters.jellyfin/com.rpeters.jellyfin.ui.player.VideoPlayerActivity EXITING} destroySurfaces: appStopped=false cleanupOnResume=false win.mWindowRemovalAllowed=true win.mRemoveOnExit=true win.mViewVisibility=0 caller=com.android.server.wm.WindowState.onExitAnimationDone:224 com.android.server.wm.WindowState.onAnimationFinished:161 com.android.server.wm.WindowContainer$$ExternalSyntheticLambda8.onAnimationFinished:3 com.android.server.wm.SurfaceAnimator$$ExternalSyntheticLambda0.onAnimationFinished:69 com.android.server.wm.LocalAnimationAdapter$$ExternalSyntheticLambda0.run:10 android.os.Handler.handleCallback:1070 android.os.Handler.dispatchMessage:125
2026-01-28 21:19:08.865  1964-1964  SurfaceFlinger          surfaceflinger                       E  alpha changed 0.009 -> 0.000 - Surface(name=1bc9e68 com.rpeters.jellyfin/com.rpeters.jellyfin.ui.player.VideoPlayerActivity#125942)/@0x5ca87b2 - animation-leash of window_animation#125948
2026-01-28 21:19:09.472 26724-27003 AidlBufferPool          com.rpeters.jellyfin                 D  bufferpool2 0xb400007313d88138 : 5(40960 size) total buffers - 1(8192 size) used buffers - 235/240 (recycle/alloc) - 6/239 (fetch/transfer)
2026-01-28 21:19:09.775 26724-26982 AidlBufferPool          com.rpeters.jellyfin                 D  bufferpool2 0xb400007313d34648 : 11(92274688 size) total buffers - 10(83886080 size) used buffers - 338/349 (recycle/alloc) - 11/347 (fetch/transfer)
2026-01-28 21:19:10.043 26724-26724 VRI[VideoP...y]@633cb25 com.rpeters.jellyfin                 I  ViewPostIme pointer 0
2026-01-28 21:19:10.045 26724-26724 VRI[VideoP...y]@633cb25 com.rpeters.jellyfin                 I  call setFrameRateCategory for touch hint category=high hint, reason=touch, vri=VRI[VideoPlayerActivity]@633cb25
2026-01-28 21:19:10.100 26724-26724 VRI[VideoP...y]@633cb25 com.rpeters.jellyfin                 I  ViewPostIme pointer 1
2026-01-28 21:19:10.568 26724-26893 OkHttpClient            com.rpeters.jellyfin                 I  POST https://rpeters1428.huron.usbx.me/jellyfin/Sessions/Playing/Progress
2026-01-28 21:19:10.681 26724-26896 PlaybackProgressManager com.rpeters.jellyfin                 D  Reported progress at 1953979ms for b4a28569-a7c3-84c1-a42f-3ad5df35c269
2026-01-28 21:19:13.104 26724-26724 VRI[VideoP...y]@633cb25 com.rpeters.jellyfin                 I  call setFrameRateCategory for touch hint category=no preference, reason=boost timeout, vri=VRI[VideoPlayerActivity]@633cb25
2026-01-28 21:19:14.665 26724-27003 AidlBufferPool          com.rpeters.jellyfin                 D  bufferpool2 0xb400007313d88138 : 5(40960 size) total buffers - 1(8192 size) used buffers - 357/362 (recycle/alloc) - 7/361 (fetch/transfer)
2026-01-28 21:19:15.242 26724-26741 AidlBufferPool          com.rpeters.jellyfin                 D  bufferpool2 0xb400007313d34648 : 11(92274688 size) total buffers - 11(92274688 size) used buffers - 470/481 (recycle/alloc) - 11/478 (fetch/transfer)
2026-01-28 21:19:15.578 26724-26896 OkHttpClient            com.rpeters.jellyfin                 I  POST https://rpeters1428.huron.usbx.me/jellyfin/Sessions/Playing/Progress
2026-01-28 21:19:15.733 26724-26894 PlaybackProgressManager com.rpeters.jellyfin                 D  Reported progress at 1958983ms for b4a28569-a7c3-84c1-a42f-3ad5df35c269
2026-01-28 21:19:17.905 26724-26894 OkHttpClient            com.rpeters.jellyfin                 I  POST https://rpeters1428.huron.usbx.me/jellyfin/Sessions/Playing/Progress
2026-01-28 21:19:18.029 26724-26724 PlaybackProgressManager com.rpeters.jellyfin                 D  Reported progress at 1960991ms for b4a28569-a7c3-84c1-a42f-3ad5df35c269
2026-01-28 21:19:19.850 26724-27003 AidlBufferPool          com.rpeters.jellyfin                 D  bufferpool2 0xb400007313d88138 : 5(40960 size) total buffers - 1(8192 size) used buffers - 478/483 (recycle/alloc) - 8/482 (fetch/transfer)
2026-01-28 21:19:20.587 26724-26894 OkHttpClient            com.rpeters.jellyfin                 I  POST https://rpeters1428.huron.usbx.me/jellyfin/Sessions/Playing/Progress
2026-01-28 21:19:20.710 26724-26896 PlaybackProgressManager com.rpeters.jellyfin                 D  Reported progress at 1963989ms for b4a28569-a7c3-84c1-a42f-3ad5df35c269
2026-01-28 21:19:20.730 26724-26742 AidlBufferPool          com.rpeters.jellyfin                 D  bufferpool2 0xb400007313d34648 : 11(92274688 size) total buffers - 11(92274688 size) used buffers - 599/610 (recycle/alloc) - 11/610 (fetch/transfer)
2026-01-28 21:19:23.103 26724-26724 VRI[VideoP...y]@633cb25 com.rpeters.jellyfin                 I  ViewPostIme pointer 0
2026-01-28 21:19:23.105 26724-26724 VRI[VideoP...y]@633cb25 com.rpeters.jellyfin                 I  call setFrameRateCategory for touch hint category=high hint, reason=touch, vri=VRI[VideoPlayerActivity]@633cb25
2026-01-28 21:19:23.151 26724-26724 VRI[VideoP...y]@633cb25 com.rpeters.jellyfin                 I  ViewPostIme pointer 1
2026-01-28 21:19:23.735 26724-26724 VRI[VideoP...y]@633cb25 com.rpeters.jellyfin                 I  ViewPostIme pointer 0
2026-01-28 21:19:23.783 26724-26724 VRI[VideoP...y]@633cb25 com.rpeters.jellyfin                 I  ViewPostIme pointer 1
2026-01-28 21:19:23.795 26724-26724 Dialog                  com.rpeters.jellyfin                 I  mIsDeviceDefault = false, mIsSamsungBasicInteraction = false, isMetaDataInActivity = false
2026-01-28 21:19:23.797 26724-26724 DecorView               com.rpeters.jellyfin                 I  setWindowBackground: isPopOver=false color=0 d=android.graphics.drawable.ColorDrawable@9e41d3a
2026-01-28 21:19:23.802 26724-26724 WindowManager           com.rpeters.jellyfin                 I  WindowManagerGlobal#addView, ty=2, view=com.android.internal.policy.DecorView{c738e24 V.E...... R.....I. 0,0-0,0}[VideoPlayerActivity], caller=android.view.WindowManagerImpl.addView:167 android.app.Dialog.show:544 androidx.compose.ui.window.AndroidDialog_androidKt$Dialog$1$1.invoke:220
2026-01-28 21:19:23.802 26724-26724 ViewRootImpl            com.rpeters.jellyfin                 D  desktopMode is false
2026-01-28 21:19:23.802 26724-26724 ViewRootImpl            com.rpeters.jellyfin                 I  dVRR is disabled
2026-01-28 21:19:23.802 26724-26826 NativeCust...ncyManager com.rpeters.jellyfin                 D  [NativeCFMS] BpCustomFrequencyManager::BpCustomFrequencyManager()
2026-01-28 21:19:23.805 26724-26836 perf_hint               com.rpeters.jellyfin                 E  Session ID too large, must fit 32-bit integer
2026-01-28 21:19:23.807 26724-26724 InputTransport          com.rpeters.jellyfin                 D  Input channel constructed: '66f3f2e', fd=286
2026-01-28 21:19:23.808 26724-26724 InsetsController        com.rpeters.jellyfin                 I  onStateChanged: host=com.rpeters.jellyfin/com.rpeters.jellyfin.ui.player.VideoPlayerActivity, from=android.view.ViewRootImpl.onInsetsStateChanged:3038, state=InsetsState: {mDisplayFrame=Rect(0, 0 - 1440, 3120), mDisplayCutout=DisplayCutout{insets=Rect(0, 128 - 0, 0) waterfall=Insets{left=0, top=0, right=0, bottom=0} boundingRect={Bounds=[Rect(0, 0 - 0, 0), Rect(685, 0 - 755, 128), Rect(0, 0 - 0, 0), Rect(0, 0 - 0, 0)]} cutoutPathParserInfo={CutoutPathParserInfo{displayWidth=1440 displayHeight=3120 physicalDisplayWidth=1440 physicalDisplayHeight=3120 density={3.75} cutoutSpec={M 0,0 H -9.333333333333333 V 34.13333333333333 H 9.333333333333333 V 0 H 0 Z @dp} rotation={0} scale={1.0} physicalPixelDisplaySizeRatio={1.0}}} sideOverrides={}}, mRoundedCorners=RoundedCorners{[RoundedCorner{position=TopLeft, radius=56, center=Point(56, 56)}, RoundedCorner{position=TopRight, radius=56, center=Point(1384, 56)}, RoundedCorner{position=BottomRight, radius=56, center=Point(1384, 3064)}, RoundedCorner{position=BottomLeft, radius=56, center=Point(56, 3064)}]}  mRoundedCornerFrame=Rect(0, 0 - 1440, 3120), mPrivacyIndicatorBounds=PrivacyIndicatorBounds {static bounds=Rect(1275, 0 - 1440, 128) rotation=0}, mDisplayShape=DisplayShape{ spec=-311912193 displayWidth=1440 displayHeight=3120 physicalPixelDisplaySizeRatio=1.0 rotation=0 offsetX=0 offsetY=0 scale=1.0}, mSources= { InsetsSource: {91450001 mType=navigationBars mFrame=[0,3064][1440,3120] mAttachedInsets=null mVisible=false mFlags=SUPPRESS_SCRIM mSideHint=BOTTOM mBoundingRects=null}, InsetsSource: {91450004 mType=systemGestures mFrame=[0,0][112,3120] mAttachedInsets=null mVisible=true mFlags= mSideHint=LEFT mBoundingRects=null}, InsetsSource: {91450005 mType=mandatorySystemGestures mFrame=[0,3000][1440,3120] mAttachedInsets=null mVisible=true mFlags= mSideHint=BOTTOM mBoundingRects=null}, InsetsSource: {91450006 mType=tappableElement mFrame=[0,0][0,0] mAttachedInsets=null mVisible=true mFlags= mSideHint=NONE mBoundingRects=null}, InsetsSource: {91450024 mType=systemGestures mFrame=[1328,0][1440,3120] mAttachedInsets=null mVisible=true mFlags= mSideHint=RIGHT mBoundingRects=null}, InsetsSource: {9c550000 mType=statusBars mFrame=[0,0][1440,128] mAttachedInsets=null mVisible=false mFlags= mSideHint=TOP mBoundingRects=null}, InsetsSource: {9c550005 mType=mandatorySystemGestures mFrame=[0,0][1440,173] mAttachedInsets=null mVisible=true mFlags= mSideHint=TOP mBoundingRects=null}, InsetsSource: {9c550006 mType=tappableElement mFrame=[0,0][1440,128] mAttachedInsets=null mVisible=true mFlags= mSideHint=TOP mBoundingRects=null}, InsetsSource: {3 mType=ime mFrame=[0,0][0,0] mAttachedInsets=null mVisible=false mFlags=INVALID mSideHint=NONE mBoundingRects=null}, InsetsSource: {27 mType=displayCutout mFrame=[0,0][1440,128] mAttachedInsets=null mVisible=true mFlags= mSideHint=TOP mBoundingRects=null} }
2026-01-28 21:19:23.808 26724-26724 VRI[VideoP...y]@65aad8d com.rpeters.jellyfin                 I  synced displayState. AttachInfo displayState=2
2026-01-28 21:19:23.808 26724-26724 VRI[VideoP...y]@65aad8d com.rpeters.jellyfin                 I  setView = com.android.internal.policy.DecorView@c738e24 IsHRR=false mFlingFrameRateChange=0 TM=true
2026-01-28 21:19:23.809 26724-26724 WindowOnBackDispatcher  com.rpeters.jellyfin                 D  setTopOnBackInvokedCallback (unwrapped): android.app.Dialog$$ExternalSyntheticLambda4@5d19589
2026-01-28 21:19:23.809 26724-26724 WindowOnBackDispatcher  com.rpeters.jellyfin                 D  setTopOnBackInvokedCallback (unwrapped): androidx.navigationevent.OnBackInvokedInput$createOnBackAnimationCallback$1@6c2998e
2026-01-28 21:19:23.831 26724-26724 BufferQueueProducer     com.rpeters.jellyfin                 I  [](id:686400000004,api:0,p:0,c:26724) setDequeueTimeout:2077252342
2026-01-28 21:19:23.831 26724-26724 BLASTBufferQueue_Java   com.rpeters.jellyfin                 I  new BLASTBufferQueue, mName= VRI[VideoPlayerActivity]@65aad8d mNativeObject= 0xb4000073e3d5fdd0 caller= android.view.ViewRootImpl.updateBlastSurfaceIfNeeded:3603 android.view.ViewRootImpl.relayoutWindow:11809 android.view.ViewRootImpl.performTraversals:4839 android.view.ViewRootImpl.doTraversal:3959 android.view.ViewRootImpl$TraversalRunnable.run:13030 android.view.Choreographer$CallbackRecord.run:1961 android.view.Choreographer$CallbackRecord.run:1970 android.view.Choreographer.doCallbacks:1423 android.view.Choreographer.doFrame:1348 android.view.Choreographer$FrameDisplayEventReceiver.run:1930
2026-01-28 21:19:23.831 26724-26724 BLASTBufferQueue_Java   com.rpeters.jellyfin                 I  update, w= 1560 h= 1530 mName = VRI[VideoPlayerActivity]@65aad8d mNativeObject= 0xb4000073e3d5fdd0 sc.mNativeObject= 0xb400007273d021d0 format= -2 caller= android.view.ViewRootImpl.updateBlastSurfaceIfNeeded:3608 android.view.ViewRootImpl.relayoutWindow:11809 android.view.ViewRootImpl.performTraversals:4839 android.view.ViewRootImpl.doTraversal:3959 android.view.ViewRootImpl$TraversalRunnable.run:13030 android.view.Choreographer$CallbackRecord.run:1961
2026-01-28 21:19:23.832 26724-26724 VRI[VideoP...y]@65aad8d com.rpeters.jellyfin                 I  Relayout returned: old=(0,128,1440,3120) new=(120,1039,1320,2209) relayoutAsync=false req=(1200,1170)0 dur=2 res=0x3 s={true 0xb400007333e0f3b0} ch=true seqId=0
2026-01-28 21:19:23.832 26724-26724 VRI[VideoP...y]@65aad8d com.rpeters.jellyfin                 I  performConfigurationChange setNightDimText nightDimLevel=0
2026-01-28 21:19:23.833 26724-26724 VRI[VideoP...y]@65aad8d com.rpeters.jellyfin                 D  mThreadedRenderer.initialize() mSurface={isValid=true 0xb400007333e0f3b0} hwInitialized=true
2026-01-28 21:19:23.838 26724-26724 VRI[VideoP...y]@65aad8d com.rpeters.jellyfin                 D  reportNextDraw android.view.ViewRootImpl.performTraversals:5503 android.view.ViewRootImpl.doTraversal:3959 android.view.ViewRootImpl$TraversalRunnable.run:13030 android.view.Choreographer$CallbackRecord.run:1961 android.view.Choreographer$CallbackRecord.run:1970
2026-01-28 21:19:23.838 26724-26724 VRI[VideoP...y]@65aad8d com.rpeters.jellyfin                 D  Setup new sync=wmsSync-VRI[VideoPlayerActivity]@65aad8d#12
2026-01-28 21:19:23.839 26724-26724 VRI[VideoP...y]@65aad8d com.rpeters.jellyfin                 I  Creating new active sync group VRI[VideoPlayerActivity]@65aad8d#13
2026-01-28 21:19:23.839 26724-26724 VRI[VideoP...y]@65aad8d com.rpeters.jellyfin                 D  registerCallbacksForSync syncBuffer=false
2026-01-28 21:19:23.841 26724-26837 VRI[VideoP...y]@65aad8d com.rpeters.jellyfin                 D  Received frameDrawingCallback syncResult=0 frameNum=1.
2026-01-28 21:19:23.841 26724-26837 VRI[VideoP...y]@65aad8d com.rpeters.jellyfin                 I  mWNT: t=0xb400007313d844b0 mBlastBufferQueue=0xb4000073e3d5fdd0 fn= 1 HdrRenderState mRenderHdrSdrRatio=1.0 caller= android.view.ViewRootImpl$12.onFrameDraw:15557 android.view.ThreadedRenderer$1.onFrameDraw:751 <bottom of call stack>
2026-01-28 21:19:23.841 26724-26837 VRI[VideoP...y]@65aad8d com.rpeters.jellyfin                 I  Setting up sync and frameCommitCallback
2026-01-28 21:19:23.842 26724-26826 BLASTBufferQueue        com.rpeters.jellyfin                 I  [VRI[VideoPlayerActivity]@65aad8d#4](f:0,a:0,s:0) onFrameAvailable the first frame is available
2026-01-28 21:19:23.842 26724-26826 SurfaceComposerClient   com.rpeters.jellyfin                 I  apply transaction with the first frame. layerId: 125952, bufferData(ID: 114778706019014, frameNumber: 1)
2026-01-28 21:19:23.842 26724-26826 VRI[VideoP...y]@65aad8d com.rpeters.jellyfin                 I  Received frameCommittedCallback lastAttemptedDrawFrameNum=1 didProduceBuffer=true
2026-01-28 21:19:23.842 26724-26826 HWUI                    com.rpeters.jellyfin                 D  CFMS:: SetUp Pid : 26724    Tid : 26826
2026-01-28 21:19:23.842 26724-26724 VRI[VideoP...y]@65aad8d com.rpeters.jellyfin                 D  reportDrawFinished seqId=0
2026-01-28 21:19:23.844 26724-26826 HWUI                    com.rpeters.jellyfin                 D  HWUI - treat SMPTE_170M as sRGB
2026-01-28 21:19:23.848 26724-26724 BLASTBufferQueue_Java   com.rpeters.jellyfin                 I  update, w= 1560 h= 1530 mName = VRI[VideoPlayerActivity]@65aad8d mNativeObject= 0xb4000073e3d5fdd0 sc.mNativeObject= 0xb400007273d021d0 format= -2 caller= android.view.ViewRootImpl.updateBlastSurfaceIfNeeded:3592 android.view.ViewRootImpl.relayoutWindow:11809 android.view.ViewRootImpl.performTraversals:4839 android.view.ViewRootImpl.doTraversal:3959 android.view.ViewRootImpl$TraversalRunnable.run:13030 android.view.Choreographer$CallbackRecord.run:1961
2026-01-28 21:19:23.848 26724-26724 VRI[VideoP...y]@65aad8d com.rpeters.jellyfin                 I  Relayout returned: old=(120,1039,1320,2209) new=(120,1039,1320,2209) relayoutAsync=true req=(1200,1170)0 dur=0 res=0x0 s={true 0xb400007333e0f3b0} ch=false seqId=0
2026-01-28 21:19:23.852 26724-26724 VRI[VideoP...y]@65aad8d com.rpeters.jellyfin                 I  registerCallbackForPendingTransactions
2026-01-28 21:19:23.852 26724-26836 VRI[VideoP...y]@65aad8d com.rpeters.jellyfin                 I  mWNT: t=0xb400007313d5d6a0 mBlastBufferQueue=0xb4000073e3d5fdd0 fn= 2 HdrRenderState mRenderHdrSdrRatio=1.0 caller= android.view.ViewRootImpl$10.onFrameDraw:6611 android.view.ViewRootImpl$4.onFrameDraw:2485 android.view.ThreadedRenderer$1.onFrameDraw:751
2026-01-28 21:19:23.852 26724-26724 VRI[VideoP...y]@65aad8d com.rpeters.jellyfin                 I  handleResized, frames=ClientWindowFrames{frame=[120,1039][1320,2209] display=[0,128][1440,3120] parentFrame=[0,0][0,0]} displayId=0 dragResizing=false compatScale=1.0 frameChanged=false attachedFrameChanged=false configChanged=false displayChanged=false compatScaleChanged=false dragResizingChanged=false
2026-01-28 21:19:23.853 26724-26724 VRI[VideoP...y]@65aad8d com.rpeters.jellyfin                 I  handleResized mSyncSeqId = 0
2026-01-28 21:19:23.853 26724-26724 VRI[VideoP...y]@65aad8d com.rpeters.jellyfin                 D  reportNextDraw android.view.ViewRootImpl.handleResized:2995 android.view.ViewRootImpl.-$$Nest$mhandleResized:0 android.view.ViewRootImpl$W.resized:14196 android.app.servertransaction.WindowStateResizeItem.execute:81 android.app.servertransaction.WindowStateTransactionItem.execute:62
2026-01-28 21:19:23.853 26724-26724 VRI[VideoP...y]@65aad8d com.rpeters.jellyfin                 D  Setup new sync=wmsSync-VRI[VideoPlayerActivity]@65aad8d#14
2026-01-28 21:19:23.854 26724-26724 VRI[VideoP...y]@65aad8d com.rpeters.jellyfin                 I  Creating new active sync group VRI[VideoPlayerActivity]@65aad8d#15
2026-01-28 21:19:23.854 26724-26724 VRI[VideoP...y]@65aad8d com.rpeters.jellyfin                 D  registerCallbacksForSync syncBuffer=false
2026-01-28 21:19:23.854 26724-26837 VRI[VideoP...y]@65aad8d com.rpeters.jellyfin                 D  Received frameDrawingCallback syncResult=0 frameNum=3.
2026-01-28 21:19:23.854 26724-26837 VRI[VideoP...y]@65aad8d com.rpeters.jellyfin                 I  Setting up sync and frameCommitCallback
2026-01-28 21:19:23.854 26724-26826 VRI[VideoP...y]@65aad8d com.rpeters.jellyfin                 I  Received frameCommittedCallback lastAttemptedDrawFrameNum=3 didProduceBuffer=false
2026-01-28 21:19:23.854 26724-26826 BLASTBufferQueue_Java   com.rpeters.jellyfin                 I  gatherPendingTransactions, mName= VRI[VideoPlayerActivity]@65aad8d mNativeObject= 0xb4000073e3d5fdd0 frameNumber= 3 caller= android.view.ViewRootImpl$12.lambda$onFrameDraw$3:15641 android.view.ViewRootImpl$12.$r8$lambda$CTo3ExVBk8akdVTGlqHPAoYLRVI:0 android.view.ViewRootImpl$12$$ExternalSyntheticLambda1.onFrameCommit:0 android.view.ThreadedRenderer$1.lambda$onFrameDraw$0:763 android.view.ThreadedRenderer$1$$ExternalSyntheticLambda0.onFrameCommit:0 <bottom of call stack>
2026-01-28 21:19:23.854 26724-26724 VRI[VideoP...y]@65aad8d com.rpeters.jellyfin                 D  reportDrawFinished seqId=0
2026-01-28 21:19:23.854 26724-26724 ImeFocusController      com.rpeters.jellyfin                 I  onPreWindowFocus: skipped hasWindowFocus=false mHasImeFocus=true
2026-01-28 21:19:23.854 26724-26724 ImeFocusController      com.rpeters.jellyfin                 I  onPostWindowFocus: skipped hasWindowFocus=false mHasImeFocus=true
2026-01-28 21:19:23.855  1964-1964  SurfaceFlinger          surfaceflinger                       E  alpha changed 1.000 -> 0.000 - Surface(name=66f3f2e com.rpeters.jellyfin/com.rpeters.jellyfin.ui.player.VideoPlayerActivity#125950)/@0xedb88e1 - animation-leash of window_animation#125953
2026-01-28 21:19:23.855  1964-1964  SurfaceFlinger          surfaceflinger                       E  alpha changed 0.000 -> 0.000 - Surface(name=66f3f2e com.rpeters.jellyfin/com.rpeters.jellyfin.ui.player.VideoPlayerActivity#125950)/@0xedb88e1 - animation-leash of window_animation#125953
2026-01-28 21:19:23.863  1964-1964  SurfaceFlinger          surfaceflinger                       E  alpha changed 0.000 -> 0.014 - Surface(name=66f3f2e com.rpeters.jellyfin/com.rpeters.jellyfin.ui.player.VideoPlayerActivity#125950)/@0xedb88e1 - animation-leash of window_animation#125953
2026-01-28 21:19:23.865 26724-26724 VRI[VideoP...y]@65aad8d com.rpeters.jellyfin                 D  mThreadedRenderer.initializeIfNeeded()#2 mSurface={isValid=true 0xb400007333e0f3b0}
2026-01-28 21:19:23.865 26724-26724 InputMethodManagerUtils com.rpeters.jellyfin                 D  startInputInner - Id : 0
2026-01-28 21:19:23.865 26724-26724 InputMethodManager      com.rpeters.jellyfin                 I  startInputInner - IInputMethodManagerGlobalInvoker.startInputOrWindowGainedFocus
2026-01-28 21:19:23.865 26724-26724 InsetsController        com.rpeters.jellyfin                 D  hide(ime())
2026-01-28 21:19:23.866 26724-26724 ImeTracker              com.rpeters.jellyfin                 I  com.rpeters.jellyfin:96ac2d35: onCancelled at PHASE_CLIENT_ALREADY_HIDDEN
2026-01-28 21:19:23.866 26724-26954 InputTransport          com.rpeters.jellyfin                 D  Input channel constructed: 'ClientS', fd=328
2026-01-28 21:19:24.708 26724-26724 VRI[VideoP...y]@65aad8d com.rpeters.jellyfin                 I  ViewPostIme pointer 0
2026-01-28 21:19:24.710 26724-26724 VRI[VideoP...y]@65aad8d com.rpeters.jellyfin                 I  call setFrameRateCategory for touch hint category=high hint, reason=touch, vri=VRI[VideoPlayerActivity]@65aad8d
2026-01-28 21:19:24.791 26724-26724 VRI[VideoP...y]@65aad8d com.rpeters.jellyfin                 I  ViewPostIme pointer 1
2026-01-28 21:19:24.794 26724-26724 MediaRouter             com.rpeters.jellyfin                 V  Selecting route: UserRouteInfo{ name=SHIELD, description=SHIELD Android TV, status=null, category=RouteCategory{ name=Devices types=ROUTE_TYPE_USER  groupable=false }, supportedTypes=ROUTE_TYPE_USER , presentationDisplay=null }
2026-01-28 21:19:24.795 26724-26724 MediaRouter             com.rpeters.jellyfin                 I  Skip setBluetoothA2dpOn(): types=8388611, isPlaybackActive()=true, BT route=null
2026-01-28 21:19:24.795 26724-26724 AxMediaRouter           com.rpeters.jellyfin                 W  Ignoring attempt to select selected route: MediaRouter.RouteInfo{ uniqueId=com.google.android.gms/.cast.media.CastMediaRoute2ProviderService_Persistent:e1ec065b9d50360c6a754bbf08d9db33, name=SHIELD, description=SHIELD Android TV, iconUri=null, enabled=true, isSystemRoute=false, connectionState=0, canDisconnect=false, playbackType=1, playbackStream=-1, deviceType=1, volumeHandling=0, volume=0, volumeMax=20, presentationDisplayId=-1, extras=Bundle[mParcelledData.dataSize=1092], settingsIntent=null, providerPackageName=com.google.android.gms }
2026-01-28 21:19:24.795 26724-26724 MediaRouterCallback     com.rpeters.jellyfin                 I  onRouteSelected with reason = 3, routeId = com.google.android.gms/.cast.media.CastMediaRoute2ProviderService_Persistent:e1ec065b9d50360c6a754bbf08d9db33
2026-01-28 21:19:24.796 26724-26724 MediaRouterCallback     com.rpeters.jellyfin                 I  onRouteSelected with reason = 3, routeId = com.google.android.gms/.cast.media.CastMediaRoute2ProviderService_Persistent:e1ec065b9d50360c6a754bbf08d9db33
2026-01-28 21:19:24.796 26724-26724 MRCallbackImpl          com.rpeters.jellyfin                 I  the route (com.google.android.gms/.cast.media.CastMediaRoute2ProviderService_Persistent:e1ec065b9d50360c6a754bbf08d9db33) is selected with the requested route ID: com.google.android.gms/.cast.media.CastMediaRoute2ProviderService_Persistent:e1ec065b9d50360c6a754bbf08d9db33
2026-01-28 21:19:24.807 26724-26724 DynamiteModule          com.rpeters.jellyfin                 I  Considering local module com.google.android.gms.cast.framework.dynamite:0 and remote module com.google.android.gms.cast.framework.dynamite:260331000
2026-01-28 21:19:24.807 26724-26724 DynamiteModule          com.rpeters.jellyfin                 I  Selected remote version of com.google.android.gms.cast.framework.dynamite, version >= 260331000
2026-01-28 21:19:24.807 26724-26724 DynamiteModule          com.rpeters.jellyfin                 V  Dynamite loader version >= 2, using loadModule2NoCrashUtils
2026-01-28 21:19:24.816 26724-26724 CastDynamiteModuleImpl  com.rpeters.jellyfin                 I  sh created by ClassLoader dalvik.system.DelegateLastClassLoader[DexPathList[[zip file "/data/app/~~-sdG_En4yn4lftc5-B4oKg==/com.google.android.gms-dY-FyulTp-KxdVKH_VZh2Q==/split_DynamiteModulesC_installtime.apk"],nativeLibraryDirectories=[/data/app/~~-sdG_En4yn4lftc5-B4oKg==/com.google.android.gms-dY-FyulTp-KxdVKH_VZh2Q==/split_DynamiteModulesC_installtime.apk!/lib/arm64-v8a, /system/lib64, /system_ext/lib64]]].
2026-01-28 21:19:24.829 26724-26724 DynamiteModule          com.rpeters.jellyfin                 I  Considering local module com.google.android.gms.cast.framework.dynamite:0 and remote module com.google.android.gms.cast.framework.dynamite:260331000
2026-01-28 21:19:24.829 26724-26724 DynamiteModule          com.rpeters.jellyfin                 I  Selected remote version of com.google.android.gms.cast.framework.dynamite, version >= 260331000
2026-01-28 21:19:24.829 26724-26724 DynamiteModule          com.rpeters.jellyfin                 V  Dynamite loader version >= 2, using loadModule2NoCrashUtils
2026-01-28 21:19:24.830 26724-26724 CastDynamiteModuleImpl  com.rpeters.jellyfin                 I  sh created by ClassLoader dalvik.system.DelegateLastClassLoader[DexPathList[[zip file "/data/app/~~-sdG_En4yn4lftc5-B4oKg==/com.google.android.gms-dY-FyulTp-KxdVKH_VZh2Q==/split_DynamiteModulesC_installtime.apk"],nativeLibraryDirectories=[/data/app/~~-sdG_En4yn4lftc5-B4oKg==/com.google.android.gms-dY-FyulTp-KxdVKH_VZh2Q==/split_DynamiteModulesC_installtime.apk!/lib/arm64-v8a, /system/lib64, /system_ext/lib64]]].
2026-01-28 21:19:24.830 26724-26724 SessionImpl             com.rpeters.jellyfin                 I  starting session
2026-01-28 21:19:24.833 26724-26724 peters.jellyfin         com.rpeters.jellyfin                 W  Method void com.google.android.gms.cast.zzbm.zzW() failed lock verification and will run slower.
2026-01-28 21:19:24.833 26724-26724 peters.jellyfin         com.rpeters.jellyfin                 W  Method void com.google.android.gms.cast.zzbm.zzZ(com.google.android.gms.tasks.TaskCompletionSource) failed lock verification and will run slower.
2026-01-28 21:19:24.833 26724-26724 peters.jellyfin         com.rpeters.jellyfin                 W  Method void com.google.android.gms.cast.zzbm.zzaa(int) failed lock verification and will run slower.
2026-01-28 21:19:24.833 26724-26724 peters.jellyfin         com.rpeters.jellyfin                 W  Method void com.google.android.gms.cast.zzbm.zzG(com.google.android.gms.cast.Cast$ApplicationConnectionResult) failed lock verification and will run slower.
2026-01-28 21:19:24.839 26724-26724 WindowManager           com.rpeters.jellyfin                 I  WindowManagerGlobal#removeView, ty=2, view=com.android.internal.policy.DecorView{c738e24 V.E...... R......D 0,0-1200,1170 aid=1073741828}[VideoPlayerActivity], caller=android.view.WindowManagerGlobal.removeView:654 android.view.WindowManagerImpl.removeViewImmediate:254 android.app.Dialog.dismissDialog:854
