2026-02-02 19:13:49.508  7117-7117  VRI[VideoP...y]@17d6266 com.rpeters.jellyfin                 D  mThreadedRenderer.initialize() mSurface={isValid=true 0xb400007333e0d9f0} hwInitialized=true
2026-02-02 19:13:49.509  7117-7117  SurfaceView             com.rpeters.jellyfin                 D  90962158 updateSurface: has no frame
2026-02-02 19:13:49.512  7117-7117  SV[9096215...rActivity] com.rpeters.jellyfin                 I  windowStopped(false) true android.view.SurfaceView{56bf8ee V.E...... ......ID 0,0-1440,3120} of VRI[VideoPlayerActivity]@17d6266
2026-02-02 19:13:49.512  7117-7117  SurfaceView             com.rpeters.jellyfin                 D  90962158 updateSurface: has no frame
2026-02-02 19:13:49.512  7117-7117  VRI[VideoP...y]@17d6266 com.rpeters.jellyfin                 D  reportNextDraw android.view.ViewRootImpl.performTraversals:5503 android.view.ViewRootImpl.doTraversal:3959 android.view.ViewRootImpl$TraversalRunnable.run:13030 android.view.Choreographer$CallbackRecord.run:1961 android.view.Choreographer$CallbackRecord.run:1970
2026-02-02 19:13:49.512  7117-7117  SurfaceView             com.rpeters.jellyfin                 I  90962158 Changes: creating=true format=true size=true visible=true alpha=false hint=false left=true top=true z=false attached=true lifecycleStrategy=true
2026-02-02 19:13:49.513  7117-7117  BufferQueueProducer     com.rpeters.jellyfin                 I  [](id:1bcd00000002,api:0,p:0,c:7117) setDequeueTimeout:2077252342
2026-02-02 19:13:49.514  7117-7117  BLASTBufferQueue_Java   com.rpeters.jellyfin                 I  new BLASTBufferQueue, mName= 56bf8ee SurfaceView[com.rpeters.jellyfin/com.rpeters.jellyfin.ui.player.VideoPlayerActivity]@0 mNativeObject= 0xb4000073e3d06ae0 caller= android.view.SurfaceView.createBlastSurfaceControls:1878 android.view.SurfaceView.updateSurface:1519 android.view.SurfaceView.lambda$new$0:283 android.view.SurfaceView.$r8$lambda$NfZyM_TG8F8lqzaOVZ7noREFjzU:0 android.view.SurfaceView$$ExternalSyntheticLambda1.onPreDraw:0 android.view.ViewTreeObserver.dispatchOnPreDraw:1295 android.view.ViewRootImpl.performTraversals:5508 android.view.ViewRootImpl.doTraversal:3959 android.view.ViewRootImpl$TraversalRunnable.run:13030 android.view.Choreographer$CallbackRecord.run:1961
2026-02-02 19:13:49.514  7117-7117  BLASTBufferQueue_Java   com.rpeters.jellyfin                 I  update, w= 1440 h= 3120 mName = 56bf8ee SurfaceView[com.rpeters.jellyfin/com.rpeters.jellyfin.ui.player.VideoPlayerActivity]@0 mNativeObject= 0xb4000073e3d06ae0 sc.mNativeObject= 0xb400007273d26ad0 format= 4 caller= android.view.SurfaceView.createBlastSurfaceControls:1879 android.view.SurfaceView.updateSurface:1519 android.view.SurfaceView.lambda$new$0:283 android.view.SurfaceView.$r8$lambda$NfZyM_TG8F8lqzaOVZ7noREFjzU:0 android.view.SurfaceView$$ExternalSyntheticLambda1.onPreDraw:0 android.view.ViewTreeObserver.dispatchOnPreDraw:1295
2026-02-02 19:13:49.514  7117-7117  SurfaceView             com.rpeters.jellyfin                 I  90962158 Cur surface: Surface(name=null mNativeObject=0)/@0x10308bb
2026-02-02 19:13:49.514  7117-7117  SV[9096215...rActivity] com.rpeters.jellyfin                 I  pST: sr = Rect(0, 0 - 1440, 3120) sw = 1440 sh = 3120
2026-02-02 19:13:49.514  7117-7117  SurfaceView             com.rpeters.jellyfin                 D  90962158 performSurfaceTransaction RenderWorker position = [0, 0, 1440, 3120] surfaceSize = 1440x3120
2026-02-02 19:13:49.514  7117-7117  SV[9096215...rActivity] com.rpeters.jellyfin                 I  updateSurface: mVisible = true mSurface.isValid() = true
2026-02-02 19:13:49.514  7117-7117  SV[9096215...rActivity] com.rpeters.jellyfin                 I  updateSurface: mSurfaceCreated = false surfaceChanged = true visibleChanged = true
2026-02-02 19:13:49.514  7117-7117  SurfaceView             com.rpeters.jellyfin                 I  90962158 visibleChanged -- surfaceCreated
2026-02-02 19:13:49.514  7117-7117  SV[9096215...rActivity] com.rpeters.jellyfin                 I  surfaceCreated 0 #8 android.view.SurfaceView{56bf8ee V.E...... ......ID 0,0-1440,3120}
2026-02-02 19:13:49.514  7117-7117  SurfaceView             com.rpeters.jellyfin                 I  90962158 surfaceChanged -- format=4 w=1440 h=3120
2026-02-02 19:13:49.514  7117-7117  SV[9096215...rActivity] com.rpeters.jellyfin                 I  surfaceChanged (1440,3120) 0 #8 android.view.SurfaceView{56bf8ee V.E...... ......ID 0,0-1440,3120}
2026-02-02 19:13:49.514  7117-7117  SurfaceView             com.rpeters.jellyfin                 I  90962158 surfaceRedrawNeeded
2026-02-02 19:13:49.514  7117-7117  SurfaceView             com.rpeters.jellyfin                 I  90962158 finishedDrawing
2026-02-02 19:13:49.514  7117-7117  SurfaceView             com.rpeters.jellyfin                 V  Layout: x=0 y=0 w=1440 h=3120, frame=Rect(0, 0 - 1440, 3120)
2026-02-02 19:13:49.514  7117-7117  VRI[VideoP...y]@17d6266 com.rpeters.jellyfin                 D  Setup new sync=wmsSync-VRI[VideoPlayerActivity]@17d6266#3
2026-02-02 19:13:49.514  7117-7117  VRI[VideoP...y]@17d6266 com.rpeters.jellyfin                 I  Creating new active sync group VRI[VideoPlayerActivity]@17d6266#4
2026-02-02 19:13:49.514  7117-7117  VRI[VideoP...y]@17d6266 com.rpeters.jellyfin                 D  registerCallbacksForSync syncBuffer=false
2026-02-02 19:13:49.527  7117-7242  SurfaceView             com.rpeters.jellyfin                 D  90962158 updateSurfacePosition RenderWorker, frameNr = 1, position = [0, 0, 1440, 3120] surfaceSize = 1440x3120
2026-02-02 19:13:49.527  7117-7242  SV[9096215...rActivity] com.rpeters.jellyfin                 I  uSP: rtp = Rect(0, 0 - 1440, 3120) rtsw = 1440 rtsh = 3120
2026-02-02 19:13:49.527  7117-7242  SV[9096215...rActivity] com.rpeters.jellyfin                 I  onSSPAndSRT: pl = 0 pt = 0 sx = 1.0 sy = 1.0
2026-02-02 19:13:49.527  7117-7242  SV[9096215...rActivity] com.rpeters.jellyfin                 I  aOrMT: VRI[VideoPlayerActivity]@17d6266 t = android.view.SurfaceControl$Transaction@6ca6bf3 fN = 1 android.view.SurfaceView.-$$Nest$mapplyOrMergeTransaction:0 android.view.SurfaceView$SurfaceViewPositionUpdateListener.positionChanged:2029 android.graphics.RenderNode$CompositePositionUpdateListener.positionChanged:401
2026-02-02 19:13:49.527  7117-7242  VRI[VideoP...y]@17d6266 com.rpeters.jellyfin                 I  mWNT: t=0xb400007313d08930 mBlastBufferQueue=0xb4000073e3d77920 fn= 1 HdrRenderState mRenderHdrSdrRatio=1.0 caller= android.view.SurfaceView.applyOrMergeTransaction:1960 android.view.SurfaceView.-$$Nest$mapplyOrMergeTransaction:0 android.view.SurfaceView$SurfaceViewPositionUpdateListener.positionChanged:2029
2026-02-02 19:13:49.527  7117-7266  VRI[VideoP...y]@17d6266 com.rpeters.jellyfin                 D  Received frameDrawingCallback syncResult=0 frameNum=1.
2026-02-02 19:13:49.527  7117-7266  VRI[VideoP...y]@17d6266 com.rpeters.jellyfin                 I  mWNT: t=0xb400007313d85980 mBlastBufferQueue=0xb4000073e3d77920 fn= 1 HdrRenderState mRenderHdrSdrRatio=1.0 caller= android.view.ViewRootImpl$12.onFrameDraw:15557 android.view.ThreadedRenderer$1.onFrameDraw:751 <bottom of call stack>
2026-02-02 19:13:49.527  7117-7266  VRI[VideoP...y]@17d6266 com.rpeters.jellyfin                 I  Setting up sync and frameCommitCallback
2026-02-02 19:13:49.529  7117-7242  BLASTBufferQueue        com.rpeters.jellyfin                 I  [VRI[VideoPlayerActivity]@17d6266#1](f:0,a:0,s:0) onFrameAvailable the first frame is available
2026-02-02 19:13:49.529  7117-7242  SurfaceComposerClient   com.rpeters.jellyfin                 I  apply transaction with the first frame. layerId: 175050, bufferData(ID: 30567282245649, frameNumber: 1)
2026-02-02 19:13:49.529  7117-7242  VRI[VideoP...y]@17d6266 com.rpeters.jellyfin                 I  Received frameCommittedCallback lastAttemptedDrawFrameNum=1 didProduceBuffer=true
2026-02-02 19:13:49.530  7117-7242  HWUI                    com.rpeters.jellyfin                 D  CFMS:: SetUp Pid : 7117    Tid : 7242
2026-02-02 19:13:49.530  7117-7117  VRI[VideoP...y]@17d6266 com.rpeters.jellyfin                 D  reportDrawFinished seqId=0
2026-02-02 19:13:49.531  7117-7242  HWUI                    com.rpeters.jellyfin                 D  HWUI - treat SMPTE_170M as sRGB
2026-02-02 19:13:49.531  7117-7117  ImeFocusController      com.rpeters.jellyfin                 I  onPreWindowFocus: skipped hasWindowFocus=false mHasImeFocus=true
2026-02-02 19:13:49.531  7117-7117  ImeFocusController      com.rpeters.jellyfin                 I  onPostWindowFocus: skipped hasWindowFocus=false mHasImeFocus=true
2026-02-02 19:13:49.536  7117-7117  InsetsController        com.rpeters.jellyfin                 I  onStateChanged: host=com.rpeters.jellyfin/com.rpeters.jellyfin.ui.player.VideoPlayerActivity, from=android.view.ViewRootImpl.onInsetsStateChanged:3038, state=InsetsState: {mDisplayFrame=Rect(0, 0 - 1440, 3120), mDisplayCutout=DisplayCutout{insets=Rect(0, 128 - 0, 0) waterfall=Insets{left=0, top=0, right=0, bottom=0} boundingRect={Bounds=[Rect(0, 0 - 0, 0), Rect(685, 0 - 755, 128), Rect(0, 0 - 0, 0), Rect(0, 0 - 0, 0)]} cutoutPathParserInfo={CutoutPathParserInfo{displayWidth=1440 displayHeight=3120 physicalDisplayWidth=1440 physicalDisplayHeight=3120 density={3.75} cutoutSpec={M 0,0 H -9.333333333333333 V 34.13333333333333 H 9.333333333333333 V 0 H 0 Z @dp} rotation={0} scale={1.0} physicalPixelDisplaySizeRatio={1.0}}} sideOverrides={}}, mRoundedCorners=RoundedCorners{[RoundedCorner{position=TopLeft, radius=56, center=Point(56, 56)}, RoundedCorner{position=TopRight, radius=56, center=Point(1384, 56)}, RoundedCorner{position=BottomRight, radius=56, center=Point(1384, 3064)}, RoundedCorner{position=BottomLeft, radius=56, center=Point(56, 3064)}]}  mRoundedCornerFrame=Rect(0, 0 - 1440, 3120), mPrivacyIndicatorBounds=PrivacyIndicatorBounds {static bounds=Rect(1275, 0 - 1440, 128) rotation=0}, mDisplayShape=DisplayShape{ spec=-311912193 displayWidth=1440 displayHeight=3120 physicalPixelDisplaySizeRatio=1.0 rotation=0 offsetX=0 offsetY=0 scale=1.0}, mSources= { InsetsSource: {91450001 mType=navigationBars mFrame=[0,3064][1440,3120] mAttachedInsets=null mVisible=true mFlags=SUPPRESS_SCRIM mSideHint=BOTTOM mBoundingRects=null}, InsetsSource: {91450004 mType=systemGestures mFrame=[0,0][112,3120] mAttachedInsets=null mVisible=true mFlags= mSideHint=LEFT mBoundingRects=null}, InsetsSource: {91450005 mType=mandatorySystemGestures mFrame=[0,3000][1440,3120] mAttachedInsets=null mVisible=true mFlags= mSideHint=BOTTOM mBoundingRects=null}, InsetsSource: {91450006 mType=tappableElement mFrame=[0,0][0,0] mAttachedInsets=null mVisible=true mFlags= mSideHint=NONE mBoundingRects=null}, InsetsSource: {91450024 mType=systemGestures mFrame=[1328,0][1440,3120] mAttachedInsets=null mVisible=true mFlags= mSideHint=RIGHT mBoundingRects=null}, InsetsSource: {9c550000 mType=statusBars mFrame=[0,0][1440,128] mAttachedInsets=null mVisible=true mFlags= mSideHint=TOP mBoundingRects=null}, InsetsSource: {9c550005 mType=mandatorySystemGestures mFrame=[0,0][1440,173] mAttachedInsets=null mVisible=true mFlags= mSideHint=TOP mBoundingRects=null}, InsetsSource: {9c550006 mType=tappableElement mFrame=[0,0][1440,128] mAttachedInsets=null mVisible=true mFlags= mSideHint=TOP mBoundingRects=null}, InsetsSource: {3 mType=ime mFrame=[0,0][0,0] mAttachedInsets=null mVisible=false mFlags=INVALID mSideHint=NONE mBoundingRects=null}, InsetsSource: {27 mType=displayCutout mFrame=[0,0][1440,128] mAttachedInsets=null mVisible=true mFlags= mSideHint=TOP mBoundingRects=null} }
2026-02-02 19:13:49.536  7117-7117  InsetsController        com.rpeters.jellyfin                 I  onStateChanged: host=com.rpeters.jellyfin/com.rpeters.jellyfin.ui.player.VideoPlayerActivity, from=android.view.ViewRootImpl.onInsetsStateChanged:3038, state=InsetsState: {mDisplayFrame=Rect(0, 0 - 1440, 3120), mDisplayCutout=DisplayCutout{insets=Rect(0, 128 - 0, 0) waterfall=Insets{left=0, top=0, right=0, bottom=0} boundingRect={Bounds=[Rect(0, 0 - 0, 0), Rect(685, 0 - 755, 128), Rect(0, 0 - 0, 0), Rect(0, 0 - 0, 0)]} cutoutPathParserInfo={CutoutPathParserInfo{displayWidth=1440 displayHeight=3120 physicalDisplayWidth=1440 physicalDisplayHeight=3120 density={3.75} cutoutSpec={M 0,0 H -9.333333333333333 V 34.13333333333333 H 9.333333333333333 V 0 H 0 Z @dp} rotation={0} scale={1.0} physicalPixelDisplaySizeRatio={1.0}}} sideOverrides={}}, mRoundedCorners=RoundedCorners{[RoundedCorner{position=TopLeft, radius=56, center=Point(56, 56)}, RoundedCorner{position=TopRight, radius=56, center=Point(1384, 56)}, RoundedCorner{position=BottomRight, radius=56, center=Point(1384, 3064)}, RoundedCorner{position=BottomLeft, radius=56, center=Point(56, 3064)}]}  mRoundedCornerFrame=Rect(0, 0 - 1440, 3120), mPrivacyIndicatorBounds=PrivacyIndicatorBounds {static bounds=Rect(1275, 0 - 1440, 128) rotation=0}, mDisplayShape=DisplayShape{ spec=-311912193 displayWidth=1440 displayHeight=3120 physicalPixelDisplaySizeRatio=1.0 rotation=0 offsetX=0 offsetY=0 scale=1.0}, mSources= { InsetsSource: {91450001 mType=navigationBars mFrame=[0,3064][1440,3120] mAttachedInsets=null mVisible=false mFlags=SUPPRESS_SCRIM mSideHint=BOTTOM mBoundingRects=null}, InsetsSource: {91450004 mType=systemGestures mFrame=[0,0][112,3120] mAttachedInsets=null mVisible=true mFlags= mSideHint=LEFT mBoundingRects=null}, InsetsSource: {91450005 mType=mandatorySystemGestures mFrame=[0,3000][1440,3120] mAttachedInsets=null mVisible=true mFlags= mSideHint=BOTTOM mBoundingRects=null}, InsetsSource: {91450006 mType=tappableElement mFrame=[0,0][0,0] mAttachedInsets=null mVisible=true mFlags= mSideHint=NONE mBoundingRects=null}, InsetsSource: {91450024 mType=systemGestures mFrame=[1328,0][1440,3120] mAttachedInsets=null mVisible=true mFlags= mSideHint=RIGHT mBoundingRects=null}, InsetsSource: {9c550000 mType=statusBars mFrame=[0,0][1440,128] mAttachedInsets=null mVisible=false mFlags= mSideHint=TOP mBoundingRects=null}, InsetsSource: {9c550005 mType=mandatorySystemGestures mFrame=[0,0][1440,173] mAttachedInsets=null mVisible=true mFlags= mSideHint=TOP mBoundingRects=null}, InsetsSource: {9c550006 mType=tappableElement mFrame=[0,0][1440,128] mAttachedInsets=null mVisible=true mFlags= mSideHint=TOP mBoundingRects=null}, InsetsSource: {3 mType=ime mFrame=[0,0][0,0] mAttachedInsets=null mVisible=false mFlags=INVALID mSideHint=NONE mBoundingRects=null}, InsetsSource: {27 mType=displayCutout mFrame=[0,0][1440,128] mAttachedInsets=null mVisible=true mFlags= mSideHint=TOP mBoundingRects=null} }
2026-02-02 19:13:49.536  7117-7117  VRI[VideoP...y]@17d6266 com.rpeters.jellyfin                 I  handleResized, frames=ClientWindowFrames{frame=[0,0][1440,3120] display=[0,0][1440,3120] parentFrame=[0,0][0,0]} displayId=0 dragResizing=false compatScale=1.0 frameChanged=false attachedFrameChanged=false configChanged=false displayChanged=false compatScaleChanged=false dragResizingChanged=false
2026-02-02 19:13:49.536  7117-7117  VRI[VideoP...y]@17d6266 com.rpeters.jellyfin                 I  handleResized mSyncSeqId = 0
2026-02-02 19:13:49.536  7117-7117  VRI[VideoP...y]@17d6266 com.rpeters.jellyfin                 D  reportNextDraw android.view.ViewRootImpl.handleResized:2995 android.view.ViewRootImpl.-$$Nest$mhandleResized:0 android.view.ViewRootImpl$W.resized:14196 android.app.servertransaction.WindowStateResizeItem.execute:81 android.app.servertransaction.WindowStateTransactionItem.execute:62
2026-02-02 19:13:49.540  1964-1964  SurfaceFlinger          surfaceflinger                       E  alpha changed 1.000 -> 0.000 - ActivityRecord{37706447 u0 com.rpeters.jellyfin/.ui.player.VideoPlayerActivity t1797}#175048
2026-02-02 19:13:49.540  1964-1964  SurfaceFlinger          surfaceflinger                       E  alpha changed 1.000 -> 0.000 - DimTransitionLayer for Surface(name=ActivityRecord{204155534 u0 com.rpeters.jellyfin/.MainActivity t1797}#175007)/@0x7745e12#175058
2026-02-02 19:13:49.540  1964-1964  SurfaceFlinger          surfaceflinger                       E  alpha changed 0.000 -> 0.000 - DimTransitionLayer for Surface(name=ActivityRecord{204155534 u0 com.rpeters.jellyfin/.MainActivity t1797}#175007)/@0x7745e12#175058
2026-02-02 19:13:49.540  1964-1964  SurfaceFlinger          surfaceflinger                       E  alpha changed 0.000 -> 1.000 - ActivityRecord{37706447 u0 com.rpeters.jellyfin/.ui.player.VideoPlayerActivity t1797}#175048
2026-02-02 19:13:49.542  7117-7117  VRI[VideoP...y]@17d6266 com.rpeters.jellyfin                 D  Setup new sync=wmsSync-VRI[VideoPlayerActivity]@17d6266#5
2026-02-02 19:13:49.542  7117-7117  VRI[VideoP...y]@17d6266 com.rpeters.jellyfin                 I  Creating new active sync group VRI[VideoPlayerActivity]@17d6266#6
2026-02-02 19:13:49.542  7117-7117  VRI[VideoP...y]@17d6266 com.rpeters.jellyfin                 D  registerCallbacksForSync syncBuffer=false
2026-02-02 19:13:49.542  7117-7265  VRI[VideoP...y]@17d6266 com.rpeters.jellyfin                 I  mWNT: t=0xb400007313d4f1b0 mBlastBufferQueue=0xb4000073e3d77920 fn= 3 HdrRenderState mRenderHdrSdrRatio=1.0 caller= android.view.SyncRtSurfaceTransactionApplier.applyTransaction:102 android.view.SyncRtSurfaceTransactionApplier.lambda$scheduleApply$0:75 android.view.SyncRtSurfaceTransactionApplier.$r8$lambda$afI4fXg3U3-nBZQEDQMiNy-B06s:0
2026-02-02 19:13:49.542  7117-7265  VRI[VideoP...y]@17d6266 com.rpeters.jellyfin                 D  Received frameDrawingCallback syncResult=0 frameNum=3.
2026-02-02 19:13:49.542  7117-7265  VRI[VideoP...y]@17d6266 com.rpeters.jellyfin                 I  Setting up sync and frameCommitCallback
2026-02-02 19:13:49.544  7117-7242  VRI[VideoP...y]@17d6266 com.rpeters.jellyfin                 I  Received frameCommittedCallback lastAttemptedDrawFrameNum=3 didProduceBuffer=true
2026-02-02 19:13:49.544  7117-7117  VRI[VideoP...y]@17d6266 com.rpeters.jellyfin                 D  reportDrawFinished seqId=0
2026-02-02 19:13:49.545  7117-7117  VRI[VideoP...y]@17d6266 com.rpeters.jellyfin                 D  mThreadedRenderer.initializeIfNeeded()#2 mSurface={isValid=true 0xb400007333e0d9f0}
2026-02-02 19:13:49.545  7117-7117  InputMethodManagerUtils com.rpeters.jellyfin                 D  startInputInner - Id : 0
2026-02-02 19:13:49.545  7117-7117  InputMethodManager      com.rpeters.jellyfin                 I  startInputInner - IInputMethodManagerGlobalInvoker.startInputOrWindowGainedFocus
2026-02-02 19:13:49.545  7117-7117  InsetsController        com.rpeters.jellyfin                 D  hide(ime())
2026-02-02 19:13:49.546  7117-7117  ImeTracker              com.rpeters.jellyfin                 I  com.rpeters.jellyfin:175ac734: onCancelled at PHASE_CLIENT_ALREADY_HIDDEN
2026-02-02 19:13:49.546  7117-7301  InputTransport          com.rpeters.jellyfin                 D  Input channel constructed: 'ClientS', fd=302
2026-02-02 19:13:49.547  7117-7200  TRuntime.C...ortBackend com.rpeters.jellyfin                 I  Making request to: https://firebaselogging-pa.googleapis.com/v1/firelog/legacy/batchlog
2026-02-02 19:13:49.550  7117-7266  VRI[VideoP...y]@17d6266 com.rpeters.jellyfin                 I  mWNT: t=0xb400007313d10f50 mBlastBufferQueue=0xb4000073e3d77920 fn= 4 HdrRenderState mRenderHdrSdrRatio=1.0 caller= android.view.SyncRtSurfaceTransactionApplier.applyTransaction:102 android.view.SyncRtSurfaceTransactionApplier.lambda$scheduleApply$0:75 android.view.SyncRtSurfaceTransactionApplier.$r8$lambda$afI4fXg3U3-nBZQEDQMiNy-B06s:0
2026-02-02 19:13:49.557  1964-1964  SurfaceFlinger          surfaceflinger                       E  alpha changed 0.000 -> 0.010 - DimTransitionLayer for Surface(name=ActivityRecord{204155534 u0 com.rpeters.jellyfin/.MainActivity t1797}#175007)/@0x7745e12#175058
2026-02-02 19:13:49.558  7117-7265  VRI[VideoP...y]@17d6266 com.rpeters.jellyfin                 I  mWNT: t=0xb400007313d36640 mBlastBufferQueue=0xb4000073e3d77920 fn= 5 HdrRenderState mRenderHdrSdrRatio=1.0 caller= android.view.SyncRtSurfaceTransactionApplier.applyTransaction:102 android.view.SyncRtSurfaceTransactionApplier.lambda$scheduleApply$0:75 android.view.SyncRtSurfaceTransactionApplier.$r8$lambda$afI4fXg3U3-nBZQEDQMiNy-B06s:0
2026-02-02 19:13:49.567  7117-7266  VRI[VideoP...y]@17d6266 com.rpeters.jellyfin                 I  mWNT: t=0xb400007313d34a80 mBlastBufferQueue=0xb4000073e3d77920 fn= 6 HdrRenderState mRenderHdrSdrRatio=1.0 caller= android.view.SyncRtSurfaceTransactionApplier.applyTransaction:102 android.view.SyncRtSurfaceTransactionApplier.lambda$scheduleApply$0:75 android.view.SyncRtSurfaceTransactionApplier.$r8$lambda$afI4fXg3U3-nBZQEDQMiNy-B06s:0
2026-02-02 19:13:49.577  7117-7265  VRI[VideoP...y]@17d6266 com.rpeters.jellyfin                 I  mWNT: t=0xb400007313d6c030 mBlastBufferQueue=0xb4000073e3d77920 fn= 7 HdrRenderState mRenderHdrSdrRatio=1.0 caller= android.view.SyncRtSurfaceTransactionApplier.applyTransaction:102 android.view.SyncRtSurfaceTransactionApplier.lambda$scheduleApply$0:75 android.view.SyncRtSurfaceTransactionApplier.$r8$lambda$afI4fXg3U3-nBZQEDQMiNy-B06s:0
2026-02-02 19:13:49.585  7117-7266  VRI[VideoP...y]@17d6266 com.rpeters.jellyfin                 I  mWNT: t=0xb400007313d9ebe0 mBlastBufferQueue=0xb4000073e3d77920 fn= 8 HdrRenderState mRenderHdrSdrRatio=1.0 caller= android.view.SyncRtSurfaceTransactionApplier.applyTransaction:102 android.view.SyncRtSurfaceTransactionApplier.lambda$scheduleApply$0:75 android.view.SyncRtSurfaceTransactionApplier.$r8$lambda$afI4fXg3U3-nBZQEDQMiNy-B06s:0
2026-02-02 19:13:49.593  7117-7265  VRI[VideoP...y]@17d6266 com.rpeters.jellyfin                 I  mWNT: t=0xb400007313d9ee30 mBlastBufferQueue=0xb4000073e3d77920 fn= 9 HdrRenderState mRenderHdrSdrRatio=1.0 caller= android.view.SyncRtSurfaceTransactionApplier.applyTransaction:102 android.view.SyncRtSurfaceTransactionApplier.lambda$scheduleApply$0:75 android.view.SyncRtSurfaceTransactionApplier.$r8$lambda$afI4fXg3U3-nBZQEDQMiNy-B06s:0
2026-02-02 19:13:49.601  7117-7266  VRI[VideoP...y]@17d6266 com.rpeters.jellyfin                 I  mWNT: t=0xb400007313d42d20 mBlastBufferQueue=0xb4000073e3d77920 fn= 10 HdrRenderState mRenderHdrSdrRatio=1.0 caller= android.view.SyncRtSurfaceTransactionApplier.applyTransaction:102 android.view.SyncRtSurfaceTransactionApplier.lambda$scheduleApply$0:75 android.view.SyncRtSurfaceTransactionApplier.$r8$lambda$afI4fXg3U3-nBZQEDQMiNy-B06s:0
2026-02-02 19:13:49.610  7117-7265  VRI[VideoP...y]@17d6266 com.rpeters.jellyfin                 I  mWNT: t=0xb400007313d34a80 mBlastBufferQueue=0xb4000073e3d77920 fn= 11 HdrRenderState mRenderHdrSdrRatio=1.0 caller= android.view.SyncRtSurfaceTransactionApplier.applyTransaction:102 android.view.SyncRtSurfaceTransactionApplier.lambda$scheduleApply$0:75 android.view.SyncRtSurfaceTransactionApplier.$r8$lambda$afI4fXg3U3-nBZQEDQMiNy-B06s:0
2026-02-02 19:13:49.618  7117-7266  VRI[VideoP...y]@17d6266 com.rpeters.jellyfin                 I  mWNT: t=0xb400007313dac2f0 mBlastBufferQueue=0xb4000073e3d77920 fn= 12 HdrRenderState mRenderHdrSdrRatio=1.0 caller= android.view.SyncRtSurfaceTransactionApplier.applyTransaction:102 android.view.SyncRtSurfaceTransactionApplier.lambda$scheduleApply$0:75 android.view.SyncRtSurfaceTransactionApplier.$r8$lambda$afI4fXg3U3-nBZQEDQMiNy-B06s:0
2026-02-02 19:13:49.626  7117-7265  VRI[VideoP...y]@17d6266 com.rpeters.jellyfin                 I  mWNT: t=0xb400007313d38fe0 mBlastBufferQueue=0xb4000073e3d77920 fn= 13 HdrRenderState mRenderHdrSdrRatio=1.0 caller= android.view.SyncRtSurfaceTransactionApplier.applyTransaction:102 android.view.SyncRtSurfaceTransactionApplier.lambda$scheduleApply$0:75 android.view.SyncRtSurfaceTransactionApplier.$r8$lambda$afI4fXg3U3-nBZQEDQMiNy-B06s:0
2026-02-02 19:13:49.635  7117-7266  VRI[VideoP...y]@17d6266 com.rpeters.jellyfin                 I  mWNT: t=0xb400007313d41f40 mBlastBufferQueue=0xb4000073e3d77920 fn= 14 HdrRenderState mRenderHdrSdrRatio=1.0 caller= android.view.SyncRtSurfaceTransactionApplier.applyTransaction:102 android.view.SyncRtSurfaceTransactionApplier.lambda$scheduleApply$0:75 android.view.SyncRtSurfaceTransactionApplier.$r8$lambda$afI4fXg3U3-nBZQEDQMiNy-B06s:0
2026-02-02 19:13:49.643  7117-7265  VRI[VideoP...y]@17d6266 com.rpeters.jellyfin                 I  mWNT: t=0xb400007313d30520 mBlastBufferQueue=0xb4000073e3d77920 fn= 15 HdrRenderState mRenderHdrSdrRatio=1.0 caller= android.view.SyncRtSurfaceTransactionApplier.applyTransaction:102 android.view.SyncRtSurfaceTransactionApplier.lambda$scheduleApply$0:75 android.view.SyncRtSurfaceTransactionApplier.$r8$lambda$afI4fXg3U3-nBZQEDQMiNy-B06s:0
2026-02-02 19:13:49.651  7117-7266  VRI[VideoP...y]@17d6266 com.rpeters.jellyfin                 I  mWNT: t=0xb400007313da9260 mBlastBufferQueue=0xb4000073e3d77920 fn= 16 HdrRenderState mRenderHdrSdrRatio=1.0 caller= android.view.SyncRtSurfaceTransactionApplier.applyTransaction:102 android.view.SyncRtSurfaceTransactionApplier.lambda$scheduleApply$0:75 android.view.SyncRtSurfaceTransactionApplier.$r8$lambda$afI4fXg3U3-nBZQEDQMiNy-B06s:0
2026-02-02 19:13:49.659  7117-7265  VRI[VideoP...y]@17d6266 com.rpeters.jellyfin                 I  mWNT: t=0xb400007313da7450 mBlastBufferQueue=0xb4000073e3d77920 fn= 17 HdrRenderState mRenderHdrSdrRatio=1.0 caller= android.view.SyncRtSurfaceTransactionApplier.applyTransaction:102 android.view.SyncRtSurfaceTransactionApplier.lambda$scheduleApply$0:75 android.view.SyncRtSurfaceTransactionApplier.$r8$lambda$afI4fXg3U3-nBZQEDQMiNy-B06s:0
2026-02-02 19:13:49.667  7117-7266  VRI[VideoP...y]@17d6266 com.rpeters.jellyfin                 I  mWNT: t=0xb400007313da5d30 mBlastBufferQueue=0xb4000073e3d77920 fn= 18 HdrRenderState mRenderHdrSdrRatio=1.0 caller= android.view.SyncRtSurfaceTransactionApplier.applyTransaction:102 android.view.SyncRtSurfaceTransactionApplier.lambda$scheduleApply$0:75 android.view.SyncRtSurfaceTransactionApplier.$r8$lambda$afI4fXg3U3-nBZQEDQMiNy-B06s:0
2026-02-02 19:13:49.675  7117-7265  VRI[VideoP...y]@17d6266 com.rpeters.jellyfin                 I  mWNT: t=0xb400007313daae20 mBlastBufferQueue=0xb4000073e3d77920 fn= 19 HdrRenderState mRenderHdrSdrRatio=1.0 caller= android.view.SyncRtSurfaceTransactionApplier.applyTransaction:102 android.view.SyncRtSurfaceTransactionApplier.lambda$scheduleApply$0:75 android.view.SyncRtSurfaceTransactionApplier.$r8$lambda$afI4fXg3U3-nBZQEDQMiNy-B06s:0
2026-02-02 19:13:49.685  7117-7266  VRI[VideoP...y]@17d6266 com.rpeters.jellyfin                 I  mWNT: t=0xb400007313da4860 mBlastBufferQueue=0xb4000073e3d77920 fn= 20 HdrRenderState mRenderHdrSdrRatio=1.0 caller= android.view.SyncRtSurfaceTransactionApplier.applyTransaction:102 android.view.SyncRtSurfaceTransactionApplier.lambda$scheduleApply$0:75 android.view.SyncRtSurfaceTransactionApplier.$r8$lambda$afI4fXg3U3-nBZQEDQMiNy-B06s:0
2026-02-02 19:13:49.693  7117-7265  VRI[VideoP...y]@17d6266 com.rpeters.jellyfin                 I  mWNT: t=0xb400007313da5890 mBlastBufferQueue=0xb4000073e3d77920 fn= 21 HdrRenderState mRenderHdrSdrRatio=1.0 caller= android.view.SyncRtSurfaceTransactionApplier.applyTransaction:102 android.view.SyncRtSurfaceTransactionApplier.lambda$scheduleApply$0:75 android.view.SyncRtSurfaceTransactionApplier.$r8$lambda$afI4fXg3U3-nBZQEDQMiNy-B06s:0
2026-02-02 19:13:49.700  7117-7266  VRI[VideoP...y]@17d6266 com.rpeters.jellyfin                 I  mWNT: t=0xb400007313da86d0 mBlastBufferQueue=0xb4000073e3d77920 fn= 22 HdrRenderState mRenderHdrSdrRatio=1.0 caller= android.view.SyncRtSurfaceTransactionApplier.applyTransaction:102 android.view.SyncRtSurfaceTransactionApplier.lambda$scheduleApply$0:75 android.view.SyncRtSurfaceTransactionApplier.$r8$lambda$afI4fXg3U3-nBZQEDQMiNy-B06s:0
2026-02-02 19:13:49.709  7117-7265  VRI[VideoP...y]@17d6266 com.rpeters.jellyfin                 I  mWNT: t=0xb400007313da8b70 mBlastBufferQueue=0xb4000073e3d77920 fn= 23 HdrRenderState mRenderHdrSdrRatio=1.0 caller= android.view.SyncRtSurfaceTransactionApplier.applyTransaction:102 android.view.SyncRtSurfaceTransactionApplier.lambda$scheduleApply$0:75 android.view.SyncRtSurfaceTransactionApplier.$r8$lambda$afI4fXg3U3-nBZQEDQMiNy-B06s:0
2026-02-02 19:13:49.717  7117-7266  VRI[VideoP...y]@17d6266 com.rpeters.jellyfin                 I  mWNT: t=0xb400007313da2360 mBlastBufferQueue=0xb4000073e3d77920 fn= 24 HdrRenderState mRenderHdrSdrRatio=1.0 caller= android.view.SyncRtSurfaceTransactionApplier.applyTransaction:102 android.view.SyncRtSurfaceTransactionApplier.lambda$scheduleApply$0:75 android.view.SyncRtSurfaceTransactionApplier.$r8$lambda$afI4fXg3U3-nBZQEDQMiNy-B06s:0
2026-02-02 19:13:49.726  7117-7265  VRI[VideoP...y]@17d6266 com.rpeters.jellyfin                 I  mWNT: t=0xb400007313da10e0 mBlastBufferQueue=0xb4000073e3d77920 fn= 25 HdrRenderState mRenderHdrSdrRatio=1.0 caller= android.view.SyncRtSurfaceTransactionApplier.applyTransaction:102 android.view.SyncRtSurfaceTransactionApplier.lambda$scheduleApply$0:75 android.view.SyncRtSurfaceTransactionApplier.$r8$lambda$afI4fXg3U3-nBZQEDQMiNy-B06s:0
2026-02-02 19:13:49.734  7117-7266  VRI[VideoP...y]@17d6266 com.rpeters.jellyfin                 I  mWNT: t=0xb400007313da1ec0 mBlastBufferQueue=0xb4000073e3d77920 fn= 26 HdrRenderState mRenderHdrSdrRatio=1.0 caller= android.view.SyncRtSurfaceTransactionApplier.applyTransaction:102 android.view.SyncRtSurfaceTransactionApplier.lambda$scheduleApply$0:75 android.view.SyncRtSurfaceTransactionApplier.$r8$lambda$afI4fXg3U3-nBZQEDQMiNy-B06s:0
2026-02-02 19:13:49.743  7117-7265  VRI[VideoP...y]@17d6266 com.rpeters.jellyfin                 I  mWNT: t=0xb400007313d9f770 mBlastBufferQueue=0xb4000073e3d77920 fn= 27 HdrRenderState mRenderHdrSdrRatio=1.0 caller= android.view.SyncRtSurfaceTransactionApplier.applyTransaction:102 android.view.SyncRtSurfaceTransactionApplier.lambda$scheduleApply$0:75 android.view.SyncRtSurfaceTransactionApplier.$r8$lambda$afI4fXg3U3-nBZQEDQMiNy-B06s:0
2026-02-02 19:13:49.752  7117-7266  VRI[VideoP...y]@17d6266 com.rpeters.jellyfin                 I  mWNT: t=0xb400007313d9d4c0 mBlastBufferQueue=0xb4000073e3d77920 fn= 28 HdrRenderState mRenderHdrSdrRatio=1.0 caller= android.view.SyncRtSurfaceTransactionApplier.applyTransaction:102 android.view.SyncRtSurfaceTransactionApplier.lambda$scheduleApply$0:75 android.view.SyncRtSurfaceTransactionApplier.$r8$lambda$afI4fXg3U3-nBZQEDQMiNy-B06s:0
2026-02-02 19:13:49.760  7117-7265  VRI[VideoP...y]@17d6266 com.rpeters.jellyfin                 I  mWNT: t=0xb400007313da00b0 mBlastBufferQueue=0xb4000073e3d77920 fn= 29 HdrRenderState mRenderHdrSdrRatio=1.0 caller= android.view.SyncRtSurfaceTransactionApplier.applyTransaction:102 android.view.SyncRtSurfaceTransactionApplier.lambda$scheduleApply$0:75 android.view.SyncRtSurfaceTransactionApplier.$r8$lambda$afI4fXg3U3-nBZQEDQMiNy-B06s:0
2026-02-02 19:13:49.767  7117-7266  VRI[VideoP...y]@17d6266 com.rpeters.jellyfin                 I  mWNT: t=0xb400007313d33ef0 mBlastBufferQueue=0xb4000073e3d77920 fn= 30 HdrRenderState mRenderHdrSdrRatio=1.0 caller= android.view.SyncRtSurfaceTransactionApplier.applyTransaction:102 android.view.SyncRtSurfaceTransactionApplier.lambda$scheduleApply$0:75 android.view.SyncRtSurfaceTransactionApplier.$r8$lambda$afI4fXg3U3-nBZQEDQMiNy-B06s:0
2026-02-02 19:13:49.776  7117-7265  VRI[VideoP...y]@17d6266 com.rpeters.jellyfin                 I  mWNT: t=0xb400007313d456c0 mBlastBufferQueue=0xb4000073e3d77920 fn= 31 HdrRenderState mRenderHdrSdrRatio=1.0 caller= android.view.SyncRtSurfaceTransactionApplier.applyTransaction:102 android.view.SyncRtSurfaceTransactionApplier.lambda$scheduleApply$0:75 android.view.SyncRtSurfaceTransactionApplier.$r8$lambda$afI4fXg3U3-nBZQEDQMiNy-B06s:0
2026-02-02 19:13:49.784  7117-7266  VRI[VideoP...y]@17d6266 com.rpeters.jellyfin                 I  mWNT: t=0xb400007313d5b640 mBlastBufferQueue=0xb4000073e3d77920 fn= 32 HdrRenderState mRenderHdrSdrRatio=1.0 caller= android.view.SyncRtSurfaceTransactionApplier.applyTransaction:102 android.view.SyncRtSurfaceTransactionApplier.lambda$scheduleApply$0:75 android.view.SyncRtSurfaceTransactionApplier.$r8$lambda$afI4fXg3U3-nBZQEDQMiNy-B06s:0
2026-02-02 19:13:49.785  7117-7117  VideoPlayer             com.rpeters.jellyfin                 D  Set initial duration from metadata: 2562560ms (42min)
2026-02-02 19:13:49.785  7117-7117  VideoPlayer             com.rpeters.jellyfin                 D  Current item is episode 23 in season UUID-***
2026-02-02 19:13:49.785  7117-7117  JellyfinRepository      com.rpeters.jellyfin                 D  getEpisodesForSeason: Fetching episodes for seasonId=705a0358-a0fc-8e9b-9f43-835080402366
2026-02-02 19:13:49.786  7117-7236  RepositoryUtils         com.rpeters.jellyfin                 D  [VERBOSE] validateServer: Server validation passed for user rpeters1428 on https://rpeters1428.huron.usbx.me/jellyfin
2026-02-02 19:13:49.814  7117-7265  VRI[VideoP...y]@17d6266 com.rpeters.jellyfin                 I  mWNT: t=0xb400007313da61d0 mBlastBufferQueue=0xb4000073e3d77920 fn= 33 HdrRenderState mRenderHdrSdrRatio=1.0 caller= android.view.SyncRtSurfaceTransactionApplier.applyTransaction:102 android.view.SyncRtSurfaceTransactionApplier.lambda$scheduleApply$0:75 android.view.SyncRtSurfaceTransactionApplier.$r8$lambda$afI4fXg3U3-nBZQEDQMiNy-B06s:0
2026-02-02 19:13:49.818  7117-7266  VRI[VideoP...y]@17d6266 com.rpeters.jellyfin                 I  mWNT: t=0xb400007313da8dc0 mBlastBufferQueue=0xb4000073e3d77920 fn= 34 HdrRenderState mRenderHdrSdrRatio=1.0 caller= android.view.SyncRtSurfaceTransactionApplier.applyTransaction:102 android.view.SyncRtSurfaceTransactionApplier.lambda$scheduleApply$0:75 android.view.SyncRtSurfaceTransactionApplier.$r8$lambda$afI4fXg3U3-nBZQEDQMiNy-B06s:0
2026-02-02 19:13:49.825  7117-7265  VRI[VideoP...y]@17d6266 com.rpeters.jellyfin                 I  mWNT: t=0xb400007313da8230 mBlastBufferQueue=0xb4000073e3d77920 fn= 35 HdrRenderState mRenderHdrSdrRatio=1.0 caller= android.view.SyncRtSurfaceTransactionApplier.applyTransaction:102 android.view.SyncRtSurfaceTransactionApplier.lambda$scheduleApply$0:75 android.view.SyncRtSurfaceTransactionApplier.$r8$lambda$afI4fXg3U3-nBZQEDQMiNy-B06s:0
2026-02-02 19:13:49.836  7117-7266  VRI[VideoP...y]@17d6266 com.rpeters.jellyfin                 I  mWNT: t=0xb400007313da8480 mBlastBufferQueue=0xb4000073e3d77920 fn= 36 HdrRenderState mRenderHdrSdrRatio=1.0 caller= android.view.SyncRtSurfaceTransactionApplier.applyTransaction:102 android.view.SyncRtSurfaceTransactionApplier.lambda$scheduleApply$0:75 android.view.SyncRtSurfaceTransactionApplier.$r8$lambda$afI4fXg3U3-nBZQEDQMiNy-B06s:0
2026-02-02 19:13:49.843  7117-7265  VRI[VideoP...y]@17d6266 com.rpeters.jellyfin                 I  mWNT: t=0xb400007313db4470 mBlastBufferQueue=0xb4000073e3d77920 fn= 37 HdrRenderState mRenderHdrSdrRatio=1.0 caller= android.view.SyncRtSurfaceTransactionApplier.applyTransaction:102 android.view.SyncRtSurfaceTransactionApplier.lambda$scheduleApply$0:75 android.view.SyncRtSurfaceTransactionApplier.$r8$lambda$afI4fXg3U3-nBZQEDQMiNy-B06s:0
2026-02-02 19:13:49.851  7117-7266  VRI[VideoP...y]@17d6266 com.rpeters.jellyfin                 I  mWNT: t=0xb400007313db0160 mBlastBufferQueue=0xb4000073e3d77920 fn= 38 HdrRenderState mRenderHdrSdrRatio=1.0 caller= android.view.SyncRtSurfaceTransactionApplier.applyTransaction:102 android.view.SyncRtSurfaceTransactionApplier.lambda$scheduleApply$0:75 android.view.SyncRtSurfaceTransactionApplier.$r8$lambda$afI4fXg3U3-nBZQEDQMiNy-B06s:0
2026-02-02 19:13:49.860  7117-7265  VRI[VideoP...y]@17d6266 com.rpeters.jellyfin                 I  mWNT: t=0xb400007313db64d0 mBlastBufferQueue=0xb4000073e3d77920 fn= 39 HdrRenderState mRenderHdrSdrRatio=1.0 caller= android.view.SyncRtSurfaceTransactionApplier.applyTransaction:102 android.view.SyncRtSurfaceTransactionApplier.lambda$scheduleApply$0:75 android.view.SyncRtSurfaceTransactionApplier.$r8$lambda$afI4fXg3U3-nBZQEDQMiNy-B06s:0
2026-02-02 19:13:49.868  7117-7266  VRI[VideoP...y]@17d6266 com.rpeters.jellyfin                 I  mWNT: t=0xb400007313db5de0 mBlastBufferQueue=0xb4000073e3d77920 fn= 40 HdrRenderState mRenderHdrSdrRatio=1.0 caller= android.view.SyncRtSurfaceTransactionApplier.applyTransaction:102 android.view.SyncRtSurfaceTransactionApplier.lambda$scheduleApply$0:75 android.view.SyncRtSurfaceTransactionApplier.$r8$lambda$afI4fXg3U3-nBZQEDQMiNy-B06s:0
2026-02-02 19:13:49.877  7117-7265  VRI[VideoP...y]@17d6266 com.rpeters.jellyfin                 I  mWNT: t=0xb400007313db5b90 mBlastBufferQueue=0xb4000073e3d77920 fn= 41 HdrRenderState mRenderHdrSdrRatio=1.0 caller= android.view.SyncRtSurfaceTransactionApplier.applyTransaction:102 android.view.SyncRtSurfaceTransactionApplier.lambda$scheduleApply$0:75 android.view.SyncRtSurfaceTransactionApplier.$r8$lambda$afI4fXg3U3-nBZQEDQMiNy-B06s:0
2026-02-02 19:13:49.884  7117-7266  VRI[VideoP...y]@17d6266 com.rpeters.jellyfin                 I  mWNT: t=0xb400007313db28b0 mBlastBufferQueue=0xb4000073e3d77920 fn= 42 HdrRenderState mRenderHdrSdrRatio=1.0 caller= android.view.SyncRtSurfaceTransactionApplier.applyTransaction:102 android.view.SyncRtSurfaceTransactionApplier.lambda$scheduleApply$0:75 android.view.SyncRtSurfaceTransactionApplier.$r8$lambda$afI4fXg3U3-nBZQEDQMiNy-B06s:0
2026-02-02 19:13:49.893  7117-7265  VRI[VideoP...y]@17d6266 com.rpeters.jellyfin                 I  mWNT: t=0xb400007313db1190 mBlastBufferQueue=0xb4000073e3d77920 fn= 43 HdrRenderState mRenderHdrSdrRatio=1.0 caller= android.view.SyncRtSurfaceTransactionApplier.applyTransaction:102 android.view.SyncRtSurfaceTransactionApplier.lambda$scheduleApply$0:75 android.view.SyncRtSurfaceTransactionApplier.$r8$lambda$afI4fXg3U3-nBZQEDQMiNy-B06s:0
2026-02-02 19:13:49.968  7117-7241  JellyfinRepository      com.rpeters.jellyfin                 D  getEpisodesForSeason: Successfully fetched 2 episodes for seasonId=705a0358-a0fc-8e9b-9f43-835080402366
2026-02-02 19:13:49.969  7117-7117  VideoPlayer             com.rpeters.jellyfin                 D  No next episode available (last in season)
2026-02-02 19:13:49.970  7117-7117  DeviceCapabilities      com.rpeters.jellyfin                 D  Detected total RAM: 11653MB
2026-02-02 19:13:49.972  7117-7117  DeviceCapabilities      com.rpeters.jellyfin                 D  Hardware codecs: [flac, mp3, ac3, eac3, h264, h265, vp9, av1, mpeg4]
2026-02-02 19:13:49.972  7117-7117  DeviceCapabilities      com.rpeters.jellyfin                 D  Software codecs: [aac, flac, mp3, opus, pcm, vorbis, av1, h264, h263, h265, mpeg4, vp8, vp9]
2026-02-02 19:13:49.972  7117-7117  JellyfinRepository      com.rpeters.jellyfin                 D  Device capabilities: maxResolution=(3840, 2160), supports4K=true
2026-02-02 19:13:49.972  7117-7117  JellyfinDeviceProfile   com.rpeters.jellyfin                 D  Creating device profile with maxWidth=3840, maxHeight=2160
2026-02-02 19:13:49.973  7117-7117  JellyfinRepository      com.rpeters.jellyfin                 D  DeviceProfile created with codecProfiles: 4
2026-02-02 19:13:49.973  7117-7117  JellyfinRepository      com.rpeters.jellyfin                 D    CodecProfile[0]: type=Video, codec=h264, conditions=4
2026-02-02 19:13:49.973  7117-7117  JellyfinRepository      com.rpeters.jellyfin                 D    CodecProfile[1]: type=Video, codec=h265,hevc, conditions=4
2026-02-02 19:13:49.973  7117-7117  JellyfinRepository      com.rpeters.jellyfin                 D    CodecProfile[2]: type=Video, codec=vp9, conditions=4
2026-02-02 19:13:49.973  7117-7117  JellyfinRepository      com.rpeters.jellyfin                 D    CodecProfile[3]: type=Video, codec=av1, conditions=4
2026-02-02 19:13:49.974  7117-7117  JellyfinRepository      com.rpeters.jellyfin                 D  PlaybackInfo request for item UUID-***: maxBitrate=80000000 (80Mbps), directPlay=true, directStream=true, transcode=true
2026-02-02 19:13:49.974  7117-7117  JellyfinRepository      com.rpeters.jellyfin                 D  Network-based maxStreamingBitrate: 80Mbps
2026-02-02 19:13:49.974  7117-7117  JellyfinRepository      com.rpeters.jellyfin                 D  DeviceProfile: Jellyfin Android Client, maxStreamBitrate=400000000, maxStaticBitrate=400000000
2026-02-02 19:13:49.974  7117-7117  JellyfinRepository      com.rpeters.jellyfin                 D    TranscodingProfile[0]: codec=h265,hevc, container=mp4, protocol=http, conditions=2
2026-02-02 19:13:49.974  7117-7117  JellyfinRepository      com.rpeters.jellyfin                 D      Condition: Height LessThanEqual 2160
2026-02-02 19:13:49.974  7117-7117  JellyfinRepository      com.rpeters.jellyfin                 D      Condition: Width LessThanEqual 3840
2026-02-02 19:13:49.974  7117-7117  JellyfinRepository      com.rpeters.jellyfin                 D    TranscodingProfile[1]: codec=h264, container=mp4, protocol=hls, conditions=2
2026-02-02 19:13:49.974  7117-7117  JellyfinRepository      com.rpeters.jellyfin                 D      Condition: Height LessThanEqual 2160
2026-02-02 19:13:49.974  7117-7117  JellyfinRepository      com.rpeters.jellyfin                 D      Condition: Width LessThanEqual 3840
2026-02-02 19:13:49.974  7117-7117  JellyfinRepository      com.rpeters.jellyfin                 D    TranscodingProfile[2]: codec=, container=mp3, protocol=http, conditions=0
2026-02-02 19:13:50.011  7117-7117  VRI[MainAc...y]@e1df7ab com.rpeters.jellyfin                 I  handleAppVisibility mAppVisible = true visible = false
2026-02-02 19:13:50.011  7117-7117  VRI[MainAc...y]@e1df7ab com.rpeters.jellyfin                 D  visibilityChanged oldVisibility=true newVisibility=false
2026-02-02 19:13:50.020  7117-7117  VRI[MainAc...y]@e1df7ab com.rpeters.jellyfin                 I  Relayout returned: old=(0,0,1440,3120) new=(0,0,1440,3120) relayoutAsync=false req=(1440,3120)8 dur=2 res=0x2 s={false 0x0} ch=true seqId=0
2026-02-02 19:13:50.021  7117-7117  VRI[MainAc...y]@e1df7ab com.rpeters.jellyfin                 D  Not drawing due to not visible. Reason=!mAppVisible && !mForceDecorViewVisibility
2026-02-02 19:13:50.023  7117-7117  WindowOnBackDispatcher  com.rpeters.jellyfin                 D  setTopOnBackInvokedCallback (unwrapped): android.app.Activity$$ExternalSyntheticLambda0@8b1595a
2026-02-02 19:13:50.024  7117-7117  VRI[MainAc...y]@e1df7ab com.rpeters.jellyfin                 I  stopped(true) old = false
2026-02-02 19:13:50.024  7117-7117  VRI[MainAc...y]@e1df7ab com.rpeters.jellyfin                 D  WindowStopped on com.rpeters.jellyfin/com.rpeters.jellyfin.MainActivity set to true
2026-02-02 19:13:50.026  7117-7117  AutofillManager         com.rpeters.jellyfin                 I  onInvisibleForAutofill(): expiringResponse
2026-02-02 19:13:50.027  7117-7117  peters.jellyfin         com.rpeters.jellyfin                 W  Method void com.google.android.gms.internal.measurement.zzco.zzb(android.os.Bundle) failed lock verification and will run slower.
2026-02-02 19:13:50.030  7117-7117  ConnectivityManager     com.rpeters.jellyfin                 D  StackLog: [android.net.ConnectivityManager.unregisterNetworkCallback(ConnectivityManager.java:5573)] [com.rpeters.jellyfin.network.ConnectivityChecker$observeNetworkConnectivity$1.invokeSuspend$lambda$0(ConnectivityChecker.kt:100)] [com.rpeters.jellyfin.network.ConnectivityChecker$observeNetworkConnectivity$1$$ExternalSyntheticLambda1.invoke(D8$$SyntheticClass:0)] [kotlinx.coroutines.channels.ProduceKt.awaitClose(Produce.kt:69)] [kotlinx.coroutines.channels.ProduceKt$awaitClose$1.invokeSuspend(Unknown Source:17)] [kotlin.coroutines.jvm.internal.BaseContinuationImpl.resumeWith(ContinuationImpl.kt:34)] [kotlinx.coroutines.DispatchedTask.run(DispatchedTask.kt:98)] [androidx.compose.ui.platform.AndroidUiDispatcher.performTrampolineDispatch(AndroidUiDispatcher.android.kt:79)] [androidx.compose.ui.platform.AndroidUiDispatcher.access$performTrampolineDispatch(AndroidUiDispatcher.android.kt:41)] [androidx.compose.ui.platform.AndroidUiDispatcher$dispatchCallback$1.run(AndroidUiDispatcher.android.kt:57)]
2026-02-02 19:13:50.033  2941-7667  WindowManager           system_server                        E  win=Window{137db15 u0 com.rpeters.jellyfin/com.rpeters.jellyfin.MainActivity} destroySurfaces: appStopped=true cleanupOnResume=false win.mWindowRemovalAllowed=false win.mRemoveOnExit=false win.mViewVisibility=8 caller=com.android.server.wm.ActivityRecord.destroySurfaces:24 com.android.server.wm.ActivityRecord.activityStopped:209 com.android.server.wm.ActivityClientController.activityStopped:102 android.app.IActivityClientController$Stub.onTransact:829 com.android.server.wm.ActivityClientController.onTransact:1 android.os.Binder.execTransactInternal:1514 android.os.Binder.execTransact:1454
2026-02-02 19:13:50.330  7117-7117  JellyfinRepository      com.rpeters.jellyfin                 D  Server response:
2026-02-02 19:13:50.330  7117-7117  JellyfinRepository      com.rpeters.jellyfin                 D    PlaySessionId: c4db9bdc89a0406da289d518c8dafef6
2026-02-02 19:13:50.330  7117-7117  JellyfinRepository      com.rpeters.jellyfin                 D    MediaSources: 1
2026-02-02 19:13:50.330  7117-7117  JellyfinRepository      com.rpeters.jellyfin                 D    MediaSource[0]:
2026-02-02 19:13:50.330  7117-7117  JellyfinRepository      com.rpeters.jellyfin                 D      Name: The Blacklist - S03E23 - Alexander Kirk - Conclusion Bluray-1080p
2026-02-02 19:13:50.330  7117-7117  JellyfinRepository      com.rpeters.jellyfin                 D      Container: mkv
2026-02-02 19:13:50.330  7117-7117  JellyfinRepository      com.rpeters.jellyfin                 D      Size: 3517890093
2026-02-02 19:13:50.330  7117-7117  JellyfinRepository      com.rpeters.jellyfin                 D      IsRemote: false
2026-02-02 19:13:50.330  7117-7117  JellyfinRepository      com.rpeters.jellyfin                 D      Video Stream: h264, 1920x1080, bitrate=10982424
2026-02-02 19:13:50.330  7117-7117  JellyfinRepository      com.rpeters.jellyfin                 D      SupportsDirectPlay: false
2026-02-02 19:13:50.330  7117-7117  JellyfinRepository      com.rpeters.jellyfin                 D      SupportsDirectStream: false
2026-02-02 19:13:50.330  7117-7117  JellyfinRepository      com.rpeters.jellyfin                 D      SupportsTranscoding: true
2026-02-02 19:13:50.330  7117-7117  JellyfinRepository      com.rpeters.jellyfin                 D      TranscodingUrl: /videos/78f6d0d7-199f-f971-d1a8-610d7c74266f/master.m3u8?&DeviceId=android-jellyfin-client&MediaSourceId=78f6d0d7199ff971d1a8610d7c74266f&VideoCodec=h264&AudioCodec=aac,opus&AudioStreamIndex=2&VideoBitrate=78464000&AudioBitrate=1536000&MaxFramerate=23.975986&MaxWidth=3840&MaxHeight=2160&SegmentContainer=mp4&SegmentLength=6&MinSegments=2&BreakOnNonKeyFrames=False&PlaySessionId=c4db9bdc89a0406da289d518c8dafef6&ApiKey=ae843c07a0754bfe99265f95a1ecabf8&RequireAvc=false&EnableAudioVbrEncoding=true&Tag=57e9d5bbca4347181a9647f503eb0f23&h264-level=41&h264-videobitdepth=8&h264-profile=high&TranscodeReasons=AudioCodecNotSupported
2026-02-02 19:13:50.331  7117-7117  JellyfinRepository      com.rpeters.jellyfin                 D      Transcoding resolution: 3840x2160
2026-02-02 19:13:50.331  7117-7117  JellyfinRepository      com.rpeters.jellyfin                 D  PlaybackInfo response: playSessionId=*** mediaSources=1
2026-02-02 19:13:50.332  7117-7117  JellyfinRepository      com.rpeters.jellyfin                 D  [VERBOSE] PlaybackInfo sources: id=78f6d0d7199ff971d1a8610d7c74266f, directPlay=false, directStream=false, transcode=true, container=mkv, transcodingUrl=true
2026-02-02 19:13:50.333  7117-7241  EnhancedPlaybackManager com.rpeters.jellyfin                 D  [VERBOSE] Getting optimal playback URL for: Alexander Kirk: Conclusion (Episode)
2026-02-02 19:13:50.333  7117-7241  DeviceCapabilities      com.rpeters.jellyfin                 D  Detected total RAM: 11653MB
2026-02-02 19:13:50.336  7117-7241  DeviceCapabilities      com.rpeters.jellyfin                 D  Hardware codecs: [flac, mp3, ac3, eac3, h264, h265, vp9, av1, mpeg4]
2026-02-02 19:13:50.336  7117-7241  DeviceCapabilities      com.rpeters.jellyfin                 D  Software codecs: [aac, flac, mp3, opus, pcm, vorbis, av1, h264, h263, h265, mpeg4, vp8, vp9]
2026-02-02 19:13:50.336  7117-7241  JellyfinRepository      com.rpeters.jellyfin                 D  Device capabilities: maxResolution=(3840, 2160), supports4K=true
2026-02-02 19:13:50.336  7117-7241  JellyfinDeviceProfile   com.rpeters.jellyfin                 D  Creating device profile with maxWidth=3840, maxHeight=2160
2026-02-02 19:13:50.337  7117-7241  JellyfinRepository      com.rpeters.jellyfin                 D  DeviceProfile created with codecProfiles: 4
2026-02-02 19:13:50.337  7117-7241  JellyfinRepository      com.rpeters.jellyfin                 D    CodecProfile[0]: type=Video, codec=h264, conditions=4
2026-02-02 19:13:50.337  7117-7241  JellyfinRepository      com.rpeters.jellyfin                 D    CodecProfile[1]: type=Video, codec=h265,hevc, conditions=4
2026-02-02 19:13:50.337  7117-7241  JellyfinRepository      com.rpeters.jellyfin                 D    CodecProfile[2]: type=Video, codec=vp9, conditions=4
2026-02-02 19:13:50.337  7117-7241  JellyfinRepository      com.rpeters.jellyfin                 D    CodecProfile[3]: type=Video, codec=av1, conditions=4
2026-02-02 19:13:50.338  7117-7241  JellyfinRepository      com.rpeters.jellyfin                 D  PlaybackInfo request for item UUID-***: maxBitrate=80000000 (80Mbps), directPlay=true, directStream=true, transcode=true
2026-02-02 19:13:50.338  7117-7241  JellyfinRepository      com.rpeters.jellyfin                 D  Network-based maxStreamingBitrate: 80Mbps
2026-02-02 19:13:50.338  7117-7241  JellyfinRepository      com.rpeters.jellyfin                 D  DeviceProfile: Jellyfin Android Client, maxStreamBitrate=400000000, maxStaticBitrate=400000000
