2026-01-31 17:42:49.953 23811-23811 nativeloader            com.rpeters.jellyfin                 D  Load libframework-connectivity-tiramisu-jni.so using APEX ns com_android_tethering for caller /apex/com.android.tethering/javalib/framework-connectivity-t.jar: ok
2026-01-31 17:42:49.954 23811-23811 ActivityThread          com.rpeters.jellyfin                 D  setConscryptValidator
2026-01-31 17:42:49.954 23811-23811 ActivityThread          com.rpeters.jellyfin                 D  setConscryptValidator - put
2026-01-31 17:42:49.963 23811-23811 nativeloader            com.rpeters.jellyfin                 D  Load /data/user/0/com.rpeters.jellyfin/code_cache/startup_agents/f943a550-agent.so using system ns (caller=<unknown>): ok
2026-01-31 17:42:49.965 23811-23811 peters.jellyfin         com.rpeters.jellyfin                 W  hiddenapi: DexFile /data/data/com.rpeters.jellyfin/code_cache/.studio/instruments-76719913.jar is in boot class path but is not in a known location
2026-01-31 17:42:50.009 23811-23811 peters.jellyfin         com.rpeters.jellyfin                 W  Redefining intrinsic method java.lang.Thread java.lang.Thread.currentThread(). This may cause the unexpected use of the original definition of java.lang.Thread java.lang.Thread.currentThread()in methods that have already been compiled.
2026-01-31 17:42:50.009 23811-23811 peters.jellyfin         com.rpeters.jellyfin                 W  Redefining intrinsic method boolean java.lang.Thread.interrupted(). This may cause the unexpected use of the original definition of boolean java.lang.Thread.interrupted()in methods that have already been compiled.
2026-01-31 17:42:50.016 23811-23811 ApplicationLoaders      com.rpeters.jellyfin                 D  Returning zygote-cached class loader: /system_ext/framework/androidx.window.extensions.jar
2026-01-31 17:42:50.016 23811-23811 ApplicationLoaders      com.rpeters.jellyfin                 D  Returning zygote-cached class loader: /system_ext/framework/androidx.window.sidecar.jar
2026-01-31 17:42:50.506 23811-23811 nativeloader            com.rpeters.jellyfin                 D  Configuring clns-9 for other apk /data/app/~~oPiOCDFOmYnfBjXIbyazLw==/com.rpeters.jellyfin-rDvK-xnD7cOi2-fT1ghL4w==/base.apk. target_sdk_version=35, uses_libraries=, library_path=/data/app/~~oPiOCDFOmYnfBjXIbyazLw==/com.rpeters.jellyfin-rDvK-xnD7cOi2-fT1ghL4w==/lib/arm64:/data/app/~~oPiOCDFOmYnfBjXIbyazLw==/com.rpeters.jellyfin-rDvK-xnD7cOi2-fT1ghL4w==/base.apk!/lib/arm64-v8a, permitted_path=/data:/mnt/expand:/data/user/0/com.rpeters.jellyfin
2026-01-31 17:42:50.525 23811-23811 CompatChangeReporter    com.rpeters.jellyfin                 D  Compat change id reported: 202956589; UID 10546; state: ENABLED
2026-01-31 17:42:50.527 23811-23811 GraphicsEnvironment     com.rpeters.jellyfin                 V  Currently set values for:
2026-01-31 17:42:50.527 23811-23811 GraphicsEnvironment     com.rpeters.jellyfin                 V    angle_gl_driver_selection_pkgs=[]
2026-01-31 17:42:50.527 23811-23811 GraphicsEnvironment     com.rpeters.jellyfin                 V    angle_gl_driver_selection_values=[]
2026-01-31 17:42:50.527 23811-23811 GraphicsEnvironment     com.rpeters.jellyfin                 V  com.rpeters.jellyfin is not listed in per-application setting
2026-01-31 17:42:50.527 23811-23811 GraphicsEnvironment     com.rpeters.jellyfin                 V  ANGLE allowlist from config: com.dreamgames.royalmatch com.dts.freefiremax com.dxx.firenow com.gramgames.mergedragons com.ludo.king com.mojang.minecraftpe com.my.defense com.nintendo.zaka com.os.airforce com.playrix.fishdomdd.gplay io.teslatech.callbreak jp.konami.prospia net.peakgames.toonblast
2026-01-31 17:42:50.527 23811-23811 GraphicsEnvironment     com.rpeters.jellyfin                 V  No special selections for ANGLE, returning default driver choice
2026-01-31 17:42:50.527 23811-23811 GraphicsEnvironment     com.rpeters.jellyfin                 V  App is not on the allowlist for updatable production driver.
2026-01-31 17:42:50.544 23811-23811 peters.jellyfin         com.rpeters.jellyfin                 W  Method void com.google.android.gms.common.api.internal.BackgroundDetector.initialize(android.app.Application) failed lock verification and will run slower.
                                                                                                    Common causes for lock verification issues are non-optimized dex code
                                                                                                    and incorrect proguard optimizations.
2026-01-31 17:42:50.544 23811-23811 peters.jellyfin         com.rpeters.jellyfin                 W  Method void com.google.android.gms.common.api.internal.BackgroundDetector.zza(boolean) failed lock verification and will run slower.
2026-01-31 17:42:50.545 23811-23811 peters.jellyfin         com.rpeters.jellyfin                 W  Method void com.google.android.gms.common.api.internal.BackgroundDetector.addListener(com.google.android.gms.common.api.internal.BackgroundDetector$BackgroundStateChangeListener) failed lock verification and will run slower.
2026-01-31 17:42:50.550 23811-23811 FirebaseSessions        com.rpeters.jellyfin                 D  Dependency to CRASHLYTICS added.
2026-01-31 17:42:50.552 23811-23811 FirebaseApp             com.rpeters.jellyfin                 I  Device unlocked: initializing all Firebase APIs for app [DEFAULT]
2026-01-31 17:42:50.552 23811-23811 peters.jellyfin         com.rpeters.jellyfin                 W  Method void com.google.firebase.analytics.connector.AnalyticsConnectorImpl.zza(com.google.firebase.events.Event) failed lock verification and will run slower.
2026-01-31 17:42:50.556 23811-23811 FirebaseCrashlytics     com.rpeters.jellyfin                 I  Initializing Firebase Crashlytics 20.0.4 for com.rpeters.jellyfin
2026-01-31 17:42:50.556 23811-23811 peters.jellyfin         com.rpeters.jellyfin                 W  Method void com.google.android.gms.tasks.zzw.zzi() failed lock verification and will run slower.
2026-01-31 17:42:50.557 23811-23811 peters.jellyfin         com.rpeters.jellyfin                 W  Method void com.google.android.gms.tasks.zzr.zza(com.google.android.gms.tasks.zzq) failed lock verification and will run slower.
2026-01-31 17:42:50.562 23811-23811 FirebaseSessions        com.rpeters.jellyfin                 D  Subscriber CRASHLYTICS registered.
2026-01-31 17:42:50.566 23811-23811 peters.jellyfin         com.rpeters.jellyfin                 W  Method void com.google.android.gms.tasks.zzl.zzb() failed lock verification and will run slower.
2026-01-31 17:42:50.570 23811-23831 peters.jellyfin         com.rpeters.jellyfin                 W  Method java.lang.ClassLoader com.google.android.gms.dynamite.zzb.zza() failed lock verification and will run slower.
2026-01-31 17:42:50.570 23811-23811 peters.jellyfin         com.rpeters.jellyfin                 W  Method void com.google.android.gms.tasks.zzn.zzb() failed lock verification and will run slower.
2026-01-31 17:42:50.570 23811-23831 peters.jellyfin         com.rpeters.jellyfin                 W  Method void com.google.android.gms.dynamite.zza.run() failed lock verification and will run slower.
2026-01-31 17:42:50.570 23811-23833 peters.jellyfin         com.rpeters.jellyfin                 W  Method void com.google.android.gms.tasks.zzm.run() failed lock verification and will run slower.
2026-01-31 17:42:50.571 23811-23831 peters.jellyfin         com.rpeters.jellyfin                 W  ClassLoaderContext classpath size mismatch. expected=1, found=0 (DLC[];PCL[base.apk*1337880436]{PCL[/system/framework/org.apache.http.legacy.jar*3558608148]#PCL[/system/system_ext/framework/org.carconnectivity.android.digitalkey.rangingintent.jar*560278203]#PCL[/system/system_ext/framework/org.carconnectivity.android.digitalkey.secureelement.jar*3277496667]#PCL[/system_ext/framework/org.carconnectivity.android.digitalkey.timesync.jar*1887653037]#PCL[/system/framework/com.android.location.provider.jar*1880069816]#PCL[/system/framework/com.android.media.remotedisplay.jar*1838754544]#PCL[/system_ext/framework/androidx.window.extensions.jar*708456526]#PCL[/system_ext/framework/androidx.window.sidecar.jar*3846558453]} | DLC[];PCL[])
2026-01-31 17:42:50.572 23811-23831 DynamiteModule          com.rpeters.jellyfin                 I  Considering local module com.google.android.gms.measurement.dynamite:155 and remote module com.google.android.gms.measurement.dynamite:176
2026-01-31 17:42:50.572 23811-23831 DynamiteModule          com.rpeters.jellyfin                 I  Selected remote version of com.google.android.gms.measurement.dynamite, version >= 176
2026-01-31 17:42:50.572 23811-23831 DynamiteModule          com.rpeters.jellyfin                 V  Dynamite loader version >= 2, using loadModule2NoCrashUtils
2026-01-31 17:42:50.576 23811-23831 System                  com.rpeters.jellyfin                 W  ClassLoader referenced unknown path:
2026-01-31 17:42:50.576 23811-23831 nativeloader            com.rpeters.jellyfin                 D  Configuring clns-10 for other apk . target_sdk_version=36, uses_libraries=, library_path=/data/app/~~tsWUUglA6m3b9Ir-jxGiOA==/com.google.android.gms-YqfSBqyfdto7FvVbngkVPw==/lib/arm64:/data/app/~~tsWUUglA6m3b9Ir-jxGiOA==/com.google.android.gms-YqfSBqyfdto7FvVbngkVPw==/base.apk!/lib/arm64-v8a, permitted_path=/data:/mnt/expand:/data/user/0/com.google.android.gms
2026-01-31 17:42:50.577 23811-23837 ashmem                  com.rpeters.jellyfin                 E  Pinning is deprecated since Android Q. Please use trim or other methods.
2026-01-31 17:42:50.579 23811-23840 peters.jellyfin         com.rpeters.jellyfin                 W  Method void com.google.android.gms.tasks.zzh.zzb() failed lock verification and will run slower.
2026-01-31 17:42:50.580 23811-23831 peters.jellyfin         com.rpeters.jellyfin                 W  ClassLoaderContext classpath element checksum mismatch. expected=1337880436, found=2987607788 (DLC[];PCL[base.apk*1337880436]{PCL[/system/framework/org.apache.http.legacy.jar*3558608148]#PCL[/system/system_ext/framework/org.carconnectivity.android.digitalkey.rangingintent.jar*560278203]#PCL[/system/system_ext/framework/org.carconnectivity.android.digitalkey.secureelement.jar*3277496667]#PCL[/system_ext/framework/org.carconnectivity.android.digitalkey.timesync.jar*1887653037]#PCL[/system/framework/com.android.location.provider.jar*1880069816]#PCL[/system/framework/com.android.media.remotedisplay.jar*1838754544]#PCL[/system_ext/framework/androidx.window.extensions.jar*708456526]#PCL[/system_ext/framework/androidx.window.sidecar.jar*3846558453]} | DLC[];PCL[/data/app/~~oPiOCDFOmYnfBjXIbyazLw==/com.rpeters.jellyfin-rDvK-xnD7cOi2-fT1ghL4w==/base.apk*2987607788]{PCL[/system_ext/framework/androidx.window.extensions.jar*708456526]#PCL[/system_ext/framework/androidx.window.sidecar.jar*3846558453]})
2026-01-31 17:42:50.581 23811-23831 DesktopExperienceFlags  com.rpeters.jellyfin                 D  Toggle override initialized to: false
2026-01-31 17:42:50.581 23811-23837 CompatChangeReporter    com.rpeters.jellyfin                 D  Compat change id reported: 311402873; UID 10546; state: ENABLED
2026-01-31 17:42:50.581 23811-23837 CompatChangeReporter    com.rpeters.jellyfin                 D  Compat change id reported: 323349338; UID 10546; state: ENABLED
2026-01-31 17:42:50.582 23811-23811 nativeloader            com.rpeters.jellyfin                 D  Load /data/app/~~oPiOCDFOmYnfBjXIbyazLw==/com.rpeters.jellyfin-rDvK-xnD7cOi2-fT1ghL4w==/base.apk!/lib/arm64-v8a/libdatastore_shared_counter.so using class loader ns clns-9 (caller=/data/app/~~oPiOCDFOmYnfBjXIbyazLw==/com.rpeters.jellyfin-rDvK-xnD7cOi2-fT1ghL4w==/base.apk!classes23.dex): ok
2026-01-31 17:42:50.584 23811-23843 FirebaseCrashlytics     com.rpeters.jellyfin                 I  Saved version control info
2026-01-31 17:42:50.589 23811-23832 CompatChangeReporter    com.rpeters.jellyfin                 D  Compat change id reported: 312399441; UID 10546; state: ENABLED
2026-01-31 17:42:50.590 23811-23811 FirebaseSessions        com.rpeters.jellyfin                 D  Initializing Firebase Sessions 3.0.4.
2026-01-31 17:42:50.591 23811-23847 peters.jellyfin         com.rpeters.jellyfin                 I  hiddenapi: Accessing hidden method Ldalvik/system/VMStack;->getStackClass2()Ljava/lang/Class; (runtime_flags=0, domain=core-platform, api=unsupported) from Lm7/aov; (domain=app, TargetSdkVersion=35) using reflection: allowed
2026-01-31 17:42:50.595 23811-23845 peters.jellyfin         com.rpeters.jellyfin                 E  No package ID 6a found for resource ID 0x6a0b0013.
2026-01-31 17:42:50.595 23811-23845 FA                      com.rpeters.jellyfin                 I  App measurement initialized, version: 152008
2026-01-31 17:42:50.595 23811-23845 FA                      com.rpeters.jellyfin                 I  To enable debug logging run: adb shell setprop log.tag.FA VERBOSE
2026-01-31 17:42:50.595 23811-23845 FA                      com.rpeters.jellyfin                 I  To enable faster debug mode event logging run:
                                                                                                      adb shell setprop debug.firebase.analytics.app com.rpeters.jellyfin
2026-01-31 17:42:50.599 23811-23811 FirebaseInitProvider    com.rpeters.jellyfin                 I  FirebaseApp initialization successful
2026-01-31 17:42:50.603 23811-23839 FirebaseSessions        com.rpeters.jellyfin                 D  Notified CRASHLYTICS of new session 51e479708389411ca18ab89d139b3ec2
2026-01-31 17:42:50.614 23811-23811 peters.jellyfin         com.rpeters.jellyfin                 I  hiddenapi: Accessing hidden method Landroid/view/WindowManagerGlobal;->getInstance()Landroid/view/WindowManagerGlobal; (runtime_flags=0, domain=platform, api=unsupported) from Lcurtains/internal/WindowManagerSpy$windowManagerInstance$2; (domain=app, TargetSdkVersion=35) using reflection: allowed
2026-01-31 17:42:50.614 23811-23811 peters.jellyfin         com.rpeters.jellyfin                 I  hiddenapi: Accessing hidden field Landroid/view/WindowManagerGlobal;->mViews:Ljava/util/ArrayList; (runtime_flags=0, domain=platform, api=unsupported) from Lcurtains/internal/WindowManagerSpy$mViewsField$2; (domain=app, TargetSdkVersion=35) using reflection: allowed
2026-01-31 17:42:50.614 23811-23811 peters.jellyfin         com.rpeters.jellyfin                 I  hiddenapi: Accessing hidden field Landroid/app/ActivityThread;->mH:Landroid/app/ActivityThread$H; (runtime_flags=0, domain=platform, api=unsupported) from Lleakcanary/ServiceWatcher; (domain=app, TargetSdkVersion=35) using reflection: allowed
2026-01-31 17:42:50.614 23811-23811 peters.jellyfin         com.rpeters.jellyfin                 I  hiddenapi: Accessing hidden method Landroid/app/ActivityThread;->currentActivityThread()Landroid/app/ActivityThread; (runtime_flags=0, domain=platform, api=unsupported) from Lleakcanary/ServiceWatcher$activityThreadInstance$2; (domain=app, TargetSdkVersion=35) using reflection: allowed
2026-01-31 17:42:50.614 23811-23811 peters.jellyfin         com.rpeters.jellyfin                 I  hiddenapi: Accessing hidden field Landroid/os/Handler;->mCallback:Landroid/os/Handler$Callback; (runtime_flags=0, domain=platform, api=unsupported) from Lleakcanary/ServiceWatcher; (domain=app, TargetSdkVersion=35) using reflection: allowed
2026-01-31 17:42:50.614 23811-23811 peters.jellyfin         com.rpeters.jellyfin                 I  hiddenapi: Accessing hidden field Landroid/util/Singleton;->mInstance:Ljava/lang/Object; (runtime_flags=0, domain=platform, api=unsupported) from Lleakcanary/ServiceWatcher; (domain=app, TargetSdkVersion=35) using reflection: allowed
2026-01-31 17:42:50.614 23811-23811 peters.jellyfin         com.rpeters.jellyfin                 I  hiddenapi: Accessing hidden method Landroid/util/Singleton;->get()Ljava/lang/Object; (runtime_flags=0, domain=platform, api=unsupported) from Lleakcanary/ServiceWatcher; (domain=app, TargetSdkVersion=35) using reflection: allowed
2026-01-31 17:42:50.614 23811-23811 peters.jellyfin         com.rpeters.jellyfin                 I  hiddenapi: Accessing hidden field Landroid/app/ActivityManager;->IActivityManagerSingleton:Landroid/util/Singleton; (runtime_flags=0, domain=platform, api=unsupported) from Lleakcanary/ServiceWatcher; (domain=app, TargetSdkVersion=35) using reflection: allowed
2026-01-31 17:42:50.707 23811-23811 JellyfinApplication     com.rpeters.jellyfin                 I  Firebase App Check initialized with DEBUG provider
2026-01-31 17:42:50.708 23811-23811 JellyfinApplication     com.rpeters.jellyfin                 I  Check logcat for 'DebugAppCheckProvider' to find your debug token
2026-01-31 17:42:50.708 23811-23840 com.google...ckProvider com.rpeters.jellyfin                 D  Enter this debug secret into the allow list in the Firebase Console for your project: cc196c8e-0778-460d-80b1-ae35d8273359
2026-01-31 17:42:50.708 23811-23811 ModernSurf...oordinator com.rpeters.jellyfin                 I  ModernSurfaceCoordinator initialized
2026-01-31 17:42:50.708 23811-23811 JellyfinApplication     com.rpeters.jellyfin                 I  Application started
2026-01-31 17:42:50.710 23811-23858 NetworkOptimizer        com.rpeters.jellyfin                 D  Network optimizations initialized successfully
2026-01-31 17:42:50.711 23811-23811 ActivityThread          com.rpeters.jellyfin                 D  com.rpeters.jellyfin will use render engine as VK
2026-01-31 17:42:50.711 23811-23811 HWUI                    com.rpeters.jellyfin                 D  HWUI - treat SMPTE_170M as sRGB
2026-01-31 17:42:50.715 23811-23872 DisplayManager          com.rpeters.jellyfin                 I  Choreographer implicitly registered for the refresh rate.
2026-01-31 17:42:50.715 23811-23872 HWUI                    com.rpeters.jellyfin                 D  CacheManager constructor. deviceInfo=(1080, 1920)
2026-01-31 17:42:50.715 23811-23872 vulkan                  com.rpeters.jellyfin                 D  searching for layers in '/data/app/~~oPiOCDFOmYnfBjXIbyazLw==/com.rpeters.jellyfin-rDvK-xnD7cOi2-fT1ghL4w==/lib/arm64'
2026-01-31 17:42:50.715 23811-23872 vulkan                  com.rpeters.jellyfin                 D  searching for layers in '/data/app/~~oPiOCDFOmYnfBjXIbyazLw==/com.rpeters.jellyfin-rDvK-xnD7cOi2-fT1ghL4w==/base.apk!/lib/arm64-v8a'
2026-01-31 17:42:50.720 23811-23872 Adreno-AppProfiles      com.rpeters.jellyfin                 E  QSPM AIDL service doesn't exist
2026-01-31 17:42:50.720 23811-23872 AdrenoVK-0              com.rpeters.jellyfin                 I  ===== BEGIN DUMP OF OVERRIDDEN SETTINGS =====
2026-01-31 17:42:50.720 23811-23872 AdrenoVK-0              com.rpeters.jellyfin                 I  ===== END DUMP OF OVERRIDDEN SETTINGS =====
2026-01-31 17:42:50.722 23811-23872 qdgralloc               com.rpeters.jellyfin                 D  Fetching IMapper5 from QtiMapper5
2026-01-31 17:42:50.726 23811-23872 SnapAlloc               com.rpeters.jellyfin                 I  Graphics lib is available
2026-01-31 17:42:50.729 23811-23811 CompatChangeReporter    com.rpeters.jellyfin                 D  Compat change id reported: 309578419; UID 10546; state: ENABLED
2026-01-31 17:42:50.729 23811-23811 DesktopModeFlags        com.rpeters.jellyfin                 D  Toggle override initialized to: OVERRIDE_UNSET
2026-01-31 17:42:50.729 23811-23872 Adreno-UNKNOWN          com.rpeters.jellyfin                 I  Using previously loaded IMapper library.
2026-01-31 17:42:50.730 23811-23811 DecorView               com.rpeters.jellyfin                 I  setWindowBackground: isPopOver=false color=ff141218 d=android.graphics.drawable.ColorDrawable@d888afb
2026-01-31 17:42:50.731 23811-23872 AdrenoVK-0              com.rpeters.jellyfin                 I  QUALCOMM build          : cf24501b86, Ic06689e359
                                                                                                    Build Date              : 12/18/25
                                                                                                    Shader Compiler Version : E031.47.18.44
                                                                                                    Local Branch            :
                                                                                                    Remote Branch           : refs/tags/AU_LINUX_ANDROID_LA.VENDOR.15.4.0.11.00.00.1088.837
                                                                                                    Remote Branch           : NONE
                                                                                                    Reconstruct Branch      : NOTHING
2026-01-31 17:42:50.731 23811-23872 AdrenoVK-0              com.rpeters.jellyfin                 I  Build Config            : S P 18.0.0 AArch64
2026-01-31 17:42:50.731 23811-23872 AdrenoVK-0              com.rpeters.jellyfin                 I  Driver Path             : /vendor/lib64/hw/vulkan.adreno.so
2026-01-31 17:42:50.731 23811-23872 AdrenoVK-0              com.rpeters.jellyfin                 I  Driver Version          : 0800.64.2
2026-01-31 17:42:50.731 23811-23872 AdrenoVK-0              com.rpeters.jellyfin                 I  PFP                     : 0x01500077
2026-01-31 17:42:50.731 23811-23872 AdrenoVK-0              com.rpeters.jellyfin                 I  ME                      : 0x01500014
2026-01-31 17:42:50.731 23811-23872 AdrenoVK-0              com.rpeters.jellyfin                 I  Application Name    : android framework
                                                                                                    Process Name        : com.rpeters.jellyfin
                                                                                                    Application Version : 0x00000000
                                                                                                    Engine Name         : android framework
                                                                                                    Engine Version      : 0x00000000
                                                                                                    Api Version         : 0x00401000
2026-01-31 17:42:50.732 23811-23811 MainThreadMonitor       com.rpeters.jellyfin                 D  Starting main thread monitoring
2026-01-31 17:42:50.732 23811-23862 LeakCanary              com.rpeters.jellyfin                 D  LeakCanary is running and ready to detect memory leaks.
2026-01-31 17:42:50.737 23811-23811 FirebaseSessions        com.rpeters.jellyfin                 D  App foregrounded on com.rpeters.jellyfin
2026-01-31 17:42:50.737 23811-23811 FirebaseSessions        com.rpeters.jellyfin                 D  Session 51e479708389411ca18ab89d139b3ec2 has not backgrounded yet
2026-01-31 17:42:50.737 23811-23811 FirebaseSessions        com.rpeters.jellyfin                 D  Process com.rpeters.jellyfin is stale
2026-01-31 17:42:50.738 23811-23845 FA                      com.rpeters.jellyfin                 I  Tag Manager is not found and thus will not be used
2026-01-31 17:42:50.743 23811-23811 ViewRootImpl            com.rpeters.jellyfin                 D  desktopMode is false
2026-01-31 17:42:50.743 23811-23811 CompatChangeReporter    com.rpeters.jellyfin                 D  Compat change id reported: 349153669; UID 10546; state: ENABLED
2026-01-31 17:42:50.744 23811-23811 ViewRootImpl            com.rpeters.jellyfin                 I  dVRR is disabled
2026-01-31 17:42:50.744 23811-23841 FirebaseSessions        com.rpeters.jellyfin                 D  Session 51e479708389411ca18ab89d139b3ec2 has not backgrounded yet
2026-01-31 17:42:50.744 23811-23841 FirebaseSessions        com.rpeters.jellyfin                 D  Cold app start detected
2026-01-31 17:42:50.744 23811-23841 FirebaseSessions        com.rpeters.jellyfin                 D  Process com.rpeters.jellyfin is stale
2026-01-31 17:42:50.744 23811-23811 peters.jellyfin         com.rpeters.jellyfin                 I  hiddenapi: Accessing hidden field Lcom/android/internal/policy/DecorView;->mWindow:Lcom/android/internal/policy/PhoneWindow; (runtime_flags=0, domain=platform, api=unsupported) from Lcurtains/internal/WindowSpy$windowField$2; (domain=app, TargetSdkVersion=35) using reflection: allowed
2026-01-31 17:42:50.745 23811-23811 HardwareRenderer        com.rpeters.jellyfin                 D  onDisplayChanged. displayId=0 current wxh=1440x3120 mLargest wxh=0x0
2026-01-31 17:42:50.745 23811-23811 HardwareRenderer        com.rpeters.jellyfin                 D  Set largestWidth and largestHeight as logical resolution. (1440x3120)
2026-01-31 17:42:50.745 23811-23872 HWUI                    com.rpeters.jellyfin                 D  setMaxSurfaceArea requested wxh=(1440,3120) requestedSurfaceArea(4492800) mMaxSurfaceArea(2073600)
2026-01-31 17:42:50.745 23811-23872 NativeCust...ncyManager com.rpeters.jellyfin                 D  [NativeCFMS] BpCustomFrequencyManager::BpCustomFrequencyManager()
2026-01-31 17:42:50.746 23811-23841 peters.jellyfin         com.rpeters.jellyfin                 W  Method void com.google.android.gms.tasks.zzj.zza(com.google.android.gms.tasks.Task) failed lock verification and will run slower.
2026-01-31 17:42:50.746 23811-23841 peters.jellyfin         com.rpeters.jellyfin                 W  Method void com.google.android.gms.tasks.zzj.zzb() failed lock verification and will run slower.
2026-01-31 17:42:50.746 23811-23839 peters.jellyfin         com.rpeters.jellyfin                 W  Method void com.google.android.gms.tasks.zzi.run() failed lock verification and will run slower.
2026-01-31 17:42:50.746 23811-23881 perf_hint               com.rpeters.jellyfin                 E  Session ID too large, must fit 32-bit integer
2026-01-31 17:42:50.747 23811-23811 InputTransport          com.rpeters.jellyfin                 D  Input channel constructed: 'e753c69', fd=148
2026-01-31 17:42:50.747 23811-23811 InsetsController        com.rpeters.jellyfin                 I  onStateChanged: host=com.rpeters.jellyfin/com.rpeters.jellyfin.MainActivity, from=android.view.ViewRootImpl.onInsetsStateChanged:3038, state=InsetsState: {mDisplayFrame=Rect(0, 0 - 1440, 3120), mDisplayCutout=DisplayCutout{insets=Rect(0, 128 - 0, 0) waterfall=Insets{left=0, top=0, right=0, bottom=0} boundingRect={Bounds=[Rect(0, 0 - 0, 0), Rect(685, 0 - 755, 128), Rect(0, 0 - 0, 0), Rect(0, 0 - 0, 0)]} cutoutPathParserInfo={CutoutPathParserInfo{displayWidth=1440 displayHeight=3120 physicalDisplayWidth=1440 physicalDisplayHeight=3120 density={3.75} cutoutSpec={M 0,0 H -9.333333333333333 V 34.13333333333333 H 9.333333333333333 V 0 H 0 Z @dp} rotation={0} scale={1.0} physicalPixelDisplaySizeRatio={1.0}}} sideOverrides={}}, mRoundedCorners=RoundedCorners{[RoundedCorner{position=TopLeft, radius=56, center=Point(56, 56)}, RoundedCorner{position=TopRight, radius=56, center=Point(1384, 56)}, RoundedCorner{position=BottomRight, radius=56, center=Point(1384, 3064)}, RoundedCorner{position=BottomLeft, radius=56, center=Point(56, 3064)}]}  mRoundedCornerFrame=Rect(0, 0 - 1440, 3120), mPrivacyIndicatorBounds=PrivacyIndicatorBounds {static bounds=Rect(1275, 0 - 1440, 128) rotation=0}, mDisplayShape=DisplayShape{ spec=-311912193 displayWidth=1440 displayHeight=3120 physicalPixelDisplaySizeRatio=1.0 rotation=0 offsetX=0 offsetY=0 scale=1.0}, mSources= { InsetsSource: {91450001 mType=navigationBars mFrame=[0,3064][1440,3120] mAttachedInsets=null mVisible=true mFlags=SUPPRESS_SCRIM mSideHint=BOTTOM mBoundingRects=null}, InsetsSource: {91450004 mType=systemGestures mFrame=[0,0][112,3120] mAttachedInsets=null mVisible=true mFlags= mSideHint=LEFT mBoundingRects=null}, InsetsSource: {91450005 mType=mandatorySystemGestures mFrame=[0,3000][1440,3120] mAttachedInsets=null mVisible=true mFlags= mSideHint=BOTTOM mBoundingRects=null}, InsetsSource: {91450006 mType=tappableElement mFrame=[0,0][0,0] mAttachedInsets=null mVisible=true mFlags= mSideHint=NONE mBoundingRects=null}, InsetsSource: {91450024 mType=systemGestures mFrame=[1328,0][1440,3120] mAttachedInsets=null mVisible=true mFlags= mSideHint=RIGHT mBoundingRects=null}, InsetsSource: {9c550000 mType=statusBars mFrame=[0,0][1440,128] mAttachedInsets=null mVisible=true mFlags= mSideHint=TOP mBoundingRects=null}, InsetsSource: {9c550005 mType=mandatorySystemGestures mFrame=[0,0][1440,173] mAttachedInsets=null mVisible=true mFlags= mSideHint=TOP mBoundingRects=null}, InsetsSource: {9c550006 mType=tappableElement mFrame=[0,0][1440,128] mAttachedInsets=null mVisible=true mFlags= mSideHint=TOP mBoundingRects=null}, InsetsSource: {3 mType=ime mFrame=[0,0][0,0] mAttachedInsets=null mVisible=false mFlags=INVALID mSideHint=NONE mBoundingRects=null}, InsetsSource: {27 mType=displayCutout mFrame=[0,0][1440,128] mAttachedInsets=null mVisible=true mFlags= mSideHint=TOP mBoundingRects=null} }
2026-01-31 17:42:50.748 23811-23839 FirebaseSessions        com.rpeters.jellyfin                 D  Session Event Type: SESSION_START
2026-01-31 17:42:50.748 23811-23839 FirebaseSessions        com.rpeters.jellyfin                 D  Successfully logged Session Start event.
2026-01-31 17:42:50.748 23811-23811 VRI[MainAc...y]@675d6a7 com.rpeters.jellyfin                 I  synced displayState. AttachInfo displayState=2
2026-01-31 17:42:50.748 23811-23811 VRI[MainAc...y]@675d6a7 com.rpeters.jellyfin                 I  setView = com.android.internal.policy.DecorView@a88028f IsHRR=false mFlingFrameRateChange=0 TM=true
2026-01-31 17:42:50.749 23811-23872 HWUI                    com.rpeters.jellyfin                 D  HWUI - treat SMPTE_170M as sRGB
2026-01-31 17:42:50.749 23811-23870 JellyfinApplication     com.rpeters.jellyfin                 I  Performance optimizations initialized
2026-01-31 17:42:50.750 23811-23811 WindowOnBackDispatcher  com.rpeters.jellyfin                 D  setTopOnBackInvokedCallback (unwrapped): android.app.Activity$$ExternalSyntheticLambda0@762a638
2026-01-31 17:42:50.756 23811-23839 FirebaseSessions        com.rpeters.jellyfin                 D  Notified CRASHLYTICS of new session 2cdba495dc264a08ae298037d3b272cc
2026-01-31 17:42:50.798 23811-23811 peters.jellyfin         com.rpeters.jellyfin                 I  hiddenapi: Accessing hidden method Landroid/os/SystemProperties;->addChangeCallback(Ljava/lang/Runnable;)V (runtime_flags=0, domain=platform, api=unsupported) from Landroidx/compose/ui/platform/AndroidComposeView$Companion; (domain=app, TargetSdkVersion=35) using reflection: allowed
2026-01-31 17:42:50.802 23811-23811 VibratorInfo            com.rpeters.jellyfin                 E  Invalid frequency profile received from HAL. resonantFrequencyHz=NaN, frequenciesHz=null, outputAccelerationsGs=null
2026-01-31 17:42:50.803 23811-23816 peters.jellyfin         com.rpeters.jellyfin                 I  Compiler allocated 5203KB to compile void android.view.ViewRootImpl.performTraversals()
2026-01-31 17:42:50.825 23811-23811 VRI[MainAc...y]@675d6a7 com.rpeters.jellyfin                 D  WindowInsets changed: 1440x3120 statusBars:[0,128,0,0] navigationBars:[0,0,0,56] mandatorySystemGestures:[0,173,0,120]
2026-01-31 17:42:50.846 23811-23867 JellyfinCache           com.rpeters.jellyfin                 D  Cache cleanup completed. Removed 0 expired entries
2026-01-31 17:42:50.911 23811-23811 HWUI                    com.rpeters.jellyfin                 I  Using FreeType backend (prop=Auto)
2026-01-31 17:42:51.006 23811-23811 BufferQueueProducer     com.rpeters.jellyfin                 E  Unable to open libpenguin.so: dlopen failed: library "libpenguin.so" not found.
2026-01-31 17:42:51.006 23811-23811 peters.jellyfin         com.rpeters.jellyfin                 E  Unable to open libpenguin.so: dlopen failed: library "libpenguin.so" not found.
2026-01-31 17:42:51.006 23811-23811 BufferQueueProducer     com.rpeters.jellyfin                 I  [](id:5d0300000000,api:0,p:0,c:23811) setDequeueTimeout:2077252342
2026-01-31 17:42:51.006 23811-23811 BLASTBufferQueue_Java   com.rpeters.jellyfin                 I  new BLASTBufferQueue, mName= VRI[MainActivity]@675d6a7 mNativeObject= 0xb4000073e3d54930 caller= android.view.ViewRootImpl.updateBlastSurfaceIfNeeded:3603 android.view.ViewRootImpl.relayoutWindow:11809 android.view.ViewRootImpl.performTraversals:4839 android.view.ViewRootImpl.doTraversal:3959 android.view.ViewRootImpl$TraversalRunnable.run:13030 android.view.Choreographer$CallbackRecord.run:1961 android.view.Choreographer$CallbackRecord.run:1970 android.view.Choreographer.doCallbacks:1423 android.view.Choreographer.doFrame:1348 android.view.Choreographer$FrameDisplayEventReceiver.run:1930
2026-01-31 17:42:51.006 23811-23811 BLASTBufferQueue_Java   com.rpeters.jellyfin                 I  update, w= 1440 h= 3120 mName = VRI[MainActivity]@675d6a7 mNativeObject= 0xb4000073e3d54930 sc.mNativeObject= 0xb400007273cfb810 format= -1 caller= android.view.ViewRootImpl.updateBlastSurfaceIfNeeded:3608 android.view.ViewRootImpl.relayoutWindow:11809 android.view.ViewRootImpl.performTraversals:4839 android.view.ViewRootImpl.doTraversal:3959 android.view.ViewRootImpl$TraversalRunnable.run:13030 android.view.Choreographer$CallbackRecord.run:1961
2026-01-31 17:42:51.007 23811-23811 VRI[MainAc...y]@675d6a7 com.rpeters.jellyfin                 I  Relayout returned: old=(0,0,1440,3120) new=(0,0,1440,3120) relayoutAsync=false req=(1440,3120)0 dur=2 res=0x3 s={true 0xb400007333d1ea10} ch=true seqId=0
2026-01-31 17:42:51.007 23811-23811 VRI[MainAc...y]@675d6a7 com.rpeters.jellyfin                 I  performConfigurationChange setNightDimText nightDimLevel=0
2026-01-31 17:42:51.008 23811-23811 VRI[MainAc...y]@675d6a7 com.rpeters.jellyfin                 D  mThreadedRenderer.initialize() mSurface={isValid=true 0xb400007333d1ea10} hwInitialized=true
2026-01-31 17:42:51.029 23811-23811 VRI[MainAc...y]@675d6a7 com.rpeters.jellyfin                 D  reportNextDraw android.view.ViewRootImpl.performTraversals:5503 android.view.ViewRootImpl.doTraversal:3959 android.view.ViewRootImpl$TraversalRunnable.run:13030 android.view.Choreographer$CallbackRecord.run:1961 android.view.Choreographer$CallbackRecord.run:1970
2026-01-31 17:42:51.029 23811-23811 VRI[MainAc...y]@675d6a7 com.rpeters.jellyfin                 D  Setup new sync=wmsSync-VRI[MainActivity]@675d6a7#0
2026-01-31 17:42:51.029 23811-23811 VRI[MainAc...y]@675d6a7 com.rpeters.jellyfin                 I  Creating new active sync group VRI[MainActivity]@675d6a7#1
2026-01-31 17:42:51.029 23811-23811 VRI[MainAc...y]@675d6a7 com.rpeters.jellyfin                 D  registerCallbacksForSync syncBuffer=false
2026-01-31 17:42:51.038 23811-23882 VRI[MainAc...y]@675d6a7 com.rpeters.jellyfin                 D  Received frameDrawingCallback syncResult=0 frameNum=1.
2026-01-31 17:42:51.038 23811-23882 VRI[MainAc...y]@675d6a7 com.rpeters.jellyfin                 I  mWNT: t=0xb400007313d40380 mBlastBufferQueue=0xb4000073e3d54930 fn= 1 HdrRenderState mRenderHdrSdrRatio=1.0 caller= android.view.ViewRootImpl$12.onFrameDraw:15557 android.view.ThreadedRenderer$1.onFrameDraw:751 <bottom of call stack>
2026-01-31 17:42:51.038 23811-23882 VRI[MainAc...y]@675d6a7 com.rpeters.jellyfin                 I  Setting up sync and frameCommitCallback
2026-01-31 17:42:51.038 23811-23872 AdrenoUtils             com.rpeters.jellyfin                 I  <ReadGpuID:366>: Reading chip ID through GSL
2026-01-31 17:42:51.046 23811-23872 BLASTBufferQueue        com.rpeters.jellyfin                 I  [VRI[MainActivity]@675d6a7#0](f:0,a:0,s:0) onFrameAvailable the first frame is available
2026-01-31 17:42:51.046 23811-23872 SurfaceComposerClient   com.rpeters.jellyfin                 I  apply transaction with the first frame. layerId: 157590, bufferData(ID: 102267466285059, frameNumber: 1)
2026-01-31 17:42:51.046 23811-23872 VRI[MainAc...y]@675d6a7 com.rpeters.jellyfin                 I  Received frameCommittedCallback lastAttemptedDrawFrameNum=1 didProduceBuffer=true
2026-01-31 17:42:51.046 23811-23872 HWUI                    com.rpeters.jellyfin                 D  CFMS:: SetUp Pid : 23811    Tid : 23872
2026-01-31 17:42:51.047 23811-23811 VRI[MainAc...y]@675d6a7 com.rpeters.jellyfin                 D  reportDrawFinished seqId=0
2026-01-31 17:42:51.068 23811-23811 Choreographer           com.rpeters.jellyfin                 I  Skipped 36 frames!  The application may be doing too much work on its main thread.
2026-01-31 17:42:51.082 23811-23811 InsetsSourceConsumer    com.rpeters.jellyfin                 I  applyRequestedVisibilityToControl: visible=true, type=statusBars, host=com.rpeters.jellyfin/com.rpeters.jellyfin.MainActivity
2026-01-31 17:42:51.083 23811-23811 InsetsSourceConsumer    com.rpeters.jellyfin                 I  applyRequestedVisibilityToControl: visible=true, type=navigationBars, host=com.rpeters.jellyfin/com.rpeters.jellyfin.MainActivity
2026-01-31 17:42:51.084 23811-23811 VRI[MainAc...y]@675d6a7 com.rpeters.jellyfin                 D  mThreadedRenderer.initializeIfNeeded()#2 mSurface={isValid=true 0xb400007333d1ea10}
2026-01-31 17:42:51.084 23811-23811 InputMethodManagerUtils com.rpeters.jellyfin                 D  startInputInner - Id : 0
2026-01-31 17:42:51.084 23811-23811 InputMethodManager      com.rpeters.jellyfin                 I  startInputInner - IInputMethodManagerGlobalInvoker.startInputOrWindowGainedFocus
2026-01-31 17:42:51.086 23811-23823 InputTransport          com.rpeters.jellyfin                 D  Input channel constructed: 'ClientS', fd=177
2026-01-31 17:42:51.099 23811-23811 InsetsController        com.rpeters.jellyfin                 D  hide(ime())
2026-01-31 17:42:51.099 23811-23811 ImeTracker              com.rpeters.jellyfin                 I  com.rpeters.jellyfin:726b0c04: onCancelled at PHASE_CLIENT_ALREADY_HIDDEN
2026-01-31 17:42:52.604 23811-23811 VRI[MainAc...y]@675d6a7 com.rpeters.jellyfin                 I  ViewPostIme pointer 0
2026-01-31 17:42:52.621 23811-23811 VRI[MainAc...y]@675d6a7 com.rpeters.jellyfin                 I  call setFrameRateCategory for touch hint category=high hint, reason=touch, vri=VRI[MainActivity]@675d6a7
2026-01-31 17:42:52.666 23811-23811 VRI[MainAc...y]@675d6a7 com.rpeters.jellyfin                 I  ViewPostIme pointer 1
2026-01-31 17:42:52.713 23811-23811 InputMethodManagerUtils com.rpeters.jellyfin                 D  startInputInner - Id : 0
2026-01-31 17:42:52.713 23811-23811 InputMethodManager      com.rpeters.jellyfin                 I  startInputInner - IInputMethodManagerGlobalInvoker.startInputOrWindowGainedFocus
2026-01-31 17:42:52.714 23811-23811 InputMethodManagerUtils com.rpeters.jellyfin                 D  startInputInner - Id : 0
2026-01-31 17:42:52.714 23811-23811 InputMethodManager      com.rpeters.jellyfin                 I  startInputInner - IInputMethodManagerGlobalInvoker.startInputOrWindowGainedFocus
2026-01-31 17:42:52.714 23811-23811 InsetsController        com.rpeters.jellyfin                 D  show(ime())
2026-01-31 17:42:52.714 23811-23811 ImeTracker              com.rpeters.jellyfin                 I  com.rpeters.jellyfin:1d2548f6: onRequestShow at ORIGIN_CLIENT reason SHOW_SOFT_INPUT_BY_INSETS_API fromUser false
2026-01-31 17:42:52.715 23811-23951 InputTransport          com.rpeters.jellyfin                 D  Input channel constructed: 'ClientS', fd=200
2026-01-31 17:42:52.715 23811-23811 InsetsController        com.rpeters.jellyfin                 D  Setting requestedVisibleTypes to 511 (was 503)
2026-01-31 17:42:52.715 23811-23811 InsetsController        com.rpeters.jellyfin                 I  setRequestedVisibleTypes: visible=true, mask=ime, host=com.rpeters.jellyfin/com.rpeters.jellyfin.MainActivity, from=android.view.InsetsController.controlAnimationUnchecked:1646 android.view.InsetsController.applyAnimation:2278 android.view.InsetsController.applyAnimation:2207 android.view.InsetsController.show:1498 android.view.InsetsController.show:1435 androidx.core.view.SoftwareKeyboardControllerCompat$Impl30.show:189 androidx.core.view.SoftwareKeyboardControllerCompat.show:70 androidx.compose.ui.text.input.InputMethodManagerImpl.showSoftInput:81 androidx.compose.ui.text.input.TextInputServiceAndroid.setKeyboardVisibleImmediately:471 androidx.compose.ui.text.input.TextInputServiceAndroid.processInputCommands:355
2026-01-31 17:42:52.716 23811-23951 InputTransport          com.rpeters.jellyfin                 D  Input channel constructed: 'ClientS', fd=201
2026-01-31 17:42:52.723 23811-23811 AssistStructure         com.rpeters.jellyfin                 I  Flattened final assist data: 1064 bytes, containing 1 windows, 6 views
2026-01-31 17:42:52.743 23811-23811 InputMethodManager_LC   com.rpeters.jellyfin                 I  showSoftInput(View,I)
2026-01-31 17:42:52.743 23811-23811 ImeTracker              com.rpeters.jellyfin                 I  com.rpeters.jellyfin:2856b421: onRequestShow at ORIGIN_CLIENT reason SHOW_SOFT_INPUT fromUser false
2026-01-31 17:42:52.743 23811-23811 InputMethodManager_LC   com.rpeters.jellyfin                 I  ssi(): flags=0 view=com.rpeters.jellyfin reason=SHOW_SOFT_INPUT
2026-01-31 17:42:52.743 23811-23811 InputMethodManager_LC   com.rpeters.jellyfin                 I  ssi() view is not EditText
2026-01-31 17:42:52.743 23811-23811 InsetsController        com.rpeters.jellyfin                 D  show(ime())
2026-01-31 17:42:52.743 23811-23811 ImeTracker              com.rpeters.jellyfin                 I  com.rpeters.jellyfin:2856b421: onCancelled at PHASE_CLIENT_REPORT_REQUESTED_VISIBLE_TYPES
2026-01-31 17:42:52.743 23811-23811 VRI[MainAc...y]@675d6a7 com.rpeters.jellyfin                 I  handleResized, frames=ClientWindowFrames{frame=[0,0][1440,3120] display=[0,0][1440,3120] parentFrame=[0,0][0,0]} displayId=0 dragResizing=false compatScale=1.0 frameChanged=false attachedFrameChanged=false configChanged=false displayChanged=false compatScaleChanged=false dragResizingChanged=false
2026-01-31 17:42:52.744 23811-23811 Autofill Status         com.rpeters.jellyfin                 D  Autofill popup was shown.
2026-01-31 17:42:52.763 23811-23811 WindowOnBackDispatcher  com.rpeters.jellyfin                 D  setTopOnBackInvokedCallback (unwrapped): android.view.ImeBackAnimationController@4a56afe
2026-01-31 17:42:52.776 23811-23811 InsetsController        com.rpeters.jellyfin                 I  onStateChanged: host=com.rpeters.jellyfin/com.rpeters.jellyfin.MainActivity, from=android.view.ViewRootImpl.onInsetsStateChanged:3038, state=InsetsState: {mDisplayFrame=Rect(0, 0 - 1440, 3120), mDisplayCutout=DisplayCutout{insets=Rect(0, 128 - 0, 0) waterfall=Insets{left=0, top=0, right=0, bottom=0} boundingRect={Bounds=[Rect(0, 0 - 0, 0), Rect(685, 0 - 755, 128), Rect(0, 0 - 0, 0), Rect(0, 0 - 0, 0)]} cutoutPathParserInfo={CutoutPathParserInfo{displayWidth=1440 displayHeight=3120 physicalDisplayWidth=1440 physicalDisplayHeight=3120 density={3.75} cutoutSpec={M 0,0 H -9.333333333333333 V 34.13333333333333 H 9.333333333333333 V 0 H 0 Z @dp} rotation={0} scale={1.0} physicalPixelDisplaySizeRatio={1.0}}} sideOverrides={}}, mRoundedCorners=RoundedCorners{[RoundedCorner{position=TopLeft, radius=56, center=Point(56, 56)}, RoundedCorner{position=TopRight, radius=56, center=Point(1384, 56)}, RoundedCorner{position=BottomRight, radius=56, center=Point(1384, 3064)}, RoundedCorner{position=BottomLeft, radius=56, center=Point(56, 3064)}]}  mRoundedCornerFrame=Rect(0, 0 - 1440, 3120), mPrivacyIndicatorBounds=PrivacyIndicatorBounds {static bounds=Rect(1275, 0 - 1440, 128) rotation=0}, mDisplayShape=DisplayShape{ spec=-311912193 displayWidth=1440 displayHeight=3120 physicalPixelDisplaySizeRatio=1.0 rotation=0 offsetX=0 offsetY=0 scale=1.0}, mSources= { InsetsSource: {91450001 mType=navigationBars mFrame=[0,3064][1440,3120] mAttachedInsets=null mVisible=true mFlags=SUPPRESS_SCRIM mSideHint=BOTTOM mBoundingRects=null}, InsetsSource: {91450004 mType=systemGestures mFrame=[0,0][112,3120] mAttachedInsets=null mVisible=true mFlags= mSideHint=LEFT mBoundingRects=null}, InsetsSource: {91450005 mType=mandatorySystemGestures mFrame=[0,3000][1440,3120] mAttachedInsets=null mVisible=true mFlags= mSideHint=BOTTOM mBoundingRects=null}, InsetsSource: {91450006 mType=tappableElement mFrame=[0,0][0,0] mAttachedInsets=null mVisible=true mFlags= mSideHint=NONE mBoundingRects=null}, InsetsSource: {91450024 mType=systemGestures mFrame=[1328,0][1440,3120] mAttachedInsets=null mVisible=true mFlags= mSideHint=RIGHT mBoundingRects=null}, InsetsSource: {9c550000 mType=statusBars mFrame=[0,0][1440,128] mAttachedInsets=null mVisible=true mFlags= mSideHint=TOP mBoundingRects=null}, InsetsSource: {9c550005 mType=mandatorySystemGestures mFrame=[0,0][1440,173] mAttachedInsets=null mVisible=true mFlags= mSideHint=TOP mBoundingRects=null}, InsetsSource: {9c550006 mType=tappableElement mFrame=[0,0][1440,128] mAttachedInsets=null mVisible=true mFlags= mSideHint=TOP mBoundingRects=null}, InsetsSource: {3 mType=ime mFrame=[0,1892][1440,3120] mAttachedInsets=null mVisible=true mFlags= mSideHint=BOTTOM mBoundingRects=null}, InsetsSource: {27 mType=displayCutout mFrame=[0,0][1440,128] mAttachedInsets=null mVisible=true mFlags= mSideHint=TOP mBoundingRects=null} }
2026-01-31 17:42:52.776 23811-23811 VRI[MainAc...y]@675d6a7 com.rpeters.jellyfin                 I  handleResized, frames=ClientWindowFrames{frame=[0,0][1440,3120] display=[0,0][1440,3120] parentFrame=[0,0][0,0]} displayId=0 dragResizing=false compatScale=1.0 frameChanged=false attachedFrameChanged=false configChanged=false displayChanged=false compatScaleChanged=false dragResizingChanged=false
2026-01-31 17:42:52.777 23811-23811 InsetsController        com.rpeters.jellyfin                 I  onStateChanged: host=com.rpeters.jellyfin/com.rpeters.jellyfin.MainActivity, from=android.view.ViewRootImpl.onInsetsStateChanged:3038, state=InsetsState: {mDisplayFrame=Rect(0, 0 - 1440, 3120), mDisplayCutout=DisplayCutout{insets=Rect(0, 128 - 0, 0) waterfall=Insets{left=0, top=0, right=0, bottom=0} boundingRect={Bounds=[Rect(0, 0 - 0, 0), Rect(685, 0 - 755, 128), Rect(0, 0 - 0, 0), Rect(0, 0 - 0, 0)]} cutoutPathParserInfo={CutoutPathParserInfo{displayWidth=1440 displayHeight=3120 physicalDisplayWidth=1440 physicalDisplayHeight=3120 density={3.75} cutoutSpec={M 0,0 H -9.333333333333333 V 34.13333333333333 H 9.333333333333333 V 0 H 0 Z @dp} rotation={0} scale={1.0} physicalPixelDisplaySizeRatio={1.0}}} sideOverrides={}}, mRoundedCorners=RoundedCorners{[RoundedCorner{position=TopLeft, radius=56, center=Point(56, 56)}, RoundedCorner{position=TopRight, radius=56, center=Point(1384, 56)}, RoundedCorner{position=BottomRight, radius=56, center=Point(1384, 3064)}, RoundedCorner{position=BottomLeft, radius=56, center=Point(56, 3064)}]}  mRoundedCornerFrame=Rect(0, 0 - 1440, 3120), mPrivacyIndicatorBounds=PrivacyIndicatorBounds {static bounds=Rect(1275, 0 - 1440, 128) rotation=0}, mDisplayShape=DisplayShape{ spec=-311912193 displayWidth=1440 displayHeight=3120 physicalPixelDisplaySizeRatio=1.0 rotation=0 offsetX=0 offsetY=0 scale=1.0}, mSources= { InsetsSource: {91450001 mType=navigationBars mFrame=[0,3064][1440,3120] mAttachedInsets=null mVisible=true mFlags=SUPPRESS_SCRIM mSideHint=BOTTOM mBoundingRects=null}, InsetsSource: {91450004 mType=systemGestures mFrame=[0,0][112,3120] mAttachedInsets=null mVisible=true mFlags= mSideHint=LEFT mBoundingRects=null}, InsetsSource: {91450005 mType=mandatorySystemGestures mFrame=[0,3000][1440,3120] mAttachedInsets=null mVisible=true mFlags= mSideHint=BOTTOM mBoundingRects=null}, InsetsSource: {91450006 mType=tappableElement mFrame=[0,0][0,0] mAttachedInsets=null mVisible=true mFlags= mSideHint=NONE mBoundingRects=null}, InsetsSource: {91450024 mType=systemGestures mFrame=[1328,0][1440,3120] mAttachedInsets=null mVisible=true mFlags= mSideHint=RIGHT mBoundingRects=null}, InsetsSource: {9c550000 mType=statusBars mFrame=[0,0][1440,128] mAttachedInsets=null mVisible=true mFlags= mSideHint=TOP mBoundingRects=null}, InsetsSource: {9c550005 mType=mandatorySystemGestures mFrame=[0,0][1440,173] mAttachedInsets=null mVisible=true mFlags= mSideHint=TOP mBoundingRects=null}, InsetsSource: {9c550006 mType=tappableElement mFrame=[0,0][1440,128] mAttachedInsets=null mVisible=true mFlags= mSideHint=TOP mBoundingRects=null}, InsetsSource: {3 mType=ime mFrame=[0,1892][1440,3120] mAttachedInsets=null mVisible=true mFlags= mSideHint=BOTTOM mBoundingRects=null}, InsetsSource: {27 mType=displayCutout mFrame=[0,0][1440,128] mAttachedInsets=null mVisible=true mFlags= mSideHint=TOP mBoundingRects=null} }
2026-01-31 17:42:52.784 23811-23811 VRI[MainAc...y]@675d6a7 com.rpeters.jellyfin                 D  WindowInsets changed: ime:[0,0,0,1228]
2026-01-31 17:42:52.784 23811-23811 BLASTBufferQueue_Java   com.rpeters.jellyfin                 I  update, w= 1440 h= 3120 mName = VRI[MainActivity]@675d6a7 mNativeObject= 0xb4000073e3d54930 sc.mNativeObject= 0xb400007273cfb810 format= -1 caller= android.view.ViewRootImpl.updateBlastSurfaceIfNeeded:3592 android.view.ViewRootImpl.relayoutWindow:11809 android.view.ViewRootImpl.performTraversals:4839 android.view.ViewRootImpl.doTraversal:3959 android.view.ViewRootImpl$TraversalRunnable.run:13030 android.view.Choreographer$CallbackRecord.run:1961
2026-01-31 17:42:52.784 23811-23811 VRI[MainAc...y]@675d6a7 com.rpeters.jellyfin                 I  Relayout returned: old=(0,0,1440,3120) new=(0,0,1440,3120) relayoutAsync=true req=(1440,3120)0 dur=0 res=0x0 s={true 0xb400007333d1ea10} ch=false seqId=0
2026-01-31 17:42:52.786 23811-23811 InteractionJankMonitor  com.rpeters.jellyfin                 W  Initializing without READ_DEVICE_CONFIG permission. enabled=false, interval=1, missedFrameThreshold=3, frameTimeThreshold=64, package=com.rpeters.jellyfin
