2026-01-29 22:41:24.811 18320-18543 OkHttpClient            com.rpeters.jellyfin                 I  POST https://rpeters1428.huron.usbx.me/jellyfin/Sessions/Playing/Progress
2026-01-29 22:41:24.945 18320-18320 PlaybackProgressManager com.rpeters.jellyfin                 D  Reported progress at 2136441ms for b4453c79-2f8c-d2d9-7d82-7202b3dff373
2026-01-29 22:41:24.946 18320-18391 peters.jellyfin         com.rpeters.jellyfin                 W  Method void com.google.android.gms.tasks.zzae.onCanceled() failed lock verification and will run slower.
2026-01-29 22:41:24.946 18320-18391 peters.jellyfin         com.rpeters.jellyfin                 W  Method void com.google.android.gms.tasks.zzae.onFailure(java.lang.Exception) failed lock verification and will run slower.
2026-01-29 22:41:24.946 18320-18391 peters.jellyfin         com.rpeters.jellyfin                 W  Method void com.google.android.gms.tasks.zzae.onSuccess(java.lang.Object) failed lock verification and will run slower.
2026-01-29 22:41:25.664 18320-18320 VRI[VideoP...y]@d5ea487 com.rpeters.jellyfin                 I  ViewPostIme pointer 0
2026-01-29 22:41:25.668 18320-18320 VRI[VideoP...y]@d5ea487 com.rpeters.jellyfin                 I  call setFrameRateCategory for touch hint category=high hint, reason=touch, vri=VRI[VideoPlayerActivity]@d5ea487
2026-01-29 22:41:25.729 18320-18320 VRI[VideoP...y]@d5ea487 com.rpeters.jellyfin                 I  ViewPostIme pointer 1
2026-01-29 22:41:26.395 18320-18320 VRI[VideoP...y]@d5ea487 com.rpeters.jellyfin                 I  ViewPostIme pointer 0
2026-01-29 22:41:26.462 18320-18320 VRI[VideoP...y]@d5ea487 com.rpeters.jellyfin                 I  ViewPostIme pointer 1
2026-01-29 22:41:26.482 18320-18320 Dialog                  com.rpeters.jellyfin                 I  mIsDeviceDefault = false, mIsSamsungBasicInteraction = false, isMetaDataInActivity = false
2026-01-29 22:41:26.485 18320-18320 DecorView               com.rpeters.jellyfin                 I  setWindowBackground: isPopOver=false color=0 d=android.graphics.drawable.ColorDrawable@302bf44
2026-01-29 22:41:26.491 18320-18320 WindowManager           com.rpeters.jellyfin                 I  WindowManagerGlobal#addView, ty=2, view=com.android.internal.policy.DecorView{b3a863f V.E...... R.....I. 0,0-0,0}[VideoPlayerActivity], caller=android.view.WindowManagerImpl.addView:167 android.app.Dialog.show:544 androidx.compose.ui.window.AndroidDialog_androidKt$Dialog$1$1.invoke:220
2026-01-29 22:41:26.491 18320-18320 ViewRootImpl            com.rpeters.jellyfin                 D  desktopMode is false
2026-01-29 22:41:26.491 18320-18320 ViewRootImpl            com.rpeters.jellyfin                 I  dVRR is disabled
2026-01-29 22:41:26.492 18320-18412 NativeCust...ncyManager com.rpeters.jellyfin                 D  [NativeCFMS] BpCustomFrequencyManager::BpCustomFrequencyManager()
2026-01-29 22:41:26.494 18320-18427 perf_hint               com.rpeters.jellyfin                 E  Session ID too large, must fit 32-bit integer
2026-01-29 22:41:26.494 18320-18320 InputTransport          com.rpeters.jellyfin                 D  Input channel constructed: '954cba3', fd=296
2026-01-29 22:41:26.495 18320-18320 InsetsController        com.rpeters.jellyfin                 I  onStateChanged: host=com.rpeters.jellyfin/com.rpeters.jellyfin.ui.player.VideoPlayerActivity, from=android.view.ViewRootImpl.onInsetsStateChanged:3038, state=InsetsState: {mDisplayFrame=Rect(0, 0 - 1440, 3120), mDisplayCutout=DisplayCutout{insets=Rect(0, 128 - 0, 0) waterfall=Insets{left=0, top=0, right=0, bottom=0} boundingRect={Bounds=[Rect(0, 0 - 0, 0), Rect(685, 0 - 755, 128), Rect(0, 0 - 0, 0), Rect(0, 0 - 0, 0)]} cutoutPathParserInfo={CutoutPathParserInfo{displayWidth=1440 displayHeight=3120 physicalDisplayWidth=1440 physicalDisplayHeight=3120 density={3.75} cutoutSpec={M 0,0 H -9.333333333333333 V 34.13333333333333 H 9.333333333333333 V 0 H 0 Z @dp} rotation={0} scale={1.0} physicalPixelDisplaySizeRatio={1.0}}} sideOverrides={}}, mRoundedCorners=RoundedCorners{[RoundedCorner{position=TopLeft, radius=56, center=Point(56, 56)}, RoundedCorner{position=TopRight, radius=56, center=Point(1384, 56)}, RoundedCorner{position=BottomRight, radius=56, center=Point(1384, 3064)}, RoundedCorner{position=BottomLeft, radius=56, center=Point(56, 3064)}]}  mRoundedCornerFrame=Rect(0, 0 - 1440, 3120), mPrivacyIndicatorBounds=PrivacyIndicatorBounds {static bounds=Rect(1275, 0 - 1440, 128) rotation=0}, mDisplayShape=DisplayShape{ spec=-311912193 displayWidth=1440 displayHeight=3120 physicalPixelDisplaySizeRatio=1.0 rotation=0 offsetX=0 offsetY=0 scale=1.0}, mSources= { InsetsSource: {91450001 mType=navigationBars mFrame=[0,3064][1440,3120] mAttachedInsets=null mVisible=false mFlags=SUPPRESS_SCRIM mSideHint=BOTTOM mBoundingRects=null}, InsetsSource: {91450004 mType=systemGestures mFrame=[0,0][112,3120] mAttachedInsets=null mVisible=true mFlags= mSideHint=LEFT mBoundingRects=null}, InsetsSource: {91450005 mType=mandatorySystemGestures mFrame=[0,3000][1440,3120] mAttachedInsets=null mVisible=true mFlags= mSideHint=BOTTOM mBoundingRects=null}, InsetsSource: {91450006 mType=tappableElement mFrame=[0,0][0,0] mAttachedInsets=null mVisible=true mFlags= mSideHint=NONE mBoundingRects=null}, InsetsSource: {91450024 mType=systemGestures mFrame=[1328,0][1440,3120] mAttachedInsets=null mVisible=true mFlags= mSideHint=RIGHT mBoundingRects=null}, InsetsSource: {9c550000 mType=statusBars mFrame=[0,0][1440,128] mAttachedInsets=null mVisible=false mFlags= mSideHint=TOP mBoundingRects=null}, InsetsSource: {9c550005 mType=mandatorySystemGestures mFrame=[0,0][1440,173] mAttachedInsets=null mVisible=true mFlags= mSideHint=TOP mBoundingRects=null}, InsetsSource: {9c550006 mType=tappableElement mFrame=[0,0][1440,128] mAttachedInsets=null mVisible=true mFlags= mSideHint=TOP mBoundingRects=null}, InsetsSource: {3 mType=ime mFrame=[0,0][0,0] mAttachedInsets=null mVisible=false mFlags=INVALID mSideHint=NONE mBoundingRects=null}, InsetsSource: {27 mType=displayCutout mFrame=[0,0][1440,128] mAttachedInsets=null mVisible=true mFlags= mSideHint=TOP mBoundingRects=null} }
2026-01-29 22:41:26.495 18320-18320 VRI[VideoP...ty]@8c8b0c com.rpeters.jellyfin                 I  synced displayState. AttachInfo displayState=2
2026-01-29 22:41:26.495 18320-18320 VRI[VideoP...ty]@8c8b0c com.rpeters.jellyfin                 I  setView = com.android.internal.policy.DecorView@b3a863f IsHRR=false mFlingFrameRateChange=0 TM=true
2026-01-29 22:41:26.501 18320-18320 WindowOnBackDispatcher  com.rpeters.jellyfin                 D  setTopOnBackInvokedCallback (unwrapped): android.app.Dialog$$ExternalSyntheticLambda4@2fd4bf8
2026-01-29 22:41:26.501 18320-18320 WindowOnBackDispatcher  com.rpeters.jellyfin                 D  setTopOnBackInvokedCallback (unwrapped): androidx.navigationevent.OnBackInvokedInput$createOnBackAnimationCallback$1@ccf18d1
2026-01-29 22:41:26.530 18320-18320 BufferQueueProducer     com.rpeters.jellyfin                 I  [](id:479000000004,api:0,p:0,c:18320) setDequeueTimeout:2077252342
2026-01-29 22:41:26.530 18320-18320 BLASTBufferQueue_Java   com.rpeters.jellyfin                 I  new BLASTBufferQueue, mName= VRI[VideoPlayerActivity]@8c8b0c mNativeObject= 0xb4000073e3d56d50 caller= android.view.ViewRootImpl.updateBlastSurfaceIfNeeded:3603 android.view.ViewRootImpl.relayoutWindow:11809 android.view.ViewRootImpl.performTraversals:4839 android.view.ViewRootImpl.doTraversal:3959 android.view.ViewRootImpl$TraversalRunnable.run:13030 android.view.Choreographer$CallbackRecord.run:1961 android.view.Choreographer$CallbackRecord.run:1970 android.view.Choreographer.doCallbacks:1423 android.view.Choreographer.doFrame:1348 android.view.Choreographer$FrameDisplayEventReceiver.run:1930
2026-01-29 22:41:26.530 18320-18320 BLASTBufferQueue_Java   com.rpeters.jellyfin                 I  update, w= 1560 h= 1530 mName = VRI[VideoPlayerActivity]@8c8b0c mNativeObject= 0xb4000073e3d56d50 sc.mNativeObject= 0xb400007273d06010 format= -2 caller= android.view.ViewRootImpl.updateBlastSurfaceIfNeeded:3608 android.view.ViewRootImpl.relayoutWindow:11809 android.view.ViewRootImpl.performTraversals:4839 android.view.ViewRootImpl.doTraversal:3959 android.view.ViewRootImpl$TraversalRunnable.run:13030 android.view.Choreographer$CallbackRecord.run:1961
2026-01-29 22:41:26.530 18320-18320 VRI[VideoP...ty]@8c8b0c com.rpeters.jellyfin                 I  Relayout returned: old=(0,128,1440,3120) new=(120,1039,1320,2209) relayoutAsync=false req=(1200,1170)0 dur=2 res=0x3 s={true 0xb400007333d75220} ch=true seqId=0
2026-01-29 22:41:26.531 18320-18320 VRI[VideoP...ty]@8c8b0c com.rpeters.jellyfin                 I  performConfigurationChange setNightDimText nightDimLevel=0
2026-01-29 22:41:26.531 18320-18320 VRI[VideoP...ty]@8c8b0c com.rpeters.jellyfin                 D  mThreadedRenderer.initialize() mSurface={isValid=true 0xb400007333d75220} hwInitialized=true
2026-01-29 22:41:26.539 18320-18320 VRI[VideoP...ty]@8c8b0c com.rpeters.jellyfin                 D  reportNextDraw android.view.ViewRootImpl.performTraversals:5503 android.view.ViewRootImpl.doTraversal:3959 android.view.ViewRootImpl$TraversalRunnable.run:13030 android.view.Choreographer$CallbackRecord.run:1961 android.view.Choreographer$CallbackRecord.run:1970
2026-01-29 22:41:26.539 18320-18320 VRI[VideoP...ty]@8c8b0c com.rpeters.jellyfin                 D  Setup new sync=wmsSync-VRI[VideoPlayerActivity]@8c8b0c#10
2026-01-29 22:41:26.539 18320-18320 VRI[VideoP...ty]@8c8b0c com.rpeters.jellyfin                 I  Creating new active sync group VRI[VideoPlayerActivity]@8c8b0c#11
2026-01-29 22:41:26.540 18320-18320 VRI[VideoP...ty]@8c8b0c com.rpeters.jellyfin                 D  registerCallbacksForSync syncBuffer=false
2026-01-29 22:41:26.542 18320-18428 VRI[VideoP...ty]@8c8b0c com.rpeters.jellyfin                 D  Received frameDrawingCallback syncResult=0 frameNum=1.
2026-01-29 22:41:26.542 18320-18428 VRI[VideoP...ty]@8c8b0c com.rpeters.jellyfin                 I  mWNT: t=0xb400007313d88c60 mBlastBufferQueue=0xb4000073e3d56d50 fn= 1 HdrRenderState mRenderHdrSdrRatio=1.0 caller= android.view.ViewRootImpl$12.onFrameDraw:15557 android.view.ThreadedRenderer$1.onFrameDraw:751 <bottom of call stack>
2026-01-29 22:41:26.542 18320-18428 VRI[VideoP...ty]@8c8b0c com.rpeters.jellyfin                 I  Setting up sync and frameCommitCallback
2026-01-29 22:41:26.544 18320-18412 BLASTBufferQueue        com.rpeters.jellyfin                 I  [VRI[VideoPlayerActivity]@8c8b0c#4](f:0,a:0,s:0) onFrameAvailable the first frame is available
2026-01-29 22:41:26.544 18320-18412 SurfaceComposerClient   com.rpeters.jellyfin                 I  apply transaction with the first frame. layerId: 141577, bufferData(ID: 78683800863022, frameNumber: 1)
2026-01-29 22:41:26.544 18320-18412 VRI[VideoP...ty]@8c8b0c com.rpeters.jellyfin                 I  Received frameCommittedCallback lastAttemptedDrawFrameNum=1 didProduceBuffer=true
2026-01-29 22:41:26.544 18320-18412 HWUI                    com.rpeters.jellyfin                 D  CFMS:: SetUp Pid : 18320    Tid : 18412
2026-01-29 22:41:26.544 18320-18320 VRI[VideoP...ty]@8c8b0c com.rpeters.jellyfin                 D  reportDrawFinished seqId=0
2026-01-29 22:41:26.557  1964-1964  SurfaceFlinger          surfaceflinger                       E  alpha changed 1.000 -> 0.000 - Surface(name=954cba3 com.rpeters.jellyfin/com.rpeters.jellyfin.ui.player.VideoPlayerActivity#141575)/@0xfe19315 - animation-leash of window_animation#141578
2026-01-29 22:41:26.557  1964-1964  SurfaceFlinger          surfaceflinger                       E  alpha changed 0.000 -> 0.000 - Surface(name=954cba3 com.rpeters.jellyfin/com.rpeters.jellyfin.ui.player.VideoPlayerActivity#141575)/@0xfe19315 - animation-leash of window_animation#141578
2026-01-29 22:41:26.564 18320-18320 BLASTBufferQueue_Java   com.rpeters.jellyfin                 I  update, w= 1560 h= 1530 mName = VRI[VideoPlayerActivity]@8c8b0c mNativeObject= 0xb4000073e3d56d50 sc.mNativeObject= 0xb400007273d06010 format= -2 caller= android.view.ViewRootImpl.updateBlastSurfaceIfNeeded:3592 android.view.ViewRootImpl.relayoutWindow:11809 android.view.ViewRootImpl.performTraversals:4839 android.view.ViewRootImpl.doTraversal:3959 android.view.ViewRootImpl$TraversalRunnable.run:13030 android.view.Choreographer$CallbackRecord.run:1961
2026-01-29 22:41:26.564 18320-18320 VRI[VideoP...ty]@8c8b0c com.rpeters.jellyfin                 I  Relayout returned: old=(120,1039,1320,2209) new=(120,1039,1320,2209) relayoutAsync=true req=(1200,1170)0 dur=1 res=0x0 s={true 0xb400007333d75220} ch=false seqId=0
2026-01-29 22:41:26.565  1964-1964  SurfaceFlinger          surfaceflinger                       E  alpha changed 0.000 -> 0.014 - Surface(name=954cba3 com.rpeters.jellyfin/com.rpeters.jellyfin.ui.player.VideoPlayerActivity#141575)/@0xfe19315 - animation-leash of window_animation#141578
2026-01-29 22:41:26.566 18320-18320 VRI[VideoP...ty]@8c8b0c com.rpeters.jellyfin                 I  registerCallbackForPendingTransactions
2026-01-29 22:41:26.566 18320-18427 VRI[VideoP...ty]@8c8b0c com.rpeters.jellyfin                 I  mWNT: t=0xb400007313d4fd40 mBlastBufferQueue=0xb4000073e3d56d50 fn= 2 HdrRenderState mRenderHdrSdrRatio=1.0 caller= android.view.ViewRootImpl$10.onFrameDraw:6611 android.view.ViewRootImpl$4.onFrameDraw:2485 android.view.ThreadedRenderer$1.onFrameDraw:751
2026-01-29 22:41:26.569 18320-18412 HWUI                    com.rpeters.jellyfin                 D  HWUI - treat SMPTE_170M as sRGB
2026-01-29 22:41:26.570 18320-18320 VRI[VideoP...ty]@8c8b0c com.rpeters.jellyfin                 I  handleResized, frames=ClientWindowFrames{frame=[120,1039][1320,2209] display=[0,128][1440,3120] parentFrame=[0,0][0,0]} displayId=0 dragResizing=false compatScale=1.0 frameChanged=false attachedFrameChanged=false configChanged=false displayChanged=false compatScaleChanged=false dragResizingChanged=false
2026-01-29 22:41:26.570 18320-18320 VRI[VideoP...ty]@8c8b0c com.rpeters.jellyfin                 I  handleResized mSyncSeqId = 0
2026-01-29 22:41:26.570 18320-18320 VRI[VideoP...ty]@8c8b0c com.rpeters.jellyfin                 D  reportNextDraw android.view.ViewRootImpl.handleResized:2995 android.view.ViewRootImpl.-$$Nest$mhandleResized:0 android.view.ViewRootImpl$W.resized:14196 android.app.servertransaction.WindowStateResizeItem.execute:81 android.app.servertransaction.WindowStateTransactionItem.execute:62
2026-01-29 22:41:26.570 18320-18320 ImeFocusController      com.rpeters.jellyfin                 I  onPreWindowFocus: skipped hasWindowFocus=false mHasImeFocus=true
2026-01-29 22:41:26.570 18320-18320 ImeFocusController      com.rpeters.jellyfin                 I  onPostWindowFocus: skipped hasWindowFocus=false mHasImeFocus=true
2026-01-29 22:41:26.577 18320-18320 VRI[VideoP...ty]@8c8b0c com.rpeters.jellyfin                 D  Setup new sync=wmsSync-VRI[VideoPlayerActivity]@8c8b0c#12
2026-01-29 22:41:26.577 18320-18320 VRI[VideoP...ty]@8c8b0c com.rpeters.jellyfin                 I  Creating new active sync group VRI[VideoPlayerActivity]@8c8b0c#13
2026-01-29 22:41:26.578 18320-18320 VRI[VideoP...ty]@8c8b0c com.rpeters.jellyfin                 D  registerCallbacksForSync syncBuffer=false
2026-01-29 22:41:26.578 18320-18428 VRI[VideoP...ty]@8c8b0c com.rpeters.jellyfin                 D  Received frameDrawingCallback syncResult=0 frameNum=3.
2026-01-29 22:41:26.578 18320-18428 VRI[VideoP...ty]@8c8b0c com.rpeters.jellyfin                 I  Setting up sync and frameCommitCallback
2026-01-29 22:41:26.578 18320-18412 VRI[VideoP...ty]@8c8b0c com.rpeters.jellyfin                 I  Received frameCommittedCallback lastAttemptedDrawFrameNum=3 didProduceBuffer=false
2026-01-29 22:41:26.578 18320-18412 BLASTBufferQueue_Java   com.rpeters.jellyfin                 I  gatherPendingTransactions, mName= VRI[VideoPlayerActivity]@8c8b0c mNativeObject= 0xb4000073e3d56d50 frameNumber= 3 caller= android.view.ViewRootImpl$12.lambda$onFrameDraw$3:15641 android.view.ViewRootImpl$12.$r8$lambda$CTo3ExVBk8akdVTGlqHPAoYLRVI:0 android.view.ViewRootImpl$12$$ExternalSyntheticLambda1.onFrameCommit:0 android.view.ThreadedRenderer$1.lambda$onFrameDraw$0:763 android.view.ThreadedRenderer$1$$ExternalSyntheticLambda0.onFrameCommit:0 <bottom of call stack>
2026-01-29 22:41:26.578 18320-18320 VRI[VideoP...ty]@8c8b0c com.rpeters.jellyfin                 D  reportDrawFinished seqId=0
2026-01-29 22:41:26.578 18320-18320 VRI[VideoP...ty]@8c8b0c com.rpeters.jellyfin                 D  mThreadedRenderer.initializeIfNeeded()#2 mSurface={isValid=true 0xb400007333d75220}
2026-01-29 22:41:26.578 18320-18320 InputMethodManagerUtils com.rpeters.jellyfin                 D  startInputInner - Id : 0
2026-01-29 22:41:26.578 18320-18320 InputMethodManager      com.rpeters.jellyfin                 I  startInputInner - IInputMethodManagerGlobalInvoker.startInputOrWindowGainedFocus
2026-01-29 22:41:26.579 18320-18320 InsetsController        com.rpeters.jellyfin                 D  hide(ime())
2026-01-29 22:41:26.579 18320-18320 ImeTracker              com.rpeters.jellyfin                 I  com.rpeters.jellyfin:8a2588ae: onCancelled at PHASE_CLIENT_ALREADY_HIDDEN
2026-01-29 22:41:26.579 18320-18362 InputTransport          com.rpeters.jellyfin                 D  Input channel constructed: 'ClientS', fd=386
2026-01-29 22:41:26.912 18320-18693 AidlBufferPool          com.rpeters.jellyfin                 D  bufferpool2 0xb400007313d91098 : 5(163840 size) total buffers - 1(32768 size) used buffers - 315/320 (recycle/alloc) - 5/636 (fetch/transfer)
2026-01-29 22:41:27.202 18320-18411 AidlBufferPool          com.rpeters.jellyfin                 D  bufferpool2 0xb400007313d55338 : 11(92274688 size) total buffers - 11(92274688 size) used buffers - 283/294 (recycle/alloc) - 11/292 (fetch/transfer)
2026-01-29 22:41:27.385 18320-18320 VRI[VideoP...ty]@8c8b0c com.rpeters.jellyfin                 I  ViewPostIme pointer 0
2026-01-29 22:41:27.389 18320-18320 VRI[VideoP...ty]@8c8b0c com.rpeters.jellyfin                 I  call setFrameRateCategory for touch hint category=high hint, reason=touch, vri=VRI[VideoPlayerActivity]@8c8b0c
2026-01-29 22:41:27.484 18320-18320 VRI[VideoP...ty]@8c8b0c com.rpeters.jellyfin                 I  ViewPostIme pointer 1
2026-01-29 22:41:27.496 18320-18320 WindowManager           com.rpeters.jellyfin                 I  WindowManagerGlobal#removeView, ty=2, view=com.android.internal.policy.DecorView{b3a863f V.E...... R......D 0,0-1200,1170 aid=1073741826}[VideoPlayerActivity], caller=android.view.WindowManagerGlobal.removeView:654 android.view.WindowManagerImpl.removeViewImmediate:254 android.app.Dialog.dismissDialog:854
2026-01-29 22:41:27.496 18320-18320 WindowOnBackDispatcher  com.rpeters.jellyfin                 D  setTopOnBackInvokedCallback (unwrapped): null
2026-01-29 22:41:27.503 18320-18412 HWUI                    com.rpeters.jellyfin                 D  endAllActiveAnimators on 0xb400007333d616b0 (UnprojectedRipple) with handle 0xb400007233e09300
2026-01-29 22:41:27.503 18320-18320 VRI[VideoP...ty]@8c8b0c com.rpeters.jellyfin                 I  dispatchDetachedFromWindow
2026-01-29 22:41:27.505 18320-18320 InputTransport          com.rpeters.jellyfin                 D  Input channel destroyed: '954cba3', fd=296
2026-01-29 22:41:27.514 18320-18320 MediaRouter             com.rpeters.jellyfin                 V  Selecting route: UserRouteInfo{ name=SHIELD, description=SHIELD Android TV, status=null, category=RouteCategory{ name=Devices types=ROUTE_TYPE_USER  groupable=false }, supportedTypes=ROUTE_TYPE_USER , presentationDisplay=null }
2026-01-29 22:41:27.514 18320-18320 MediaRouter             com.rpeters.jellyfin                 I  Skip setBluetoothA2dpOn(): types=8388611, isPlaybackActive()=true, BT route=null
2026-01-29 22:41:27.515 18320-18320 AxMediaRouter           com.rpeters.jellyfin                 W  Ignoring attempt to select selected route: MediaRouter.RouteInfo{ uniqueId=com.google.android.gms/.cast.media.CastMediaRoute2ProviderService_Persistent:e1ec065b9d50360c6a754bbf08d9db33, name=SHIELD, description=SHIELD Android TV, iconUri=null, enabled=true, isSystemRoute=false, connectionState=0, canDisconnect=false, playbackType=1, playbackStream=-1, deviceType=1, volumeHandling=0, volume=20, volumeMax=20, presentationDisplayId=-1, extras=Bundle[mParcelledData.dataSize=964], settingsIntent=null, providerPackageName=com.google.android.gms }
2026-01-29 22:41:27.515 18320-18320 MediaRouterCallback     com.rpeters.jellyfin                 I  onRouteSelected with reason = 3, routeId = com.google.android.gms/.cast.media.CastMediaRoute2ProviderService_Persistent:e1ec065b9d50360c6a754bbf08d9db33
2026-01-29 22:41:27.515 18320-18320 MediaRouterCallback     com.rpeters.jellyfin                 I  onRouteSelected with reason = 3, routeId = com.google.android.gms/.cast.media.CastMediaRoute2ProviderService_Persistent:e1ec065b9d50360c6a754bbf08d9db33
2026-01-29 22:41:27.515 18320-18320 MRCallbackImpl          com.rpeters.jellyfin                 I  the route (com.google.android.gms/.cast.media.CastMediaRoute2ProviderService_Persistent:e1ec065b9d50360c6a754bbf08d9db33) is selected with the requested route ID: com.google.android.gms/.cast.media.CastMediaRoute2ProviderService_Persistent:e1ec065b9d50360c6a754bbf08d9db33
2026-01-29 22:41:27.522 18320-18320 DynamiteModule          com.rpeters.jellyfin                 I  Considering local module com.google.android.gms.cast.framework.dynamite:0 and remote module com.google.android.gms.cast.framework.dynamite:260433000
2026-01-29 22:41:27.522 18320-18320 DynamiteModule          com.rpeters.jellyfin                 I  Selected remote version of com.google.android.gms.cast.framework.dynamite, version >= 260433000
2026-01-29 22:41:27.522 18320-18320 DynamiteModule          com.rpeters.jellyfin                 V  Dynamite loader version >= 2, using loadModule2NoCrashUtils
2026-01-29 22:41:27.524 18320-18320 CastDynamiteModuleImpl  com.rpeters.jellyfin                 I  sj created by ClassLoader dalvik.system.DelegateLastClassLoader[DexPathList[[zip file "/data/app/~~tsWUUglA6m3b9Ir-jxGiOA==/com.google.android.gms-YqfSBqyfdto7FvVbngkVPw==/split_DynamiteModulesC_installtime.apk"],nativeLibraryDirectories=[/data/app/~~tsWUUglA6m3b9Ir-jxGiOA==/com.google.android.gms-YqfSBqyfdto7FvVbngkVPw==/split_DynamiteModulesC_installtime.apk!/lib/arm64-v8a, /system/lib64, /system_ext/lib64]]].
2026-01-29 22:41:27.525 18320-18320 DynamiteModule          com.rpeters.jellyfin                 I  Considering local module com.google.android.gms.cast.framework.dynamite:0 and remote module com.google.android.gms.cast.framework.dynamite:260433000
2026-01-29 22:41:27.525 18320-18320 DynamiteModule          com.rpeters.jellyfin                 I  Selected remote version of com.google.android.gms.cast.framework.dynamite, version >= 260433000
2026-01-29 22:41:27.525 18320-18320 DynamiteModule          com.rpeters.jellyfin                 V  Dynamite loader version >= 2, using loadModule2NoCrashUtils
2026-01-29 22:41:27.526 18320-18320 CastDynamiteModuleImpl  com.rpeters.jellyfin                 I  sj created by ClassLoader dalvik.system.DelegateLastClassLoader[DexPathList[[zip file "/data/app/~~tsWUUglA6m3b9Ir-jxGiOA==/com.google.android.gms-YqfSBqyfdto7FvVbngkVPw==/split_DynamiteModulesC_installtime.apk"],nativeLibraryDirectories=[/data/app/~~tsWUUglA6m3b9Ir-jxGiOA==/com.google.android.gms-YqfSBqyfdto7FvVbngkVPw==/split_DynamiteModulesC_installtime.apk!/lib/arm64-v8a, /system/lib64, /system_ext/lib64]]].
2026-01-29 22:41:27.526 18320-18320 SessionImpl             com.rpeters.jellyfin                 I  starting session
2026-01-29 22:41:27.529 18320-18320 peters.jellyfin         com.rpeters.jellyfin                 W  Method void com.google.android.gms.cast.zzbm.zzW() failed lock verification and will run slower.
2026-01-29 22:41:27.529 18320-18320 peters.jellyfin         com.rpeters.jellyfin                 W  Method void com.google.android.gms.cast.zzbm.zzZ(com.google.android.gms.tasks.TaskCompletionSource) failed lock verification and will run slower.
2026-01-29 22:41:27.529 18320-18320 peters.jellyfin         com.rpeters.jellyfin                 W  Method void com.google.android.gms.cast.zzbm.zzaa(int) failed lock verification and will run slower.
2026-01-29 22:41:27.529 18320-18320 peters.jellyfin         com.rpeters.jellyfin                 W  Method void com.google.android.gms.cast.zzbm.zzG(com.google.android.gms.cast.Cast$ApplicationConnectionResult) failed lock verification and will run slower.
2026-01-29 22:41:27.534 18320-18320 VRI[VideoP...y]@d5ea487 com.rpeters.jellyfin                 D  mThreadedRenderer.initializeIfNeeded()#2 mSurface={isValid=true 0xb400007333dfff10}
2026-01-29 22:41:27.535 18320-18320 InputMethodManagerUtils com.rpeters.jellyfin                 D  startInputInner - Id : 0
2026-01-29 22:41:27.535 18320-18320 InputMethodManager      com.rpeters.jellyfin                 I  startInputInner - IInputMethodManagerGlobalInvoker.startInputOrWindowGainedFocus
2026-01-29 22:41:27.536 18320-18362 InputTransport          com.rpeters.jellyfin                 D  Input channel constructed: 'ClientS', fd=296
2026-01-29 22:41:27.536 18320-18320 InsetsController        com.rpeters.jellyfin                 D  hide(ime())
2026-01-29 22:41:27.536 18320-18320 ImeTracker              com.rpeters.jellyfin                 I  com.rpeters.jellyfin:162062c1: onCancelled at PHASE_CLIENT_ALREADY_HIDDEN
2026-01-29 22:41:27.548 18320-18320 InsetsController        com.rpeters.jellyfin                 I  onStateChanged: host=com.rpeters.jellyfin/com.rpeters.jellyfin.ui.player.VideoPlayerActivity, from=android.view.ViewRootImpl.onInsetsStateChanged:3038, state=InsetsState: {mDisplayFrame=Rect(0, 0 - 1440, 3120), mDisplayCutout=DisplayCutout{insets=Rect(0, 128 - 0, 0) waterfall=Insets{left=0, top=0, right=0, bottom=0} boundingRect={Bounds=[Rect(0, 0 - 0, 0), Rect(685, 0 - 755, 128), Rect(0, 0 - 0, 0), Rect(0, 0 - 0, 0)]} cutoutPathParserInfo={CutoutPathParserInfo{displayWidth=1440 displayHeight=3120 physicalDisplayWidth=1440 physicalDisplayHeight=3120 density={3.75} cutoutSpec={M 0,0 H -9.333333333333333 V 34.13333333333333 H 9.333333333333333 V 0 H 0 Z @dp} rotation={0} scale={1.0} physicalPixelDisplaySizeRatio={1.0}}} sideOverrides={}}, mRoundedCorners=RoundedCorners{[RoundedCorner{position=TopLeft, radius=56, center=Point(56, 56)}, RoundedCorner{position=TopRight, radius=56, center=Point(1384, 56)}, RoundedCorner{position=BottomRight, radius=56, center=Point(1384, 3064)}, RoundedCorner{position=BottomLeft, radius=56, center=Point(56, 3064)}]}  mRoundedCornerFrame=Rect(0, 0 - 1440, 3120), mPrivacyIndicatorBounds=PrivacyIndicatorBounds {static bounds=Rect(1275, 0 - 1440, 128) rotation=0}, mDisplayShape=DisplayShape{ spec=-311912193 displayWidth=1440 displayHeight=3120 physicalPixelDisplaySizeRatio=1.0 rotation=0 offsetX=0 offsetY=0 scale=1.0}, mSources= { InsetsSource: {91450001 mType=navigationBars mFrame=[0,3064][1440,3120] mAttachedInsets=null mVisible=false mFlags=SUPPRESS_SCRIM mSideHint=BOTTOM mBoundingRects=null}, InsetsSource: {91450004 mType=systemGestures mFrame=[0,0][112,3120] mAttachedInsets=null mVisible=true mFlags= mSideHint=LEFT mBoundingRects=null}, InsetsSource: {91450005 mType=mandatorySystemGestures mFrame=[0,3000][1440,3120] mAttachedInsets=null mVisible=true mFlags= mSideHint=BOTTOM mBoundingRects=null}, InsetsSource: {91450006 mType=tappableElement mFrame=[0,0][0,0] mAttachedInsets=null mVisible=true mFlags= mSideHint=NONE mBoundingRects=null}, InsetsSource: {91450024 mType=systemGestures mFrame=[1328,0][1440,3120] mAttachedInsets=null mVisible=true mFlags= mSideHint=RIGHT mBoundingRects=null}, InsetsSource: {9c550000 mType=statusBars mFrame=[0,0][1440,128] mAttachedInsets=null mVisible=false mFlags= mSideHint=TOP mBoundingRects=null}, InsetsSource: {9c550005 mType=mandatorySystemGestures mFrame=[0,0][1440,173] mAttachedInsets=null mVisible=true mFlags= mSideHint=TOP mBoundingRects=null}, InsetsSource: {9c550006 mType=tappableElement mFrame=[0,0][1440,128] mAttachedInsets=null mVisible=true mFlags= mSideHint=TOP mBoundingRects=null}, InsetsSource: {27 mType=displayCutout mFrame=[0,0][1440,128] mAttachedInsets=null mVisible=true mFlags= mSideHint=TOP mBoundingRects=null} }
2026-01-29 22:41:27.664  2941-3004  WindowManager           system_server                        E  win=Window{954cba3 u0 com.rpeters.jellyfin/com.rpeters.jellyfin.ui.player.VideoPlayerActivity EXITING} destroySurfaces: appStopped=false cleanupOnResume=false win.mWindowRemovalAllowed=true win.mRemoveOnExit=true win.mViewVisibility=0 caller=com.android.server.wm.WindowState.onExitAnimationDone:224 com.android.server.wm.WindowState.onAnimationFinished:161 com.android.server.wm.WindowContainer$$ExternalSyntheticLambda8.onAnimationFinished:3 com.android.server.wm.SurfaceAnimator$$ExternalSyntheticLambda0.onAnimationFinished:69 com.android.server.wm.LocalAnimationAdapter$$ExternalSyntheticLambda0.run:10 android.os.Handler.handleCallback:1070 android.os.Handler.dispatchMessage:125
2026-01-29 22:41:27.672  1964-1964  SurfaceFlinger          surfaceflinger                       E  alpha changed 0.009 -> 0.000 - Surface(name=954cba3 com.rpeters.jellyfin/com.rpeters.jellyfin.ui.player.VideoPlayerActivity#141575)/@0xfe19315 - animation-leash of window_animation#141581
2026-01-29 22:41:27.966 18320-18543 OkHttpClient            com.rpeters.jellyfin                 I  POST https://rpeters1428.huron.usbx.me/jellyfin/Sessions/Playing/Progress
2026-01-29 22:41:28.087 18320-18543 PlaybackProgressManager com.rpeters.jellyfin                 D  Reported progress at 2139952ms for b4453c79-2f8c-d2d9-7d82-7202b3dff373
2026-01-29 22:41:29.465 18320-18320 VRI[VideoP...y]@d5ea487 com.rpeters.jellyfin                 I  call setFrameRateCategory for touch hint category=no preference, reason=boost timeout, vri=VRI[VideoPlayerActivity]@d5ea487
2026-01-29 22:41:31.633 18320-18320 peters.jellyfin         com.rpeters.jellyfin                 W  Method void com.google.android.gms.cast.internal.zzd.zza() failed lock verification and will run slower.
2026-01-29 22:41:31.635 18320-18320 peters.jellyfin         com.rpeters.jellyfin                 W  Method void com.google.android.gms.cast.internal.zzav.zzh(int, java.lang.Object, java.lang.String) failed lock verification and will run slower.
2026-01-29 22:41:31.635 18320-18320 peters.jellyfin         com.rpeters.jellyfin                 W  Method void com.google.android.gms.cast.internal.zzav.zza(long, com.google.android.gms.cast.internal.zzat) failed lock verification and will run slower.
2026-01-29 22:41:31.636 18320-18320 peters.jellyfin         com.rpeters.jellyfin                 W  Method void com.google.android.gms.cast.framework.media.MediaQueue.zzv() failed lock verification and will run slower.
2026-01-29 22:41:31.636 18320-18320 peters.jellyfin         com.rpeters.jellyfin                 W  Method void com.google.android.gms.cast.framework.media.MediaQueue.zzw() failed lock verification and will run slower.
2026-01-29 22:41:31.636 18320-18320 peters.jellyfin         com.rpeters.jellyfin                 W  Method void com.google.android.gms.cast.framework.media.MediaQueue.zzx() failed lock verification and will run slower.
2026-01-29 22:41:31.636 18320-18320 peters.jellyfin         com.rpeters.jellyfin                 W  Method void com.google.android.gms.cast.framework.media.MediaQueue.zzy(int[]) failed lock verification and will run slower.
2026-01-29 22:41:31.636 18320-18320 peters.jellyfin         com.rpeters.jellyfin                 W  Method void com.google.android.gms.cast.framework.media.MediaQueue.zzk(int, int) failed lock verification and will run slower.
2026-01-29 22:41:31.636 18320-18320 peters.jellyfin         com.rpeters.jellyfin                 W  Method void com.google.android.gms.cast.framework.media.MediaQueue.zzm(int[]) failed lock verification and will run slower.
2026-01-29 22:41:31.636 18320-18320 peters.jellyfin         com.rpeters.jellyfin                 W  Method void com.google.android.gms.cast.framework.media.MediaQueue.zzn(java.util.List, int) failed lock verification and will run slower.
2026-01-29 22:41:31.637 18320-18320 peters.jellyfin         com.rpeters.jellyfin                 W  Method void com.google.android.gms.common.api.internal.BasePendingResult.addStatusListener(com.google.android.gms.common.api.PendingResult$StatusListener) failed lock verification and will run slower.
2026-01-29 22:41:31.637 18320-18320 peters.jellyfin         com.rpeters.jellyfin                 W  Method void com.google.android.gms.common.api.internal.BasePendingResult.forceFailureUnlessReady(com.google.android.gms.common.api.Status) failed lock verification and will run slower.
2026-01-29 22:41:31.637 18320-18320 peters.jellyfin         com.rpeters.jellyfin                 W  Method void com.google.android.gms.common.api.internal.BasePendingResult.setCancelToken(com.google.android.gms.common.internal.ICancelToken) failed lock verification and will run slower.
2026-01-29 22:41:31.654 18320-18405 OkHttpClient            com.rpeters.jellyfin                 I  POST https://rpeters1428.huron.usbx.me/jellyfin/Sessions/Playing/Progress
2026-01-29 22:41:31.676 18320-18320 SV[2424327...rActivity] com.rpeters.jellyfin                 I  onWindowVisibilityChanged(8) false android.view.SurfaceView{e733acd V.E...... ........ 0,0-1440,810} of VRI[VideoPlayerActivity]@d5ea487
2026-01-29 22:41:31.676 18320-18320 SurfaceView             com.rpeters.jellyfin                 I  242432717 Changes: creating=false format=false size=false visible=true alpha=false hint=false left=false top=false z=false attached=true lifecycleStrategy=false
2026-01-29 22:41:31.676 18320-18320 SurfaceView             com.rpeters.jellyfin                 I  242432717 Cur surface: Surface(name=null mNativeObject=-5476376652090903632)/@0xdea4835
2026-01-29 22:41:31.676 18320-18320 SV[2424327...rActivity] com.rpeters.jellyfin                 I  updateSurface: mVisible = false mSurface.isValid() = true
2026-01-29 22:41:31.676 18320-18320 SV[2424327...rActivity] com.rpeters.jellyfin                 I  updateSurface: mSurfaceCreated = true surfaceChanged = false visibleChanged = true
2026-01-29 22:41:31.676 18320-18320 SurfaceView             com.rpeters.jellyfin                 V  Layout: x=0 y=1155 w=1440 h=810, frame=Rect(0, 0 - 1440, 810)
2026-01-29 22:41:31.676 18320-18320 SurfaceView             com.rpeters.jellyfin                 I  242432717 Detaching SV
2026-01-29 22:41:31.676 18320-18320 SurfaceView             com.rpeters.jellyfin                 I  242432717 Changes: creating=false format=false size=false visible=false alpha=false hint=false left=false top=false z=false attached=false lifecycleStrategy=false
2026-01-29 22:41:31.676 18320-18320 SurfaceView             com.rpeters.jellyfin                 I  242432717 Cur surface: Surface(name=null mNativeObject=-5476376652090903632)/@0xdea4835
2026-01-29 22:41:31.676 18320-18320 SurfaceView             com.rpeters.jellyfin                 I  242432717 surfaceDestroyed
2026-01-29 22:41:31.676 18320-18320 SV[2424327...rActivity] com.rpeters.jellyfin                 I  surfaceDestroyed callback.size 1 #4 android.view.SurfaceView{e733acd V.E...... ........ 0,0-1440,810}
2026-01-29 22:41:31.676 18320-18673 SurfaceUtils            com.rpeters.jellyfin                 D  connecting to surface 0xb400007333d06170, reason connectToSurface
2026-01-29 22:41:31.676 18320-18673 MediaCodec              com.rpeters.jellyfin                 I  [c2.qti.avc.decoder] setting surface generation to 18759682
2026-01-29 22:41:31.676 18320-18673 SurfaceUtils            com.rpeters.jellyfin                 D  disconnecting from surface 0xb400007333d06170, reason connectToSurface(reconnect)
2026-01-29 22:41:31.676 18320-18673 SurfaceUtils            com.rpeters.jellyfin                 D  connecting to surface 0xb400007333d06160, reason connectToSurface(reconnect-with-listener)
2026-01-29 22:41:31.677 18320-18673 Codec2Client            com.rpeters.jellyfin                 D  setOutputSurface -- failed to set consumer usage (6/BAD_INDEX)
2026-01-29 22:41:31.677 18320-18673 GraphicsTracker         com.rpeters.jellyfin                 D  new surface in configuration: maxDequeueRequested(0), maxDequeueCommitted(19)
2026-01-29 22:41:31.677 18320-18673 GraphicsTracker         com.rpeters.jellyfin                 D  new surface configured with id:78683800862725 gen:18759682 maxDequeue:19
2026-01-29 22:41:31.677 18320-18673 GraphicsTracker         com.rpeters.jellyfin                 D  maxDequeueCount is already 19
2026-01-29 22:41:31.677 18320-18673 Codec2Client            com.rpeters.jellyfin                 D  setOutputSurface -- generation=18759682 consumer usage=0x900
2026-01-29 22:41:31.677 18320-18673 SurfaceUtils            com.rpeters.jellyfin                 D  disconnecting from surface 0xb400007333df3790, reason disconnectFromSurface
2026-01-29 22:41:31.677 18320-18320 SV[2424327...rActivity] com.rpeters.jellyfin                 I  updateSurface: mVisible = false mSurface.isValid() = true
2026-01-29 22:41:31.677 18320-18320 SV[2424327...rActivity] com.rpeters.jellyfin                 I  releaseSurfaces: viewRoot = VRI[VideoPlayerActivity]@d5ea487
2026-01-29 22:41:31.677 18320-18320 SurfaceView             com.rpeters.jellyfin                 V  Layout: x=0 y=1155 w=1440 h=810, frame=Rect(0, 0 - 1440, 810)
2026-01-29 22:41:31.677 18320-18320 SV[2424327...rActivity] com.rpeters.jellyfin                 I  onDetachedFromWindow: tryReleaseSurfaces()
2026-01-29 22:41:31.677 18320-18320 SV[2424327...rActivity] com.rpeters.jellyfin                 I  releaseSurfaces: viewRoot = VRI[VideoPlayerActivity]@d5ea487
2026-01-29 22:41:31.686 18320-18320 BLASTBufferQueue_Java   com.rpeters.jellyfin                 I  update, w= 1440 h= 3120 mName = VRI[VideoPlayerActivity]@d5ea487 mNativeObject= 0xb4000073e3d058d0 sc.mNativeObject= 0xb400007273d17890 format= -3 caller= android.view.ViewRootImpl.updateBlastSurfaceIfNeeded:3592 android.view.ViewRootImpl.relayoutWindow:11809 android.view.ViewRootImpl.performTraversals:4839 android.view.ViewRootImpl.doTraversal:3959 android.view.ViewRootImpl$TraversalRunnable.run:13030 android.view.Choreographer$CallbackRecord.run:1961
2026-01-29 22:41:31.686 18320-18320 VRI[VideoP...y]@d5ea487 com.rpeters.jellyfin                 I  Relayout returned: old=(0,0,1440,3120) new=(0,0,1440,3120) relayoutAsync=true req=(1440,3120)0 dur=0 res=0x0 s={true 0xb400007333dfff10} ch=false seqId=0
2026-01-29 22:41:31.686 18320-18320 VRI[VideoP...y]@d5ea487 com.rpeters.jellyfin                 I  registerCallbackForPendingTransactions
2026-01-29 22:41:31.701 18320-18412 SurfaceView             com.rpeters.jellyfin                 D  218866087 windowPositionLost, frameNr = 521
2026-01-29 22:41:31.701 18320-18427 VRI[VideoP...y]@d5ea487 com.rpeters.jellyfin                 I  mWNT: t=0xb400007313d4c120 mBlastBufferQueue=0xb4000073e3d058d0 fn= 521 HdrRenderState mRenderHdrSdrRatio=1.0 caller= android.view.ViewRootImpl$10.onFrameDraw:6611 android.view.ViewRootImpl$4.onFrameDraw:2485 android.view.ThreadedRenderer$1.onFrameDraw:751
2026-01-29 22:41:31.786 18320-18320 PlaybackProgressManager com.rpeters.jellyfin                 D  Reported progress at 2143454ms for b4453c79-2f8c-d2d9-7d82-7202b3dff373
2026-01-29 22:41:31.786 18320-18320 PlaybackProgressManager com.rpeters.jellyfin                 D  Stopped tracking
2026-01-29 22:41:31.788 18320-18320 ExoPlayerImpl           com.rpeters.jellyfin                 I  Release 13a5895 [AndroidXMedia3/1.9.1] [pa3q, SM-S938U1, samsung, 36] [media3.common, media3.session, media3.exoplayer, media3.decoder, media3.ui, media3.datasource, media3.extractor, media3.decoder.ffmpeg]
2026-01-29 22:41:31.788 18320-18673 CCodec                  com.rpeters.jellyfin                 I  [c2.qti.avc.decoder] state->set(FLUSHING)
2026-01-29 22:41:31.790 18320-18675 CCodec                  com.rpeters.jellyfin                 I  [c2.qti.avc.decoder] state->set(FLUSHED)
2026-01-29 22:41:31.791 18320-18660 MediaCodec              com.rpeters.jellyfin                 D  keep callback message for reclaim
2026-01-29 22:41:31.791 18320-18673 CCodec                  com.rpeters.jellyfin                 I  [c2.qti.avc.decoder] state->set(RESUMING)
2026-01-29 22:41:31.791 18320-18673 CCodecConfig            com.rpeters.jellyfin                 I  query failed after returning 17 values (BAD_INDEX)
2026-01-29 22:41:31.791 18320-18673 CCodecConfig            com.rpeters.jellyfin                 D  c2 config diff is   c2::u32 input.buffers.max-size.value = 3133440
                                                                                                      c2::u32 input.delay.value = 6
2026-01-29 22:41:31.793 18320-18673 CCodecBufferChannel     com.rpeters.jellyfin                 I  [c2.qti.avc.decoder#497] 10 initial input buffers available
2026-01-29 22:41:31.793 18320-18673 CCodec                  com.rpeters.jellyfin                 I  [c2.qti.avc.decoder] state->set(RUNNING)
2026-01-29 22:41:31.794  2941-4807  AppOps                  system_server                        E  attributionTag  not declared in manifest of com.rpeters.jellyfin
2026-01-29 22:41:31.794  2941-7153  AppOps                  system_server                        E  attributionTag  not declared in manifest of com.rpeters.jellyfin
2026-01-29 22:41:31.795 18320-18693 CCodec                  com.rpeters.jellyfin                 I  [c2.dolby.eac3.decoder] state->set(FLUSHING)
2026-01-29 22:41:31.795 18320-18693 CCodec                  com.rpeters.jellyfin                 I  [c2.dolby.eac3.decoder] state->set(FLUSHED)
2026-01-29 22:41:31.795 18320-18693 CCodecBuffers           com.rpeters.jellyfin                 D  [c2.dolby.eac3.decoder#306:1D-Output.Impl[N]] Client returned a buffer it does not own according to our record: 0
2026-01-29 22:41:31.795 18320-18693 CCodecBuffers           com.rpeters.jellyfin                 D  [c2.dolby.eac3.decoder#306:1D-Output.Impl[N]] Client returned a buffer it does not own according to our record: 1
2026-01-29 22:41:31.795 18320-18693 CCodecBuffers           com.rpeters.jellyfin                 D  [c2.dolby.eac3.decoder#306:1D-Output.Impl[N]] Client returned a buffer it does not own according to our record: 2
2026-01-29 22:41:31.795 18320-18660 MediaCodec              com.rpeters.jellyfin                 D  keep callback message for reclaim
2026-01-29 22:41:31.795 18320-18693 CCodec                  com.rpeters.jellyfin                 I  [c2.dolby.eac3.decoder] state->set(RESUMING)
2026-01-29 22:41:31.795 18320-18693 CCodecConfig            com.rpeters.jellyfin                 I  query failed after returning 15 values (BAD_INDEX)
2026-01-29 22:41:31.795 18320-18693 CCodecBufferChannel     com.rpeters.jellyfin                 I  [c2.dolby.eac3.decoder#306] 4 initial input buffers available
2026-01-29 22:41:31.795 18320-18693 CCodec                  com.rpeters.jellyfin                 I  [c2.dolby.eac3.decoder] state->set(RUNNING)
2026-01-29 22:41:31.796 18320-18673 MediaCodec              com.rpeters.jellyfin                 I  [c2.qti.avc.decoder] connecting to the same surface. Nothing to do.
2026-01-29 22:41:31.796 18320-18673 CCodec                  com.rpeters.jellyfin                 I  [c2.qti.avc.decoder] state->set(RELEASING)
2026-01-29 22:41:31.796 18320-18673 CCodecBufferChannel     com.rpeters.jellyfin                 D  [c2.qti.avc.decoder#497] MediaCodec discarded an unknown buffer
2026-01-29 22:41:31.796 18320-18673 CCodecBufferChannel     com.rpeters.jellyfin                 D  [c2.qti.avc.decoder#497] MediaCodec discarded an unknown buffer
2026-01-29 22:41:31.796 18320-18673 CCodecBufferChannel     com.rpeters.jellyfin                 D  [c2.qti.avc.decoder#497] MediaCodec discarded an unknown buffer
2026-01-29 22:41:31.796 18320-18673 CCodecBufferChannel     com.rpeters.jellyfin                 D  [c2.qti.avc.decoder#497] MediaCodec discarded an unknown buffer
2026-01-29 22:41:31.796 18320-18673 CCodecBufferChannel     com.rpeters.jellyfin                 D  [c2.qti.avc.decoder#497] MediaCodec discarded an unknown buffer
2026-01-29 22:41:31.797 18320-18745 CCodec                  com.rpeters.jellyfin                 I  [release][3739] component -> surface
2026-01-29 22:41:31.797 18320-18673 CCodecBufferChannel     com.rpeters.jellyfin                 D  [c2.qti.avc.decoder#497] MediaCodec discarded an unknown buffer
2026-01-29 22:41:31.797 18320-18673 CCodecBufferChannel     com.rpeters.jellyfin                 D  [c2.qti.avc.decoder#497] MediaCodec discarded an unknown buffer
2026-01-29 22:41:31.797 18320-18673 CCodecBufferChannel     com.rpeters.jellyfin                 D  [c2.qti.avc.decoder#497] MediaCodec discarded an unknown buffer
2026-01-29 22:41:31.797 18320-18673 CCodecBufferChannel     com.rpeters.jellyfin                 D  [c2.qti.avc.decoder#497] MediaCodec discarded an unknown buffer
2026-01-29 22:41:31.797 18320-18673 CCodecBufferChannel     com.rpeters.jellyfin                 D  [c2.qti.avc.decoder#497] MediaCodec discarded an unknown buffer
2026-01-29 22:41:31.797 18320-18693 CCodec                  com.rpeters.jellyfin                 I  [c2.dolby.eac3.decoder] state->set(RELEASING)
2026-01-29 22:41:31.797 18320-18693 CCodec                  com.rpeters.jellyfin                 I  CCodec::AudioConfigDelete 1 mCallbackNum 1, 0xb400007313d53710, App-pid 18320
2026-01-29 22:41:31.800 18320-18693 CCodecBufferChannel     com.rpeters.jellyfin                 D  [c2.dolby.eac3.decoder#306] MediaCodec discarded an unknown buffer
2026-01-29 22:41:31.800 18320-18693 CCodecBufferChannel     com.rpeters.jellyfin                 D  [c2.dolby.eac3.decoder#306] MediaCodec discarded an unknown buffer
2026-01-29 22:41:31.800 18320-18693 CCodecBufferChannel     com.rpeters.jellyfin                 D  [c2.dolby.eac3.decoder#306] MediaCodec discarded an unknown buffer
2026-01-29 22:41:31.800 18320-18747 CCodec                  com.rpeters.jellyfin                 I  [release][3739] component -> surface
2026-01-29 22:41:31.800 18320-18693 CCodecBufferChannel     com.rpeters.jellyfin                 D  [c2.dolby.eac3.decoder#306] MediaCodec discarded an unknown buffer
2026-01-29 22:41:31.801 18320-18747 CCodec                  com.rpeters.jellyfin                 I  [c2.dolby.eac3.decoder] state->set(RELEASED)
2026-01-29 22:41:31.801 18320-18693 Codec2Client            com.rpeters.jellyfin                 I  Component destructing
2026-01-29 22:41:31.801 18320-18693 MediaCodec              com.rpeters.jellyfin                 I  Codec shutdown complete
2026-01-29 22:41:31.801 18320-18693 CCodecBufferChannel     com.rpeters.jellyfin                 I  CCodecBufferChannel destructing c2.dolby.eac3.decoder#306
2026-01-29 22:41:31.805 18320-18745 CCodec                  com.rpeters.jellyfin                 I  [c2.qti.avc.decoder] state->set(RELEASED)
2026-01-29 22:41:31.805 18320-18673 SurfaceUtils            com.rpeters.jellyfin                 D  disconnecting from surface 0xb400007333d06170, reason disconnectFromSurface
2026-01-29 22:41:31.805 18320-18673 MediaCodec              com.rpeters.jellyfin                 I  Codec shutdown complete
2026-01-29 22:41:31.805 18320-18675 Codec2Client            com.rpeters.jellyfin                 I  Component destructing
2026-01-29 22:41:31.806 18320-18673 CCodecBufferChannel     com.rpeters.jellyfin                 I  CCodecBufferChannel destructing c2.qti.avc.decoder#497
2026-01-29 22:41:31.826 18320-18543 JellyfinDeviceProfile   com.rpeters.jellyfin                 D  Creating SHIELD Cast device profile (permissive)
2026-01-29 22:41:31.826 18320-18543 JellyfinRepository      com.rpeters.jellyfin                 D  Cast: Using SHIELD device profile
2026-01-29 22:41:31.826 18320-18543 JellyfinRepository      com.rpeters.jellyfin                 D  Cast PlaybackInfo request for item b4453c79-2f8c-d2d9-7d82-7202b3dff373: maxBitrate=20Mbps
2026-01-29 22:41:31.828 18320-18543 OkHttpClient            com.rpeters.jellyfin                 I  POST https://rpeters1428.huron.usbx.me/jellyfin/Items/b4453c79-2f8c-d2d9-7d82-7202b3dff373/PlaybackInfo
2026-01-29 22:41:31.837 18320-18320 RealImageLoader         com.rpeters.jellyfin                 I  🧠 Successful (MEMORY_CACHE) - https://rpeters1428.huron.usbx.me/jellyfin/Items/b4453c79-2f8c-d2d9-7d82-7202b3dff373/Images/Primary?maxHeight=400&maxWidth=400&tag=3dc9dd2d8d47dc4da77507e2158013c8
2026-01-29 22:41:31.843 18320-18326 peters.jellyfin         com.rpeters.jellyfin                 W  Cleared Reference was only reachable from finalizer (only reported once)
2026-01-29 22:41:31.854 18320-18320 RealImageLoader         com.rpeters.jellyfin                 I  💾 Successful (DISK) - https://rpeters1428.huron.usbx.me/jellyfin/Items/18ba0237-98ca-9104-a982-bf94ca438518/Images/Primary?maxHeight=400&maxWidth=400
2026-01-29 22:41:31.866 18320-18327 InputTransport          com.rpeters.jellyfin                 D  Input channel destroyed: 'ClientS', fd=296
2026-01-29 22:41:31.866 18320-18327 InputTransport          com.rpeters.jellyfin                 D  Input channel destroyed: 'ClientS', fd=386
2026-01-29 22:41:31.978 18320-18543 JellyfinRepository      com.rpeters.jellyfin                 D  Cast PlaybackInfo response:
2026-01-29 22:41:31.978 18320-18543 JellyfinRepository      com.rpeters.jellyfin                 D    PlaySessionId: 8e503018ee1b491ca02dae4b58c3869b
2026-01-29 22:41:31.978 18320-18543 JellyfinRepository      com.rpeters.jellyfin                 D    MediaSources: 1
2026-01-29 22:41:31.978 18320-18543 JellyfinRepository      com.rpeters.jellyfin                 D    Cast MediaSource[0]:
