2026-01-21 18:10:37.551 24430-24430 View                    com.rpeters.jellyfin                 I  setRequestedFrameRate frameRate=NaN, this=androidx.compose.ui.platform.AndroidComposeView{fe097ae VFED..... ........ 0,0-3120,1440 aid=1073741824}, caller=android.view.ViewGroup.setRequestedFrameRate:10045 androidx.compose.ui.platform.Api35Impl.setRequestedFrameRate:3822 androidx.compose.ui.platform.AndroidComposeView.dispatchDraw:2114 android.view.View.draw:26758 android.view.View.updateDisplayListIfDirty:25577 
2026-01-21 18:10:37.551 24430-24430 View                    com.rpeters.jellyfin                 I  setRequestedFrameRate frameRate=NaN, this=android.view.View{96a9bce V.ED..... ........ 0,0-0,0}, caller=androidx.compose.ui.platform.Api35Impl.setRequestedFrameRate:3822 androidx.compose.ui.platform.AndroidComposeView.dispatchDraw:2115 android.view.View.draw:26758 android.view.View.updateDisplayListIfDirty:25577 android.view.ViewGroup.recreateChildDisplayList:4881 
2026-01-21 18:10:37.552 24430-24479 VRI[VideoP...y]@71cfd75 com.rpeters.jellyfin                 I  mWNT: t=0xb400007313d733d0 mBlastBufferQueue=0xb4000073e3d1c210 fn= 11 HdrRenderState mRenderHdrSdrRatio=1.0 caller= android.view.SyncRtSurfaceTransactionApplier.applyTransaction:102 android.view.SyncRtSurfaceTransactionApplier.lambda$scheduleApply$0:75 android.view.SyncRtSurfaceTransactionApplier.$r8$lambda$afI4fXg3U3-nBZQEDQMiNy-B06s:0 
2026-01-21 18:10:37.559 24430-24430 View                    com.rpeters.jellyfin                 I  setRequestedFrameRate frameRate=NaN, this=androidx.compose.ui.platform.AndroidComposeView{fe097ae VFED..... ........ 0,0-3120,1440 aid=1073741824}, caller=android.view.ViewGroup.setRequestedFrameRate:10045 androidx.compose.ui.platform.Api35Impl.setRequestedFrameRate:3822 androidx.compose.ui.platform.AndroidComposeView.dispatchDraw:2114 android.view.View.draw:26758 android.view.View.updateDisplayListIfDirty:25577 
2026-01-21 18:10:37.559 24430-24430 View                    com.rpeters.jellyfin                 I  setRequestedFrameRate frameRate=NaN, this=android.view.View{96a9bce V.ED..... ........ 0,0-0,0}, caller=androidx.compose.ui.platform.Api35Impl.setRequestedFrameRate:3822 androidx.compose.ui.platform.AndroidComposeView.dispatchDraw:2115 android.view.View.draw:26758 android.view.View.updateDisplayListIfDirty:25577 android.view.ViewGroup.recreateChildDisplayList:4881 
2026-01-21 18:10:37.560 24430-24478 VRI[VideoP...y]@71cfd75 com.rpeters.jellyfin                 I  mWNT: t=0xb400007313d8d8b0 mBlastBufferQueue=0xb4000073e3d1c210 fn= 12 HdrRenderState mRenderHdrSdrRatio=1.0 caller= android.view.SyncRtSurfaceTransactionApplier.applyTransaction:102 android.view.SyncRtSurfaceTransactionApplier.lambda$scheduleApply$0:75 android.view.SyncRtSurfaceTransactionApplier.$r8$lambda$afI4fXg3U3-nBZQEDQMiNy-B06s:0 
2026-01-21 18:10:37.568 24430-24430 View                    com.rpeters.jellyfin                 I  setRequestedFrameRate frameRate=NaN, this=androidx.compose.ui.platform.AndroidComposeView{fe097ae VFED..... ........ 0,0-3120,1440 aid=1073741824}, caller=android.view.ViewGroup.setRequestedFrameRate:10045 androidx.compose.ui.platform.Api35Impl.setRequestedFrameRate:3822 androidx.compose.ui.platform.AndroidComposeView.dispatchDraw:2114 android.view.View.draw:26758 android.view.View.updateDisplayListIfDirty:25577 
2026-01-21 18:10:37.568 24430-24430 View                    com.rpeters.jellyfin                 I  setRequestedFrameRate frameRate=NaN, this=android.view.View{96a9bce V.ED..... ........ 0,0-0,0}, caller=androidx.compose.ui.platform.Api35Impl.setRequestedFrameRate:3822 androidx.compose.ui.platform.AndroidComposeView.dispatchDraw:2115 android.view.View.draw:26758 android.view.View.updateDisplayListIfDirty:25577 android.view.ViewGroup.recreateChildDisplayList:4881 
2026-01-21 18:10:37.568 24430-24479 VRI[VideoP...y]@71cfd75 com.rpeters.jellyfin                 I  mWNT: t=0xb400007313d88c60 mBlastBufferQueue=0xb4000073e3d1c210 fn= 13 HdrRenderState mRenderHdrSdrRatio=1.0 caller= android.view.SyncRtSurfaceTransactionApplier.applyTransaction:102 android.view.SyncRtSurfaceTransactionApplier.lambda$scheduleApply$0:75 android.view.SyncRtSurfaceTransactionApplier.$r8$lambda$afI4fXg3U3-nBZQEDQMiNy-B06s:0 
2026-01-21 18:10:37.576 24430-24430 View                    com.rpeters.jellyfin                 I  setRequestedFrameRate frameRate=NaN, this=androidx.compose.ui.platform.AndroidComposeView{fe097ae VFED..... ........ 0,0-3120,1440 aid=1073741824}, caller=android.view.ViewGroup.setRequestedFrameRate:10045 androidx.compose.ui.platform.Api35Impl.setRequestedFrameRate:3822 androidx.compose.ui.platform.AndroidComposeView.dispatchDraw:2114 android.view.View.draw:26758 android.view.View.updateDisplayListIfDirty:25577 
2026-01-21 18:10:37.576 24430-24430 View                    com.rpeters.jellyfin                 I  setRequestedFrameRate frameRate=NaN, this=android.view.View{96a9bce V.ED..... ........ 0,0-0,0}, caller=androidx.compose.ui.platform.Api35Impl.setRequestedFrameRate:3822 androidx.compose.ui.platform.AndroidComposeView.dispatchDraw:2115 android.view.View.draw:26758 android.view.View.updateDisplayListIfDirty:25577 android.view.ViewGroup.recreateChildDisplayList:4881 
2026-01-21 18:10:37.576 24430-24478 VRI[VideoP...y]@71cfd75 com.rpeters.jellyfin                 I  mWNT: t=0xb400007313d94310 mBlastBufferQueue=0xb4000073e3d1c210 fn= 14 HdrRenderState mRenderHdrSdrRatio=1.0 caller= android.view.SyncRtSurfaceTransactionApplier.applyTransaction:102 android.view.SyncRtSurfaceTransactionApplier.lambda$scheduleApply$0:75 android.view.SyncRtSurfaceTransactionApplier.$r8$lambda$afI4fXg3U3-nBZQEDQMiNy-B06s:0 
2026-01-21 18:10:37.585 24430-24430 View                    com.rpeters.jellyfin                 I  setRequestedFrameRate frameRate=NaN, this=androidx.compose.ui.platform.AndroidComposeView{fe097ae VFED..... ........ 0,0-3120,1440 aid=1073741824}, caller=android.view.ViewGroup.setRequestedFrameRate:10045 androidx.compose.ui.platform.Api35Impl.setRequestedFrameRate:3822 androidx.compose.ui.platform.AndroidComposeView.dispatchDraw:2114 android.view.View.draw:26758 android.view.View.updateDisplayListIfDirty:25577 
2026-01-21 18:10:37.585 24430-24430 View                    com.rpeters.jellyfin                 I  setRequestedFrameRate frameRate=NaN, this=android.view.View{96a9bce V.ED..... ........ 0,0-0,0}, caller=androidx.compose.ui.platform.Api35Impl.setRequestedFrameRate:3822 androidx.compose.ui.platform.AndroidComposeView.dispatchDraw:2115 android.view.View.draw:26758 android.view.View.updateDisplayListIfDirty:25577 android.view.ViewGroup.recreateChildDisplayList:4881 
2026-01-21 18:10:37.585 24430-24479 VRI[VideoP...y]@71cfd75 com.rpeters.jellyfin                 I  mWNT: t=0xb400007313d86510 mBlastBufferQueue=0xb4000073e3d1c210 fn= 15 HdrRenderState mRenderHdrSdrRatio=1.0 caller= android.view.SyncRtSurfaceTransactionApplier.applyTransaction:102 android.view.SyncRtSurfaceTransactionApplier.lambda$scheduleApply$0:75 android.view.SyncRtSurfaceTransactionApplier.$r8$lambda$afI4fXg3U3-nBZQEDQMiNy-B06s:0 
2026-01-21 18:10:37.588 24430-24430 OkHttpClient            com.rpeters.jellyfin                 I  GET https://rpeters1428.huron.usbx.me/jellyfin/Items?userId=c1b3b2bb-8e62-45b6-a7c4-f6645be8423a&limit=1&fields=Overview&fields=Genres&fields=People&fields=MediaSources&fields=MediaStreams&fields=DateCreated&fields=Studios&fields=Tags&fields=Chapters&ids=bbe3eb1e-be4b-32b3-00fd-4c895ffd935c&enableTotalRecordCount=true&enableImages=true
2026-01-21 18:10:37.593 24430-24430 View                    com.rpeters.jellyfin                 I  setRequestedFrameRate frameRate=NaN, this=androidx.compose.ui.platform.AndroidComposeView{fe097ae VFED..... ........ 0,0-3120,1440 aid=1073741824}, caller=android.view.ViewGroup.setRequestedFrameRate:10045 androidx.compose.ui.platform.Api35Impl.setRequestedFrameRate:3822 androidx.compose.ui.platform.AndroidComposeView.dispatchDraw:2114 android.view.View.draw:26758 android.view.View.updateDisplayListIfDirty:25577 
2026-01-21 18:10:37.593 24430-24430 View                    com.rpeters.jellyfin                 I  setRequestedFrameRate frameRate=NaN, this=android.view.View{96a9bce V.ED..... ........ 0,0-0,0}, caller=androidx.compose.ui.platform.Api35Impl.setRequestedFrameRate:3822 androidx.compose.ui.platform.AndroidComposeView.dispatchDraw:2115 android.view.View.draw:26758 android.view.View.updateDisplayListIfDirty:25577 android.view.ViewGroup.recreateChildDisplayList:4881 
2026-01-21 18:10:37.593 24430-24478 VRI[VideoP...y]@71cfd75 com.rpeters.jellyfin                 I  mWNT: t=0xb400007313d86760 mBlastBufferQueue=0xb4000073e3d1c210 fn= 16 HdrRenderState mRenderHdrSdrRatio=1.0 caller= android.view.SyncRtSurfaceTransactionApplier.applyTransaction:102 android.view.SyncRtSurfaceTransactionApplier.lambda$scheduleApply$0:75 android.view.SyncRtSurfaceTransactionApplier.$r8$lambda$afI4fXg3U3-nBZQEDQMiNy-B06s:0 
2026-01-21 18:10:37.601 24430-24430 View                    com.rpeters.jellyfin                 I  setRequestedFrameRate frameRate=NaN, this=androidx.compose.ui.platform.AndroidComposeView{fe097ae VFED..... ........ 0,0-3120,1440 aid=1073741824}, caller=android.view.ViewGroup.setRequestedFrameRate:10045 androidx.compose.ui.platform.Api35Impl.setRequestedFrameRate:3822 androidx.compose.ui.platform.AndroidComposeView.dispatchDraw:2114 android.view.View.draw:26758 android.view.View.updateDisplayListIfDirty:25577 
2026-01-21 18:10:37.601 24430-24430 View                    com.rpeters.jellyfin                 I  setRequestedFrameRate frameRate=NaN, this=android.view.View{96a9bce V.ED..... ........ 0,0-0,0}, caller=androidx.compose.ui.platform.Api35Impl.setRequestedFrameRate:3822 androidx.compose.ui.platform.AndroidComposeView.dispatchDraw:2115 android.view.View.draw:26758 android.view.View.updateDisplayListIfDirty:25577 android.view.ViewGroup.recreateChildDisplayList:4881 
2026-01-21 18:10:37.602 24430-24479 VRI[VideoP...y]@71cfd75 com.rpeters.jellyfin                 I  mWNT: t=0xb400007313d33a50 mBlastBufferQueue=0xb4000073e3d1c210 fn= 17 HdrRenderState mRenderHdrSdrRatio=1.0 caller= android.view.SyncRtSurfaceTransactionApplier.applyTransaction:102 android.view.SyncRtSurfaceTransactionApplier.lambda$scheduleApply$0:75 android.view.SyncRtSurfaceTransactionApplier.$r8$lambda$afI4fXg3U3-nBZQEDQMiNy-B06s:0 
2026-01-21 18:10:37.609 24430-24430 View                    com.rpeters.jellyfin                 I  setRequestedFrameRate frameRate=NaN, this=androidx.compose.ui.platform.AndroidComposeView{fe097ae VFED..... ........ 0,0-3120,1440 aid=1073741824}, caller=android.view.ViewGroup.setRequestedFrameRate:10045 androidx.compose.ui.platform.Api35Impl.setRequestedFrameRate:3822 androidx.compose.ui.platform.AndroidComposeView.dispatchDraw:2114 android.view.View.draw:26758 android.view.View.updateDisplayListIfDirty:25577 
2026-01-21 18:10:37.610 24430-24430 View                    com.rpeters.jellyfin                 I  setRequestedFrameRate frameRate=NaN, this=android.view.View{96a9bce V.ED..... ........ 0,0-0,0}, caller=androidx.compose.ui.platform.Api35Impl.setRequestedFrameRate:3822 androidx.compose.ui.platform.AndroidComposeView.dispatchDraw:2115 android.view.View.draw:26758 android.view.View.updateDisplayListIfDirty:25577 android.view.ViewGroup.recreateChildDisplayList:4881 
2026-01-21 18:10:37.610 24430-24478 VRI[VideoP...y]@71cfd75 com.rpeters.jellyfin                 I  mWNT: t=0xb400007313d63320 mBlastBufferQueue=0xb4000073e3d1c210 fn= 18 HdrRenderState mRenderHdrSdrRatio=1.0 caller= android.view.SyncRtSurfaceTransactionApplier.applyTransaction:102 android.view.SyncRtSurfaceTransactionApplier.lambda$scheduleApply$0:75 android.view.SyncRtSurfaceTransactionApplier.$r8$lambda$afI4fXg3U3-nBZQEDQMiNy-B06s:0 
2026-01-21 18:10:37.618 24430-24430 View                    com.rpeters.jellyfin                 I  setRequestedFrameRate frameRate=NaN, this=androidx.compose.ui.platform.AndroidComposeView{fe097ae VFED..... ........ 0,0-3120,1440 aid=1073741824}, caller=android.view.ViewGroup.setRequestedFrameRate:10045 androidx.compose.ui.platform.Api35Impl.setRequestedFrameRate:3822 androidx.compose.ui.platform.AndroidComposeView.dispatchDraw:2114 android.view.View.draw:26758 android.view.View.updateDisplayListIfDirty:25577 
2026-01-21 18:10:37.618 24430-24430 View                    com.rpeters.jellyfin                 I  setRequestedFrameRate frameRate=NaN, this=android.view.View{96a9bce V.ED..... ........ 0,0-0,0}, caller=androidx.compose.ui.platform.Api35Impl.setRequestedFrameRate:3822 androidx.compose.ui.platform.AndroidComposeView.dispatchDraw:2115 android.view.View.draw:26758 android.view.View.updateDisplayListIfDirty:25577 android.view.ViewGroup.recreateChildDisplayList:4881 
2026-01-21 18:10:37.618 24430-24479 VRI[VideoP...y]@71cfd75 com.rpeters.jellyfin                 I  mWNT: t=0xb400007313d08490 mBlastBufferQueue=0xb4000073e3d1c210 fn= 19 HdrRenderState mRenderHdrSdrRatio=1.0 caller= android.view.SyncRtSurfaceTransactionApplier.applyTransaction:102 android.view.SyncRtSurfaceTransactionApplier.lambda$scheduleApply$0:75 android.view.SyncRtSurfaceTransactionApplier.$r8$lambda$afI4fXg3U3-nBZQEDQMiNy-B06s:0 
2026-01-21 18:10:37.626 24430-24430 View                    com.rpeters.jellyfin                 I  setRequestedFrameRate frameRate=NaN, this=androidx.compose.ui.platform.AndroidComposeView{fe097ae VFED..... ........ 0,0-3120,1440 aid=1073741824}, caller=android.view.ViewGroup.setRequestedFrameRate:10045 androidx.compose.ui.platform.Api35Impl.setRequestedFrameRate:3822 androidx.compose.ui.platform.AndroidComposeView.dispatchDraw:2114 android.view.View.draw:26758 android.view.View.updateDisplayListIfDirty:25577 
2026-01-21 18:10:37.626 24430-24430 View                    com.rpeters.jellyfin                 I  setRequestedFrameRate frameRate=NaN, this=android.view.View{96a9bce V.ED..... ........ 0,0-0,0}, caller=androidx.compose.ui.platform.Api35Impl.setRequestedFrameRate:3822 androidx.compose.ui.platform.AndroidComposeView.dispatchDraw:2115 android.view.View.draw:26758 android.view.View.updateDisplayListIfDirty:25577 android.view.ViewGroup.recreateChildDisplayList:4881 
2026-01-21 18:10:37.626 24430-24478 VRI[VideoP...y]@71cfd75 com.rpeters.jellyfin                 I  mWNT: t=0xb400007313d939d0 mBlastBufferQueue=0xb4000073e3d1c210 fn= 20 HdrRenderState mRenderHdrSdrRatio=1.0 caller= android.view.SyncRtSurfaceTransactionApplier.applyTransaction:102 android.view.SyncRtSurfaceTransactionApplier.lambda$scheduleApply$0:75 android.view.SyncRtSurfaceTransactionApplier.$r8$lambda$afI4fXg3U3-nBZQEDQMiNy-B06s:0 
2026-01-21 18:10:37.634 24430-24430 View                    com.rpeters.jellyfin                 I  setRequestedFrameRate frameRate=NaN, this=androidx.compose.ui.platform.AndroidComposeView{fe097ae VFED..... ........ 0,0-3120,1440 aid=1073741824}, caller=android.view.ViewGroup.setRequestedFrameRate:10045 androidx.compose.ui.platform.Api35Impl.setRequestedFrameRate:3822 androidx.compose.ui.platform.AndroidComposeView.dispatchDraw:2114 android.view.View.draw:26758 android.view.View.updateDisplayListIfDirty:25577 
2026-01-21 18:10:37.634 24430-24430 View                    com.rpeters.jellyfin                 I  setRequestedFrameRate frameRate=NaN, this=android.view.View{96a9bce V.ED..... ........ 0,0-0,0}, caller=androidx.compose.ui.platform.Api35Impl.setRequestedFrameRate:3822 androidx.compose.ui.platform.AndroidComposeView.dispatchDraw:2115 android.view.View.draw:26758 android.view.View.updateDisplayListIfDirty:25577 android.view.ViewGroup.recreateChildDisplayList:4881 
2026-01-21 18:10:37.634 24430-24479 VRI[VideoP...y]@71cfd75 com.rpeters.jellyfin                 I  mWNT: t=0xb400007313d8e8e0 mBlastBufferQueue=0xb4000073e3d1c210 fn= 21 HdrRenderState mRenderHdrSdrRatio=1.0 caller= android.view.SyncRtSurfaceTransactionApplier.applyTransaction:102 android.view.SyncRtSurfaceTransactionApplier.lambda$scheduleApply$0:75 android.view.SyncRtSurfaceTransactionApplier.$r8$lambda$afI4fXg3U3-nBZQEDQMiNy-B06s:0 
2026-01-21 18:10:37.643 24430-24430 View                    com.rpeters.jellyfin                 I  setRequestedFrameRate frameRate=NaN, this=androidx.compose.ui.platform.AndroidComposeView{fe097ae VFED..... ........ 0,0-3120,1440 aid=1073741824}, caller=android.view.ViewGroup.setRequestedFrameRate:10045 androidx.compose.ui.platform.Api35Impl.setRequestedFrameRate:3822 androidx.compose.ui.platform.AndroidComposeView.dispatchDraw:2114 android.view.View.draw:26758 android.view.View.updateDisplayListIfDirty:25577 
2026-01-21 18:10:37.643 24430-24430 View                    com.rpeters.jellyfin                 I  setRequestedFrameRate frameRate=NaN, this=android.view.View{96a9bce V.ED..... ........ 0,0-0,0}, caller=androidx.compose.ui.platform.Api35Impl.setRequestedFrameRate:3822 androidx.compose.ui.platform.AndroidComposeView.dispatchDraw:2115 android.view.View.draw:26758 android.view.View.updateDisplayListIfDirty:25577 android.view.ViewGroup.recreateChildDisplayList:4881 
2026-01-21 18:10:37.643 24430-24478 VRI[VideoP...y]@71cfd75 com.rpeters.jellyfin                 I  mWNT: t=0xb400007313d91e10 mBlastBufferQueue=0xb4000073e3d1c210 fn= 22 HdrRenderState mRenderHdrSdrRatio=1.0 caller= android.view.SyncRtSurfaceTransactionApplier.applyTransaction:102 android.view.SyncRtSurfaceTransactionApplier.lambda$scheduleApply$0:75 android.view.SyncRtSurfaceTransactionApplier.$r8$lambda$afI4fXg3U3-nBZQEDQMiNy-B06s:0 
2026-01-21 18:10:37.651 24430-24430 View                    com.rpeters.jellyfin                 I  setRequestedFrameRate frameRate=NaN, this=androidx.compose.ui.platform.AndroidComposeView{fe097ae VFED..... ........ 0,0-3120,1440 aid=1073741824}, caller=android.view.ViewGroup.setRequestedFrameRate:10045 androidx.compose.ui.platform.Api35Impl.setRequestedFrameRate:3822 androidx.compose.ui.platform.AndroidComposeView.dispatchDraw:2114 android.view.View.draw:26758 android.view.View.updateDisplayListIfDirty:25577 
2026-01-21 18:10:37.651 24430-24430 View                    com.rpeters.jellyfin                 I  setRequestedFrameRate frameRate=NaN, this=android.view.View{96a9bce V.ED..... ........ 0,0-0,0}, caller=androidx.compose.ui.platform.Api35Impl.setRequestedFrameRate:3822 androidx.compose.ui.platform.AndroidComposeView.dispatchDraw:2115 android.view.View.draw:26758 android.view.View.updateDisplayListIfDirty:25577 android.view.ViewGroup.recreateChildDisplayList:4881 
2026-01-21 18:10:37.651 24430-24479 VRI[VideoP...y]@71cfd75 com.rpeters.jellyfin                 I  mWNT: t=0xb400007313d90000 mBlastBufferQueue=0xb4000073e3d1c210 fn= 23 HdrRenderState mRenderHdrSdrRatio=1.0 caller= android.view.SyncRtSurfaceTransactionApplier.applyTransaction:102 android.view.SyncRtSurfaceTransactionApplier.lambda$scheduleApply$0:75 android.view.SyncRtSurfaceTransactionApplier.$r8$lambda$afI4fXg3U3-nBZQEDQMiNy-B06s:0 
2026-01-21 18:10:37.659 24430-24430 View                    com.rpeters.jellyfin                 I  setRequestedFrameRate frameRate=NaN, this=androidx.compose.ui.platform.AndroidComposeView{fe097ae VFED..... ........ 0,0-3120,1440 aid=1073741824}, caller=android.view.ViewGroup.setRequestedFrameRate:10045 androidx.compose.ui.platform.Api35Impl.setRequestedFrameRate:3822 androidx.compose.ui.platform.AndroidComposeView.dispatchDraw:2114 android.view.View.draw:26758 android.view.View.updateDisplayListIfDirty:25577 
2026-01-21 18:10:37.659 24430-24430 View                    com.rpeters.jellyfin                 I  setRequestedFrameRate frameRate=NaN, this=android.view.View{96a9bce V.ED..... ........ 0,0-0,0}, caller=androidx.compose.ui.platform.Api35Impl.setRequestedFrameRate:3822 androidx.compose.ui.platform.AndroidComposeView.dispatchDraw:2115 android.view.View.draw:26758 android.view.View.updateDisplayListIfDirty:25577 android.view.ViewGroup.recreateChildDisplayList:4881 
2026-01-21 18:10:37.659 24430-24478 VRI[VideoP...y]@71cfd75 com.rpeters.jellyfin                 I  mWNT: t=0xb400007313d95340 mBlastBufferQueue=0xb4000073e3d1c210 fn= 24 HdrRenderState mRenderHdrSdrRatio=1.0 caller= android.view.SyncRtSurfaceTransactionApplier.applyTransaction:102 android.view.SyncRtSurfaceTransactionApplier.lambda$scheduleApply$0:75 android.view.SyncRtSurfaceTransactionApplier.$r8$lambda$afI4fXg3U3-nBZQEDQMiNy-B06s:0 
2026-01-21 18:10:37.667 24430-24430 View                    com.rpeters.jellyfin                 I  setRequestedFrameRate frameRate=NaN, this=androidx.compose.ui.platform.AndroidComposeView{fe097ae VFED..... ........ 0,0-3120,1440 aid=1073741824}, caller=android.view.ViewGroup.setRequestedFrameRate:10045 androidx.compose.ui.platform.Api35Impl.setRequestedFrameRate:3822 androidx.compose.ui.platform.AndroidComposeView.dispatchDraw:2114 android.view.View.draw:26758 android.view.View.updateDisplayListIfDirty:25577 
2026-01-21 18:10:37.668 24430-24430 View                    com.rpeters.jellyfin                 I  setRequestedFrameRate frameRate=NaN, this=android.view.View{96a9bce V.ED..... ........ 0,0-0,0}, caller=androidx.compose.ui.platform.Api35Impl.setRequestedFrameRate:3822 androidx.compose.ui.platform.AndroidComposeView.dispatchDraw:2115 android.view.View.draw:26758 android.view.View.updateDisplayListIfDirty:25577 android.view.ViewGroup.recreateChildDisplayList:4881 
2026-01-21 18:10:37.668 24430-24479 VRI[VideoP...y]@71cfd75 com.rpeters.jellyfin                 I  mWNT: t=0xb400007313d91bc0 mBlastBufferQueue=0xb4000073e3d1c210 fn= 25 HdrRenderState mRenderHdrSdrRatio=1.0 caller= android.view.SyncRtSurfaceTransactionApplier.applyTransaction:102 android.view.SyncRtSurfaceTransactionApplier.lambda$scheduleApply$0:75 android.view.SyncRtSurfaceTransactionApplier.$r8$lambda$afI4fXg3U3-nBZQEDQMiNy-B06s:0 
2026-01-21 18:10:37.676 24430-24430 View                    com.rpeters.jellyfin                 I  setRequestedFrameRate frameRate=NaN, this=androidx.compose.ui.platform.AndroidComposeView{fe097ae VFED..... ........ 0,0-3120,1440 aid=1073741824}, caller=android.view.ViewGroup.setRequestedFrameRate:10045 androidx.compose.ui.platform.Api35Impl.setRequestedFrameRate:3822 androidx.compose.ui.platform.AndroidComposeView.dispatchDraw:2114 android.view.View.draw:26758 android.view.View.updateDisplayListIfDirty:25577 
2026-01-21 18:10:37.676 24430-24430 View                    com.rpeters.jellyfin                 I  setRequestedFrameRate frameRate=NaN, this=android.view.View{96a9bce V.ED..... ........ 0,0-0,0}, caller=androidx.compose.ui.platform.Api35Impl.setRequestedFrameRate:3822 androidx.compose.ui.platform.AndroidComposeView.dispatchDraw:2115 android.view.View.draw:26758 android.view.View.updateDisplayListIfDirty:25577 android.view.ViewGroup.recreateChildDisplayList:4881 
2026-01-21 18:10:37.676 24430-24478 VRI[VideoP...y]@71cfd75 com.rpeters.jellyfin                 I  mWNT: t=0xb400007313d91720 mBlastBufferQueue=0xb4000073e3d1c210 fn= 26 HdrRenderState mRenderHdrSdrRatio=1.0 caller= android.view.SyncRtSurfaceTransactionApplier.applyTransaction:102 android.view.SyncRtSurfaceTransactionApplier.lambda$scheduleApply$0:75 android.view.SyncRtSurfaceTransactionApplier.$r8$lambda$afI4fXg3U3-nBZQEDQMiNy-B06s:0 
2026-01-21 18:10:37.684 24430-24430 View                    com.rpeters.jellyfin                 I  setRequestedFrameRate frameRate=NaN, this=androidx.compose.ui.platform.AndroidComposeView{fe097ae VFED..... ........ 0,0-3120,1440 aid=1073741824}, caller=android.view.ViewGroup.setRequestedFrameRate:10045 androidx.compose.ui.platform.Api35Impl.setRequestedFrameRate:3822 androidx.compose.ui.platform.AndroidComposeView.dispatchDraw:2114 android.view.View.draw:26758 android.view.View.updateDisplayListIfDirty:25577 
2026-01-21 18:10:37.684 24430-24430 View                    com.rpeters.jellyfin                 I  setRequestedFrameRate frameRate=NaN, this=android.view.View{96a9bce V.ED..... ........ 0,0-0,0}, caller=androidx.compose.ui.platform.Api35Impl.setRequestedFrameRate:3822 androidx.compose.ui.platform.AndroidComposeView.dispatchDraw:2115 android.view.View.draw:26758 android.view.View.updateDisplayListIfDirty:25577 android.view.ViewGroup.recreateChildDisplayList:4881 
2026-01-21 18:10:37.684 24430-24479 VRI[VideoP...y]@71cfd75 com.rpeters.jellyfin                 I  mWNT: t=0xb400007313d86c00 mBlastBufferQueue=0xb4000073e3d1c210 fn= 27 HdrRenderState mRenderHdrSdrRatio=1.0 caller= android.view.SyncRtSurfaceTransactionApplier.applyTransaction:102 android.view.SyncRtSurfaceTransactionApplier.lambda$scheduleApply$0:75 android.view.SyncRtSurfaceTransactionApplier.$r8$lambda$afI4fXg3U3-nBZQEDQMiNy-B06s:0 
2026-01-21 18:10:37.693 24430-24430 View                    com.rpeters.jellyfin                 I  setRequestedFrameRate frameRate=NaN, this=androidx.compose.ui.platform.AndroidComposeView{fe097ae VFED..... ........ 0,0-3120,1440 aid=1073741824}, caller=android.view.ViewGroup.setRequestedFrameRate:10045 androidx.compose.ui.platform.Api35Impl.setRequestedFrameRate:3822 androidx.compose.ui.platform.AndroidComposeView.dispatchDraw:2114 android.view.View.draw:26758 android.view.View.updateDisplayListIfDirty:25577 
2026-01-21 18:10:37.693 24430-24430 View                    com.rpeters.jellyfin                 I  setRequestedFrameRate frameRate=NaN, this=android.view.View{96a9bce V.ED..... ........ 0,0-0,0}, caller=androidx.compose.ui.platform.Api35Impl.setRequestedFrameRate:3822 androidx.compose.ui.platform.AndroidComposeView.dispatchDraw:2115 android.view.View.draw:26758 android.view.View.updateDisplayListIfDirty:25577 android.view.ViewGroup.recreateChildDisplayList:4881 
2026-01-21 18:10:37.694 24430-24478 VRI[VideoP...y]@71cfd75 com.rpeters.jellyfin                 I  mWNT: t=0xb400007313d82d90 mBlastBufferQueue=0xb4000073e3d1c210 fn= 28 HdrRenderState mRenderHdrSdrRatio=1.0 caller= android.view.SyncRtSurfaceTransactionApplier.applyTransaction:102 android.view.SyncRtSurfaceTransactionApplier.lambda$scheduleApply$0:75 android.view.SyncRtSurfaceTransactionApplier.$r8$lambda$afI4fXg3U3-nBZQEDQMiNy-B06s:0 
2026-01-21 18:10:37.701 24430-24430 View                    com.rpeters.jellyfin                 I  setRequestedFrameRate frameRate=NaN, this=androidx.compose.ui.platform.AndroidComposeView{fe097ae VFED..... ........ 0,0-3120,1440 aid=1073741824}, caller=android.view.ViewGroup.setRequestedFrameRate:10045 androidx.compose.ui.platform.Api35Impl.setRequestedFrameRate:3822 androidx.compose.ui.platform.AndroidComposeView.dispatchDraw:2114 android.view.View.draw:26758 android.view.View.updateDisplayListIfDirty:25577 
2026-01-21 18:10:37.701 24430-24430 View                    com.rpeters.jellyfin                 I  setRequestedFrameRate frameRate=NaN, this=android.view.View{96a9bce V.ED..... ........ 0,0-0,0}, caller=androidx.compose.ui.platform.Api35Impl.setRequestedFrameRate:3822 androidx.compose.ui.platform.AndroidComposeView.dispatchDraw:2115 android.view.View.draw:26758 android.view.View.updateDisplayListIfDirty:25577 android.view.ViewGroup.recreateChildDisplayList:4881 
2026-01-21 18:10:37.701 24430-24479 VRI[VideoP...y]@71cfd75 com.rpeters.jellyfin                 I  mWNT: t=0xb400007313d94c50 mBlastBufferQueue=0xb4000073e3d1c210 fn= 29 HdrRenderState mRenderHdrSdrRatio=1.0 caller= android.view.SyncRtSurfaceTransactionApplier.applyTransaction:102 android.view.SyncRtSurfaceTransactionApplier.lambda$scheduleApply$0:75 android.view.SyncRtSurfaceTransactionApplier.$r8$lambda$afI4fXg3U3-nBZQEDQMiNy-B06s:0 
2026-01-21 18:10:37.709 24430-24430 View                    com.rpeters.jellyfin                 I  setRequestedFrameRate frameRate=NaN, this=androidx.compose.ui.platform.AndroidComposeView{fe097ae VFED..... ........ 0,0-3120,1440 aid=1073741824}, caller=android.view.ViewGroup.setRequestedFrameRate:10045 androidx.compose.ui.platform.Api35Impl.setRequestedFrameRate:3822 androidx.compose.ui.platform.AndroidComposeView.dispatchDraw:2114 android.view.View.draw:26758 android.view.View.updateDisplayListIfDirty:25577 
2026-01-21 18:10:37.709 24430-24430 View                    com.rpeters.jellyfin                 I  setRequestedFrameRate frameRate=NaN, this=android.view.View{96a9bce V.ED..... ........ 0,0-0,0}, caller=androidx.compose.ui.platform.Api35Impl.setRequestedFrameRate:3822 androidx.compose.ui.platform.AndroidComposeView.dispatchDraw:2115 android.view.View.draw:26758 android.view.View.updateDisplayListIfDirty:25577 android.view.ViewGroup.recreateChildDisplayList:4881 
2026-01-21 18:10:37.710 24430-24478 VRI[VideoP...y]@71cfd75 com.rpeters.jellyfin                 I  mWNT: t=0xb400007313d8c880 mBlastBufferQueue=0xb4000073e3d1c210 fn= 30 HdrRenderState mRenderHdrSdrRatio=1.0 caller= android.view.SyncRtSurfaceTransactionApplier.applyTransaction:102 android.view.SyncRtSurfaceTransactionApplier.lambda$scheduleApply$0:75 android.view.SyncRtSurfaceTransactionApplier.$r8$lambda$afI4fXg3U3-nBZQEDQMiNy-B06s:0 
2026-01-21 18:10:37.718 24430-24430 View                    com.rpeters.jellyfin                 I  setRequestedFrameRate frameRate=NaN, this=androidx.compose.ui.platform.AndroidComposeView{fe097ae VFED..... ........ 0,0-3120,1440 aid=1073741824}, caller=android.view.ViewGroup.setRequestedFrameRate:10045 androidx.compose.ui.platform.Api35Impl.setRequestedFrameRate:3822 androidx.compose.ui.platform.AndroidComposeView.dispatchDraw:2114 android.view.View.draw:26758 android.view.View.updateDisplayListIfDirty:25577 
2026-01-21 18:10:37.718 24430-24430 View                    com.rpeters.jellyfin                 I  setRequestedFrameRate frameRate=NaN, this=android.view.View{96a9bce V.ED..... ........ 0,0-0,0}, caller=androidx.compose.ui.platform.Api35Impl.setRequestedFrameRate:3822 androidx.compose.ui.platform.AndroidComposeView.dispatchDraw:2115 android.view.View.draw:26758 android.view.View.updateDisplayListIfDirty:25577 android.view.ViewGroup.recreateChildDisplayList:4881 
2026-01-21 18:10:37.718 24430-24479 VRI[VideoP...y]@71cfd75 com.rpeters.jellyfin                 I  mWNT: t=0xb400007313d595e0 mBlastBufferQueue=0xb4000073e3d1c210 fn= 31 HdrRenderState mRenderHdrSdrRatio=1.0 caller= android.view.SyncRtSurfaceTransactionApplier.applyTransaction:102 android.view.SyncRtSurfaceTransactionApplier.lambda$scheduleApply$0:75 android.view.SyncRtSurfaceTransactionApplier.$r8$lambda$afI4fXg3U3-nBZQEDQMiNy-B06s:0 
2026-01-21 18:10:37.726 24430-24430 View                    com.rpeters.jellyfin                 I  setRequestedFrameRate frameRate=NaN, this=androidx.compose.ui.platform.AndroidComposeView{fe097ae VFED..... ........ 0,0-3120,1440 aid=1073741824}, caller=android.view.ViewGroup.setRequestedFrameRate:10045 androidx.compose.ui.platform.Api35Impl.setRequestedFrameRate:3822 androidx.compose.ui.platform.AndroidComposeView.dispatchDraw:2114 android.view.View.draw:26758 android.view.View.updateDisplayListIfDirty:25577 
2026-01-21 18:10:37.726 24430-24430 View                    com.rpeters.jellyfin                 I  setRequestedFrameRate frameRate=NaN, this=android.view.View{96a9bce V.ED..... ........ 0,0-0,0}, caller=androidx.compose.ui.platform.Api35Impl.setRequestedFrameRate:3822 androidx.compose.ui.platform.AndroidComposeView.dispatchDraw:2115 android.view.View.draw:26758 android.view.View.updateDisplayListIfDirty:25577 android.view.ViewGroup.recreateChildDisplayList:4881 
2026-01-21 18:10:37.726 24430-24478 VRI[VideoP...y]@71cfd75 com.rpeters.jellyfin                 I  mWNT: t=0xb400007313d4b7e0 mBlastBufferQueue=0xb4000073e3d1c210 fn= 32 HdrRenderState mRenderHdrSdrRatio=1.0 caller= android.view.SyncRtSurfaceTransactionApplier.applyTransaction:102 android.view.SyncRtSurfaceTransactionApplier.lambda$scheduleApply$0:75 android.view.SyncRtSurfaceTransactionApplier.$r8$lambda$afI4fXg3U3-nBZQEDQMiNy-B06s:0 
2026-01-21 18:10:37.734 24430-24430 View                    com.rpeters.jellyfin                 I  setRequestedFrameRate frameRate=NaN, this=androidx.compose.ui.platform.AndroidComposeView{fe097ae VFED..... ........ 0,0-3120,1440 aid=1073741824}, caller=android.view.ViewGroup.setRequestedFrameRate:10045 androidx.compose.ui.platform.Api35Impl.setRequestedFrameRate:3822 androidx.compose.ui.platform.AndroidComposeView.dispatchDraw:2114 android.view.View.draw:26758 android.view.View.updateDisplayListIfDirty:25577 
2026-01-21 18:10:37.734 24430-24430 View                    com.rpeters.jellyfin                 I  setRequestedFrameRate frameRate=NaN, this=android.view.View{96a9bce V.ED..... ........ 0,0-0,0}, caller=androidx.compose.ui.platform.Api35Impl.setRequestedFrameRate:3822 androidx.compose.ui.platform.AndroidComposeView.dispatchDraw:2115 android.view.View.draw:26758 android.view.View.updateDisplayListIfDirty:25577 android.view.ViewGroup.recreateChildDisplayList:4881 
2026-01-21 18:10:37.734 24430-24479 VRI[VideoP...y]@71cfd75 com.rpeters.jellyfin                 I  mWNT: t=0xb400007313d32a20 mBlastBufferQueue=0xb4000073e3d1c210 fn= 33 HdrRenderState mRenderHdrSdrRatio=1.0 caller= android.view.SyncRtSurfaceTransactionApplier.applyTransaction:102 android.view.SyncRtSurfaceTransactionApplier.lambda$scheduleApply$0:75 android.view.SyncRtSurfaceTransactionApplier.$r8$lambda$afI4fXg3U3-nBZQEDQMiNy-B06s:0 
2026-01-21 18:10:37.742 24430-24430 View                    com.rpeters.jellyfin                 I  setRequestedFrameRate frameRate=NaN, this=androidx.compose.ui.platform.AndroidComposeView{fe097ae VFED..... ........ 0,0-3120,1440 aid=1073741824}, caller=android.view.ViewGroup.setRequestedFrameRate:10045 androidx.compose.ui.platform.Api35Impl.setRequestedFrameRate:3822 androidx.compose.ui.platform.AndroidComposeView.dispatchDraw:2114 android.view.View.draw:26758 android.view.View.updateDisplayListIfDirty:25577 
2026-01-21 18:10:37.742 24430-24430 View                    com.rpeters.jellyfin                 I  setRequestedFrameRate frameRate=NaN, this=android.view.View{96a9bce V.ED..... ........ 0,0-0,0}, caller=androidx.compose.ui.platform.Api35Impl.setRequestedFrameRate:3822 androidx.compose.ui.platform.AndroidComposeView.dispatchDraw:2115 android.view.View.draw:26758 android.view.View.updateDisplayListIfDirty:25577 android.view.ViewGroup.recreateChildDisplayList:4881 
2026-01-21 18:10:37.742 24430-24478 VRI[VideoP...y]@71cfd75 com.rpeters.jellyfin                 I  mWNT: t=0xb400007313d5c1d0 mBlastBufferQueue=0xb4000073e3d1c210 fn= 34 HdrRenderState mRenderHdrSdrRatio=1.0 caller= android.view.SyncRtSurfaceTransactionApplier.applyTransaction:102 android.view.SyncRtSurfaceTransactionApplier.lambda$scheduleApply$0:75 android.view.SyncRtSurfaceTransactionApplier.$r8$lambda$afI4fXg3U3-nBZQEDQMiNy-B06s:0 
2026-01-21 18:10:37.751 24430-24430 View                    com.rpeters.jellyfin                 I  setRequestedFrameRate frameRate=NaN, this=androidx.compose.ui.platform.AndroidComposeView{fe097ae VFED..... ........ 0,0-3120,1440 aid=1073741824}, caller=android.view.ViewGroup.setRequestedFrameRate:10045 androidx.compose.ui.platform.Api35Impl.setRequestedFrameRate:3822 androidx.compose.ui.platform.AndroidComposeView.dispatchDraw:2114 android.view.View.draw:26758 android.view.View.updateDisplayListIfDirty:25577 
2026-01-21 18:10:37.751 24430-24430 View                    com.rpeters.jellyfin                 I  setRequestedFrameRate frameRate=NaN, this=android.view.View{96a9bce V.ED..... ........ 0,0-0,0}, caller=androidx.compose.ui.platform.Api35Impl.setRequestedFrameRate:3822 androidx.compose.ui.platform.AndroidComposeView.dispatchDraw:2115 android.view.View.draw:26758 android.view.View.updateDisplayListIfDirty:25577 android.view.ViewGroup.recreateChildDisplayList:4881 
2026-01-21 18:10:37.751 24430-24479 VRI[VideoP...y]@71cfd75 com.rpeters.jellyfin                 I  mWNT: t=0xb400007313d61510 mBlastBufferQueue=0xb4000073e3d1c210 fn= 35 HdrRenderState mRenderHdrSdrRatio=1.0 caller= android.view.SyncRtSurfaceTransactionApplier.applyTransaction:102 android.view.SyncRtSurfaceTransactionApplier.lambda$scheduleApply$0:75 android.view.SyncRtSurfaceTransactionApplier.$r8$lambda$afI4fXg3U3-nBZQEDQMiNy-B06s:0 
2026-01-21 18:10:37.759 24430-24430 View                    com.rpeters.jellyfin                 I  setRequestedFrameRate frameRate=NaN, this=androidx.compose.ui.platform.AndroidComposeView{fe097ae VFED..... ........ 0,0-3120,1440 aid=1073741824}, caller=android.view.ViewGroup.setRequestedFrameRate:10045 androidx.compose.ui.platform.Api35Impl.setRequestedFrameRate:3822 androidx.compose.ui.platform.AndroidComposeView.dispatchDraw:2114 android.view.View.draw:26758 android.view.View.updateDisplayListIfDirty:25577 
2026-01-21 18:10:37.759 24430-24430 View                    com.rpeters.jellyfin                 I  setRequestedFrameRate frameRate=NaN, this=android.view.View{96a9bce V.ED..... ........ 0,0-0,0}, caller=androidx.compose.ui.platform.Api35Impl.setRequestedFrameRate:3822 androidx.compose.ui.platform.AndroidComposeView.dispatchDraw:2115 android.view.View.draw:26758 android.view.View.updateDisplayListIfDirty:25577 android.view.ViewGroup.recreateChildDisplayList:4881 
2026-01-21 18:10:37.759 24430-24478 VRI[VideoP...y]@71cfd75 com.rpeters.jellyfin                 I  mWNT: t=0xb400007313d53960 mBlastBufferQueue=0xb4000073e3d1c210 fn= 36 HdrRenderState mRenderHdrSdrRatio=1.0 caller= android.view.SyncRtSurfaceTransactionApplier.applyTransaction:102 android.view.SyncRtSurfaceTransactionApplier.lambda$scheduleApply$0:75 android.view.SyncRtSurfaceTransactionApplier.$r8$lambda$afI4fXg3U3-nBZQEDQMiNy-B06s:0 
2026-01-21 18:10:37.767 24430-24430 View                    com.rpeters.jellyfin                 I  setRequestedFrameRate frameRate=NaN, this=androidx.compose.ui.platform.AndroidComposeView{fe097ae VFED..... ........ 0,0-3120,1440 aid=1073741824}, caller=android.view.ViewGroup.setRequestedFrameRate:10045 androidx.compose.ui.platform.Api35Impl.setRequestedFrameRate:3822 androidx.compose.ui.platform.AndroidComposeView.dispatchDraw:2114 android.view.View.draw:26758 android.view.View.updateDisplayListIfDirty:25577 
2026-01-21 18:10:37.767 24430-24430 View                    com.rpeters.jellyfin                 I  setRequestedFrameRate frameRate=NaN, this=android.view.View{96a9bce V.ED..... ........ 0,0-0,0}, caller=androidx.compose.ui.platform.Api35Impl.setRequestedFrameRate:3822 androidx.compose.ui.platform.AndroidComposeView.dispatchDraw:2115 android.view.View.draw:26758 android.view.View.updateDisplayListIfDirty:25577 android.view.ViewGroup.recreateChildDisplayList:4881 
2026-01-21 18:10:37.768 24430-24479 VRI[VideoP...y]@71cfd75 com.rpeters.jellyfin                 I  mWNT: t=0xb400007313d06d70 mBlastBufferQueue=0xb4000073e3d1c210 fn= 37 HdrRenderState mRenderHdrSdrRatio=1.0 caller= android.view.SyncRtSurfaceTransactionApplier.applyTransaction:102 android.view.SyncRtSurfaceTransactionApplier.lambda$scheduleApply$0:75 android.view.SyncRtSurfaceTransactionApplier.$r8$lambda$afI4fXg3U3-nBZQEDQMiNy-B06s:0 
2026-01-21 18:10:37.768 24430-24430 VRI[MainAc...y]@175a856 com.rpeters.jellyfin                 I  handleAppVisibility mAppVisible = true visible = false
2026-01-21 18:10:37.768 24430-24430 VRI[MainAc...y]@175a856 com.rpeters.jellyfin                 D  visibilityChanged oldVisibility=true newVisibility=false
2026-01-21 18:10:37.779 24430-24430 VRI[MainAc...y]@175a856 com.rpeters.jellyfin                 I  Relayout returned: old=(0,0,1440,3120) new=(0,0,1440,3120) relayoutAsync=false req=(1440,3120)8 dur=2 res=0x2 s={false 0x0} ch=true seqId=0
2026-01-21 18:10:37.779 24430-24430 VRI[MainAc...y]@175a856 com.rpeters.jellyfin                 D  Not drawing due to not visible. Reason=!mAppVisible && !mForceDecorViewVisibility
2026-01-21 18:10:37.779 24430-24430 View                    com.rpeters.jellyfin                 I  setRequestedFrameRate frameRate=NaN, this=androidx.compose.ui.platform.AndroidComposeView{fe097ae VFED..... ........ 0,0-3120,1440 aid=1073741824}, caller=android.view.ViewGroup.setRequestedFrameRate:10045 androidx.compose.ui.platform.Api35Impl.setRequestedFrameRate:3822 androidx.compose.ui.platform.AndroidComposeView.dispatchDraw:2114 android.view.View.draw:26758 android.view.View.updateDisplayListIfDirty:25577 
2026-01-21 18:10:37.780 24430-24430 View                    com.rpeters.jellyfin                 I  setRequestedFrameRate frameRate=NaN, this=android.view.View{96a9bce V.ED..... ........ 0,0-0,0}, caller=androidx.compose.ui.platform.Api35Impl.setRequestedFrameRate:3822 androidx.compose.ui.platform.AndroidComposeView.dispatchDraw:2115 android.view.View.draw:26758 android.view.View.updateDisplayListIfDirty:25577 android.view.ViewGroup.recreateChildDisplayList:4881 
2026-01-21 18:10:37.780 24430-24478 VRI[VideoP...y]@71cfd75 com.rpeters.jellyfin                 I  mWNT: t=0xb400007313d7f170 mBlastBufferQueue=0xb4000073e3d1c210 fn= 38 HdrRenderState mRenderHdrSdrRatio=1.0 caller= android.view.SyncRtSurfaceTransactionApplier.applyTransaction:102 android.view.SyncRtSurfaceTransactionApplier.lambda$scheduleApply$0:75 android.view.SyncRtSurfaceTransactionApplier.$r8$lambda$afI4fXg3U3-nBZQEDQMiNy-B06s:0 
2026-01-21 18:10:37.781 24430-24430 WindowOnBackDispatcher  com.rpeters.jellyfin                 D  setTopOnBackInvokedCallback (unwrapped): android.app.Activity$$ExternalSyntheticLambda0@7296c2e
2026-01-21 18:10:37.781 24430-24430 VRI[MainAc...y]@175a856 com.rpeters.jellyfin                 I  stopped(true) old = false
2026-01-21 18:10:37.781 24430-24430 VRI[MainAc...y]@175a856 com.rpeters.jellyfin                 D  WindowStopped on com.rpeters.jellyfin/com.rpeters.jellyfin.MainActivity set to true
2026-01-21 18:10:37.785 24430-24430 View                    com.rpeters.jellyfin                 I  setRequestedFrameRate frameRate=NaN, this=androidx.compose.ui.platform.AndroidComposeView{fe097ae VFED..... ........ 0,0-3120,1440 aid=1073741824}, caller=android.view.ViewGroup.setRequestedFrameRate:10045 androidx.compose.ui.platform.Api35Impl.setRequestedFrameRate:3822 androidx.compose.ui.platform.AndroidComposeView.dispatchDraw:2114 android.view.View.draw:26758 android.view.View.updateDisplayListIfDirty:25577 
2026-01-21 18:10:37.785 24430-24430 View                    com.rpeters.jellyfin                 I  setRequestedFrameRate frameRate=NaN, this=android.view.View{96a9bce V.ED..... ........ 0,0-0,0}, caller=androidx.compose.ui.platform.Api35Impl.setRequestedFrameRate:3822 androidx.compose.ui.platform.AndroidComposeView.dispatchDraw:2115 android.view.View.draw:26758 android.view.View.updateDisplayListIfDirty:25577 android.view.ViewGroup.recreateChildDisplayList:4881 
2026-01-21 18:10:37.785 24430-24479 VRI[VideoP...y]@71cfd75 com.rpeters.jellyfin                 I  mWNT: t=0xb400007313d6fa00 mBlastBufferQueue=0xb4000073e3d1c210 fn= 39 HdrRenderState mRenderHdrSdrRatio=1.0 caller= android.view.SyncRtSurfaceTransactionApplier.applyTransaction:102 android.view.SyncRtSurfaceTransactionApplier.lambda$scheduleApply$0:75 android.view.SyncRtSurfaceTransactionApplier.$r8$lambda$afI4fXg3U3-nBZQEDQMiNy-B06s:0 
2026-01-21 18:10:37.786  2941-7166  WindowManager           system_server                        E  win=Window{99f45e4 u0 com.rpeters.jellyfin/com.rpeters.jellyfin.MainActivity} destroySurfaces: appStopped=true cleanupOnResume=false win.mWindowRemovalAllowed=false win.mRemoveOnExit=false win.mViewVisibility=8 caller=com.android.server.wm.ActivityRecord.destroySurfaces:24 com.android.server.wm.ActivityRecord.activityStopped:209 com.android.server.wm.ActivityClientController.activityStopped:102 android.app.IActivityClientController$Stub.onTransact:829 com.android.server.wm.ActivityClientController.onTransact:1 android.os.Binder.execTransactInternal:1514 android.os.Binder.execTransact:1454 
2026-01-21 18:10:37.914 24430-24430 JellyfinRepository      com.rpeters.jellyfin                 D  Network-based maxStreamingBitrate: 80Mbps
2026-01-21 18:10:37.914 24430-24430 JellyfinRepository      com.rpeters.jellyfin                 D  DeviceProfile: Jellyfin Android Client, maxStreamBitrate=400000000, maxStaticBitrate=400000000
2026-01-21 18:10:37.914 24430-24430 JellyfinRepository      com.rpeters.jellyfin                 D    TranscodingProfile[0]: codec=h265,hevc, container=mp4, protocol=http, conditions=0
2026-01-21 18:10:37.914 24430-24430 JellyfinRepository      com.rpeters.jellyfin                 D    TranscodingProfile[1]: codec=h264, container=mp4, protocol=hls, conditions=0
2026-01-21 18:10:37.914 24430-24430 JellyfinRepository      com.rpeters.jellyfin                 D    TranscodingProfile[2]: codec=, container=mp3, protocol=http, conditions=0
2026-01-21 18:10:37.915 24430-24430 OkHttpClient            com.rpeters.jellyfin                 I  POST https://rpeters1428.huron.usbx.me/jellyfin/Items/bbe3eb1e-be4b-32b3-00fd-4c895ffd935c/PlaybackInfo
2026-01-21 18:10:37.922 24430-24430 View                    com.rpeters.jellyfin                 I  setRequestedFrameRate frameRate=NaN, this=androidx.compose.ui.platform.AndroidComposeView{fe097ae VFED..... ........ 0,0-3120,1440 aid=1073741824}, caller=android.view.ViewGroup.setRequestedFrameRate:10045 androidx.compose.ui.platform.Api35Impl.setRequestedFrameRate:3822 androidx.compose.ui.platform.AndroidComposeView.dispatchDraw:2114 android.view.View.draw:26758 android.view.View.updateDisplayListIfDirty:25577 
2026-01-21 18:10:37.922 24430-24430 View                    com.rpeters.jellyfin                 I  setRequestedFrameRate frameRate=NaN, this=android.view.View{96a9bce V.ED..... ........ 0,0-0,0}, caller=androidx.compose.ui.platform.Api35Impl.setRequestedFrameRate:3822 androidx.compose.ui.platform.AndroidComposeView.dispatchDraw:2115 android.view.View.draw:26758 android.view.View.updateDisplayListIfDirty:25577 android.view.ViewGroup.recreateChildDisplayList:4881 
2026-01-21 18:10:37.922 24430-24478 VRI[VideoP...y]@71cfd75 com.rpeters.jellyfin                 I  mWNT: t=0xb400007313d61760 mBlastBufferQueue=0xb4000073e3d1c210 fn= 40 HdrRenderState mRenderHdrSdrRatio=1.0 caller= android.view.SyncRtSurfaceTransactionApplier.applyTransaction:102 android.view.SyncRtSurfaceTransactionApplier.lambda$scheduleApply$0:75 android.view.SyncRtSurfaceTransactionApplier.$r8$lambda$afI4fXg3U3-nBZQEDQMiNy-B06s:0 
2026-01-21 18:10:37.924 24430-24430 View                    com.rpeters.jellyfin                 I  setRequestedFrameRate frameRate=NaN, this=androidx.compose.ui.platform.AndroidComposeView{fe097ae VFED..... ........ 0,0-3120,1440 aid=1073741824}, caller=android.view.ViewGroup.setRequestedFrameRate:10045 androidx.compose.ui.platform.Api35Impl.setRequestedFrameRate:3822 androidx.compose.ui.platform.AndroidComposeView.dispatchDraw:2114 android.view.View.draw:26758 android.view.View.updateDisplayListIfDirty:25577 
2026-01-21 18:10:37.924 24430-24430 View                    com.rpeters.jellyfin                 I  setRequestedFrameRate frameRate=NaN, this=android.view.View{96a9bce V.ED..... ........ 0,0-0,0}, caller=androidx.compose.ui.platform.Api35Impl.setRequestedFrameRate:3822 androidx.compose.ui.platform.AndroidComposeView.dispatchDraw:2115 android.view.View.draw:26758 android.view.View.updateDisplayListIfDirty:25577 android.view.ViewGroup.recreateChildDisplayList:4881 
2026-01-21 18:10:37.933 24430-24430 View                    com.rpeters.jellyfin                 I  setRequestedFrameRate frameRate=NaN, this=androidx.compose.ui.platform.AndroidComposeView{fe097ae VFED..... ........ 0,0-3120,1440 aid=1073741824}, caller=android.view.ViewGroup.setRequestedFrameRate:10045 androidx.compose.ui.platform.Api35Impl.setRequestedFrameRate:3822 androidx.compose.ui.platform.AndroidComposeView.dispatchDraw:2114 android.view.View.draw:26758 android.view.View.updateDisplayListIfDirty:25577 
2026-01-21 18:10:37.933 24430-24430 View                    com.rpeters.jellyfin                 I  setRequestedFrameRate frameRate=NaN, this=android.view.View{96a9bce V.ED..... ........ 0,0-0,0}, caller=androidx.compose.ui.platform.Api35Impl.setRequestedFrameRate:3822 androidx.compose.ui.platform.AndroidComposeView.dispatchDraw:2115 android.view.View.draw:26758 android.view.View.updateDisplayListIfDirty:25577 android.view.ViewGroup.recreateChildDisplayList:4881 
2026-01-21 18:10:37.942 24430-24430 View                    com.rpeters.jellyfin                 I  setRequestedFrameRate frameRate=NaN, this=androidx.compose.ui.platform.AndroidComposeView{fe097ae VFED..... ........ 0,0-3120,1440 aid=1073741824}, caller=android.view.ViewGroup.setRequestedFrameRate:10045 androidx.compose.ui.platform.Api35Impl.setRequestedFrameRate:3822 androidx.compose.ui.platform.AndroidComposeView.dispatchDraw:2114 android.view.View.draw:26758 android.view.View.updateDisplayListIfDirty:25577 
2026-01-21 18:10:37.942 24430-24430 View                    com.rpeters.jellyfin                 I  setRequestedFrameRate frameRate=NaN, this=android.view.View{96a9bce V.ED..... ........ 0,0-0,0}, caller=androidx.compose.ui.platform.Api35Impl.setRequestedFrameRate:3822 androidx.compose.ui.platform.AndroidComposeView.dispatchDraw:2115 android.view.View.draw:26758 android.view.View.updateDisplayListIfDirty:25577 android.view.ViewGroup.recreateChildDisplayList:4881 
2026-01-21 18:10:37.950 24430-24430 View                    com.rpeters.jellyfin                 I  setRequestedFrameRate frameRate=NaN, this=androidx.compose.ui.platform.AndroidComposeView{fe097ae VFED..... ........ 0,0-3120,1440 aid=1073741824}, caller=android.view.ViewGroup.setRequestedFrameRate:10045 androidx.compose.ui.platform.Api35Impl.setRequestedFrameRate:3822 androidx.compose.ui.platform.AndroidComposeView.dispatchDraw:2114 android.view.View.draw:26758 android.view.View.updateDisplayListIfDirty:25577 
