2026-01-29 22:41:31.978 18320-18543 JellyfinRepository      com.rpeters.jellyfin                 D      Container: mkv
2026-01-29 22:41:31.978 18320-18543 JellyfinRepository      com.rpeters.jellyfin                 D      SupportsTranscoding: true
2026-01-29 22:41:31.981 18320-18320 CastManager             com.rpeters.jellyfin                 I  Cast load (PlaybackInfo): url=https://rpeters1428.huron.usbx.me/jellyfin/Videos/b4453c79-2f8c-d2d9-7d82-7202b3dff373/stream?static=true&api_key=7811b33fe7cd4bd6899dd1ecfd895c15 mimeType=video/mp4 streamType=1 startPos=2143636
2026-01-29 22:41:32.059 18320-18320 CastManager             com.rpeters.jellyfin                 I  Cast load result: status=Status{statusCode=SUCCESS, resolution=null} statusCode=0 (load took 78ms, total 245ms)
2026-01-29 22:41:32.059 18320-18320 CastManager             com.rpeters.jellyfin                 I  Cast status after load: playerState=5
2026-01-29 22:41:33.731 18320-18320 DynamiteModule          com.rpeters.jellyfin                 I  Considering local module com.google.android.gms.cast.framework.dynamite:0 and remote module com.google.android.gms.cast.framework.dynamite:260433000
2026-01-29 22:41:33.731 18320-18320 DynamiteModule          com.rpeters.jellyfin                 I  Selected remote version of com.google.android.gms.cast.framework.dynamite, version >= 260433000
2026-01-29 22:41:33.731 18320-18320 DynamiteModule          com.rpeters.jellyfin                 V  Dynamite loader version >= 2, using loadModule2NoCrashUtils
2026-01-29 22:41:33.740 18320-18320 CastDynamiteModuleImpl  com.rpeters.jellyfin                 I  sj created by ClassLoader dalvik.system.DelegateLastClassLoader[DexPathList[[zip file "/data/app/~~tsWUUglA6m3b9Ir-jxGiOA==/com.google.android.gms-YqfSBqyfdto7FvVbngkVPw==/split_DynamiteModulesC_installtime.apk"],nativeLibraryDirectories=[/data/app/~~tsWUUglA6m3b9Ir-jxGiOA==/com.google.android.gms-YqfSBqyfdto7FvVbngkVPw==/split_DynamiteModulesC_installtime.apk!/lib/arm64-v8a, /system/lib64, /system_ext/lib64]]].
2026-01-29 22:41:33.742 18320-18320 DynamiteModule          com.rpeters.jellyfin                 I  Considering local module com.google.android.gms.cast.framework.dynamite:0 and remote module com.google.android.gms.cast.framework.dynamite:260433000
2026-01-29 22:41:33.742 18320-18320 DynamiteModule          com.rpeters.jellyfin                 I  Selected remote version of com.google.android.gms.cast.framework.dynamite, version >= 260433000
2026-01-29 22:41:33.742 18320-18320 DynamiteModule          com.rpeters.jellyfin                 V  Dynamite loader version >= 2, using loadModule2NoCrashUtils
2026-01-29 22:41:33.742 18320-18320 CastDynamiteModuleImpl  com.rpeters.jellyfin                 I  sj created by ClassLoader dalvik.system.DelegateLastClassLoader[DexPathList[[zip file "/data/app/~~tsWUUglA6m3b9Ir-jxGiOA==/com.google.android.gms-YqfSBqyfdto7FvVbngkVPw==/split_DynamiteModulesC_installtime.apk"],nativeLibraryDirectories=[/data/app/~~tsWUUglA6m3b9Ir-jxGiOA==/com.google.android.gms-YqfSBqyfdto7FvVbngkVPw==/split_DynamiteModulesC_installtime.apk!/lib/arm64-v8a, /system/lib64, /system_ext/lib64]]].
2026-01-29 22:41:33.746 18320-18320 NotificationManager     com.rpeters.jellyfin                 I  com.rpeters.jellyfin: notify(1, castMediaNotification, Notification(channel=cast_media_notification shortcut=null contentView=null vibrate=null sound=null defaults=0 flags=ONGOING_EVENT color=0x00000000 category=transport actions=2 vis=PUBLIC semFlags=0x0 semPriority=0 semMissedCount=0 semScenarioType=0)) as user
2026-01-29 22:41:33.746 18320-18320 NotificationManager     com.rpeters.jellyfin                 D  BOOTING pkg =com.rpeters.jellyfin mBlockedChannelsForOverflowNoti=[]
2026-01-29 22:41:33.749 18320-18750 aho                     com.rpeters.jellyfin                 W  using the fallback Cronet Engine implementation. Performance will suffer and many HTTP client features, including caching, will not work.
2026-01-29 22:41:33.749 18320-18320 DynamiteModule          com.rpeters.jellyfin                 I  Considering local module com.google.android.gms.cast.framework.dynamite:0 and remote module com.google.android.gms.cast.framework.dynamite:260433000
2026-01-29 22:41:33.749 18320-18320 DynamiteModule          com.rpeters.jellyfin                 I  Selected remote version of com.google.android.gms.cast.framework.dynamite, version >= 260433000
2026-01-29 22:41:33.749 18320-18320 DynamiteModule          com.rpeters.jellyfin                 V  Dynamite loader version >= 2, using loadModule2NoCrashUtils
2026-01-29 22:41:33.750 18320-18320 CastDynamiteModuleImpl  com.rpeters.jellyfin                 I  sj created by ClassLoader dalvik.system.DelegateLastClassLoader[DexPathList[[zip file "/data/app/~~tsWUUglA6m3b9Ir-jxGiOA==/com.google.android.gms-YqfSBqyfdto7FvVbngkVPw==/split_DynamiteModulesC_installtime.apk"],nativeLibraryDirectories=[/data/app/~~tsWUUglA6m3b9Ir-jxGiOA==/com.google.android.gms-YqfSBqyfdto7FvVbngkVPw==/split_DynamiteModulesC_installtime.apk!/lib/arm64-v8a, /system/lib64, /system_ext/lib64]]].
2026-01-29 22:41:33.771 18320-18320 NotificationManager     com.rpeters.jellyfin                 I  com.rpeters.jellyfin: notify(1, castMediaNotification, Notification(channel=cast_media_notification shortcut=null contentView=null vibrate=null sound=null defaults=0 flags=ONGOING_EVENT color=0x00000000 category=transport actions=2 vis=PUBLIC semFlags=0x0 semPriority=0 semMissedCount=0 semScenarioType=0)) as user
2026-01-29 22:41:34.211 18320-18778 Kumiho-Kumiho           com.rpeters.jellyfin                 I  getPackageName: com.rpeters.jellyfin
2026-01-29 22:41:34.211 18320-18778 Kumiho-Kumiho           com.rpeters.jellyfin                 E  updateList - failed to retrieve policy '/data/system/Kumiho/Kumiho.policy' retrying with default
2026-01-29 22:41:34.212 18320-18778 Kumiho-Kumiho           com.rpeters.jellyfin                 D  updateList: inserting 'com.whatsapp' in the Kumiho client list
2026-01-29 22:41:34.212 18320-18778 Kumiho-Kumiho           com.rpeters.jellyfin                 D  updateList: inserting 'com.facebook.orca' in the Kumiho client list
2026-01-29 22:41:34.212 18320-18778 Kumiho-Kumiho           com.rpeters.jellyfin                 D  updateList: inserting 'org.telegram.messenger' in the Kumiho client list
2026-01-29 22:41:34.212 18320-18778 Kumiho-Kumiho           com.rpeters.jellyfin                 D  updateList: inserting 'com.kakao.talk' in the Kumiho client list
2026-01-29 22:41:34.212 18320-18778 Kumiho-Kumiho           com.rpeters.jellyfin                 D  updateList: inserting 'com.google.android.providers.media.module' in the Kumiho client list
2026-01-29 22:41:34.212 18320-18778 Kumiho-Kumiho           com.rpeters.jellyfin                 D  updateList: inserting 'jp.naver.line.android' in the Kumiho client list
2026-01-29 22:41:34.212 18320-18778 Kumiho-Kumiho           com.rpeters.jellyfin                 D  updateList: inserting 'com.discord' in the Kumiho client list
2026-01-29 22:41:34.212 18320-18778 Kumiho-Kumiho           com.rpeters.jellyfin                 D  updateList: inserting 'com.tencent.mm' in the Kumiho client list
2026-01-29 22:41:34.212 18320-18778 Kumiho-Kumiho           com.rpeters.jellyfin                 D  updateList: inserting 'com.snapchat.android' in the Kumiho client list
2026-01-29 22:41:34.224 18320-18783 Kumiho-Kumiho           com.rpeters.jellyfin                 I  getPackageName: com.rpeters.jellyfin
2026-01-29 22:41:34.226 18320-18783 Kumiho-Kumiho           com.rpeters.jellyfin                 I  getPackageName: com.rpeters.jellyfin
2026-01-29 22:41:34.296 18320-18320 NotificationManager     com.rpeters.jellyfin                 I  com.rpeters.jellyfin: notify(1, castMediaNotification, Notification(channel=cast_media_notification shortcut=null contentView=null vibrate=null sound=null defaults=0 flags=ONGOING_EVENT color=0x00000000 category=transport actions=2 vis=PUBLIC semFlags=0x0 semPriority=0 semMissedCount=0 semScenarioType=0)) as user
2026-01-29 22:41:34.310 18320-18784 Kumiho-Kumiho           com.rpeters.jellyfin                 I  getPackageName: com.rpeters.jellyfin
2026-01-29 22:41:34.312 18320-18784 Kumiho-Kumiho           com.rpeters.jellyfin                 I  getPackageName: com.rpeters.jellyfin
2026-01-29 22:41:34.361 18320-18785 Kumiho-Kumiho           com.rpeters.jellyfin                 I  getPackageName: com.rpeters.jellyfin
2026-01-29 22:41:34.362 18320-18785 Kumiho-Kumiho           com.rpeters.jellyfin                 I  getPackageName: com.rpeters.jellyfin
2026-01-29 22:41:34.364 18320-18320 NotificationManager     com.rpeters.jellyfin                 I  com.rpeters.jellyfin: notify(1, castMediaNotification, Notification(channel=cast_media_notification shortcut=null contentView=null vibrate=null sound=null defaults=0 flags=ONGOING_EVENT color=0x00000000 category=transport actions=2 vis=PUBLIC semFlags=0x0 semPriority=0 semMissedCount=0 semScenarioType=0)) as user
2026-01-29 22:41:36.481 18320-18679 AidlBufferPool          com.rpeters.jellyfin                 D  bufferpool2 0xb400007313d91098 : 0(0 size) total buffers - 0(0 size) used buffers - 475/480 (recycle/alloc) - 5/948 (fetch/transfer)
2026-01-29 22:41:36.481 18320-18679 AidlBufferPool          com.rpeters.jellyfin                 D  bufferpool2 0xb400007313d55338 : 0(0 size) total buffers - 0(0 size) used buffers - 403/414 (recycle/alloc) - 11/405 (fetch/transfer)
2026-01-29 22:41:36.481 18320-18679 AidlBufferPoolAcc       com.rpeters.jellyfin                 D  evictor expired: 2, evicted: 2
2026-01-29 22:41:38.140 18320-18320 NotificationManager     com.rpeters.jellyfin                 I  com.rpeters.jellyfin: notify(1, castMediaNotification, Notification(channel=cast_media_notification shortcut=null contentView=null vibrate=null sound=null defaults=0 flags=ONGOING_EVENT color=0x00000000 category=transport actions=2 vis=PUBLIC semFlags=0x0 semPriority=0 semMissedCount=0 semScenarioType=0)) as user
2026-01-29 22:41:42.058 18320-18325 peters.jellyfin         com.rpeters.jellyfin                 I  Compiler allocated 11MB to compile void com.rpeters.jellyfin.ui.player.VideoPlayerScreenKt.CastRemoteScreen(com.rpeters.jellyfin.ui.player.VideoPlayerState, kotlin.jvm.functions.Function0, kotlin.jvm.functions.Function0, kotlin.jvm.functions.Function0, kotlin.jvm.functions.Function1, kotlin.jvm.functions.Function0, androidx.compose.ui.Modifier, androidx.compose.runtime.Composer, int, int)
2026-01-29 22:41:44.198 18320-18320 NotificationManager     com.rpeters.jellyfin                 I  com.rpeters.jellyfin: notify(1, castMediaNotification, Notification(channel=cast_media_notification shortcut=null contentView=null vibrate=null sound=null defaults=0 flags=ONGOING_EVENT color=0x00000000 category=transport actions=2 vis=PUBLIC semFlags=0x0 semPriority=0 semMissedCount=0 semScenarioType=0)) as user
2026-01-29 22:41:50.162 18320-18428 perf_hint               com.rpeters.jellyfin                 E  Session ID too large, must fit 32-bit integer
2026-01-29 22:42:09.553 18320-18395 TRuntime.C...ortBackend com.rpeters.jellyfin                 I  Making request to: https://firebaselogging-pa.googleapis.com/v1/firelog/legacy/batchlog
2026-01-29 22:42:11.930 18320-18395 TRuntime.C...ortBackend com.rpeters.jellyfin                 I  Status Code: 200
2026-01-29 22:42:11.953 18320-18320 peters.jellyfin         com.rpeters.jellyfin                 I  hiddenapi: Accessing hidden field Landroid/app/ActivityThread;->mServices:Landroid/util/ArrayMap; (runtime_flags=0, domain=platform, api=unsupported) from Lleakcanary/ServiceWatcher$activityThreadServices$2; (domain=app, TargetSdkVersion=35) using reflection: allowed
2026-01-29 22:42:11.953 18320-18320 LeakCanary              com.rpeters.jellyfin                 D  Watching instance of com.google.android.datatransport.runtime.scheduling.jobscheduling.JobInfoSchedulerService (com.google.android.datatransport.runtime.scheduling.jobscheduling.JobInfoSchedulerService received Service#onDestroy() callback) with key d975b6b6-d46e-4d6a-8afb-73a8caf81ea5
2026-01-29 22:42:12.571 18320-18320 VRI[VideoP...y]@d5ea487 com.rpeters.jellyfin                 I  ViewPostIme pointer 0
2026-01-29 22:42:12.577 18320-18320 VRI[VideoP...y]@d5ea487 com.rpeters.jellyfin                 I  call setFrameRateCategory for touch hint category=high hint, reason=touch, vri=VRI[VideoPlayerActivity]@d5ea487
2026-01-29 22:42:12.682 18320-18320 VRI[VideoP...y]@d5ea487 com.rpeters.jellyfin                 I  ViewPostIme pointer 1
2026-01-29 22:42:12.716 18320-18320 SessionManager          com.rpeters.jellyfin                 I  End session for com.rpeters.jellyfin
2026-01-29 22:42:12.716 18320-18320 SessionManagerImpl      com.rpeters.jellyfin                 I  End session: session ID: 997a02fa-cbf6-4dda-be37-8c0521144287
2026-01-29 22:42:12.716 18320-18320 SessionImpl             com.rpeters.jellyfin                 I  ending session
2026-01-29 22:42:12.719 18320-18320 AudioAttributes         com.rpeters.jellyfin                 E  Invalid stream type -1 for AudioAttributes
2026-01-29 22:42:12.734 18320-18320 PlaybackProgressManager com.rpeters.jellyfin                 D  Stopped tracking
2026-01-29 22:42:12.735 18320-18320 SessionManagerImpl      com.rpeters.jellyfin                 I  Select default route from route with the selected route ID: com.google.android.gms/.cast.media.CastMediaRoute2ProviderService_Persistent:e1ec065b9d50360c6a754bbf08d9db33
2026-01-29 22:42:12.737 18320-18543 OkHttpClient            com.rpeters.jellyfin                 I  GET https://rpeters1428.huron.usbx.me/jellyfin/UserItems/b4453c79-2f8c-d2d9-7d82-7202b3dff373/UserData?userId=c1b3b2bb-8e62-45b6-a7c4-f6645be8423a
2026-01-29 22:42:12.757 18320-18320 SurfaceView             com.rpeters.jellyfin                 D  220758429 updateSurface: has no frame
2026-01-29 22:42:12.763 18320-18320 SV[2207584...rActivity] com.rpeters.jellyfin                 I  onWindowVisibilityChanged(0) true android.view.SurfaceView{d28819d V.E...... ......I. 0,0-0,0} of VRI[VideoPlayerActivity]@d5ea487
2026-01-29 22:42:12.763 18320-18320 SurfaceView             com.rpeters.jellyfin                 D  220758429 updateSurface: has no frame
2026-01-29 22:42:12.766 18320-18320 BLASTBufferQueue_Java   com.rpeters.jellyfin                 I  update, w= 1440 h= 3120 mName = VRI[VideoPlayerActivity]@d5ea487 mNativeObject= 0xb4000073e3d058d0 sc.mNativeObject= 0xb400007273d17890 format= -3 caller= android.view.ViewRootImpl.updateBlastSurfaceIfNeeded:3592 android.view.ViewRootImpl.relayoutWindow:11809 android.view.ViewRootImpl.performTraversals:4839 android.view.ViewRootImpl.doTraversal:3959 android.view.ViewRootImpl$TraversalRunnable.run:13030 android.view.Choreographer$CallbackRecord.run:1961
2026-01-29 22:42:12.766 18320-18320 VRI[VideoP...y]@d5ea487 com.rpeters.jellyfin                 I  Relayout returned: old=(0,0,1440,3120) new=(0,0,1440,3120) relayoutAsync=true req=(1440,3120)0 dur=1 res=0x0 s={true 0xb400007333dfff10} ch=false seqId=0
2026-01-29 22:42:12.766 18320-18320 SurfaceView             com.rpeters.jellyfin                 D  220758429 updateSurface: has no frame
2026-01-29 22:42:12.766 18320-18320 VRI[VideoP...y]@d5ea487 com.rpeters.jellyfin                 I  registerCallbackForPendingTransactions
2026-01-29 22:42:12.767 18320-18320 SurfaceView             com.rpeters.jellyfin                 D  220758429 updateSurface: has no frame
2026-01-29 22:42:12.768 18320-18427 VRI[VideoP...y]@d5ea487 com.rpeters.jellyfin                 I  mWNT: t=0xb400007313d74400 mBlastBufferQueue=0xb4000073e3d058d0 fn= 559 HdrRenderState mRenderHdrSdrRatio=1.0 caller= android.view.ViewRootImpl$10.onFrameDraw:6611 android.view.ViewRootImpl$4.onFrameDraw:2485 android.view.ThreadedRenderer$1.onFrameDraw:751
2026-01-29 22:42:12.768 18320-18320 MediaRouterCallback     com.rpeters.jellyfin                 I  onRouteUnselected with reason = 3, routeId = com.google.android.gms/.cast.media.CastMediaRoute2ProviderService_Persistent:e1ec065b9d50360c6a754bbf08d9db33
2026-01-29 22:42:12.776 18320-18320 MediaRouterCallback     com.rpeters.jellyfin                 I  onRouteUnselected with reason = 3, routeId = com.google.android.gms/.cast.media.CastMediaRoute2ProviderService_Persistent:e1ec065b9d50360c6a754bbf08d9db33
2026-01-29 22:42:12.776 18320-18320 MRCallbackImpl          com.rpeters.jellyfin                 I  the route (com.google.android.gms/.cast.media.CastMediaRoute2ProviderService_Persistent:e1ec065b9d50360c6a754bbf08d9db33) is unselected with the reason: 3
2026-01-29 22:42:12.780 18320-18320 MediaRouter             com.rpeters.jellyfin                 V  Selecting route: RouteInfo{ name=Phone, description=null, status=null, category=RouteCategory{ name=System types=ROUTE_TYPE_LIVE_AUDIO ROUTE_TYPE_LIVE_VIDEO  groupable=false }, supportedTypes=ROUTE_TYPE_LIVE_AUDIO ROUTE_TYPE_LIVE_VIDEO , presentationDisplay=null }
2026-01-29 22:42:12.780 18320-18320 MediaRouter             com.rpeters.jellyfin                 I  Skip setBluetoothA2dpOn(): types=8388611, isPlaybackActive()=false, BT route=null
2026-01-29 22:42:12.781 18320-18320 AxMediaRouter           com.rpeters.jellyfin                 W  Ignoring attempt to select selected route: MediaRouter.RouteInfo{ uniqueId=DEFAULT_ROUTE, name=Phone, description=null, iconUri=null, enabled=true, isSystemRoute=true, connectionState=0, canDisconnect=false, playbackType=0, playbackStream=3, deviceType=0, volumeHandling=1, volume=5, volumeMax=15, presentationDisplayId=-1, extras=null, settingsIntent=null, providerPackageName=android }
2026-01-29 22:42:12.797 18320-18320 SurfaceView             com.rpeters.jellyfin                 I  220758429 Changes: creating=true format=true size=true visible=true alpha=false hint=false left=true top=true z=false attached=true lifecycleStrategy=true
2026-01-29 22:42:12.798 18320-18320 BufferQueueProducer     com.rpeters.jellyfin                 I  [](id:479000000006,api:0,p:1996817664,c:18320) setDequeueTimeout:2077252342
2026-01-29 22:42:12.798 18320-18320 BLASTBufferQueue_Java   com.rpeters.jellyfin                 I  new BLASTBufferQueue, mName= d28819d SurfaceView[com.rpeters.jellyfin/com.rpeters.jellyfin.ui.player.VideoPlayerActivity]@0 mNativeObject= 0xb4000073e3d5ebc0 caller= android.view.SurfaceView.createBlastSurfaceControls:1878 android.view.SurfaceView.updateSurface:1519 android.view.SurfaceView.lambda$new$0:283 android.view.SurfaceView.$r8$lambda$NfZyM_TG8F8lqzaOVZ7noREFjzU:0 android.view.SurfaceView$$ExternalSyntheticLambda1.onPreDraw:0 android.view.ViewTreeObserver.dispatchOnPreDraw:1295 android.view.ViewRootImpl.performTraversals:5508 android.view.ViewRootImpl.doTraversal:3959 android.view.ViewRootImpl$TraversalRunnable.run:13030 android.view.Choreographer$CallbackRecord.run:1961
2026-01-29 22:42:12.798 18320-18320 BLASTBufferQueue_Java   com.rpeters.jellyfin                 I  update, w= 1440 h= 3120 mName = d28819d SurfaceView[com.rpeters.jellyfin/com.rpeters.jellyfin.ui.player.VideoPlayerActivity]@0 mNativeObject= 0xb4000073e3d5ebc0 sc.mNativeObject= 0xb400007273d1bf10 format= 4 caller= android.view.SurfaceView.createBlastSurfaceControls:1879 android.view.SurfaceView.updateSurface:1519 android.view.SurfaceView.lambda$new$0:283 android.view.SurfaceView.$r8$lambda$NfZyM_TG8F8lqzaOVZ7noREFjzU:0 android.view.SurfaceView$$ExternalSyntheticLambda1.onPreDraw:0 android.view.ViewTreeObserver.dispatchOnPreDraw:1295
2026-01-29 22:42:12.798 18320-18320 SurfaceView             com.rpeters.jellyfin                 I  220758429 Cur surface: Surface(name=null mNativeObject=0)/@0x8740e
2026-01-29 22:42:12.798 18320-18320 SV[2207584...rActivity] com.rpeters.jellyfin                 I  pST: sr = Rect(0, 0 - 1440, 3120) sw = 1440 sh = 3120
2026-01-29 22:42:12.798 18320-18320 SurfaceView             com.rpeters.jellyfin                 D  220758429 performSurfaceTransaction RenderWorker position = [0, 0, 1440, 3120] surfaceSize = 1440x3120
2026-01-29 22:42:12.798 18320-18320 SV[2207584...rActivity] com.rpeters.jellyfin                 I  updateSurface: mVisible = true mSurface.isValid() = true
2026-01-29 22:42:12.798 18320-18320 SV[2207584...rActivity] com.rpeters.jellyfin                 I  updateSurface: mSurfaceCreated = false surfaceChanged = true visibleChanged = true
2026-01-29 22:42:12.798 18320-18320 SurfaceView             com.rpeters.jellyfin                 I  220758429 visibleChanged -- surfaceCreated
2026-01-29 22:42:12.798 18320-18320 SV[2207584...rActivity] com.rpeters.jellyfin                 I  surfaceCreated 0 #8 android.view.SurfaceView{d28819d V.E...... ........ 0,0-1440,3120}
2026-01-29 22:42:12.798 18320-18320 SurfaceView             com.rpeters.jellyfin                 I  220758429 surfaceChanged -- format=4 w=1440 h=3120
2026-01-29 22:42:12.798 18320-18320 SV[2207584...rActivity] com.rpeters.jellyfin                 I  surfaceChanged (1440,3120) 0 #8 android.view.SurfaceView{d28819d V.E...... ........ 0,0-1440,3120}
2026-01-29 22:42:12.798 18320-18320 SurfaceView             com.rpeters.jellyfin                 I  220758429 surfaceRedrawNeeded
2026-01-29 22:42:12.798 18320-18320 SurfaceView             com.rpeters.jellyfin                 I  220758429 finishedDrawing
2026-01-29 22:42:12.798 18320-18320 SurfaceView             com.rpeters.jellyfin                 V  Layout: x=0 y=0 w=1440 h=3120, frame=Rect(0, 0 - 1440, 3120)
2026-01-29 22:42:12.798 18320-18320 VRI[VideoP...y]@d5ea487 com.rpeters.jellyfin                 I  registerCallbackForPendingTransactions
2026-01-29 22:42:12.811 18320-18412 SurfaceView             com.rpeters.jellyfin                 D  220758429 updateSurfacePosition RenderWorker, frameNr = 560, position = [0, 0, 1440, 3120] surfaceSize = 1440x3120
2026-01-29 22:42:12.811 18320-18412 SV[2207584...rActivity] com.rpeters.jellyfin                 I  uSP: rtp = Rect(0, 0 - 1440, 3120) rtsw = 1440 rtsh = 3120
2026-01-29 22:42:12.811 18320-18412 SV[2207584...rActivity] com.rpeters.jellyfin                 I  onSSPAndSRT: pl = 0 pt = 0 sx = 1.0 sy = 1.0
2026-01-29 22:42:12.811 18320-18412 SV[2207584...rActivity] com.rpeters.jellyfin                 I  aOrMT: VRI[VideoPlayerActivity]@d5ea487 t = android.view.SurfaceControl$Transaction@e487e24 fN = 560 android.view.SurfaceView.-$$Nest$mapplyOrMergeTransaction:0 android.view.SurfaceView$SurfaceViewPositionUpdateListener.positionChanged:2029 android.graphics.RenderNode$CompositePositionUpdateListener.positionChanged:401
2026-01-29 22:42:12.811 18320-18412 VRI[VideoP...y]@d5ea487 com.rpeters.jellyfin                 I  mWNT: t=0xb400007313d3e0d0 mBlastBufferQueue=0xb4000073e3d058d0 fn= 560 HdrRenderState mRenderHdrSdrRatio=1.0 caller= android.view.SurfaceView.applyOrMergeTransaction:1960 android.view.SurfaceView.-$$Nest$mapplyOrMergeTransaction:0 android.view.SurfaceView$SurfaceViewPositionUpdateListener.positionChanged:2029
2026-01-29 22:42:12.811 18320-18428 VRI[VideoP...y]@d5ea487 com.rpeters.jellyfin                 I  mWNT: t=0xb400007313d3a260 mBlastBufferQueue=0xb4000073e3d058d0 fn= 560 HdrRenderState mRenderHdrSdrRatio=1.0 caller= android.view.ViewRootImpl$10.onFrameDraw:6611 android.view.ViewRootImpl$4.onFrameDraw:2485 android.view.ThreadedRenderer$1.onFrameDraw:751
2026-01-29 22:42:12.857 18320-18543 OkHttpClient            com.rpeters.jellyfin                 I  GET https://rpeters1428.huron.usbx.me/jellyfin/Items?userId=c1b3b2bb-8e62-45b6-a7c4-f6645be8423a&limit=1&fields=Overview&fields=Genres&fields=People&fields=MediaSources&fields=MediaStreams&fields=DateCreated&fields=Studios&fields=Tags&fields=Chapters&ids=b4453c79-2f8c-d2d9-7d82-7202b3dff373&enableTotalRecordCount=true&enableImages=true
2026-01-29 22:42:13.126 18320-18320 JellyfinRepository      com.rpeters.jellyfin                 D  getEpisodesForSeason: Fetching episodes for seasonId=02bc2b7d-a964-e53e-435c-25a724cc5b51
2026-01-29 22:42:13.130 18320-18543 OkHttpClient            com.rpeters.jellyfin                 I  GET https://rpeters1428.huron.usbx.me/jellyfin/Items?userId=c1b3b2bb-8e62-45b6-a7c4-f6645be8423a&sortOrder=Ascending&parentId=02bc2b7d-a964-e53e-435c-25a724cc5b51&fields=MediaSources&fields=DateCreated&fields=Overview&includeItemTypes=Episode&sortBy=IndexNumber&enableTotalRecordCount=true&enableImages=true
2026-01-29 22:42:13.308 18320-18543 JellyfinRepository      com.rpeters.jellyfin                 D  getEpisodesForSeason: Successfully fetched 4 episodes for seasonId=02bc2b7d-a964-e53e-435c-25a724cc5b51
2026-01-29 22:42:13.309 18320-18320 JellyfinRepository      com.rpeters.jellyfin                 D  Device capabilities: maxResolution=(3840, 2160), supports4K=true
2026-01-29 22:42:13.309 18320-18320 JellyfinDeviceProfile   com.rpeters.jellyfin                 D  Creating device profile with maxWidth=3840, maxHeight=2160
2026-01-29 22:42:13.309 18320-18320 JellyfinRepository      com.rpeters.jellyfin                 D  DeviceProfile created with codecProfiles: 4
2026-01-29 22:42:13.309 18320-18320 JellyfinRepository      com.rpeters.jellyfin                 D    CodecProfile[0]: type=Video, codec=h264, conditions=4
2026-01-29 22:42:13.309 18320-18320 JellyfinRepository      com.rpeters.jellyfin                 D    CodecProfile[1]: type=Video, codec=h265,hevc, conditions=4
2026-01-29 22:42:13.309 18320-18320 JellyfinRepository      com.rpeters.jellyfin                 D    CodecProfile[2]: type=Video, codec=vp9, conditions=4
2026-01-29 22:42:13.309 18320-18320 JellyfinRepository      com.rpeters.jellyfin                 D    CodecProfile[3]: type=Video, codec=av1, conditions=4
2026-01-29 22:42:13.310 18320-18320 JellyfinRepository      com.rpeters.jellyfin                 D  Network-based maxStreamingBitrate: 80Mbps
2026-01-29 22:42:13.310 18320-18320 JellyfinRepository      com.rpeters.jellyfin                 D  DeviceProfile: Jellyfin Android Client, maxStreamBitrate=400000000, maxStaticBitrate=400000000
2026-01-29 22:42:13.310 18320-18320 JellyfinRepository      com.rpeters.jellyfin                 D    TranscodingProfile[0]: codec=h265,hevc, container=mp4, protocol=http, conditions=2
2026-01-29 22:42:13.310 18320-18320 JellyfinRepository      com.rpeters.jellyfin                 D      Condition: Height LessThanEqual 2160
2026-01-29 22:42:13.310 18320-18320 JellyfinRepository      com.rpeters.jellyfin                 D      Condition: Width LessThanEqual 3840
2026-01-29 22:42:13.310 18320-18320 JellyfinRepository      com.rpeters.jellyfin                 D    TranscodingProfile[1]: codec=h264, container=mp4, protocol=hls, conditions=2
2026-01-29 22:42:13.310 18320-18320 JellyfinRepository      com.rpeters.jellyfin                 D      Condition: Height LessThanEqual 2160
2026-01-29 22:42:13.310 18320-18320 JellyfinRepository      com.rpeters.jellyfin                 D      Condition: Width LessThanEqual 3840
2026-01-29 22:42:13.310 18320-18320 JellyfinRepository      com.rpeters.jellyfin                 D    TranscodingProfile[2]: codec=, container=mp3, protocol=http, conditions=0
2026-01-29 22:42:13.311 18320-18543 OkHttpClient            com.rpeters.jellyfin                 I  POST https://rpeters1428.huron.usbx.me/jellyfin/Items/b4453c79-2f8c-d2d9-7d82-7202b3dff373/PlaybackInfo
2026-01-29 22:42:13.501 18320-18320 JellyfinRepository      com.rpeters.jellyfin                 D  Server response:
2026-01-29 22:42:13.501 18320-18320 JellyfinRepository      com.rpeters.jellyfin                 D    PlaySessionId: 89c05d6551114384af94b60aad3db583
2026-01-29 22:42:13.501 18320-18320 JellyfinRepository      com.rpeters.jellyfin                 D    MediaSources: 1
2026-01-29 22:42:13.501 18320-18320 JellyfinRepository      com.rpeters.jellyfin                 D    MediaSource[0]:
2026-01-29 22:42:13.501 18320-18320 JellyfinRepository      com.rpeters.jellyfin                 D      Name: The Pitt - S02E04 - 10-00 A.M WEBDL-1080p
2026-01-29 22:42:13.501 18320-18320 JellyfinRepository      com.rpeters.jellyfin                 D      Container: mkv
2026-01-29 22:42:13.501 18320-18320 JellyfinRepository      com.rpeters.jellyfin                 D      Size: 3277186176
2026-01-29 22:42:13.501 18320-18320 JellyfinRepository      com.rpeters.jellyfin                 D      IsRemote: false
2026-01-29 22:42:13.501 18320-18320 JellyfinRepository      com.rpeters.jellyfin                 D      Video Stream: h264, 1920x1080, bitrate=8947313
2026-01-29 22:42:13.501 18320-18320 JellyfinRepository      com.rpeters.jellyfin                 D      SupportsDirectPlay: true
2026-01-29 22:42:13.501 18320-18320 JellyfinRepository      com.rpeters.jellyfin                 D      SupportsDirectStream: true
2026-01-29 22:42:13.501 18320-18320 JellyfinRepository      com.rpeters.jellyfin                 D      SupportsTranscoding: true
2026-01-29 22:42:13.504 18320-18543 JellyfinRepository      com.rpeters.jellyfin                 D  Device capabilities: maxResolution=(3840, 2160), supports4K=true
2026-01-29 22:42:13.504 18320-18543 JellyfinDeviceProfile   com.rpeters.jellyfin                 D  Creating device profile with maxWidth=3840, maxHeight=2160
2026-01-29 22:42:13.504 18320-18543 JellyfinRepository      com.rpeters.jellyfin                 D  DeviceProfile created with codecProfiles: 4
2026-01-29 22:42:13.505 18320-18543 JellyfinRepository      com.rpeters.jellyfin                 D    CodecProfile[0]: type=Video, codec=h264, conditions=4
2026-01-29 22:42:13.505 18320-18543 JellyfinRepository      com.rpeters.jellyfin                 D    CodecProfile[1]: type=Video, codec=h265,hevc, conditions=4
2026-01-29 22:42:13.505 18320-18543 JellyfinRepository      com.rpeters.jellyfin                 D    CodecProfile[2]: type=Video, codec=vp9, conditions=4
2026-01-29 22:42:13.505 18320-18543 JellyfinRepository      com.rpeters.jellyfin                 D    CodecProfile[3]: type=Video, codec=av1, conditions=4
2026-01-29 22:42:13.505 18320-18543 JellyfinRepository      com.rpeters.jellyfin                 D  Network-based maxStreamingBitrate: 80Mbps
2026-01-29 22:42:13.505 18320-18543 JellyfinRepository      com.rpeters.jellyfin                 D  DeviceProfile: Jellyfin Android Client, maxStreamBitrate=400000000, maxStaticBitrate=400000000
2026-01-29 22:42:13.505 18320-18543 JellyfinRepository      com.rpeters.jellyfin                 D    TranscodingProfile[0]: codec=h265,hevc, container=mp4, protocol=http, conditions=2
2026-01-29 22:42:13.505 18320-18543 JellyfinRepository      com.rpeters.jellyfin                 D      Condition: Height LessThanEqual 2160
2026-01-29 22:42:13.505 18320-18543 JellyfinRepository      com.rpeters.jellyfin                 D      Condition: Width LessThanEqual 3840
2026-01-29 22:42:13.505 18320-18543 JellyfinRepository      com.rpeters.jellyfin                 D    TranscodingProfile[1]: codec=h264, container=mp4, protocol=hls, conditions=2
2026-01-29 22:42:13.505 18320-18543 JellyfinRepository      com.rpeters.jellyfin                 D      Condition: Height LessThanEqual 2160
2026-01-29 22:42:13.505 18320-18543 JellyfinRepository      com.rpeters.jellyfin                 D      Condition: Width LessThanEqual 3840
2026-01-29 22:42:13.505 18320-18543 JellyfinRepository      com.rpeters.jellyfin                 D    TranscodingProfile[2]: codec=, container=mp3, protocol=http, conditions=0
2026-01-29 22:42:13.506 18320-18543 OkHttpClient            com.rpeters.jellyfin                 I  POST https://rpeters1428.huron.usbx.me/jellyfin/Items/b4453c79-2f8c-d2d9-7d82-7202b3dff373/PlaybackInfo
2026-01-29 22:42:13.515 18320-18320 VRI[VideoP...y]@d5ea487 com.rpeters.jellyfin                 I  ViewPostIme pointer 0
2026-01-29 22:42:13.690 18320-18320 BLASTBufferQueue_Java   com.rpeters.jellyfin                 I  update, w= 1440 h= 3120 mName = VRI[VideoPlayerActivity]@d5ea487 mNativeObject= 0xb4000073e3d058d0 sc.mNativeObject= 0xb400007273d17890 format= -3 caller= android.view.ViewRootImpl.updateBlastSurfaceIfNeeded:3592 android.view.ViewRootImpl.relayoutWindow:11809 android.view.ViewRootImpl.performTraversals:4839 android.view.ViewRootImpl.doTraversal:3959 android.view.ViewRootImpl$TraversalRunnable.run:13030 android.view.Choreographer$CallbackRecord.run:1961
2026-01-29 22:42:13.690 18320-18320 VRI[VideoP...y]@d5ea487 com.rpeters.jellyfin                 I  Relayout returned: old=(0,0,1440,3120) new=(0,0,1440,3120) relayoutAsync=true req=(1440,3120)0 dur=0 res=0x0 s={true 0xb400007333dfff10} ch=false seqId=0
2026-01-29 22:42:13.690 18320-18320 VRI[VideoP...y]@d5ea487 com.rpeters.jellyfin                 I  updateBoundsLayer: t=android.view.SurfaceControl$Transaction@5c882d sc=Surface(name=Bounds for - com.rpeters.jellyfin/com.rpeters.jellyfin.ui.player.VideoPlayerActivity@0#141567)/@0x8b1e162 frame=664
2026-01-29 22:42:13.691 18320-18320 VRI[VideoP...y]@d5ea487 com.rpeters.jellyfin                 I  registerCallbackForPendingTransactions
2026-01-29 22:42:13.698 18320-18427 VRI[VideoP...y]@d5ea487 com.rpeters.jellyfin                 I  mWNT: t=0xb400007313d6a470 mBlastBufferQueue=0xb4000073e3d058d0 fn= 664 HdrRenderState mRenderHdrSdrRatio=1.0 caller= android.view.ViewRootImpl$10.onFrameDraw:6611 android.view.ViewRootImpl$4.onFrameDraw:2485 android.view.ThreadedRenderer$1.onFrameDraw:751
2026-01-29 22:42:13.708 18320-18320 VRI[VideoP...y]@d5ea487 com.rpeters.jellyfin                 I  handleResized, frames=ClientWindowFrames{frame=[0,0][1440,3120] display=[0,0][1440,3120] parentFrame=[0,0][0,0]} displayId=0 dragResizing=false compatScale=1.0 frameChanged=false attachedFrameChanged=false configChanged=false displayChanged=false compatScaleChanged=false dragResizingChanged=false
2026-01-29 22:42:13.730 18320-18320 BLASTBufferQueue_Java   com.rpeters.jellyfin                 I  update, w= 1440 h= 3120 mName = VRI[VideoPlayerActivity]@d5ea487 mNativeObject= 0xb4000073e3d058d0 sc.mNativeObject= 0xb400007273d17890 format= -3 caller= android.view.ViewRootImpl.updateBlastSurfaceIfNeeded:3592 android.view.ViewRootImpl.relayoutWindow:11809 android.view.ViewRootImpl.performTraversals:4839 android.view.ViewRootImpl.doTraversal:3959 android.view.ViewRootImpl$TraversalRunnable.run:13030 android.view.Choreographer$CallbackRecord.run:1961
2026-01-29 22:42:13.730 18320-18320 VRI[VideoP...y]@d5ea487 com.rpeters.jellyfin                 I  Relayout returned: old=(0,0,1440,3120) new=(0,0,1440,3120) relayoutAsync=true req=(1440,3120)0 dur=0 res=0x0 s={true 0xb400007333dfff10} ch=false seqId=0
2026-01-29 22:42:13.730 18320-18320 VRI[VideoP...y]@d5ea487 com.rpeters.jellyfin                 I  updateBoundsLayer: t=android.view.SurfaceControl$Transaction@5c882d sc=Surface(name=Bounds for - com.rpeters.jellyfin/com.rpeters.jellyfin.ui.player.VideoPlayerActivity@0#141567)/@0x8b1e162 frame=668
2026-01-29 22:42:13.731 18320-18320 VRI[VideoP...y]@d5ea487 com.rpeters.jellyfin                 I  registerCallbackForPendingTransactions
2026-01-29 22:42:13.733 18320-18428 VRI[VideoP...y]@d5ea487 com.rpeters.jellyfin                 I  mWNT: t=0xb400007313d80f80 mBlastBufferQueue=0xb4000073e3d058d0 fn= 668 HdrRenderState mRenderHdrSdrRatio=1.0 caller= android.view.ViewRootImpl$10.onFrameDraw:6611 android.view.ViewRootImpl$4.onFrameDraw:2485 android.view.ThreadedRenderer$1.onFrameDraw:751
2026-01-29 22:42:13.956 18320-18543 JellyfinRepository      com.rpeters.jellyfin                 D  Server response:
2026-01-29 22:42:13.956 18320-18543 JellyfinRepository      com.rpeters.jellyfin                 D    PlaySessionId: 9c62f3cd3afc418bb8d77852d795784d
2026-01-29 22:42:13.956 18320-18543 JellyfinRepository      com.rpeters.jellyfin                 D    MediaSources: 1
2026-01-29 22:42:13.956 18320-18543 JellyfinRepository      com.rpeters.jellyfin                 D    MediaSource[0]:
2026-01-29 22:42:13.956 18320-18543 JellyfinRepository      com.rpeters.jellyfin                 D      Name: The Pitt - S02E04 - 10-00 A.M WEBDL-1080p
2026-01-29 22:42:13.956 18320-18543 JellyfinRepository      com.rpeters.jellyfin                 D      Container: mkv
2026-01-29 22:42:13.956 18320-18543 JellyfinRepository      com.rpeters.jellyfin                 D      Size: 3277186176
2026-01-29 22:42:13.956 18320-18543 JellyfinRepository      com.rpeters.jellyfin                 D      IsRemote: false
2026-01-29 22:42:13.956 18320-18543 JellyfinRepository      com.rpeters.jellyfin                 D      Video Stream: h264, 1920x1080, bitrate=8947313
2026-01-29 22:42:13.956 18320-18543 JellyfinRepository      com.rpeters.jellyfin                 D      SupportsDirectPlay: true
2026-01-29 22:42:13.956 18320-18543 JellyfinRepository      com.rpeters.jellyfin                 D      SupportsDirectStream: true
2026-01-29 22:42:13.956 18320-18543 JellyfinRepository      com.rpeters.jellyfin                 D      SupportsTranscoding: true
2026-01-29 22:42:13.956 18320-18320 VRI[VideoP...y]@d5ea487 com.rpeters.jellyfin                 I  ViewPostIme pointer 1
2026-01-29 22:42:13.957 18320-18320 VideoPlayer             com.rpeters.jellyfin                 D  Direct Play: mkv (h264/eac3) @ 9Mbps - Server-directed direct play
2026-01-29 22:42:13.958 18320-18320 PlaybackProgressManager com.rpeters.jellyfin                 D  Loading existing progress for item: b4453c79-2f8c-d2d9-7d82-7202b3dff373
2026-01-29 22:42:13.958 18320-18320 PlaybackProgressManager com.rpeters.jellyfin                 D  Started tracking for item: b4453c79-2f8c-d2d9-7d82-7202b3dff373
2026-01-29 22:42:13.958 18320-18320 VideoPlayer             com.rpeters.jellyfin                 D  Final stream URL: https://rpeters1428.huron.usbx.me/jellyfin/Videos/b4453c79-2f8c-d2d9-7d82-7202b3dff373/stream.mkv?static=true&mediaSourceId=b4453c792f8cd2d97d827202b3dff373&PlaySessionId=9c62f3cd3afc418bb8d77852d795784d
2026-01-29 22:42:13.958 18320-18320 VideoPlayer             com.rpeters.jellyfin                 D  MIME type: video/x-matroska
2026-01-29 22:42:13.958 18320-18320 VideoPlayer             com.rpeters.jellyfin                 D  URL Parameters:
2026-01-29 22:42:13.959 18320-18320 ExoPlayerImpl           com.rpeters.jellyfin                 I  Init 105b8c2 [AndroidXMedia3/1.9.1] [pa3q, SM-S938U1, samsung, 36]
2026-01-29 22:42:13.959 18320-18543 OkHttpClient            com.rpeters.jellyfin                 I  GET https://rpeters1428.huron.usbx.me/jellyfin/UserItems/b4453c79-2f8c-d2d9-7d82-7202b3dff373/UserData?userId=c1b3b2bb-8e62-45b6-a7c4-f6645be8423a
2026-01-29 22:42:13.960 18320-18320 DefaultRenderersFactory com.rpeters.jellyfin                 I  Loaded FfmpegVideoRenderer.
2026-01-29 22:42:13.961 18320-18320 DefaultRenderersFactory com.rpeters.jellyfin                 I  Loaded FfmpegAudioRenderer.
2026-01-29 22:42:13.979 18320-18320 SV[2207584...rActivity] com.rpeters.jellyfin                 D  skip updating surface, 5
2026-01-29 22:42:14.222 18320-18320 VRI[VideoP...y]@d5ea487 com.rpeters.jellyfin                 I  ViewPostIme pointer 0
2026-01-29 22:42:14.362 18320-18320 InsetsController        com.rpeters.jellyfin                 I  onStateChanged: host=com.rpeters.jellyfin/com.rpeters.jellyfin.ui.player.VideoPlayerActivity, from=android.view.ViewRootImpl.onInsetsStateChanged:3038, state=InsetsState: {mDisplayFrame=Rect(0, 0 - 1440, 3120), mDisplayCutout=DisplayCutout{insets=Rect(0, 128 - 0, 0) waterfall=Insets{left=0, top=0, right=0, bottom=0} boundingRect={Bounds=[Rect(0, 0 - 0, 0), Rect(685, 0 - 755, 128), Rect(0, 0 - 0, 0), Rect(0, 0 - 0, 0)]} cutoutPathParserInfo={CutoutPathParserInfo{displayWidth=1440 displayHeight=3120 physicalDisplayWidth=1440 physicalDisplayHeight=3120 density={3.75} cutoutSpec={M 0,0 H -9.333333333333333 V 34.13333333333333 H 9.333333333333333 V 0 H 0 Z @dp} rotation={0} scale={1.0} physicalPixelDisplaySizeRatio={1.0}}} sideOverrides={}}, mRoundedCorners=RoundedCorners{[RoundedCorner{position=TopLeft, radius=56, center=Point(56, 56)}, RoundedCorner{position=TopRight, radius=56, center=Point(1384, 56)}, RoundedCorner{position=BottomRight, radius=56, center=Point(1384, 3064)}, RoundedCorner{position=BottomLeft, radius=56, center=Point(56, 3064)}]}  mRoundedCornerFrame=Rect(0, 0 - 1440, 3120), mPrivacyIndicatorBounds=PrivacyIndicatorBounds {static bounds=Rect(1275, 0 - 1440, 128) rotation=0}, mDisplayShape=DisplayShape{ spec=-311912193 displayWidth=1440 displayHeight=3120 physicalPixelDisplaySizeRatio=1.0 rotation=0 offsetX=0 offsetY=0 scale=1.0}, mSources= { InsetsSource: {91450001 mType=navigationBars mFrame=[0,3064][1440,3120] mAttachedInsets=null mVisible=true mFlags=SUPPRESS_SCRIM mSideHint=BOTTOM mBoundingRects=null}, InsetsSource: {91450004 mType=systemGestures mFrame=[0,0][112,3120] mAttachedInsets=null mVisible=true mFlags= mSideHint=LEFT mBoundingRects=null}, InsetsSource: {91450005 mType=mandatorySystemGestures mFrame=[0,3000][1440,3120] mAttachedInsets=null mVisible=true mFlags= mSideHint=BOTTOM mBoundingRects=null}, InsetsSource: {91450006 mType=tappableElement mFrame=[0,0][0,0] mAttachedInsets=null mVisible=true mFlags= mSideHint=NONE mBoundingRects=null}, InsetsSource: {91450024 mType=systemGestures mFrame=[1328,0][1440,3120] mAttachedInsets=null mVisible=true mFlags= mSideHint=RIGHT mBoundingRects=null}, InsetsSource: {9c550000 mType=statusBars mFrame=[0,0][1440,128] mAttachedInsets=null mVisible=true mFlags= mSideHint=TOP mBoundingRects=null}, InsetsSource: {9c550005 mType=mandatorySystemGestures mFrame=[0,0][1440,173] mAttachedInsets=null mVisible=true mFlags= mSideHint=TOP mBoundingRects=null}, InsetsSource: {9c550006 mType=tappableElement mFrame=[0,0][1440,128] mAttachedInsets=null mVisible=true mFlags= mSideHint=TOP mBoundingRects=null}, InsetsSource: {3 mType=ime mFrame=[0,0][0,0] mAttachedInsets=null mVisible=false mFlags=INVALID mSideHint=NONE mBoundingRects=null}, InsetsSource: {27 mType=displayCutout mFrame=[0,0][1440,128] mAttachedInsets=null mVisible=true mFlags= mSideHint=TOP mBoundingRects=null} }
2026-01-29 22:42:14.369 18320-18320 VRI[VideoP...y]@d5ea487 com.rpeters.jellyfin                 D  WindowInsets changed: statusBars:[0,128,0,0] navigationBars:[0,0,0,56]
2026-01-29 22:42:14.372 18320-18320 ImeFocusController      com.rpeters.jellyfin                 I  onPreWindowFocus: skipped hasWindowFocus=false mHasImeFocus=true
2026-01-29 22:42:14.372 18320-18320 ImeFocusController      com.rpeters.jellyfin                 I  onPostWindowFocus: skipped hasWindowFocus=false mHasImeFocus=true
2026-01-29 22:42:14.655 18320-18936 AudioManager            com.rpeters.jellyfin                 I  getParameters keys = offloadVariableRateSupported
2026-01-29 22:42:14.798 18320-18936 DMCodecAdapterFactory   com.rpeters.jellyfin                 I  Creating an asynchronous MediaCodec adapter for track type video
2026-01-29 22:42:14.799 18320-18956 CCodec                  com.rpeters.jellyfin                 I  state->set(ALLOCATING)
2026-01-29 22:42:14.799 18320-18957 CCodec                  com.rpeters.jellyfin                 I  allocate(c2.qti.avc.decoder)
2026-01-29 22:42:14.799 18320-18957 CCodec                  com.rpeters.jellyfin                 D  allocate(c2.qti.avc.decoder)
2026-01-29 22:42:14.800 18320-18957 CCodec                  com.rpeters.jellyfin                 I  setting up 'default' as default (vendor) store
2026-01-29 22:42:14.803 18320-18957 peters.jellyfin         com.rpeters.jellyfin                 W  AIBinder_linkToDeath is being called with a non-null cookie and no onUnlink callback set. This might not be intended. AIBinder_DeathRecipient_setOnUnlinked should be called first.
2026-01-29 22:42:14.803 18320-18957 CCodec                  com.rpeters.jellyfin                 I  Created component [c2.qti.avc.decoder] for [c2.qti.avc.decoder]
2026-01-29 22:42:14.803 18320-18957 CCodec                  com.rpeters.jellyfin                 I  [c2.qti.avc.decoder] state->set(ALLOCATED)
2026-01-29 22:42:14.804 18320-18957 CCodecConfig            com.rpeters.jellyfin                 D  read media type: video/avc
2026-01-29 22:42:14.805 18320-18957 ReflectedParamUpdater   com.rpeters.jellyfin                 D  extent() != 1 for single value type: vendor.qti-ext-transcode-info-stats.stats_info
2026-01-29 22:42:14.805 18320-18957 ReflectedParamUpdater   com.rpeters.jellyfin                 D  ignored struct field vendor.output.configs.portConfigs
2026-01-29 22:42:14.805 18320-18957 ReflectedParamUpdater   com.rpeters.jellyfin                 D  extent() != 1 for single value type: output.subscribed-indices.values
2026-01-29 22:42:14.805 18320-18957 ReflectedParamUpdater   com.rpeters.jellyfin                 D  extent() != 1 for single value type: vendor.qti-ext-info-hist_hdr.stats_info
2026-01-29 22:42:14.805 18320-18957 ReflectedParamUpdater   com.rpeters.jellyfin                 D  extent() != 1 for single value type: vendor.qti-ext-info-hist_hdr.reserved
2026-01-29 22:42:14.806 18320-18957 ReflectedParamUpdater   com.rpeters.jellyfin                 D  ignored struct field vendor.input.configs.portConfigs
2026-01-29 22:42:14.806 18320-18957 ReflectedParamUpdater   com.rpeters.jellyfin                 D  extent() != 1 for single value type: output.buffers.pool-ids.values
2026-01-29 22:42:14.807 18320-18957 CCodecConfig            com.rpeters.jellyfin                 D  ignoring local param raw.size (0xd2001800) as it is already supported
2026-01-29 22:42:14.807 18320-18957 CCodecConfig            com.rpeters.jellyfin                 D  ignoring local param default.color (0x5200180b) as it is already supported
2026-01-29 22:42:14.807 18320-18957 CCodecConfig            com.rpeters.jellyfin                 D  ignoring local param raw.hdr-static-info (0xd200180a) as it is already supported
2026-01-29 22:42:14.808 18320-18957 CCodec                  com.rpeters.jellyfin                 I  [c2.qti.avc.decoder] config->initialize() : 0
2026-01-29 22:42:14.808 18320-18957 CCodecConfig            com.rpeters.jellyfin                 I  query failed after returning 17 values (BAD_INDEX)
2026-01-29 22:42:14.808 18320-18957 CCodecConfig            com.rpeters.jellyfin                 D  c2 config diff is Dict {
                                                                                                      c2::i32 algo.priority.value = -4
                                                                                                      c2::float algo.rate.value = 1
                                                                                                      c2::u32 algo.secure-mode.value = 0
                                                                                                      c2::float coded.frame-rate.value = 1
                                                                                                      c2::u32 coded.pl.level = 0
                                                                                                      c2::u32 coded.pl.profile = 20484
                                                                                                      c2::u32 coded.vui.color.matrix = 255
                                                                                                      c2::u32 coded.vui.color.primaries = 0
                                                                                                      c2::u32 coded.vui.color.range = 0
                                                                                                      c2::u32 coded.vui.color.transfer = 255
                                                                                                      c2::u32 default.color.matrix = 0
                                                                                                      c2::u32 default.color.primaries = 0
                                                                                                      c2::u32 default.color.range = 0
                                                                                                      c2::u32 default.color.transfer = 0
                                                                                                      c2::u32 input.buffers.max-size.value = 8388608
                                                                                                      c2::u32 input.delay.value = 0
                                                                                                      string input.media-type.value = "video/avc"
                                                                                                      c2::u32 output.delay.value = 4
                                                                                                      string output.media-type.value = "video/raw"
                                                                                                      c2::u32 raw.color.matrix = 0
                                                                                                      c2::u32 raw.color.primaries = 0
                                                                                                      c2::u32 raw.color.range = 0
                                                                                                      c2::u32 raw.color.transfer = 0
                                                                                                      c2::float raw.hdr-static-info.mastering.blue.x = 0
                                                                                                      c2::float raw.hdr-static-info.mastering.blue.y = 0
                                                                                                      c2::float raw.hdr-static-info.mastering.green.x
2026-01-29 22:42:14.808 18320-18957 ColorUtils              com.rpeters.jellyfin                 W  expected specified color aspects (0:0:0:0)
