2026-02-01 20:52:40.304  8492-8492  peters.jellyfin         com.rpeters.jellyfin                 W  Method void com.google.firebase.analytics.connector.AnalyticsConnectorImpl.zza(com.google.firebase.events.Event) failed lock verification and will run slower.
2026-02-01 20:52:40.314  8492-8492  FirebaseSessions        com.rpeters.jellyfin                 D  Subscriber CRASHLYTICS registered.
2026-02-01 20:52:40.322  8492-8492  peters.jellyfin         com.rpeters.jellyfin                 W  Method void com.google.android.gms.tasks.zzn.zzb() failed lock verification and will run slower.
2026-02-01 20:52:40.322  8492-8492  peters.jellyfin         com.rpeters.jellyfin                 W  Method void com.google.android.gms.tasks.zzm.run() failed lock verification and will run slower.
2026-02-01 20:52:40.323  8492-8492  peters.jellyfin         com.rpeters.jellyfin                 W  Method void com.google.android.gms.tasks.zzl.zzb() failed lock verification and will run slower.
2026-02-01 20:52:40.323  8492-8492  peters.jellyfin         com.rpeters.jellyfin                 W  Method void com.google.android.gms.tasks.zzh.zzb() failed lock verification and will run slower.
2026-02-01 20:52:40.344  8492-8508  peters.jellyfin         com.rpeters.jellyfin                 W  Method java.lang.ClassLoader com.google.android.gms.dynamite.zzb.zza() failed lock verification and will run slower.
2026-02-01 20:52:40.345  8492-8508  peters.jellyfin         com.rpeters.jellyfin                 W  Method void com.google.android.gms.dynamite.zza.run() failed lock verification and will run slower.
2026-02-01 20:52:40.352  8492-8508  peters.jellyfin         com.rpeters.jellyfin                 W  ClassLoaderContext classpath size mismatch. expected=1, found=0 (DLC[];PCL[base.apk*1390061875]{PCL[/system/framework/org.apache.http.legacy.jar*3808638674]#PCL[/system/framework/com.android.location.provider.jar*1880069816]#PCL[/system/framework/com.android.media.remotedisplay.jar*1838754544]#PCL[/system_ext/framework/androidx.window.extensions.jar*27366443]#PCL[/system_ext/framework/androidx.window.sidecar.jar*3917221785]} | DLC[];PCL[])
2026-02-01 20:52:40.358  8492-8508  DynamiteModule          com.rpeters.jellyfin                 I  Considering local module com.google.android.gms.measurement.dynamite:155 and remote module com.google.android.gms.measurement.dynamite:175
2026-02-01 20:52:40.358  8492-8508  DynamiteModule          com.rpeters.jellyfin                 I  Selected remote version of com.google.android.gms.measurement.dynamite, version >= 175
2026-02-01 20:52:40.359  8492-8508  DynamiteModule          com.rpeters.jellyfin                 V  Dynamite loader version >= 2, using loadModule2NoCrashUtils
2026-02-01 20:52:40.369  8492-8508  System                  com.rpeters.jellyfin                 W  ClassLoader referenced unknown path:
2026-02-01 20:52:40.369  8492-8508  nativeloader            com.rpeters.jellyfin                 D  Configuring clns-10 for other apk . target_sdk_version=36, uses_libraries=, library_path=/data/app/~~Kj0covyFm5Xsn6b8XBWzow==/com.google.android.gms-zF8oa8TFAq7SXdH_wtE56g==/lib/x86_64:/data/app/~~Kj0covyFm5Xsn6b8XBWzow==/com.google.android.gms-zF8oa8TFAq7SXdH_wtE56g==/base.apk!/lib/x86_64, permitted_path=/data:/mnt/expand:/data/user/0/com.google.android.gms
2026-02-01 20:52:40.375  8492-8510  FirebaseCrashlytics     com.rpeters.jellyfin                 E  Settings request failed.
2026-02-01 20:52:40.383  8492-8519  ashmem                  com.rpeters.jellyfin                 E  Pinning is deprecated since Android Q. Please use trim or other methods.
2026-02-01 20:52:40.391  8492-8519  CompatChangeReporter    com.rpeters.jellyfin                 D  Compat change id reported: 311402873; UID 10227; state: ENABLED
2026-02-01 20:52:40.392  8492-8519  CompatChangeReporter    com.rpeters.jellyfin                 D  Compat change id reported: 323349338; UID 10227; state: ENABLED
2026-02-01 20:52:40.395  8492-8508  peters.jellyfin         com.rpeters.jellyfin                 W  ClassLoaderContext classpath element checksum mismatch. expected=1390061875, found=1944230353 (DLC[];PCL[base.apk*1390061875]{PCL[/system/framework/org.apache.http.legacy.jar*3808638674]#PCL[/system/framework/com.android.location.provider.jar*1880069816]#PCL[/system/framework/com.android.media.remotedisplay.jar*1838754544]#PCL[/system_ext/framework/androidx.window.extensions.jar*27366443]#PCL[/system_ext/framework/androidx.window.sidecar.jar*3917221785]} | DLC[];PCL[/data/app/~~_DsqB6xZ6dLcIDUJ2mfAOg==/com.rpeters.jellyfin-Lr3f6R2sri2CNUXl6eV6Tw==/base.apk*1944230353]{PCL[/system_ext/framework/androidx.window.extensions.jar*27366443]#PCL[/system_ext/framework/androidx.window.sidecar.jar*3917221785]})
2026-02-01 20:52:40.402  8492-8492  nativeloader            com.rpeters.jellyfin                 D  Load /data/app/~~_DsqB6xZ6dLcIDUJ2mfAOg==/com.rpeters.jellyfin-Lr3f6R2sri2CNUXl6eV6Tw==/base.apk!/lib/x86_64/libdatastore_shared_counter.so using class loader ns clns-9 (caller=/data/app/~~_DsqB6xZ6dLcIDUJ2mfAOg==/com.rpeters.jellyfin-Lr3f6R2sri2CNUXl6eV6Tw==/base.apk!classes23.dex): ok
2026-02-01 20:52:40.403  8492-8521  FirebaseCrashlytics     com.rpeters.jellyfin                 I  Saved version control info
2026-02-01 20:52:40.407  8492-8508  DesktopExperienceFlags  com.rpeters.jellyfin                 D  Toggle override initialized to: false
2026-02-01 20:52:40.436  8492-8510  CompatChangeReporter    com.rpeters.jellyfin                 D  Compat change id reported: 312399441; UID 10227; state: ENABLED
2026-02-01 20:52:40.439  8492-8492  FirebaseSessions        com.rpeters.jellyfin                 D  Initializing Firebase Sessions 3.0.4.
2026-02-01 20:52:40.443  8492-8526  peters.jellyfin         com.rpeters.jellyfin                 I  hiddenapi: Accessing hidden method Ldalvik/system/VMStack;->getStackClass2()Ljava/lang/Class; (runtime_flags=0, domain=core-platform, api=unsupported) from Lm7/aou; (domain=app, TargetSdkVersion=35) using reflection: allowed
2026-02-01 20:52:40.455  8492-8526  PhClient                com.rpeters.jellyfin                 I  Unable to retrieve flag snapshot for com.google.android.gms.measurement#com.rpeters.jellyfin, using defaults.
2026-02-01 20:52:40.466  8492-8521  peters.jellyfin         com.rpeters.jellyfin                 W  Method void com.google.android.gms.tasks.zzj.zza(com.google.android.gms.tasks.Task) failed lock verification and will run slower.
2026-02-01 20:52:40.466  8492-8521  peters.jellyfin         com.rpeters.jellyfin                 W  Method void com.google.android.gms.tasks.zzj.zzb() failed lock verification and will run slower.
2026-02-01 20:52:40.466  8492-8515  peters.jellyfin         com.rpeters.jellyfin                 W  Method void com.google.android.gms.tasks.zzi.run() failed lock verification and will run slower.
2026-02-01 20:52:40.468  8492-8524  peters.jellyfin         com.rpeters.jellyfin                 E  No package ID 6a found for resource ID 0x6a0b0013.
2026-02-01 20:52:40.470  8492-8515  FirebaseSessions        com.rpeters.jellyfin                 D  Fetching settings from server.
2026-02-01 20:52:40.473  8492-8524  FA                      com.rpeters.jellyfin                 I  App measurement initialized, version: 151001
2026-02-01 20:52:40.474  8492-8510  FirebaseSessions        com.rpeters.jellyfin                 E  Error failed to fetch the remote configs: Unable to resolve host "firebase-settings.crashlytics.com": No address associated with hostname
2026-02-01 20:52:40.474  8492-8524  FA                      com.rpeters.jellyfin                 I  To enable debug logging run: adb shell setprop log.tag.FA VERBOSE
2026-02-01 20:52:40.474  8492-8524  FA                      com.rpeters.jellyfin                 I  To enable faster debug mode event logging run:
                                                                                                      adb shell setprop debug.firebase.analytics.app com.rpeters.jellyfin
2026-02-01 20:52:40.477  8492-8492  FirebaseInitProvider    com.rpeters.jellyfin                 I  FirebaseApp initialization successful
2026-02-01 20:52:40.478  8492-8509  FirebaseSessions        com.rpeters.jellyfin                 D  Notified CRASHLYTICS of new session 79f5b91523834b98979eee2a84fae057
2026-02-01 20:52:40.526  8492-8492  peters.jellyfin         com.rpeters.jellyfin                 I  hiddenapi: Accessing hidden method Landroid/view/WindowManagerGlobal;->getInstance()Landroid/view/WindowManagerGlobal; (runtime_flags=0, domain=platform, api=unsupported) from Lcurtains/internal/WindowManagerSpy$windowManagerInstance$2; (domain=app, TargetSdkVersion=35) using reflection: allowed
2026-02-01 20:52:40.526  8492-8492  peters.jellyfin         com.rpeters.jellyfin                 I  hiddenapi: Accessing hidden field Landroid/view/WindowManagerGlobal;->mViews:Ljava/util/ArrayList; (runtime_flags=0, domain=platform, api=unsupported) from Lcurtains/internal/WindowManagerSpy$mViewsField$2; (domain=app, TargetSdkVersion=35) using reflection: allowed
2026-02-01 20:52:40.526  8492-8492  peters.jellyfin         com.rpeters.jellyfin                 I  hiddenapi: Accessing hidden field Landroid/app/ActivityThread;->mH:Landroid/app/ActivityThread$H; (runtime_flags=0, domain=platform, api=unsupported) from Lleakcanary/ServiceWatcher; (domain=app, TargetSdkVersion=35) using reflection: allowed
2026-02-01 20:52:40.526  8492-8492  peters.jellyfin         com.rpeters.jellyfin                 I  hiddenapi: Accessing hidden method Landroid/app/ActivityThread;->currentActivityThread()Landroid/app/ActivityThread; (runtime_flags=0, domain=platform, api=unsupported) from Lleakcanary/ServiceWatcher$activityThreadInstance$2; (domain=app, TargetSdkVersion=35) using reflection: allowed
2026-02-01 20:52:40.527  8492-8492  peters.jellyfin         com.rpeters.jellyfin                 I  hiddenapi: Accessing hidden field Landroid/os/Handler;->mCallback:Landroid/os/Handler$Callback; (runtime_flags=0, domain=platform, api=unsupported) from Lleakcanary/ServiceWatcher; (domain=app, TargetSdkVersion=35) using reflection: allowed
2026-02-01 20:52:40.528  8492-8492  peters.jellyfin         com.rpeters.jellyfin                 I  hiddenapi: Accessing hidden field Landroid/util/Singleton;->mInstance:Ljava/lang/Object; (runtime_flags=0, domain=platform, api=unsupported) from Lleakcanary/ServiceWatcher; (domain=app, TargetSdkVersion=35) using reflection: allowed
2026-02-01 20:52:40.528  8492-8492  peters.jellyfin         com.rpeters.jellyfin                 I  hiddenapi: Accessing hidden method Landroid/util/Singleton;->get()Ljava/lang/Object; (runtime_flags=0, domain=platform, api=unsupported) from Lleakcanary/ServiceWatcher; (domain=app, TargetSdkVersion=35) using reflection: allowed
2026-02-01 20:52:40.528  8492-8492  peters.jellyfin         com.rpeters.jellyfin                 I  hiddenapi: Accessing hidden field Landroid/app/ActivityManager;->IActivityManagerSingleton:Landroid/util/Singleton; (runtime_flags=0, domain=platform, api=unsupported) from Lleakcanary/ServiceWatcher; (domain=app, TargetSdkVersion=35) using reflection: allowed
2026-02-01 20:52:41.035  8492-8492  peters.jellyfin         com.rpeters.jellyfin                 W  Method void com.google.android.gms.internal.mlkit_genai_prompt.zzfo.zzq() failed lock verification and will run slower.
2026-02-01 20:52:41.036  8492-8535  WidgetSurfaceManager    com.rpeters.jellyfin                 D  Widget update scheduled (continueWatching=0, lifecycle=BACKGROUND)
2026-02-01 20:52:41.089  8492-8534  AiModule                com.rpeters.jellyfin                 D  Gemini Nano unavailable, using cloud API: Not available on this device
2026-02-01 20:52:41.092  8492-8492  JellyfinApplication     com.rpeters.jellyfin                 I  Firebase App Check initialized with DEBUG provider
2026-02-01 20:52:41.092  8492-8492  JellyfinApplication     com.rpeters.jellyfin                 I  Check logcat for 'DebugAppCheckProvider' to find your debug token
2026-02-01 20:52:41.093  8492-8492  ModernSurf...oordinator com.rpeters.jellyfin                 I  ModernSurfaceCoordinator initialized
2026-02-01 20:52:41.094  8492-8492  JellyfinApplication     com.rpeters.jellyfin                 I  Application started
2026-02-01 20:52:41.096  8492-8530  JellyfinApplication     com.rpeters.jellyfin                 I  Initializing AI backend in background
2026-02-01 20:52:41.096  8492-8520  com.google...ckProvider com.rpeters.jellyfin                 D  Enter this debug secret into the allow list in the Firebase Console for your project: 8ef11136-a070-404f-b621-551187d4d4be
2026-02-01 20:52:41.097  8492-8537  NetworkOptimizer        com.rpeters.jellyfin                 D  Network optimizations initialized successfully
2026-02-01 20:52:41.097  8492-8530  JellyfinApplication     com.rpeters.jellyfin                 I  AI backend initialized: Cloud (API)
2026-02-01 20:52:41.099  8492-8492  Choreographer           com.rpeters.jellyfin                 I  Skipped 35 frames!  The application may be doing too much work on its main thread.
2026-02-01 20:52:41.107  8492-8492  peters.jellyfin         com.rpeters.jellyfin                 I  hiddenapi: Accessing hidden field Landroid/app/ActivityThread;->mServices:Landroid/util/ArrayMap; (runtime_flags=0, domain=platform, api=unsupported) from Lleakcanary/ServiceWatcher$activityThreadServices$2; (domain=app, TargetSdkVersion=35) using reflection: allowed
2026-02-01 20:52:41.108  8492-8492  LeakCanary              com.rpeters.jellyfin                 D  Watching instance of com.google.android.datatransport.runtime.scheduling.jobscheduling.JobInfoSchedulerService (com.google.android.datatransport.runtime.scheduling.jobscheduling.JobInfoSchedulerService received Service#onDestroy() callback) with key b18377a3-04ae-4800-96ab-58a89fa9de82
2026-02-01 20:52:41.108  8492-8529  JellyfinApplication     com.rpeters.jellyfin                 I  Performance optimizations initialized
2026-02-01 20:52:41.114  8492-8492  JellyfinApplication     com.rpeters.jellyfin                 W  Trim memory level 40 - clearing image cache
2026-02-01 20:52:41.149  8492-8532  LeakCanary              com.rpeters.jellyfin                 D  LeakCanary is running and ready to detect memory leaks.
