2026-02-01 13:21:09.466 28903-28903 nativeloader            com.rpeters.jellyfin                 D  Load libframework-connectivity-tiramisu-jni.so using APEX ns com_android_tethering for caller /apex/com.android.tethering/javalib/framework-connectivity-t.jar: ok
2026-02-01 13:21:09.467 28903-28903 ActivityThread          com.rpeters.jellyfin                 D  setConscryptValidator
2026-02-01 13:21:09.467 28903-28903 ActivityThread          com.rpeters.jellyfin                 D  setConscryptValidator - put
2026-02-01 13:21:09.476 28903-28903 nativeloader            com.rpeters.jellyfin                 D  Load /data/user/0/com.rpeters.jellyfin/code_cache/startup_agents/f943a550-agent.so using system ns (caller=<unknown>): ok
2026-02-01 13:21:09.479 28903-28903 peters.jellyfin         com.rpeters.jellyfin                 W  hiddenapi: DexFile /data/data/com.rpeters.jellyfin/code_cache/.studio/instruments-76719913.jar is in boot class path but is not in a known location
2026-02-01 13:21:09.521 28903-28903 peters.jellyfin         com.rpeters.jellyfin                 W  Redefining intrinsic method java.lang.Thread java.lang.Thread.currentThread(). This may cause the unexpected use of the original definition of java.lang.Thread java.lang.Thread.currentThread()in methods that have already been compiled.
2026-02-01 13:21:09.521 28903-28903 peters.jellyfin         com.rpeters.jellyfin                 W  Redefining intrinsic method boolean java.lang.Thread.interrupted(). This may cause the unexpected use of the original definition of boolean java.lang.Thread.interrupted()in methods that have already been compiled.
2026-02-01 13:21:09.529 28903-28903 ApplicationLoaders      com.rpeters.jellyfin                 D  Returning zygote-cached class loader: /system_ext/framework/androidx.window.extensions.jar
2026-02-01 13:21:09.529 28903-28903 ApplicationLoaders      com.rpeters.jellyfin                 D  Returning zygote-cached class loader: /system_ext/framework/androidx.window.sidecar.jar
2026-02-01 13:21:09.706 28903-28903 nativeloader            com.rpeters.jellyfin                 D  Configuring clns-9 for other apk /data/app/~~Ts9uOLU-Khex1eKXDrpQdw==/com.rpeters.jellyfin-fcl7veiUIrNM640aOWX8gA==/base.apk. target_sdk_version=35, uses_libraries=, library_path=/data/app/~~Ts9uOLU-Khex1eKXDrpQdw==/com.rpeters.jellyfin-fcl7veiUIrNM640aOWX8gA==/lib/arm64:/data/app/~~Ts9uOLU-Khex1eKXDrpQdw==/com.rpeters.jellyfin-fcl7veiUIrNM640aOWX8gA==/base.apk!/lib/arm64-v8a, permitted_path=/data:/mnt/expand:/data/user/0/com.rpeters.jellyfin
2026-02-01 13:21:09.725 28903-28903 CompatChangeReporter    com.rpeters.jellyfin                 D  Compat change id reported: 202956589; UID 10549; state: ENABLED
2026-02-01 13:21:09.729 28903-28903 GraphicsEnvironment     com.rpeters.jellyfin                 V  Currently set values for:
2026-02-01 13:21:09.729 28903-28903 GraphicsEnvironment     com.rpeters.jellyfin                 V    angle_gl_driver_selection_pkgs=[]
2026-02-01 13:21:09.729 28903-28903 GraphicsEnvironment     com.rpeters.jellyfin                 V    angle_gl_driver_selection_values=[]
2026-02-01 13:21:09.729 28903-28903 GraphicsEnvironment     com.rpeters.jellyfin                 V  com.rpeters.jellyfin is not listed in per-application setting
2026-02-01 13:21:09.729 28903-28903 GraphicsEnvironment     com.rpeters.jellyfin                 V  ANGLE allowlist from config: com.dreamgames.royalmatch com.dts.freefiremax com.dxx.firenow com.gramgames.mergedragons com.ludo.king com.mojang.minecraftpe com.my.defense com.nintendo.zaka com.os.airforce com.playrix.fishdomdd.gplay io.teslatech.callbreak jp.konami.prospia net.peakgames.toonblast
2026-02-01 13:21:09.729 28903-28903 GraphicsEnvironment     com.rpeters.jellyfin                 V  No special selections for ANGLE, returning default driver choice
2026-02-01 13:21:09.729 28903-28903 GraphicsEnvironment     com.rpeters.jellyfin                 V  App is not on the allowlist for updatable production driver.
2026-02-01 13:21:09.746 28903-28903 peters.jellyfin         com.rpeters.jellyfin                 W  Method void com.google.android.gms.common.api.internal.BackgroundDetector.initialize(android.app.Application) failed lock verification and will run slower.
                                                                                                    Common causes for lock verification issues are non-optimized dex code
                                                                                                    and incorrect proguard optimizations.
2026-02-01 13:21:09.746 28903-28903 peters.jellyfin         com.rpeters.jellyfin                 W  Method void com.google.android.gms.common.api.internal.BackgroundDetector.zza(boolean) failed lock verification and will run slower.
2026-02-01 13:21:09.746 28903-28903 peters.jellyfin         com.rpeters.jellyfin                 W  Method void com.google.android.gms.common.api.internal.BackgroundDetector.addListener(com.google.android.gms.common.api.internal.BackgroundDetector$BackgroundStateChangeListener) failed lock verification and will run slower.
2026-02-01 13:21:09.752 28903-28903 FirebaseSessions        com.rpeters.jellyfin                 D  Dependency to CRASHLYTICS added.
2026-02-01 13:21:09.754 28903-28903 FirebaseApp             com.rpeters.jellyfin                 I  Device unlocked: initializing all Firebase APIs for app [DEFAULT]
2026-02-01 13:21:09.754 28903-28903 peters.jellyfin         com.rpeters.jellyfin                 W  Method void com.google.firebase.analytics.connector.AnalyticsConnectorImpl.zza(com.google.firebase.events.Event) failed lock verification and will run slower.
2026-02-01 13:21:09.758 28903-28903 FirebaseCrashlytics     com.rpeters.jellyfin                 I  Initializing Firebase Crashlytics 20.0.4 for com.rpeters.jellyfin
2026-02-01 13:21:09.758 28903-28903 peters.jellyfin         com.rpeters.jellyfin                 W  Method void com.google.android.gms.tasks.zzw.zzi() failed lock verification and will run slower.
2026-02-01 13:21:09.758 28903-28903 peters.jellyfin         com.rpeters.jellyfin                 W  Method void com.google.android.gms.tasks.zzr.zza(com.google.android.gms.tasks.zzq) failed lock verification and will run slower.
2026-02-01 13:21:09.764 28903-28903 FirebaseSessions        com.rpeters.jellyfin                 D  Subscriber CRASHLYTICS registered.
2026-02-01 13:21:09.768 28903-28903 peters.jellyfin         com.rpeters.jellyfin                 W  Method void com.google.android.gms.tasks.zzl.zzb() failed lock verification and will run slower.
2026-02-01 13:21:09.771 28903-28921 peters.jellyfin         com.rpeters.jellyfin                 W  Method java.lang.ClassLoader com.google.android.gms.dynamite.zzb.zza() failed lock verification and will run slower.
2026-02-01 13:21:09.771 28903-28921 peters.jellyfin         com.rpeters.jellyfin                 W  Method void com.google.android.gms.dynamite.zza.run() failed lock verification and will run slower.
2026-02-01 13:21:09.772 28903-28903 peters.jellyfin         com.rpeters.jellyfin                 W  Method void com.google.android.gms.tasks.zzn.zzb() failed lock verification and will run slower.
2026-02-01 13:21:09.772 28903-28903 peters.jellyfin         com.rpeters.jellyfin                 W  Method void com.google.android.gms.tasks.zzm.run() failed lock verification and will run slower.
2026-02-01 13:21:09.772 28903-28921 peters.jellyfin         com.rpeters.jellyfin                 W  ClassLoaderContext classpath size mismatch. expected=1, found=0 (DLC[];PCL[base.apk*1337880436]{PCL[/system/framework/org.apache.http.legacy.jar*3558608148]#PCL[/system/system_ext/framework/org.carconnectivity.android.digitalkey.rangingintent.jar*560278203]#PCL[/system/system_ext/framework/org.carconnectivity.android.digitalkey.secureelement.jar*3277496667]#PCL[/system_ext/framework/org.carconnectivity.android.digitalkey.timesync.jar*1887653037]#PCL[/system/framework/com.android.location.provider.jar*1880069816]#PCL[/system/framework/com.android.media.remotedisplay.jar*1838754544]#PCL[/system_ext/framework/androidx.window.extensions.jar*708456526]#PCL[/system_ext/framework/androidx.window.sidecar.jar*3846558453]} | DLC[];PCL[])
2026-02-01 13:21:09.773 28903-28921 DynamiteModule          com.rpeters.jellyfin                 I  Considering local module com.google.android.gms.measurement.dynamite:155 and remote module com.google.android.gms.measurement.dynamite:176
2026-02-01 13:21:09.773 28903-28921 DynamiteModule          com.rpeters.jellyfin                 I  Selected remote version of com.google.android.gms.measurement.dynamite, version >= 176
2026-02-01 13:21:09.773 28903-28921 DynamiteModule          com.rpeters.jellyfin                 V  Dynamite loader version >= 2, using loadModule2NoCrashUtils
2026-02-01 13:21:09.778 28903-28921 System                  com.rpeters.jellyfin                 W  ClassLoader referenced unknown path:
2026-02-01 13:21:09.778 28903-28921 nativeloader            com.rpeters.jellyfin                 D  Configuring clns-10 for other apk . target_sdk_version=36, uses_libraries=, library_path=/data/app/~~tsWUUglA6m3b9Ir-jxGiOA==/com.google.android.gms-YqfSBqyfdto7FvVbngkVPw==/lib/arm64:/data/app/~~tsWUUglA6m3b9Ir-jxGiOA==/com.google.android.gms-YqfSBqyfdto7FvVbngkVPw==/base.apk!/lib/arm64-v8a, permitted_path=/data:/mnt/expand:/data/user/0/com.google.android.gms
2026-02-01 13:21:09.780 28903-28941 ashmem                  com.rpeters.jellyfin                 E  Pinning is deprecated since Android Q. Please use trim or other methods.
2026-02-01 13:21:09.782 28903-28944 peters.jellyfin         com.rpeters.jellyfin                 W  Method void com.google.android.gms.tasks.zzh.zzb() failed lock verification and will run slower.
2026-02-01 13:21:09.783 28903-28921 peters.jellyfin         com.rpeters.jellyfin                 W  ClassLoaderContext classpath element checksum mismatch. expected=1337880436, found=4253093979 (DLC[];PCL[base.apk*1337880436]{PCL[/system/framework/org.apache.http.legacy.jar*3558608148]#PCL[/system/system_ext/framework/org.carconnectivity.android.digitalkey.rangingintent.jar*560278203]#PCL[/system/system_ext/framework/org.carconnectivity.android.digitalkey.secureelement.jar*3277496667]#PCL[/system_ext/framework/org.carconnectivity.android.digitalkey.timesync.jar*1887653037]#PCL[/system/framework/com.android.location.provider.jar*1880069816]#PCL[/system/framework/com.android.media.remotedisplay.jar*1838754544]#PCL[/system_ext/framework/androidx.window.extensions.jar*708456526]#PCL[/system_ext/framework/androidx.window.sidecar.jar*3846558453]} | DLC[];PCL[/data/app/~~Ts9uOLU-Khex1eKXDrpQdw==/com.rpeters.jellyfin-fcl7veiUIrNM640aOWX8gA==/base.apk*4253093979]{PCL[/system_ext/framework/androidx.window.extensions.jar*708456526]#PCL[/system_ext/framework/androidx.window.sidecar.jar*3846558453]})
2026-02-01 13:21:09.784 28903-28941 CompatChangeReporter    com.rpeters.jellyfin                 D  Compat change id reported: 311402873; UID 10549; state: ENABLED
2026-02-01 13:21:09.784 28903-28941 CompatChangeReporter    com.rpeters.jellyfin                 D  Compat change id reported: 323349338; UID 10549; state: ENABLED
2026-02-01 13:21:09.784 28903-28921 DesktopExperienceFlags  com.rpeters.jellyfin                 D  Toggle override initialized to: false
2026-02-01 13:21:09.785 28903-28903 nativeloader            com.rpeters.jellyfin                 D  Load /data/app/~~Ts9uOLU-Khex1eKXDrpQdw==/com.rpeters.jellyfin-fcl7veiUIrNM640aOWX8gA==/base.apk!/lib/arm64-v8a/libdatastore_shared_counter.so using class loader ns clns-9 (caller=/data/app/~~Ts9uOLU-Khex1eKXDrpQdw==/com.rpeters.jellyfin-fcl7veiUIrNM640aOWX8gA==/base.apk!classes23.dex): ok
2026-02-01 13:21:09.791 28903-28950 FirebaseCrashlytics     com.rpeters.jellyfin                 I  Saved version control info
2026-02-01 13:21:09.795 28903-28922 CompatChangeReporter    com.rpeters.jellyfin                 D  Compat change id reported: 312399441; UID 10549; state: ENABLED
2026-02-01 13:21:09.795 28903-28903 FirebaseSessions        com.rpeters.jellyfin                 D  Initializing Firebase Sessions 3.0.4.
2026-02-01 13:21:09.799 28903-28960 peters.jellyfin         com.rpeters.jellyfin                 I  hiddenapi: Accessing hidden method Ldalvik/system/VMStack;->getStackClass2()Ljava/lang/Class; (runtime_flags=0, domain=core-platform, api=unsupported) from Lm7/aov; (domain=app, TargetSdkVersion=35) using reflection: allowed
2026-02-01 13:21:09.803 28903-28954 peters.jellyfin         com.rpeters.jellyfin                 E  No package ID 6a found for resource ID 0x6a0b0013.
2026-02-01 13:21:09.803 28903-28954 FA                      com.rpeters.jellyfin                 I  App measurement initialized, version: 152008
2026-02-01 13:21:09.803 28903-28954 FA                      com.rpeters.jellyfin                 I  To enable debug logging run: adb shell setprop log.tag.FA VERBOSE
2026-02-01 13:21:09.803 28903-28954 FA                      com.rpeters.jellyfin                 I  To enable faster debug mode event logging run:
                                                                                                      adb shell setprop debug.firebase.analytics.app com.rpeters.jellyfin
2026-02-01 13:21:09.804 28903-28903 FirebaseInitProvider    com.rpeters.jellyfin                 I  FirebaseApp initialization successful
2026-02-01 13:21:09.807 28903-28943 FirebaseSessions        com.rpeters.jellyfin                 D  Notified CRASHLYTICS of new session 5c8dd61deaa244d5867cbcc2b270c92e
2026-02-01 13:21:09.820 28903-28903 peters.jellyfin         com.rpeters.jellyfin                 I  hiddenapi: Accessing hidden method Landroid/view/WindowManagerGlobal;->getInstance()Landroid/view/WindowManagerGlobal; (runtime_flags=0, domain=platform, api=unsupported) from Lcurtains/internal/WindowManagerSpy$windowManagerInstance$2; (domain=app, TargetSdkVersion=35) using reflection: allowed
2026-02-01 13:21:09.820 28903-28903 peters.jellyfin         com.rpeters.jellyfin                 I  hiddenapi: Accessing hidden field Landroid/view/WindowManagerGlobal;->mViews:Ljava/util/ArrayList; (runtime_flags=0, domain=platform, api=unsupported) from Lcurtains/internal/WindowManagerSpy$mViewsField$2; (domain=app, TargetSdkVersion=35) using reflection: allowed
2026-02-01 13:21:09.820 28903-28903 peters.jellyfin         com.rpeters.jellyfin                 I  hiddenapi: Accessing hidden field Landroid/app/ActivityThread;->mH:Landroid/app/ActivityThread$H; (runtime_flags=0, domain=platform, api=unsupported) from Lleakcanary/ServiceWatcher; (domain=app, TargetSdkVersion=35) using reflection: allowed
2026-02-01 13:21:09.820 28903-28903 peters.jellyfin         com.rpeters.jellyfin                 I  hiddenapi: Accessing hidden method Landroid/app/ActivityThread;->currentActivityThread()Landroid/app/ActivityThread; (runtime_flags=0, domain=platform, api=unsupported) from Lleakcanary/ServiceWatcher$activityThreadInstance$2; (domain=app, TargetSdkVersion=35) using reflection: allowed
2026-02-01 13:21:09.820 28903-28903 peters.jellyfin         com.rpeters.jellyfin                 I  hiddenapi: Accessing hidden field Landroid/os/Handler;->mCallback:Landroid/os/Handler$Callback; (runtime_flags=0, domain=platform, api=unsupported) from Lleakcanary/ServiceWatcher; (domain=app, TargetSdkVersion=35) using reflection: allowed
2026-02-01 13:21:09.820 28903-28903 peters.jellyfin         com.rpeters.jellyfin                 I  hiddenapi: Accessing hidden field Landroid/util/Singleton;->mInstance:Ljava/lang/Object; (runtime_flags=0, domain=platform, api=unsupported) from Lleakcanary/ServiceWatcher; (domain=app, TargetSdkVersion=35) using reflection: allowed
2026-02-01 13:21:09.821 28903-28903 peters.jellyfin         com.rpeters.jellyfin                 I  hiddenapi: Accessing hidden method Landroid/util/Singleton;->get()Ljava/lang/Object; (runtime_flags=0, domain=platform, api=unsupported) from Lleakcanary/ServiceWatcher; (domain=app, TargetSdkVersion=35) using reflection: allowed
2026-02-01 13:21:09.821 28903-28903 peters.jellyfin         com.rpeters.jellyfin                 I  hiddenapi: Accessing hidden field Landroid/app/ActivityManager;->IActivityManagerSingleton:Landroid/util/Singleton; (runtime_flags=0, domain=platform, api=unsupported) from Lleakcanary/ServiceWatcher; (domain=app, TargetSdkVersion=35) using reflection: allowed
2026-02-01 13:21:09.912 28903-28903 peters.jellyfin         com.rpeters.jellyfin                 W  Method void com.google.android.gms.internal.mlkit_genai_prompt.zzfo.zzq() failed lock verification and will run slower.
2026-02-01 13:21:09.917 28903-28973 WidgetSurfaceManager    com.rpeters.jellyfin                 D  Widget update scheduled (continueWatching=0, lifecycle=BACKGROUND)
2026-02-01 13:21:09.931 28903-28970 peters.jellyfin         com.rpeters.jellyfin                 W  Method void com.google.android.gms.internal.mlkit_genai_prompt.zzfk.onServiceDisconnected(android.content.ComponentName) failed lock verification and will run slower.
2026-02-01 13:21:09.931 28903-28970 peters.jellyfin         com.rpeters.jellyfin                 W  Method void com.google.android.gms.internal.mlkit_genai_prompt.zzfk.zzc(com.google.android.gms.internal.mlkit_genai_prompt.zzad) failed lock verification and will run slower.
2026-02-01 13:21:09.931 28903-28970 peters.jellyfin         com.rpeters.jellyfin                 W  Method void com.google.android.gms.internal.mlkit_genai_prompt.zzfk.zze() failed lock verification and will run slower.
2026-02-01 13:21:09.931 28903-28970 peters.jellyfin         com.rpeters.jellyfin                 W  Method void com.google.android.gms.internal.mlkit_genai_prompt.zzfk.zzf() failed lock verification and will run slower.
2026-02-01 13:21:09.931 28903-28970 peters.jellyfin         com.rpeters.jellyfin                 W  Method java.lang.Object com.google.android.gms.internal.mlkit_genai_prompt.zzfx.zzb(com.google.android.gms.internal.mlkit_genai_prompt.zzfx, com.google.common.util.concurrent.ListenableFuture, com.google.android.gms.internal.mlkit_genai_prompt.zzhz, androidx.concurrent.futures.CallbackToFutureAdapter$Completer) failed lock verification and will run slower.
2026-02-01 13:21:09.931 28903-28970 peters.jellyfin         com.rpeters.jellyfin                 W  Method void com.google.android.gms.internal.mlkit_genai_prompt.zzfx.zzc(com.google.android.gms.internal.mlkit_genai_prompt.zzfx, java.lang.Runnable) failed lock verification and will run slower.
2026-02-01 13:21:09.934 28903-28903 JellyfinApplication     com.rpeters.jellyfin                 I  Firebase App Check initialized with DEBUG provider
2026-02-01 13:21:09.934 28903-28903 JellyfinApplication     com.rpeters.jellyfin                 I  Check logcat for 'DebugAppCheckProvider' to find your debug token
2026-02-01 13:21:09.934 28903-28945 com.google...ckProvider com.rpeters.jellyfin                 D  Enter this debug secret into the allow list in the Firebase Console for your project: 4f3fffba-6333-4f51-97cd-fc4d69e1a42c
2026-02-01 13:21:09.934 28903-28903 ModernSurf...oordinator com.rpeters.jellyfin                 I  ModernSurfaceCoordinator initialized
2026-02-01 13:21:09.934 28903-28903 JellyfinApplication     com.rpeters.jellyfin                 I  Application started
2026-02-01 13:21:09.935 28903-28966 NetworkOptimizer        com.rpeters.jellyfin                 D  Network optimizations initialized successfully
2026-02-01 13:21:09.936 28903-28969 JellyfinApplication     com.rpeters.jellyfin                 I  Initializing AI backend in background
2026-02-01 13:21:09.936 28903-28969 JellyfinApplication     com.rpeters.jellyfin                 I  AI backend initialized: Cloud (API)
2026-02-01 13:21:09.938 28903-28903 ActivityThread          com.rpeters.jellyfin                 D  com.rpeters.jellyfin will use render engine as VK
2026-02-01 13:21:09.938 28903-28903 HWUI                    com.rpeters.jellyfin                 D  HWUI - treat SMPTE_170M as sRGB
2026-02-01 13:21:09.939 28903-28982 DisplayManager          com.rpeters.jellyfin                 I  Choreographer implicitly registered for the refresh rate.
2026-02-01 13:21:09.939 28903-28982 HWUI                    com.rpeters.jellyfin                 D  CacheManager constructor. deviceInfo=(1080, 1920)
2026-02-01 13:21:09.941 28903-28982 vulkan                  com.rpeters.jellyfin                 D  searching for layers in '/data/app/~~Ts9uOLU-Khex1eKXDrpQdw==/com.rpeters.jellyfin-fcl7veiUIrNM640aOWX8gA==/lib/arm64'
2026-02-01 13:21:09.941 28903-28982 vulkan                  com.rpeters.jellyfin                 D  searching for layers in '/data/app/~~Ts9uOLU-Khex1eKXDrpQdw==/com.rpeters.jellyfin-fcl7veiUIrNM640aOWX8gA==/base.apk!/lib/arm64-v8a'
2026-02-01 13:21:09.945 28903-28982 Adreno-AppProfiles      com.rpeters.jellyfin                 E  QSPM AIDL service doesn't exist
2026-02-01 13:21:09.945 28903-28982 AdrenoVK-0              com.rpeters.jellyfin                 I  ===== BEGIN DUMP OF OVERRIDDEN SETTINGS =====
2026-02-01 13:21:09.945 28903-28982 AdrenoVK-0              com.rpeters.jellyfin                 I  ===== END DUMP OF OVERRIDDEN SETTINGS =====
2026-02-01 13:21:09.948 28903-28982 qdgralloc               com.rpeters.jellyfin                 D  Fetching IMapper5 from QtiMapper5
2026-02-01 13:21:09.954 28903-28903 CompatChangeReporter    com.rpeters.jellyfin                 D  Compat change id reported: 309578419; UID 10549; state: ENABLED
2026-02-01 13:21:09.954 28903-28903 DesktopModeFlags        com.rpeters.jellyfin                 D  Toggle override initialized to: OVERRIDE_UNSET
2026-02-01 13:21:09.955 28903-28903 DecorView               com.rpeters.jellyfin                 I  setWindowBackground: isPopOver=false color=ff141218 d=android.graphics.drawable.ColorDrawable@e4d8d1d
2026-02-01 13:21:09.955 28903-28982 SnapAlloc               com.rpeters.jellyfin                 I  Graphics lib is available
2026-02-01 13:21:09.956 28903-28903 MainThreadMonitor       com.rpeters.jellyfin                 D  Starting main thread monitoring
2026-02-01 13:21:09.958 28903-28968 LeakCanary              com.rpeters.jellyfin                 D  LeakCanary is running and ready to detect memory leaks.
2026-02-01 13:21:09.959 28903-28982 Adreno-UNKNOWN          com.rpeters.jellyfin                 I  Using previously loaded IMapper library.
2026-02-01 13:21:09.961 28903-28982 AdrenoVK-0              com.rpeters.jellyfin                 I  QUALCOMM build          : cf24501b86, Ic06689e359
                                                                                                    Build Date              : 12/18/25
                                                                                                    Shader Compiler Version : E031.47.18.44
                                                                                                    Local Branch            :
                                                                                                    Remote Branch           : refs/tags/AU_LINUX_ANDROID_LA.VENDOR.15.4.0.11.00.00.1088.837
                                                                                                    Remote Branch           : NONE
                                                                                                    Reconstruct Branch      : NOTHING
2026-02-01 13:21:09.961 28903-28982 AdrenoVK-0              com.rpeters.jellyfin                 I  Build Config            : S P 18.0.0 AArch64
2026-02-01 13:21:09.961 28903-28982 AdrenoVK-0              com.rpeters.jellyfin                 I  Driver Path             : /vendor/lib64/hw/vulkan.adreno.so
2026-02-01 13:21:09.961 28903-28982 AdrenoVK-0              com.rpeters.jellyfin                 I  Driver Version          : 0800.64.2
2026-02-01 13:21:09.961 28903-28982 AdrenoVK-0              com.rpeters.jellyfin                 I  PFP                     : 0x01500077
2026-02-01 13:21:09.961 28903-28982 AdrenoVK-0              com.rpeters.jellyfin                 I  ME                      : 0x01500014
2026-02-01 13:21:09.961 28903-28982 AdrenoVK-0              com.rpeters.jellyfin                 I  Application Name    : android framework
                                                                                                    Process Name        : com.rpeters.jellyfin
                                                                                                    Application Version : 0x00000000
                                                                                                    Engine Name         : android framework
                                                                                                    Engine Version      : 0x00000000
                                                                                                    Api Version         : 0x00401000
2026-02-01 13:21:09.964 28903-28903 FirebaseSessions        com.rpeters.jellyfin                 D  App foregrounded on com.rpeters.jellyfin
2026-02-01 13:21:09.964 28903-28903 FirebaseSessions        com.rpeters.jellyfin                 D  Process com.rpeters.jellyfin is stale
2026-02-01 13:21:09.965 28903-28954 FA                      com.rpeters.jellyfin                 I  Tag Manager is not found and thus will not be used
2026-02-01 13:21:09.970 28903-28903 ViewRootImpl            com.rpeters.jellyfin                 D  desktopMode is false
2026-02-01 13:21:09.970 28903-28903 CompatChangeReporter    com.rpeters.jellyfin                 D  Compat change id reported: 349153669; UID 10549; state: ENABLED
2026-02-01 13:21:09.970 28903-28903 ViewRootImpl            com.rpeters.jellyfin                 I  dVRR is disabled
2026-02-01 13:21:09.971 28903-28903 peters.jellyfin         com.rpeters.jellyfin                 I  hiddenapi: Accessing hidden field Lcom/android/internal/policy/DecorView;->mWindow:Lcom/android/internal/policy/PhoneWindow; (runtime_flags=0, domain=platform, api=unsupported) from Lcurtains/internal/WindowSpy$windowField$2; (domain=app, TargetSdkVersion=35) using reflection: allowed
2026-02-01 13:21:09.971 28903-28903 HardwareRenderer        com.rpeters.jellyfin                 D  onDisplayChanged. displayId=0 current wxh=1440x3120 mLargest wxh=0x0
2026-02-01 13:21:09.971 28903-28903 HardwareRenderer        com.rpeters.jellyfin                 D  Set largestWidth and largestHeight as logical resolution. (1440x3120)
2026-02-01 13:21:09.972 28903-28982 HWUI                    com.rpeters.jellyfin                 D  setMaxSurfaceArea requested wxh=(1440,3120) requestedSurfaceArea(4492800) mMaxSurfaceArea(2073600)
2026-02-01 13:21:09.972 28903-28982 NativeCust...ncyManager com.rpeters.jellyfin                 D  [NativeCFMS] BpCustomFrequencyManager::BpCustomFrequencyManager()
2026-02-01 13:21:09.972 28903-28944 FirebaseSessions        com.rpeters.jellyfin                 D  Cold app start detected
2026-02-01 13:21:09.972 28903-28944 FirebaseSessions        com.rpeters.jellyfin                 D  Process com.rpeters.jellyfin is stale
2026-02-01 13:21:09.973 28903-28995 perf_hint               com.rpeters.jellyfin                 E  Session ID too large, must fit 32-bit integer
2026-02-01 13:21:09.974 28903-28903 InputTransport          com.rpeters.jellyfin                 D  Input channel constructed: 'ef3cfd ', fd=148
2026-02-01 13:21:09.974 28903-28944 peters.jellyfin         com.rpeters.jellyfin                 W  Method void com.google.android.gms.tasks.zzj.zza(com.google.android.gms.tasks.Task) failed lock verification and will run slower.
2026-02-01 13:21:09.974 28903-28944 peters.jellyfin         com.rpeters.jellyfin                 W  Method void com.google.android.gms.tasks.zzj.zzb() failed lock verification and will run slower.
2026-02-01 13:21:09.974 28903-28903 InsetsController        com.rpeters.jellyfin                 I  onStateChanged: host=com.rpeters.jellyfin/com.rpeters.jellyfin.MainActivity, from=android.view.ViewRootImpl.onInsetsStateChanged:3038, state=InsetsState: {mDisplayFrame=Rect(0, 0 - 1440, 3120), mDisplayCutout=DisplayCutout{insets=Rect(0, 128 - 0, 0) waterfall=Insets{left=0, top=0, right=0, bottom=0} boundingRect={Bounds=[Rect(0, 0 - 0, 0), Rect(685, 0 - 755, 128), Rect(0, 0 - 0, 0), Rect(0, 0 - 0, 0)]} cutoutPathParserInfo={CutoutPathParserInfo{displayWidth=1440 displayHeight=3120 physicalDisplayWidth=1440 physicalDisplayHeight=3120 density={3.75} cutoutSpec={M 0,0 H -9.333333333333333 V 34.13333333333333 H 9.333333333333333 V 0 H 0 Z @dp} rotation={0} scale={1.0} physicalPixelDisplaySizeRatio={1.0}}} sideOverrides={}}, mRoundedCorners=RoundedCorners{[RoundedCorner{position=TopLeft, radius=56, center=Point(56, 56)}, RoundedCorner{position=TopRight, radius=56, center=Point(1384, 56)}, RoundedCorner{position=BottomRight, radius=56, center=Point(1384, 3064)}, RoundedCorner{position=BottomLeft, radius=56, center=Point(56, 3064)}]}  mRoundedCornerFrame=Rect(0, 0 - 1440, 3120), mPrivacyIndicatorBounds=PrivacyIndicatorBounds {static bounds=Rect(1275, 0 - 1440, 128) rotation=0}, mDisplayShape=DisplayShape{ spec=-311912193 displayWidth=1440 displayHeight=3120 physicalPixelDisplaySizeRatio=1.0 rotation=0 offsetX=0 offsetY=0 scale=1.0}, mSources= { InsetsSource: {91450001 mType=navigationBars mFrame=[0,3064][1440,3120] mAttachedInsets=null mVisible=true mFlags=SUPPRESS_SCRIM mSideHint=BOTTOM mBoundingRects=null}, InsetsSource: {91450004 mType=systemGestures mFrame=[0,0][112,3120] mAttachedInsets=null mVisible=true mFlags= mSideHint=LEFT mBoundingRects=null}, InsetsSource: {91450005 mType=mandatorySystemGestures mFrame=[0,3000][1440,3120] mAttachedInsets=null mVisible=true mFlags= mSideHint=BOTTOM mBoundingRects=null}, InsetsSource: {91450006 mType=tappableElement mFrame=[0,0][0,0] mAttachedInsets=null mVisible=true mFlags= mSideHint=NONE mBoundingRects=null}, InsetsSource: {91450024 mType=systemGestures mFrame=[1328,0][1440,3120] mAttachedInsets=null mVisible=true mFlags= mSideHint=RIGHT mBoundingRects=null}, InsetsSource: {9c550000 mType=statusBars mFrame=[0,0][1440,128] mAttachedInsets=null mVisible=true mFlags= mSideHint=TOP mBoundingRects=null}, InsetsSource: {9c550005 mType=mandatorySystemGestures mFrame=[0,0][1440,173] mAttachedInsets=null mVisible=true mFlags= mSideHint=TOP mBoundingRects=null}, InsetsSource: {9c550006 mType=tappableElement mFrame=[0,0][1440,128] mAttachedInsets=null mVisible=true mFlags= mSideHint=TOP mBoundingRects=null}, InsetsSource: {3 mType=ime mFrame=[0,0][0,0] mAttachedInsets=null mVisible=false mFlags=INVALID mSideHint=NONE mBoundingRects=null}, InsetsSource: {27 mType=displayCutout mFrame=[0,0][1440,128] mAttachedInsets=null mVisible=true mFlags= mSideHint=TOP mBoundingRects=null} }
2026-02-01 13:21:09.975 28903-28944 peters.jellyfin         com.rpeters.jellyfin                 W  Method void com.google.android.gms.tasks.zzi.run() failed lock verification and will run slower.
2026-02-01 13:21:09.975 28903-28903 VRI[MainAc...y]@e68b231 com.rpeters.jellyfin                 I  synced displayState. AttachInfo displayState=2
2026-02-01 13:21:09.975 28903-28903 VRI[MainAc...y]@e68b231 com.rpeters.jellyfin                 I  setView = com.android.internal.policy.DecorView@aea3c7f IsHRR=false mFlingFrameRateChange=0 TM=true
2026-02-01 13:21:09.976 28903-28975 JellyfinApplication     com.rpeters.jellyfin                 I  Performance optimizations initialized
2026-02-01 13:21:09.977 28903-28982 HWUI                    com.rpeters.jellyfin                 D  HWUI - treat SMPTE_170M as sRGB
2026-02-01 13:21:09.977 28903-28903 WindowOnBackDispatcher  com.rpeters.jellyfin                 D  setTopOnBackInvokedCallback (unwrapped): android.app.Activity$$ExternalSyntheticLambda0@95db938
2026-02-01 13:21:09.978 28903-28944 FirebaseSessions        com.rpeters.jellyfin                 D  Session Event Type: SESSION_START
2026-02-01 13:21:09.978 28903-28944 FirebaseSessions        com.rpeters.jellyfin                 D  Successfully logged Session Start event.
2026-02-01 13:21:09.985 28903-28965 AiModule                com.rpeters.jellyfin                 E  Nano availability check failed (Fix with AI)
                                                                                                    com.google.mlkit.genai.common.GenAiException: [ErrorCode 606] AICore failed with error type 3-PREPARATION_ERROR and error code 606-FEATURE_NOT_FOUND: Feature 636 is not available.
                                                                                                    	at com.google.android.gms.internal.mlkit_genai_prompt.zzaiq.zza(com.google.mlkit:genai-prompt@@1.0.0-beta1:3)
                                                                                                    	at com.google.android.gms.internal.mlkit_genai_prompt.zzjb.zza(com.google.mlkit:genai-prompt@@1.0.0-beta1:2)
                                                                                                    	at com.google.android.gms.internal.mlkit_genai_prompt.zzjc.run(com.google.mlkit:genai-prompt@@1.0.0-beta1:10)
                                                                                                    	at java.util.concurrent.ThreadPoolExecutor.runWorker(ThreadPoolExecutor.java:1154)
                                                                                                    	at java.util.concurrent.ThreadPoolExecutor$Worker.run(ThreadPoolExecutor.java:652)
                                                                                                    	at java.lang.Thread.run(Thread.java:1563)
                                                                                                    Caused by: com.google.android.gms.internal.mlkit_genai_prompt.zzcn: AICore failed with error type 3-PREPARATION_ERROR and error code 606-FEATURE_NOT_FOUND: Feature 636 is not available.
                                                                                                    	at com.google.android.gms.internal.mlkit_genai_prompt.zzfo.zzk(com.google.mlkit:genai-prompt@@1.0.0-beta1:9)
                                                                                                    	at com.google.android.gms.internal.mlkit_genai_prompt.zzet.zza(Unknown Source:9)
                                                                                                    	at com.google.android.gms.internal.mlkit_genai_prompt.zzjk.zza(com.google.mlkit:genai-prompt@@1.0.0-beta1:2)
                                                                                                    	at com.google.android.gms.internal.mlkit_genai_prompt.zzjm.run(com.google.mlkit:genai-prompt@@1.0.0-beta1:8)
                                                                                                    	... 3 more
2026-02-01 13:21:09.985 28903-28965 AiModule                com.rpeters.jellyfin                 W  Error 606: AICore config not ready or bootloader unlocked
2026-02-01 13:21:09.985 28903-28965 AiModule                com.rpeters.jellyfin                 D  Gemini Nano unavailable, using cloud API: Initializing (restart may help)
2026-02-01 13:21:09.995 28903-28944 FirebaseSessions        com.rpeters.jellyfin                 D  Notified CRASHLYTICS of new session 71d982fc6ab4443c88291bb0e4361acc
2026-02-01 13:21:10.025 28903-28903 peters.jellyfin         com.rpeters.jellyfin                 I  hiddenapi: Accessing hidden method Landroid/os/SystemProperties;->addChangeCallback(Ljava/lang/Runnable;)V (runtime_flags=0, domain=platform, api=unsupported) from Landroidx/compose/ui/platform/AndroidComposeView$Companion; (domain=app, TargetSdkVersion=35) using reflection: allowed
2026-02-01 13:21:10.029 28903-28903 VibratorInfo            com.rpeters.jellyfin                 E  Invalid frequency profile received from HAL. resonantFrequencyHz=NaN, frequenciesHz=null, outputAccelerationsGs=null
2026-02-01 13:21:10.037 28903-28909 peters.jellyfin         com.rpeters.jellyfin                 I  Compiler allocated 5203KB to compile void android.view.ViewRootImpl.performTraversals()
2026-02-01 13:21:10.052 28903-28903 VRI[MainAc...y]@e68b231 com.rpeters.jellyfin                 D  WindowInsets changed: 1440x3120 statusBars:[0,128,0,0] navigationBars:[0,0,0,56] mandatorySystemGestures:[0,173,0,120]
2026-02-01 13:21:10.074 28903-28965 JellyfinCache           com.rpeters.jellyfin                 D  Cache cleanup completed. Removed 0 expired entries
2026-02-01 13:21:10.139 28903-28903 HWUI                    com.rpeters.jellyfin                 I  Using FreeType backend (prop=Auto)
2026-02-01 13:21:10.241 28903-28903 BufferQueueProducer     com.rpeters.jellyfin                 E  Unable to open libpenguin.so: dlopen failed: library "libpenguin.so" not found.
2026-02-01 13:21:10.241 28903-28903 peters.jellyfin         com.rpeters.jellyfin                 E  Unable to open libpenguin.so: dlopen failed: library "libpenguin.so" not found.
2026-02-01 13:21:10.241 28903-28903 BufferQueueProducer     com.rpeters.jellyfin                 I  [](id:70e700000000,api:0,p:0,c:28903) setDequeueTimeout:2077252342
2026-02-01 13:21:10.241 28903-28903 BLASTBufferQueue_Java   com.rpeters.jellyfin                 I  new BLASTBufferQueue, mName= VRI[MainActivity]@e68b231 mNativeObject= 0xb4000073e3d4b8b0 caller= android.view.ViewRootImpl.updateBlastSurfaceIfNeeded:3603 android.view.ViewRootImpl.relayoutWindow:11809 android.view.ViewRootImpl.performTraversals:4839 android.view.ViewRootImpl.doTraversal:3959 android.view.ViewRootImpl$TraversalRunnable.run:13030 android.view.Choreographer$CallbackRecord.run:1961 android.view.Choreographer$CallbackRecord.run:1970 android.view.Choreographer.doCallbacks:1423 android.view.Choreographer.doFrame:1348 android.view.Choreographer$FrameDisplayEventReceiver.run:1930
2026-02-01 13:21:10.241 28903-28903 BLASTBufferQueue_Java   com.rpeters.jellyfin                 I  update, w= 1440 h= 3120 mName = VRI[MainActivity]@e68b231 mNativeObject= 0xb4000073e3d4b8b0 sc.mNativeObject= 0xb400007273cfc4d0 format= -1 caller= android.view.ViewRootImpl.updateBlastSurfaceIfNeeded:3608 android.view.ViewRootImpl.relayoutWindow:11809 android.view.ViewRootImpl.performTraversals:4839 android.view.ViewRootImpl.doTraversal:3959 android.view.ViewRootImpl$TraversalRunnable.run:13030 android.view.Choreographer$CallbackRecord.run:1961
2026-02-01 13:21:10.242 28903-28903 VRI[MainAc...y]@e68b231 com.rpeters.jellyfin                 I  Relayout returned: old=(0,0,1440,3120) new=(0,0,1440,3120) relayoutAsync=false req=(1440,3120)0 dur=2 res=0x3 s={true 0xb400007333d26ad0} ch=true seqId=0
2026-02-01 13:21:10.242 28903-28903 VRI[MainAc...y]@e68b231 com.rpeters.jellyfin                 I  performConfigurationChange setNightDimText nightDimLevel=0
2026-02-01 13:21:10.243 28903-28903 VRI[MainAc...y]@e68b231 com.rpeters.jellyfin                 D  mThreadedRenderer.initialize() mSurface={isValid=true 0xb400007333d26ad0} hwInitialized=true
2026-02-01 13:21:10.263 28903-28903 VRI[MainAc...y]@e68b231 com.rpeters.jellyfin                 D  reportNextDraw android.view.ViewRootImpl.performTraversals:5503 android.view.ViewRootImpl.doTraversal:3959 android.view.ViewRootImpl$TraversalRunnable.run:13030 android.view.Choreographer$CallbackRecord.run:1961 android.view.Choreographer$CallbackRecord.run:1970
2026-02-01 13:21:10.263 28903-28903 VRI[MainAc...y]@e68b231 com.rpeters.jellyfin                 D  Setup new sync=wmsSync-VRI[MainActivity]@e68b231#0
2026-02-01 13:21:10.263 28903-28903 VRI[MainAc...y]@e68b231 com.rpeters.jellyfin                 I  Creating new active sync group VRI[MainActivity]@e68b231#1
2026-02-01 13:21:10.263 28903-28903 VRI[MainAc...y]@e68b231 com.rpeters.jellyfin                 D  registerCallbacksForSync syncBuffer=false
2026-02-01 13:21:10.272 28903-28994 VRI[MainAc...y]@e68b231 com.rpeters.jellyfin                 D  Received frameDrawingCallback syncResult=0 frameNum=1.
2026-02-01 13:21:10.272 28903-28994 VRI[MainAc...y]@e68b231 com.rpeters.jellyfin                 I  mWNT: t=0xb400007313d121d0 mBlastBufferQueue=0xb4000073e3d4b8b0 fn= 1 HdrRenderState mRenderHdrSdrRatio=1.0 caller= android.view.ViewRootImpl$12.onFrameDraw:15557 android.view.ThreadedRenderer$1.onFrameDraw:751 <bottom of call stack>
2026-02-01 13:21:10.272 28903-28994 VRI[MainAc...y]@e68b231 com.rpeters.jellyfin                 I  Setting up sync and frameCommitCallback
2026-02-01 13:21:10.272 28903-28982 AdrenoUtils             com.rpeters.jellyfin                 I  <ReadGpuID:366>: Reading chip ID through GSL
2026-02-01 13:21:10.280 28903-28982 BLASTBufferQueue        com.rpeters.jellyfin                 I  [VRI[MainActivity]@e68b231#0](f:0,a:0,s:0) onFrameAvailable the first frame is available
2026-02-01 13:21:10.280 28903-28982 SurfaceComposerClient   com.rpeters.jellyfin                 I  apply transaction with the first frame. layerId: 163141, bufferData(ID: 124137439756291, frameNumber: 1)
2026-02-01 13:21:10.280 28903-28982 VRI[MainAc...y]@e68b231 com.rpeters.jellyfin                 I  Received frameCommittedCallback lastAttemptedDrawFrameNum=1 didProduceBuffer=true
2026-02-01 13:21:10.281 28903-28982 HWUI                    com.rpeters.jellyfin                 D  CFMS:: SetUp Pid : 28903    Tid : 28982
2026-02-01 13:21:10.281 28903-28903 VRI[MainAc...y]@e68b231 com.rpeters.jellyfin                 D  reportDrawFinished seqId=0
2026-02-01 13:21:10.305 28903-28903 Choreographer           com.rpeters.jellyfin                 I  Skipped 37 frames!  The application may be doing too much work on its main thread.
2026-02-01 13:21:10.318 28903-28903 InsetsSourceConsumer    com.rpeters.jellyfin                 I  applyRequestedVisibilityToControl: visible=true, type=statusBars, host=com.rpeters.jellyfin/com.rpeters.jellyfin.MainActivity
2026-02-01 13:21:10.318 28903-28903 InsetsSourceConsumer    com.rpeters.jellyfin                 I  applyRequestedVisibilityToControl: visible=true, type=navigationBars, host=com.rpeters.jellyfin/com.rpeters.jellyfin.MainActivity
2026-02-01 13:21:10.319 28903-28903 VRI[MainAc...y]@e68b231 com.rpeters.jellyfin                 D  mThreadedRenderer.initializeIfNeeded()#2 mSurface={isValid=true 0xb400007333d26ad0}
2026-02-01 13:21:10.320 28903-28903 InputMethodManagerUtils com.rpeters.jellyfin                 D  startInputInner - Id : 0
2026-02-01 13:21:10.320 28903-28903 InputMethodManager      com.rpeters.jellyfin                 I  startInputInner - IInputMethodManagerGlobalInvoker.startInputOrWindowGainedFocus
2026-02-01 13:21:10.322 28903-28981 InputTransport          com.rpeters.jellyfin                 D  Input channel constructed: 'ClientS', fd=179
2026-02-01 13:21:10.336 28903-28903 InsetsController        com.rpeters.jellyfin                 D  hide(ime())
2026-02-01 13:21:10.336 28903-28903 ImeTracker              com.rpeters.jellyfin                 I  com.rpeters.jellyfin:b11b9156: onCancelled at PHASE_CLIENT_ALREADY_HIDDEN
2026-02-01 13:21:12.174 28903-28903 VRI[MainAc...y]@e68b231 com.rpeters.jellyfin                 I  ViewPostIme pointer 0
2026-02-01 13:21:12.194 28903-28903 VRI[MainAc...y]@e68b231 com.rpeters.jellyfin                 I  call setFrameRateCategory for touch hint category=high hint, reason=touch, vri=VRI[MainActivity]@e68b231
2026-02-01 13:21:12.219 28903-28903 VRI[MainAc...y]@e68b231 com.rpeters.jellyfin                 I  ViewPostIme pointer 1
2026-02-01 13:21:12.292 28903-28903 InputMethodManagerUtils com.rpeters.jellyfin                 D  startInputInner - Id : 0
2026-02-01 13:21:12.292 28903-28903 InputMethodManager      com.rpeters.jellyfin                 I  startInputInner - IInputMethodManagerGlobalInvoker.startInputOrWindowGainedFocus
2026-02-01 13:21:12.293 28903-28903 InputMethodManagerUtils com.rpeters.jellyfin                 D  startInputInner - Id : 0
2026-02-01 13:21:12.293 28903-28903 InputMethodManager      com.rpeters.jellyfin                 I  startInputInner - IInputMethodManagerGlobalInvoker.startInputOrWindowGainedFocus
2026-02-01 13:21:12.293 28903-28903 InsetsController        com.rpeters.jellyfin                 D  show(ime())
2026-02-01 13:21:12.293 28903-28903 ImeTracker              com.rpeters.jellyfin                 I  com.rpeters.jellyfin:c3c5e3bb: onRequestShow at ORIGIN_CLIENT reason SHOW_SOFT_INPUT_BY_INSETS_API fromUser false
2026-02-01 13:21:12.293 28903-28981 InputTransport          com.rpeters.jellyfin                 D  Input channel constructed: 'ClientS', fd=181
2026-02-01 13:21:12.294 28903-28981 InputTransport          com.rpeters.jellyfin                 D  Input channel constructed: 'ClientS', fd=205
2026-02-01 13:21:12.294 28903-28903 InsetsController        com.rpeters.jellyfin                 D  Setting requestedVisibleTypes to 511 (was 503)
2026-02-01 13:21:12.294 28903-28903 InsetsController        com.rpeters.jellyfin                 I  setRequestedVisibleTypes: visible=true, mask=ime, host=com.rpeters.jellyfin/com.rpeters.jellyfin.MainActivity, from=android.view.InsetsController.controlAnimationUnchecked:1646 android.view.InsetsController.applyAnimation:2278 android.view.InsetsController.applyAnimation:2207 android.view.InsetsController.show:1498 android.view.InsetsController.show:1435 androidx.core.view.SoftwareKeyboardControllerCompat$Impl30.show:189 androidx.core.view.SoftwareKeyboardControllerCompat.show:70 androidx.compose.ui.text.input.InputMethodManagerImpl.showSoftInput:81 androidx.compose.ui.text.input.TextInputServiceAndroid.setKeyboardVisibleImmediately:471 androidx.compose.ui.text.input.TextInputServiceAndroid.processInputCommands:355
2026-02-01 13:21:12.310 28903-28903 AssistStructure         com.rpeters.jellyfin                 I  Flattened final assist data: 1064 bytes, containing 1 windows, 6 views
2026-02-01 13:21:12.346 28903-28903 InputMethodManager_LC   com.rpeters.jellyfin                 I  showSoftInput(View,I)
2026-02-01 13:21:12.346 28903-28903 ImeTracker              com.rpeters.jellyfin                 I  com.rpeters.jellyfin:1995f977: onRequestShow at ORIGIN_CLIENT reason SHOW_SOFT_INPUT fromUser false
2026-02-01 13:21:12.346 28903-28903 InputMethodManager_LC   com.rpeters.jellyfin                 I  ssi(): flags=0 view=com.rpeters.jellyfin reason=SHOW_SOFT_INPUT
2026-02-01 13:21:12.346 28903-28903 InputMethodManager_LC   com.rpeters.jellyfin                 I  ssi() view is not EditText
2026-02-01 13:21:12.346 28903-28903 InsetsController        com.rpeters.jellyfin                 D  show(ime())
2026-02-01 13:21:12.346 28903-28903 ImeTracker              com.rpeters.jellyfin                 I  com.rpeters.jellyfin:1995f977: onCancelled at PHASE_CLIENT_REPORT_REQUESTED_VISIBLE_TYPES
2026-02-01 13:21:12.346 28903-28903 VRI[MainAc...y]@e68b231 com.rpeters.jellyfin                 I  handleResized, frames=ClientWindowFrames{frame=[0,0][1440,3120] display=[0,0][1440,3120] parentFrame=[0,0][0,0]} displayId=0 dragResizing=false compatScale=1.0 frameChanged=false attachedFrameChanged=false configChanged=false displayChanged=false compatScaleChanged=false dragResizingChanged=false
2026-02-01 13:21:12.347 28903-28903 Autofill Status         com.rpeters.jellyfin                 D  Autofill popup was shown.
2026-02-01 13:21:12.381 28903-28903 WindowOnBackDispatcher  com.rpeters.jellyfin                 D  setTopOnBackInvokedCallback (unwrapped): android.view.ImeBackAnimationController@a5a7c75
