2026-02-02 19:13:50.338  7117-7241  JellyfinRepository      com.rpeters.jellyfin                 D    TranscodingProfile[0]: codec=h265,hevc, container=mp4, protocol=http, conditions=2
2026-02-02 19:13:50.338  7117-7241  JellyfinRepository      com.rpeters.jellyfin                 D      Condition: Height LessThanEqual 2160
2026-02-02 19:13:50.338  7117-7241  JellyfinRepository      com.rpeters.jellyfin                 D      Condition: Width LessThanEqual 3840
2026-02-02 19:13:50.338  7117-7241  JellyfinRepository      com.rpeters.jellyfin                 D    TranscodingProfile[1]: codec=h264, container=mp4, protocol=hls, conditions=2
2026-02-02 19:13:50.338  7117-7241  JellyfinRepository      com.rpeters.jellyfin                 D      Condition: Height LessThanEqual 2160
2026-02-02 19:13:50.338  7117-7241  JellyfinRepository      com.rpeters.jellyfin                 D      Condition: Width LessThanEqual 3840
2026-02-02 19:13:50.338  7117-7241  JellyfinRepository      com.rpeters.jellyfin                 D    TranscodingProfile[2]: codec=, container=mp3, protocol=http, conditions=0
2026-02-02 19:13:50.617  7117-7241  JellyfinRepository      com.rpeters.jellyfin                 D  Server response:
2026-02-02 19:13:50.617  7117-7241  JellyfinRepository      com.rpeters.jellyfin                 D    PlaySessionId: 8d4d6b8bebf9459aa45de5658727392d
2026-02-02 19:13:50.617  7117-7241  JellyfinRepository      com.rpeters.jellyfin                 D    MediaSources: 1
2026-02-02 19:13:50.617  7117-7241  JellyfinRepository      com.rpeters.jellyfin                 D    MediaSource[0]:
2026-02-02 19:13:50.617  7117-7241  JellyfinRepository      com.rpeters.jellyfin                 D      Name: The Blacklist - S03E23 - Alexander Kirk - Conclusion Bluray-1080p
2026-02-02 19:13:50.617  7117-7241  JellyfinRepository      com.rpeters.jellyfin                 D      Container: mkv
2026-02-02 19:13:50.617  7117-7241  JellyfinRepository      com.rpeters.jellyfin                 D      Size: 3517890093
2026-02-02 19:13:50.617  7117-7241  JellyfinRepository      com.rpeters.jellyfin                 D      IsRemote: false
2026-02-02 19:13:50.617  7117-7241  JellyfinRepository      com.rpeters.jellyfin                 D      Video Stream: h264, 1920x1080, bitrate=10982424
2026-02-02 19:13:50.617  7117-7241  JellyfinRepository      com.rpeters.jellyfin                 D      SupportsDirectPlay: false
2026-02-02 19:13:50.617  7117-7241  JellyfinRepository      com.rpeters.jellyfin                 D      SupportsDirectStream: false
2026-02-02 19:13:50.617  7117-7241  JellyfinRepository      com.rpeters.jellyfin                 D      SupportsTranscoding: true
2026-02-02 19:13:50.617  7117-7241  JellyfinRepository      com.rpeters.jellyfin                 D      TranscodingUrl: /videos/78f6d0d7-199f-f971-d1a8-610d7c74266f/master.m3u8?&DeviceId=android-jellyfin-client&MediaSourceId=78f6d0d7199ff971d1a8610d7c74266f&VideoCodec=h264&AudioCodec=aac,opus&AudioStreamIndex=2&VideoBitrate=78464000&AudioBitrate=1536000&MaxFramerate=23.975986&MaxWidth=3840&MaxHeight=2160&SegmentContainer=mp4&SegmentLength=6&MinSegments=2&BreakOnNonKeyFrames=False&PlaySessionId=8d4d6b8bebf9459aa45de5658727392d&ApiKey=ae843c07a0754bfe99265f95a1ecabf8&RequireAvc=false&EnableAudioVbrEncoding=true&Tag=57e9d5bbca4347181a9647f503eb0f23&h264-level=41&h264-videobitdepth=8&h264-profile=high&TranscodeReasons=AudioCodecNotSupported
2026-02-02 19:13:50.617  7117-7241  JellyfinRepository      com.rpeters.jellyfin                 D      Transcoding resolution: 3840x2160
2026-02-02 19:13:50.618  7117-7241  JellyfinRepository      com.rpeters.jellyfin                 D  PlaybackInfo response: playSessionId=*** mediaSources=1
2026-02-02 19:13:50.618  7117-7241  JellyfinRepository      com.rpeters.jellyfin                 D  [VERBOSE] PlaybackInfo sources: id=78f6d0d7199ff971d1a8610d7c74266f, directPlay=false, directStream=false, transcode=true, container=mkv, transcodingUrl=true
2026-02-02 19:13:50.618  7117-7241  EnhancedPlaybackManager com.rpeters.jellyfin                 D  Server recommends transcoding: id=78f6d0d7199ff971d1a8610d7c74266f, container=mkv, directPlay=false, transcode=true
2026-02-02 19:13:50.619  7117-7117  JobService              com.rpeters.jellyfin                 W  onNetworkChanged() not implemented in com.google.android.datatransport.runtime.scheduling.jobscheduling.JobInfoSchedulerService. Must override in a subclass.
2026-02-02 19:13:50.620  7117-7241  DeviceCapabilities      com.rpeters.jellyfin                 D  Detected total RAM: 11653MB
2026-02-02 19:13:50.621  7117-7241  DeviceCapabilities      com.rpeters.jellyfin                 D  Hardware codecs: [flac, mp3, ac3, eac3, h264, h265, vp9, av1, mpeg4]
2026-02-02 19:13:50.622  7117-7241  DeviceCapabilities      com.rpeters.jellyfin                 D  Software codecs: [aac, flac, mp3, opus, pcm, vorbis, av1, h264, h263, h265, mpeg4, vp8, vp9]
2026-02-02 19:13:50.622  7117-7241  EnhancedPlaybackManager com.rpeters.jellyfin                 D  Transcoding params: source=1920x1080, target=1920x1080, bitrate=20Mbps, networkQuality=HIGH
2026-02-02 19:13:50.622  7117-7241  EnhancedPlaybackManager com.rpeters.jellyfin                 D  [VERBOSE] Server-directed transcoding: https://rpeters1428.huron.usbx.me/jellyfin/Videos/UUID-***/stream?MaxStreamingBitrate=20000000&MaxWidth=1920&MaxHeight=1080&VideoCodec=h264&AudioCodec=opus&Container=mp4&TranscodingMaxAudioChannels=2&BreakOnNonKeyFrames=true&AllowVideoStreamCopy=true&AllowAudioStreamCopy=true&MediaSourceId=78f6d0d7199ff971d1a8610d7c74266f&PlaySessionId=***
2026-02-02 19:13:50.625  7117-7117  VideoPlayer             com.rpeters.jellyfin                 D  Transcoding: 1920x1080 h264/opus @ 20Mbps - Optimized for HIGH network quality
2026-02-02 19:13:50.625  7117-7117  VideoPlayer             com.rpeters.jellyfin                 D  Transcoding: 1920x1080 h264/opus @ 20Mbps - Optimized for HIGH network quality
2026-02-02 19:13:50.625  7117-7117  VideoPlayer             com.rpeters.jellyfin                 D  Using auto-detection for transcoded stream
2026-02-02 19:13:50.625  7117-7117  PlaybackProgressManager com.rpeters.jellyfin                 D  Loading existing progress for item: 78f6d0d7-199f-f971-d1a8-610d7c74266f
2026-02-02 19:13:50.626  7117-7117  PlaybackProgressManager com.rpeters.jellyfin                 D  Started tracking for item: 78f6d0d7-199f-f971-d1a8-610d7c74266f
2026-02-02 19:13:50.626  7117-7241  RepositoryUtils         com.rpeters.jellyfin                 D  [VERBOSE] validateServer: Server validation passed for user rpeters1428 on https://rpeters1428.huron.usbx.me/jellyfin
2026-02-02 19:13:50.626  7117-7117  VideoPlayer             com.rpeters.jellyfin                 D  Final stream URL: https://rpeters1428.huron.usbx.me/jellyfin/Videos/UUID-***/stream?MaxStreamingBitrate=20000000&MaxWidth=1920&MaxHeight=1080&VideoCodec=h264&AudioCodec=opus&Container=mp4&TranscodingMaxAudioChannels=2&BreakOnNonKeyFrames=true&AllowVideoStreamCopy=true&AllowAudioStreamCopy=true&MediaSourceId=78f6d0d7199ff971d1a8610d7c74266f&PlaySessionId=***
2026-02-02 19:13:50.626  7117-7117  VideoPlayer             com.rpeters.jellyfin                 D  Final stream URL: https://rpeters1428.huron.usbx.me/jellyfin/Videos/78f6d0d7-199f-f971-d1a8-610d7c74266f/stream?MaxStreamingBitrate=20000000&MaxWidth=1920&MaxHeight=1080&VideoCodec=h264&AudioCodec=opus&Container=mp4&TranscodingMaxAudioChannels=2&BreakOnNonKeyFrames=true&AllowVideoStreamCopy=true&AllowAudioStreamCopy=true&MediaSourceId=78f6d0d7199ff971d1a8610d7c74266f&PlaySessionId=8d4d6b8bebf9459aa45de5658727392d
2026-02-02 19:13:50.626  7117-7117  VideoPlayer             com.rpeters.jellyfin                 D  MIME type: null
2026-02-02 19:13:50.626  7117-7117  VideoPlayer             com.rpeters.jellyfin                 D  MIME type: null
2026-02-02 19:13:50.626  7117-7117  VideoPlayer             com.rpeters.jellyfin                 D  URL Parameters:
2026-02-02 19:13:50.626  7117-7117  VideoPlayer             com.rpeters.jellyfin                 D  URL Parameters:
2026-02-02 19:13:50.626  7117-7117  VideoPlayer             com.rpeters.jellyfin                 D    MaxStreamingBitrate = 20000000
2026-02-02 19:13:50.626  7117-7117  VideoPlayer             com.rpeters.jellyfin                 D    MaxStreamingBitrate = 20000000
2026-02-02 19:13:50.627  7117-7117  VideoPlayer             com.rpeters.jellyfin                 D    MaxWidth = 1920
2026-02-02 19:13:50.627  7117-7117  VideoPlayer             com.rpeters.jellyfin                 D    MaxWidth = 1920
2026-02-02 19:13:50.627  7117-7117  VideoPlayer             com.rpeters.jellyfin                 D    MaxHeight = 1080
2026-02-02 19:13:50.627  7117-7117  VideoPlayer             com.rpeters.jellyfin                 D    MaxHeight = 1080
2026-02-02 19:13:50.627  7117-7117  VideoPlayer             com.rpeters.jellyfin                 D    VideoCodec = h264
2026-02-02 19:13:50.627  7117-7117  VideoPlayer             com.rpeters.jellyfin                 D    VideoCodec = h264
2026-02-02 19:13:50.627  7117-7117  VideoPlayer             com.rpeters.jellyfin                 D    AudioCodec = opus
2026-02-02 19:13:50.627  7117-7117  VideoPlayer             com.rpeters.jellyfin                 D    AudioCodec = opus
2026-02-02 19:13:50.628  7117-7117  VideoPlayer             com.rpeters.jellyfin                 D    Container = mp4
2026-02-02 19:13:50.628  7117-7117  VideoPlayer             com.rpeters.jellyfin                 D    Container = mp4
2026-02-02 19:13:50.632  7117-7117  ExoPlayerImpl           com.rpeters.jellyfin                 I  Init 892860c [AndroidXMedia3/1.9.1] [pa3q, SM-S938U1, samsung, 36]
2026-02-02 19:13:50.633  7117-7117  DefaultRenderersFactory com.rpeters.jellyfin                 I  Loaded FfmpegVideoRenderer.
2026-02-02 19:13:50.634  7117-7117  DefaultRenderersFactory com.rpeters.jellyfin                 I  Loaded FfmpegAudioRenderer.
2026-02-02 19:13:50.636  7117-7117  VideoPlayer             com.rpeters.jellyfin                 D  Created MediaItem with MIME type: null
2026-02-02 19:13:50.640  7117-7117  VideoPlayer             com.rpeters.jellyfin                 D  State: BUFFERING, isPlaying: false
2026-02-02 19:13:50.640  7117-7117  VideoPlayer             com.rpeters.jellyfin                 D  Duration update: rawDuration=-9223372036854775807, currentDuration=2562560, validDuration=2562560
2026-02-02 19:13:50.641  7117-7117  VideoPlayer             com.rpeters.jellyfin                 D  Player prepared successfully
2026-02-02 19:13:50.662  7117-7117  SV[9096215...rActivity] com.rpeters.jellyfin                 D  skip updating surface, 5
2026-02-02 19:13:50.685  7117-7117  InsetsController        com.rpeters.jellyfin                 I  onStateChanged: host=com.rpeters.jellyfin/com.rpeters.jellyfin.ui.player.VideoPlayerActivity, from=android.view.ViewRootImpl.onInsetsStateChanged:3038, state=InsetsState: {mDisplayFrame=Rect(0, 0 - 3120, 1440), mDisplayCutout=DisplayCutout{insets=Rect(128, 0 - 0, 0) waterfall=Insets{left=0, top=0, right=0, bottom=0} boundingRect={Bounds=[Rect(0, 685 - 128, 755), Rect(0, 0 - 0, 0), Rect(0, 0 - 0, 0), Rect(0, 0 - 0, 0)]} cutoutPathParserInfo={CutoutPathParserInfo{displayWidth=1440 displayHeight=3120 physicalDisplayWidth=1440 physicalDisplayHeight=3120 density={3.75} cutoutSpec={M 0,0 H -9.333333333333333 V 34.13333333333333 H 9.333333333333333 V 0 H 0 Z @dp} rotation={1} scale={1.0} physicalPixelDisplaySizeRatio={1.0}}} sideOverrides={}}, mRoundedCorners=RoundedCorners{[RoundedCorner{position=TopLeft, radius=56, center=Point(56, 56)}, RoundedCorner{position=TopRight, radius=56, center=Point(3064, 56)}, RoundedCorner{position=BottomRight, radius=56, center=Point(3064, 1384)}, RoundedCorner{position=BottomLeft, radius=56, center=Point(56, 1384)}]}  mRoundedCornerFrame=Rect(0, 0 - 3120, 1440), mPrivacyIndicatorBounds=PrivacyIndicatorBounds {static bounds=Rect(2955, 0 - 3120, 113) rotation=1}, mDisplayShape=DisplayShape{ spec=-311912193 displayWidth=1440 displayHeight=3120 physicalPixelDisplaySizeRatio=1.0 rotation=1 offsetX=0 offsetY=0 scale=1.0}, mSources= { InsetsSource: {91450001 mType=navigationBars mFrame=[0,1384][3120,1440] mAttachedInsets=null mVisible=false mFlags=SUPPRESS_SCRIM mSideHint=BOTTOM mBoundingRects=null}, InsetsSource: {91450004 mType=systemGestures mFrame=[0,0][240,1440] mAttachedInsets=null mVisible=true mFlags= mSideHint=LEFT mBoundingRects=null}, InsetsSource: {91450005 mType=mandatorySystemGestures mFrame=[0,1320][3120,1440] mAttachedInsets=null mVisible=true mFlags= mSideHint=BOTTOM mBoundingRects=null}, InsetsSource: {91450006 mType=tappableElement mFrame=[0,0][0,0] mAttachedInsets=null mVisible=true mFlags= mSideHint=NONE mBoundingRects=null}, InsetsSource: {91450024 mType=systemGestures mFrame=[3008,0][3120,1440] mAttachedInsets=null mVisible=true mFlags= mSideHint=RIGHT mBoundingRects=null}, InsetsSource: {9c550000 mType=statusBars mFrame=[0,0][3120,113] mAttachedInsets=null mVisible=false mFlags= mSideHint=TOP mBoundingRects=null}, InsetsSource: {9c550005 mType=mandatorySystemGestures mFrame=[0,0][3120,113] mAttachedInsets=null mVisible=true mFlags= mSideHint=TOP mBoundingRects=null}, InsetsSource: {9c550006 mType=tappableElement mFrame=[0,0][3120,113] mAttachedInsets=null mVisible=true mFlags= mSideHint=TOP mBoundingRects=null}, InsetsSource: {3 mType=ime mFrame=[0,0][0,0] mAttachedInsets=null mVisible=false mFlags=INVALID mSideHint=NONE mBoundingRects=null}, InsetsSource: {7 mType=displayCutout mFrame=[0,0][128,1440] mAttachedInsets=null mVisible=true mFlags= mSideHint=LEFT mBoundingRects=null} }
2026-02-02 19:13:50.685  7117-7117  VRI[VideoP...y]@17d6266 com.rpeters.jellyfin                 I  handleResized, frames=ClientWindowFrames{frame=[0,0][3120,1440] display=[0,0][3120,1440] parentFrame=[0,0][0,0]} displayId=0 dragResizing=false compatScale=1.0 frameChanged=true attachedFrameChanged=false configChanged=true displayChanged=false compatScaleChanged=false dragResizingChanged=false
2026-02-02 19:13:50.685  7117-7117  VRI[VideoP...y]@17d6266 com.rpeters.jellyfin                 I  handleResized mSyncSeqId = 0
2026-02-02 19:13:50.685  7117-7117  VRI[VideoP...y]@17d6266 com.rpeters.jellyfin                 D  reportNextDraw android.view.ViewRootImpl.handleResized:2995 android.view.ViewRootImpl.-$$Nest$mhandleResized:0 android.view.ViewRootImpl$W.resized:14196 android.app.servertransaction.WindowStateResizeItem.execute:81 android.app.servertransaction.WindowStateTransactionItem.execute:62
2026-02-02 19:13:50.709  7117-7117  VRI[VideoP...y]@17d6266 com.rpeters.jellyfin                 D  WindowInsets changed: 3120x1440 mandatorySystemGestures:[0,113,0,120]
2026-02-02 19:13:50.709  7117-7117  BLASTBufferQueue_Java   com.rpeters.jellyfin                 I  update, w= 3120 h= 1440 mName = VRI[VideoPlayerActivity]@17d6266 mNativeObject= 0xb4000073e3d77920 sc.mNativeObject= 0xb400007273d22750 format= -3 caller= android.view.ViewRootImpl.updateBlastSurfaceIfNeeded:3592 android.view.ViewRootImpl.relayoutWindow:11809 android.view.ViewRootImpl.performTraversals:4839 android.view.ViewRootImpl.doTraversal:3959 android.view.ViewRootImpl$TraversalRunnable.run:13030 android.view.Choreographer$CallbackRecord.run:1961
2026-02-02 19:13:50.709  7117-7117  VRI[VideoP...y]@17d6266 com.rpeters.jellyfin                 I  Relayout returned: old=(0,0,3120,1440) new=(0,0,3120,1440) relayoutAsync=true req=(3120,1440)0 dur=0 res=0x0 s={true 0xb400007333e0d9f0} ch=false seqId=0
2026-02-02 19:13:50.709  7117-7117  VRI[VideoP...y]@17d6266 com.rpeters.jellyfin                 D  mThreadedRenderer.updateSurface() mSurface={isValid=true 0xb400007333e0d9f0}
2026-02-02 19:13:50.710  7117-7117  VRI[VideoP...y]@17d6266 com.rpeters.jellyfin                 I  updateBoundsLayer: t=android.view.SurfaceControl$Transaction@f30d903 sc=Surface(name=Bounds for - com.rpeters.jellyfin/com.rpeters.jellyfin.ui.player.VideoPlayerActivity@0#175053)/@0x53d8080 frame=136
2026-02-02 19:13:50.710  7117-7117  SurfaceView             com.rpeters.jellyfin                 I  90962158 Changes: creating=false format=false size=true visible=false alpha=false hint=true left=false top=false z=false attached=true lifecycleStrategy=false
2026-02-02 19:13:50.710  7117-7117  SurfaceView             com.rpeters.jellyfin                 I  90962158 Cur surface: Surface(name=null mNativeObject=-5476376652090850896)/@0x10308bb
2026-02-02 19:13:50.710  7117-7117  BLASTBufferQueue_Java   com.rpeters.jellyfin                 I  update, w= 3120 h= 1440 mName = 56bf8ee SurfaceView[com.rpeters.jellyfin/com.rpeters.jellyfin.ui.player.VideoPlayerActivity]@0 mNativeObject= 0xb4000073e3d06ae0 sc.mNativeObject= 0xb400007273d26ad0 format= 4 caller= android.view.SurfaceView.setBufferSize:1800 android.view.SurfaceView.performSurfaceTransaction:1295 android.view.SurfaceView.updateSurface:1550 android.view.SurfaceView.setFrame:746 android.view.View.layout:27355 android.widget.FrameLayout.layoutChildren:345
2026-02-02 19:13:50.710  7117-7117  SV[9096215...rActivity] com.rpeters.jellyfin                 I  pST: sr = Rect(0, 0 - 3120, 1440) sw = 3120 sh = 1440
2026-02-02 19:13:50.710  7117-7117  SurfaceView             com.rpeters.jellyfin                 D  90962158 performSurfaceTransaction RenderWorker position = [0, 0, 3120, 1440] surfaceSize = 3120x1440
2026-02-02 19:13:50.710  7117-7117  SV[9096215...rActivity] com.rpeters.jellyfin                 I  updateSurface: mVisible = true mSurface.isValid() = true
2026-02-02 19:13:50.710  7117-7117  SV[9096215...rActivity] com.rpeters.jellyfin                 I  updateSurface: mSurfaceCreated = true surfaceChanged = false visibleChanged = false
2026-02-02 19:13:50.710  7117-7117  SurfaceView             com.rpeters.jellyfin                 I  90962158 surfaceChanged -- format=4 w=3120 h=1440
2026-02-02 19:13:50.710  7117-7117  SV[9096215...rActivity] com.rpeters.jellyfin                 I  surfaceChanged (3120,1440) 1 #5 android.view.SurfaceView{56bf8ee V.E...... ......ID 0,0-3120,1440}
2026-02-02 19:13:50.710  7117-7117  SurfaceView             com.rpeters.jellyfin                 I  90962158 surfaceRedrawNeeded
2026-02-02 19:13:50.710  7117-7117  SurfaceView             com.rpeters.jellyfin                 I  90962158 finishedDrawing
2026-02-02 19:13:50.710  7117-7117  SurfaceView             com.rpeters.jellyfin                 V  Layout: x=0 y=0 w=3120 h=1440, frame=Rect(0, 0 - 3120, 1440)
2026-02-02 19:13:50.712  7117-7117  VRI[VideoP...y]@17d6266 com.rpeters.jellyfin                 D  Setup new sync=wmsSync-VRI[VideoPlayerActivity]@17d6266#8
2026-02-02 19:13:50.712  7117-7117  VRI[VideoP...y]@17d6266 com.rpeters.jellyfin                 I  Creating new active sync group VRI[VideoPlayerActivity]@17d6266#9
2026-02-02 19:13:50.712  7117-7117  VRI[VideoP...y]@17d6266 com.rpeters.jellyfin                 D  registerCallbacksForSync syncBuffer=false
2026-02-02 19:13:50.717  7117-7242  SurfaceView             com.rpeters.jellyfin                 D  90962158 updateSurfacePosition RenderWorker, frameNr = 136, position = [0, 0, 3120, 1440] surfaceSize = 3120x1440
2026-02-02 19:13:50.717  7117-7242  SV[9096215...rActivity] com.rpeters.jellyfin                 I  uSP: rtp = Rect(0, 0 - 3120, 1440) rtsw = 3120 rtsh = 1440
2026-02-02 19:13:50.717  7117-7242  SV[9096215...rActivity] com.rpeters.jellyfin                 I  onSSPAndSRT: pl = 0 pt = 0 sx = 1.0 sy = 1.0
2026-02-02 19:13:50.717  7117-7242  SV[9096215...rActivity] com.rpeters.jellyfin                 I  aOrMT: VRI[VideoPlayerActivity]@17d6266 t = android.view.SurfaceControl$Transaction@e4fde57 fN = 136 android.view.SurfaceView.-$$Nest$mapplyOrMergeTransaction:0 android.view.SurfaceView$SurfaceViewPositionUpdateListener.positionChanged:2029 android.graphics.RenderNode$CompositePositionUpdateListener.positionChanged:401
2026-02-02 19:13:50.717  7117-7242  VRI[VideoP...y]@17d6266 com.rpeters.jellyfin                 I  mWNT: t=0xb400007313d35f50 mBlastBufferQueue=0xb4000073e3d77920 fn= 136 HdrRenderState mRenderHdrSdrRatio=1.0 caller= android.view.SurfaceView.applyOrMergeTransaction:1960 android.view.SurfaceView.-$$Nest$mapplyOrMergeTransaction:0 android.view.SurfaceView$SurfaceViewPositionUpdateListener.positionChanged:2029
2026-02-02 19:13:50.717  7117-7266  VRI[VideoP...y]@17d6266 com.rpeters.jellyfin                 D  Received frameDrawingCallback syncResult=0 frameNum=136.
2026-02-02 19:13:50.717  7117-7266  VRI[VideoP...y]@17d6266 com.rpeters.jellyfin                 I  mWNT: t=0xb400007313dca640 mBlastBufferQueue=0xb4000073e3d77920 fn= 136 HdrRenderState mRenderHdrSdrRatio=1.0 caller= android.view.ViewRootImpl$12.onFrameDraw:15557 android.view.ThreadedRenderer$1.onFrameDraw:751 <bottom of call stack>
2026-02-02 19:13:50.717  7117-7266  VRI[VideoP...y]@17d6266 com.rpeters.jellyfin                 I  Setting up sync and frameCommitCallback
2026-02-02 19:13:50.719  7117-7242  VRI[VideoP...y]@17d6266 com.rpeters.jellyfin                 I  Received frameCommittedCallback lastAttemptedDrawFrameNum=136 didProduceBuffer=true
2026-02-02 19:13:50.719  7117-7117  VRI[VideoP...y]@17d6266 com.rpeters.jellyfin                 D  reportDrawFinished seqId=0
2026-02-02 19:13:50.721  7117-7117  InsetsSourceConsumer    com.rpeters.jellyfin                 I  applyRequestedVisibilityToControl: visible=false, type=statusBars, host=com.rpeters.jellyfin/com.rpeters.jellyfin.ui.player.VideoPlayerActivity
2026-02-02 19:13:50.724  7117-7265  VRI[VideoP...y]@17d6266 com.rpeters.jellyfin                 I  mWNT: t=0xb400007313dcb8c0 mBlastBufferQueue=0xb4000073e3d77920 fn= 138 HdrRenderState mRenderHdrSdrRatio=1.0 caller= android.view.SyncRtSurfaceTransactionApplier.applyTransaction:102 android.view.SyncRtSurfaceTransactionApplier.lambda$scheduleApply$0:75 android.view.SyncRtSurfaceTransactionApplier.$r8$lambda$afI4fXg3U3-nBZQEDQMiNy-B06s:0
2026-02-02 19:13:50.740  7117-7117  InsetsController        com.rpeters.jellyfin                 I  onStateChanged: host=com.rpeters.jellyfin/com.rpeters.jellyfin.ui.player.VideoPlayerActivity, from=android.view.ViewRootImpl.onInsetsStateChanged:3038, state=InsetsState: {mDisplayFrame=Rect(0, 0 - 3120, 1440), mDisplayCutout=DisplayCutout{insets=Rect(128, 0 - 0, 0) waterfall=Insets{left=0, top=0, right=0, bottom=0} boundingRect={Bounds=[Rect(0, 685 - 128, 755), Rect(0, 0 - 0, 0), Rect(0, 0 - 0, 0), Rect(0, 0 - 0, 0)]} cutoutPathParserInfo={CutoutPathParserInfo{displayWidth=1440 displayHeight=3120 physicalDisplayWidth=1440 physicalDisplayHeight=3120 density={3.75} cutoutSpec={M 0,0 H -9.333333333333333 V 34.13333333333333 H 9.333333333333333 V 0 H 0 Z @dp} rotation={1} scale={1.0} physicalPixelDisplaySizeRatio={1.0}}} sideOverrides={}}, mRoundedCorners=RoundedCorners{[RoundedCorner{position=TopLeft, radius=56, center=Point(56, 56)}, RoundedCorner{position=TopRight, radius=56, center=Point(3064, 56)}, RoundedCorner{position=BottomRight, radius=56, center=Point(3064, 1384)}, RoundedCorner{position=BottomLeft, radius=56, center=Point(56, 1384)}]}  mRoundedCornerFrame=Rect(0, 0 - 3120, 1440), mPrivacyIndicatorBounds=PrivacyIndicatorBounds {static bounds=Rect(2955, 0 - 3120, 113) rotation=1}, mDisplayShape=DisplayShape{ spec=-311912193 displayWidth=1440 displayHeight=3120 physicalPixelDisplaySizeRatio=1.0 rotation=1 offsetX=0 offsetY=0 scale=1.0}, mSources= { InsetsSource: {91450001 mType=navigationBars mFrame=[0,1384][3120,1440] mAttachedInsets=null mVisible=false mFlags=SUPPRESS_SCRIM mSideHint=BOTTOM mBoundingRects=null}, InsetsSource: {91450004 mType=systemGestures mFrame=[0,0][240,1440] mAttachedInsets=null mVisible=true mFlags= mSideHint=LEFT mBoundingRects=null}, InsetsSource: {91450005 mType=mandatorySystemGestures mFrame=[0,1320][3120,1440] mAttachedInsets=null mVisible=true mFlags= mSideHint=BOTTOM mBoundingRects=null}, InsetsSource: {91450006 mType=tappableElement mFrame=[0,0][0,0] mAttachedInsets=null mVisible=true mFlags= mSideHint=NONE mBoundingRects=null}, InsetsSource: {91450024 mType=systemGestures mFrame=[3008,0][3120,1440] mAttachedInsets=null mVisible=true mFlags= mSideHint=RIGHT mBoundingRects=null}, InsetsSource: {9c550000 mType=statusBars mFrame=[0,0][3120,113] mAttachedInsets=null mVisible=false mFlags= mSideHint=TOP mBoundingRects=null}, InsetsSource: {9c550005 mType=mandatorySystemGestures mFrame=[0,0][3120,113] mAttachedInsets=null mVisible=true mFlags= mSideHint=TOP mBoundingRects=null}, InsetsSource: {9c550006 mType=tappableElement mFrame=[0,0][3120,113] mAttachedInsets=null mVisible=true mFlags= mSideHint=TOP mBoundingRects=null}, InsetsSource: {3 mType=ime mFrame=[0,0][0,0] mAttachedInsets=null mVisible=false mFlags=INVALID mSideHint=NONE mBoundingRects=null}, InsetsSource: {7 mType=displayCutout mFrame=[0,0][128,1440] mAttachedInsets=null mVisible=true mFlags= mSideHint=LEFT mBoundingRects=null} }
2026-02-02 19:13:50.740  7117-7117  InsetsSourceConsumer    com.rpeters.jellyfin                 I  applyRequestedVisibilityToControl: visible=false, type=navigationBars, host=com.rpeters.jellyfin/com.rpeters.jellyfin.ui.player.VideoPlayerActivity
2026-02-02 19:13:50.749  7117-7266  VRI[VideoP...y]@17d6266 com.rpeters.jellyfin                 I  mWNT: t=0xb400007313dcd480 mBlastBufferQueue=0xb4000073e3d77920 fn= 141 HdrRenderState mRenderHdrSdrRatio=1.0 caller= android.view.SyncRtSurfaceTransactionApplier.applyTransaction:102 android.view.SyncRtSurfaceTransactionApplier.lambda$scheduleApply$0:75 android.view.SyncRtSurfaceTransactionApplier.$r8$lambda$afI4fXg3U3-nBZQEDQMiNy-B06s:0
2026-02-02 19:13:51.855  7117-7200  TRuntime.C...ortBackend com.rpeters.jellyfin                 I  Status Code: 200
2026-02-02 19:13:51.866  7117-7117  peters.jellyfin         com.rpeters.jellyfin                 I  hiddenapi: Accessing hidden field Landroid/app/ActivityThread;->mServices:Landroid/util/ArrayMap; (runtime_flags=0, domain=platform, api=unsupported) from Lleakcanary/ServiceWatcher$activityThreadServices$2; (domain=app, TargetSdkVersion=35) using reflection: allowed
2026-02-02 19:13:51.866  7117-7117  LeakCanary              com.rpeters.jellyfin                 D  Watching instance of com.google.android.datatransport.runtime.scheduling.jobscheduling.JobInfoSchedulerService (com.google.android.datatransport.runtime.scheduling.jobscheduling.JobInfoSchedulerService received Service#onDestroy() callback) with key ac496ac8-9769-46b2-8354-e0b1b21193bd
2026-02-02 19:13:51.969  7117-7140  InputTransport          com.rpeters.jellyfin                 D  Input channel destroyed: 'ClientS', fd=302
2026-02-02 19:13:52.729  7117-7700  AudioSystem             com.rpeters.jellyfin                 D  onNewService: media.audio_policy service obtained 0xb400007283d49d10
2026-02-02 19:13:52.729  7117-7700  AudioSystem             com.rpeters.jellyfin                 D  getService: IAudioPolicyService retrieved: 0xb400007283d49d10  cached: 0xb400007283d49d10
2026-02-02 19:13:52.735  7117-7700  AudioManager            com.rpeters.jellyfin                 I  getParameters keys = offloadVariableRateSupported
2026-02-02 19:13:52.739  7117-7700  nativeloader            com.rpeters.jellyfin                 D  Load /data/app/~~S7RaaAzHlW5ya-Vyu-hGsw==/com.rpeters.jellyfin--IHpzmQrYRQf3ctGY6Tjiw==/base.apk!/lib/arm64-v8a/libffmpegJNI.so using class loader ns clns-9 (caller=/data/app/~~S7RaaAzHlW5ya-Vyu-hGsw==/com.rpeters.jellyfin--IHpzmQrYRQf3ctGY6Tjiw==/base.apk!classes20.dex): ok
2026-02-02 19:13:52.740  7117-7700  FfmpegLibrary           com.rpeters.jellyfin                 W  No opus decoder available. Check the FFmpeg build configuration.
2026-02-02 19:13:52.747  7117-7700  DMCodecAdapterFactory   com.rpeters.jellyfin                 I  Creating an asynchronous MediaCodec adapter for track type video
2026-02-02 19:13:52.749  7117-7724  CCodec                  com.rpeters.jellyfin                 I  state->set(ALLOCATING)
2026-02-02 19:13:52.749  7117-7727  RuntimeProperty         com.rpeters.jellyfin                 D  ro.soc.model: SM8750
2026-02-02 19:13:52.749  7117-7727  RuntimeProperty         com.rpeters.jellyfin                 D  ro.board.platform: sun
2026-02-02 19:13:52.749  7117-7727  CCodec                  com.rpeters.jellyfin                 I  allocate(c2.qti.avc.decoder)
2026-02-02 19:13:52.749  7117-7727  CCodec                  com.rpeters.jellyfin                 D  allocate(c2.qti.avc.decoder)
2026-02-02 19:13:52.750  7117-7117  VideoPlayer             com.rpeters.jellyfin                 D  Updated available qualities: [1080p]
2026-02-02 19:13:52.751  7117-7727  ApexCodecsLazy          com.rpeters.jellyfin                 I  ApexCodecs loaded
2026-02-02 19:13:52.751  7117-7727  Codec2Client            com.rpeters.jellyfin                 I  Available Codec2 services: "default" "default1" "software" "__ApexCodecs__"
2026-02-02 19:13:52.752  7117-7727  CCodec                  com.rpeters.jellyfin                 I  setting up 'default' as default (vendor) store
2026-02-02 19:13:52.755  7117-7727  CCodec                  com.rpeters.jellyfin                 I  Created component [c2.qti.avc.decoder] for [c2.qti.avc.decoder]
2026-02-02 19:13:52.755  7117-7727  CCodec                  com.rpeters.jellyfin                 I  [c2.qti.avc.decoder] state->set(ALLOCATED)
2026-02-02 19:13:52.755  7117-7727  CCodecConfig            com.rpeters.jellyfin                 D  read media type: video/avc
2026-02-02 19:13:52.755  7117-7727  ReflectedParamUpdater   com.rpeters.jellyfin                 D  extent() != 1 for single value type: vendor.qti-ext-info-hist_hdr.stats_info
2026-02-02 19:13:52.755  7117-7727  ReflectedParamUpdater   com.rpeters.jellyfin                 D  extent() != 1 for single value type: vendor.qti-ext-info-hist_hdr.reserved
2026-02-02 19:13:52.755  7117-7727  ReflectedParamUpdater   com.rpeters.jellyfin                 D  extent() != 1 for single value type: vendor.qti-ext-transcode-info-stats.stats_info
2026-02-02 19:13:52.756  7117-7727  ReflectedParamUpdater   com.rpeters.jellyfin                 D  ignored struct field vendor.output.configs.portConfigs
2026-02-02 19:13:52.756  7117-7727  ReflectedParamUpdater   com.rpeters.jellyfin                 D  extent() != 1 for single value type: output.buffers.pool-ids.values
2026-02-02 19:13:52.756  7117-7727  ReflectedParamUpdater   com.rpeters.jellyfin                 D  ignored struct field vendor.input.configs.portConfigs
2026-02-02 19:13:52.757  7117-7727  ReflectedParamUpdater   com.rpeters.jellyfin                 D  extent() != 1 for single value type: output.subscribed-indices.values
2026-02-02 19:13:52.757  7117-7727  CCodecConfig            com.rpeters.jellyfin                 D  ignoring local param raw.size (0xd2001800) as it is already supported
2026-02-02 19:13:52.757  7117-7727  CCodecConfig            com.rpeters.jellyfin                 D  ignoring local param default.color (0x5200180b) as it is already supported
2026-02-02 19:13:52.757  7117-7727  CCodecConfig            com.rpeters.jellyfin                 D  ignoring local param raw.hdr-static-info (0xd200180a) as it is already supported
2026-02-02 19:13:52.757  7117-7727  CCodec                  com.rpeters.jellyfin                 I  [c2.qti.avc.decoder] config->initialize() : 0
2026-02-02 19:13:52.757  7117-7727  CCodecConfig            com.rpeters.jellyfin                 I  query failed after returning 17 values (BAD_INDEX)
2026-02-02 19:13:52.757  7117-7727  CCodecConfig            com.rpeters.jellyfin                 D  c2 config diff is Dict {
                                                                                                      c2::i32 algo.priority.value = -4
                                                                                                      c2::float algo.rate.value = 1
                                                                                                      c2::u32 algo.secure-mode.value = 0
                                                                                                      c2::float coded.frame-rate.value = 1
                                                                                                      c2::u32 coded.pl.level = 0
                                                                                                      c2::u32 coded.pl.profile = 20484
                                                                                                      c2::u32 coded.vui.color.matrix = 255
                                                                                                      c2::u32 coded.vui.color.primaries = 0
                                                                                                      c2::u32 coded.vui.color.range = 0
                                                                                                      c2::u32 coded.vui.color.transfer = 255
                                                                                                      c2::u32 default.color.matrix = 0
                                                                                                      c2::u32 default.color.primaries = 0
                                                                                                      c2::u32 default.color.range = 0
                                                                                                      c2::u32 default.color.transfer = 0
                                                                                                      c2::u32 input.buffers.max-size.value = 8388608
                                                                                                      c2::u32 input.delay.value = 0
                                                                                                      string input.media-type.value = "video/avc"
                                                                                                      c2::u32 output.delay.value = 4
                                                                                                      string output.media-type.value = "video/raw"
                                                                                                      c2::u32 raw.color.matrix = 0
                                                                                                      c2::u32 raw.color.primaries = 0
                                                                                                      c2::u32 raw.color.range = 0
                                                                                                      c2::u32 raw.color.transfer = 0
                                                                                                      c2::float raw.hdr-static-info.mastering.blue.x = 0
                                                                                                      c2::float raw.hdr-static-info.mastering.blue.y = 0
                                                                                                      c2::float raw.hdr-static-info.mastering.green.x
2026-02-02 19:13:52.758  7117-7727  ColorUtils              com.rpeters.jellyfin                 W  expected specified color aspects (0:0:0:0)
2026-02-02 19:13:52.758  7117-7727  CCodec                  com.rpeters.jellyfin                 I  [c2.qti.avc.decoder] config->queryConfiguration()
2026-02-02 19:13:52.758  7117-7727  CCodec                  com.rpeters.jellyfin                 I  [c2.qti.avc.decoder] mCallback->onComponentAllocated() IN
2026-02-02 19:13:52.758  7117-7727  CCodec                  com.rpeters.jellyfin                 I  [c2.qti.avc.decoder] mCallback->onComponentAllocated() OUT
2026-02-02 19:13:52.759  7117-7724  MediaCodec              com.rpeters.jellyfin                 I  MediaCodec will operate in async mode
2026-02-02 19:13:52.759  7117-7700  MediaCodec              com.rpeters.jellyfin                 I  media_quality service unavailable, skipping updatePictureProfile
2026-02-02 19:13:52.760  7117-7724  SurfaceUtils            com.rpeters.jellyfin                 D  connecting to surface 0xb400007333d3c010, reason connectToSurface
2026-02-02 19:13:52.760  7117-7724  MediaCodec              com.rpeters.jellyfin                 I  [c2.qti.avc.decoder] setting surface generation to 7287809
2026-02-02 19:13:52.760  7117-7724  SurfaceUtils            com.rpeters.jellyfin                 D  disconnecting from surface 0xb400007333d3c010, reason connectToSurface(reconnect)
2026-02-02 19:13:52.760  7117-7724  SurfaceUtils            com.rpeters.jellyfin                 D  connecting to surface 0xb400007333d3c000, reason connectToSurface(reconnect-with-listener)
2026-02-02 19:13:52.760  7117-7727  CCodec                  com.rpeters.jellyfin                 D  [c2.qti.avc.decoder] buffers are bound to CCodec for this session
2026-02-02 19:13:52.760  7117-7727  CCodec                  com.rpeters.jellyfin                 I  appPid(7117) width(1920) height(1080)
2026-02-02 19:13:52.760  7117-7727  CCodecConfig            com.rpeters.jellyfin                 D  no c2 equivalents for csd-1
2026-02-02 19:13:52.760  7117-7727  CCodecConfig            com.rpeters.jellyfin                 D  no c2 equivalents for log-session-id
2026-02-02 19:13:52.760  7117-7727  CCodecConfig            com.rpeters.jellyfin                 D  no c2 equivalents for importance
2026-02-02 19:13:52.760  7117-7727  CCodecConfig            com.rpeters.jellyfin                 D  no c2 equivalents for native-window
2026-02-02 19:13:52.760  7117-7727  CCodecConfig            com.rpeters.jellyfin                 D  no c2 equivalents for native-window-generation
2026-02-02 19:13:52.760  7117-7727  CCodecConfig            com.rpeters.jellyfin                 D  no c2 equivalents for flags
2026-02-02 19:13:52.760  7117-7727  CCodecConfig            com.rpeters.jellyfin                 D  c2 config diff is   c2::i32 algo.priority.value = 0
                                                                                                      c2::u32 raw.max-size.height = 1080
                                                                                                      c2::u32 raw.max-size.width = 1920
                                                                                                      c2::u32 raw.size.height = 1080
                                                                                                      c2::u32 raw.size.width = 1920
2026-02-02 19:13:52.760  7117-7727  CCodec                  com.rpeters.jellyfin                 D  client requested max input size 1566720, which is smaller than what component recommended (8388608); overriding with component recommendation.
2026-02-02 19:13:52.760  7117-7727  CCodec                  com.rpeters.jellyfin                 W  This behavior is subject to change. It is recommended that app developers double check whether the requested max input size is in reasonable range.
2026-02-02 19:13:52.760  7117-7727  CCodec                  com.rpeters.jellyfin                 D  encoding statistics level = 0
2026-02-02 19:13:52.760  7117-7727  CCodec                  com.rpeters.jellyfin                 D  setup formats input: AMessage(what = 0x00000000) = {
                                                                                                      int32_t feature-secure-playback = 0
                                                                                                      int32_t frame-rate = 1
                                                                                                      int32_t height = 1080
                                                                                                      int32_t max-input-size = 8388608
                                                                                                      string mime = "video/avc"
                                                                                                      int32_t priority = 0
                                                                                                      int32_t profile = 8
                                                                                                      int32_t width = 1920
                                                                                                      Rect crop(0, 0, 1919, 1079)
                                                                                                    }
2026-02-02 19:13:52.761  7117-7727  CCodec                  com.rpeters.jellyfin                 D  setup formats output: AMessage(what = 0x00000000) = {
                                                                                                      int32_t android._color-format = 0
                                                                                                      int32_t android._video-scaling = 1
                                                                                                      int32_t android._dataspace = 260
                                                                                                      int32_t color-standard = 1
                                                                                                      int32_t color-range = 2
                                                                                                      int32_t color-transfer = 3
                                                                                                      int32_t sar-height = 1
                                                                                                      int32_t rotation-degrees = 0
                                                                                                      Buffer hdr-static-info = {
                                                                                                        00000000:  00 00 00 00 00 00 00 00  00 00 00 00 00 00 00 00  ................
                                                                                                        00000010:  00 00 00 00 00 00 00 00  00                       .........
                                                                                                      }
                                                                                                      int32_t sar-width = 1
                                                                                                      Rect crop(0, 0, 1919, 1079)
                                                                                                      int32_t width = 1920
                                                                                                      int32_t feature-secure-playback = 0
                                                                                                      int32_t frame-rate = 1
                                                                                                      int32_t height = 1080
                                                                                                      int32_t max-height = 1080
                                                                                                      int32_t max-width = 1920
                                                                                                      string mime = "video/raw"
                                                                                                      int32_t priority = 0
                                                                                                      int32_t color-format = 2130708361
                                                                                                      int32_t p-extraBC = 6
                                                                                                    }
2026-02-02 19:13:52.761  7117-7727  CCodecConfig            com.rpeters.jellyfin                 I  query failed after returning 17 values (BAD_INDEX)
2026-02-02 19:13:52.761  7117-7727  peters.jellyfin         com.rpeters.jellyfin                 E  Failed to query component interface for required system resources: 6
2026-02-02 19:13:52.761  7117-7700  MediaCodec              com.rpeters.jellyfin                 D  keep callback message for reclaim
2026-02-02 19:13:52.762  7117-7724  CCodec                  com.rpeters.jellyfin                 I  [c2.qti.avc.decoder] state->set(STARTING)
2026-02-02 19:13:52.766  7117-7727  CCodecBufferChannel     com.rpeters.jellyfin                 I  [c2.qti.avc.decoder#864] start: outputDelayValue changed from 4 to 12.
2026-02-02 19:13:52.766  7117-7727  CCodecBufferChannel     com.rpeters.jellyfin                 D  [c2.qti.avc.decoder#864] Query input allocators returned 0 params => BAD_INDEX (6)
2026-02-02 19:13:52.766  7117-7727  C2Store                 com.rpeters.jellyfin                 D  debug.c2.use_dmabufheaps set, forcing DMABUF Heaps
2026-02-02 19:13:52.767  7117-7727  C2Store                 com.rpeters.jellyfin                 D  Using DMABUF Heaps
2026-02-02 19:13:52.767  7117-7727  CCodecBufferChannel     com.rpeters.jellyfin                 D  [c2.qti.avc.decoder#864] Created input block pool with allocatorID 16 => poolID 17 - OK (0)
2026-02-02 19:13:52.767  7117-7727  CCodecBufferChannel     com.rpeters.jellyfin                 I  [c2.qti.avc.decoder#864] start: max output delay 19
2026-02-02 19:13:52.767  7117-7727  CCodecBufferChannel     com.rpeters.jellyfin                 D  [c2.qti.avc.decoder#864] Query output allocators returned 0 params => BAD_INDEX (6)
2026-02-02 19:13:52.767  7117-7727  CCodecBufferChannel     com.rpeters.jellyfin                 D  [c2.qti.avc.decoder#864] Query output surface allocator returned 0 params => BAD_INDEX (6)
2026-02-02 19:13:52.767  7117-7727  Codec2Client            com.rpeters.jellyfin                 D  GraphicBufferAllocator created
2026-02-02 19:13:52.768  7117-7727  CCodecBufferChannel     com.rpeters.jellyfin                 I  [c2.qti.avc.decoder#864] Created output block pool with allocatorID 18 => poolID 39044 - OK
2026-02-02 19:13:52.768  7117-7727  CCodecBufferChannel     com.rpeters.jellyfin                 D  [c2.qti.avc.decoder#864] Configured output block pool ids 39044 => OK
2026-02-02 19:13:52.768  7117-7727  Codec2Client            com.rpeters.jellyfin                 D  setOutputSurface -- failed to set consumer usage (6/BAD_INDEX)
2026-02-02 19:13:52.768  7117-7727  GraphicsTracker         com.rpeters.jellyfin                 D  new surface in configuration: maxDequeueRequested(0), maxDequeueCommitted(3)
2026-02-02 19:13:52.768  7117-7727  GraphicsTracker         com.rpeters.jellyfin                 D  new surface configured with id:30567282245634 gen:7287809 maxDequeue:3
2026-02-02 19:13:52.768  7117-7727  GraphicsTracker         com.rpeters.jellyfin                 D  maxDequeueCount committed to IGBP: 19
2026-02-02 19:13:52.768  7117-7727  GraphicsTracker         com.rpeters.jellyfin                 D  Cache size 0 -> 0: maybe_cleared(0), dequeued(0)
2026-02-02 19:13:52.768  7117-7727  GraphicsTracker         com.rpeters.jellyfin                 D  maxDqueueCount change 3 -> 19: pending: 0
2026-02-02 19:13:52.768  7117-7727  Codec2Client            com.rpeters.jellyfin                 D  setOutputSurface -- generation=7287809 consumer usage=0x900
2026-02-02 19:13:52.768  7117-7727  CCodec                  com.rpeters.jellyfin                 I  [c2.qti.avc.decoder] state->set(RUNNING)
2026-02-02 19:13:52.773  7117-7727  CCodecBufferChannel     com.rpeters.jellyfin                 I  [c2.qti.avc.decoder#864] 10 initial input buffers available
2026-02-02 19:13:52.774  7117-7724  peters.jellyfin         com.rpeters.jellyfin                 W  AIBinder_linkToDeath is being called with a non-null cookie and no onUnlink callback set. This might not be intended. AIBinder_DeathRecipient_setOnUnlinked should be called first.
2026-02-02 19:13:52.774  7117-7724  MediaCodec              com.rpeters.jellyfin                 I  setCodecState state(0), called in 6, domain 1, 1
2026-02-02 19:13:52.775  7117-7700  DMCodecAdapterFactory   com.rpeters.jellyfin                 I  Creating an asynchronous MediaCodec adapter for track type audio
2026-02-02 19:13:52.775  7117-7163  CCodecBufferChannel     com.rpeters.jellyfin                 D  [c2.qti.avc.decoder#864] Ignoring stale input buffer done callback: last flush index = 0, frameIndex = 0
2026-02-02 19:13:52.775  7117-7772  CCodec                  com.rpeters.jellyfin                 I  state->set(ALLOCATING)
2026-02-02 19:13:52.776  7117-7772  CCodec                  com.rpeters.jellyfin                 I  allocate(c2.android.opus.decoder)
2026-02-02 19:13:52.776  7117-7772  CCodec                  com.rpeters.jellyfin                 D  allocate(c2.android.opus.decoder)
2026-02-02 19:13:52.776  7117-7772  CCodec                  com.rpeters.jellyfin                 I  setting up 'default' as default (vendor) store
2026-02-02 19:13:52.778  7117-7772  peters.jellyfin         com.rpeters.jellyfin                 W  AIBinder_linkToDeath is being called with a non-null cookie and no onUnlink callback set. This might not be intended. AIBinder_DeathRecipient_setOnUnlinked should be called first.
2026-02-02 19:13:52.778  7117-7772  CCodec                  com.rpeters.jellyfin                 I  Created component [c2.android.opus.decoder] for [c2.android.opus.decoder]
2026-02-02 19:13:52.778  7117-7772  CCodec                  com.rpeters.jellyfin                 I  [c2.android.opus.decoder] state->set(ALLOCATED)
