2026-01-25 15:38:08.713 23439-23494 VRI[MainAc...y]@cf437f9 com.rpeters.jellyfin                 I  mWNT: t=0xb400007313d542a0 mBlastBufferQueue=0xb4000073e3cfda60 fn= 263 HdrRenderState mRenderHdrSdrRatio=1.0 caller= android.view.SyncRtSurfaceTransactionApplier.applyTransaction:102 android.view.SyncRtSurfaceTransactionApplier.lambda$scheduleApply$0:75 android.view.SyncRtSurfaceTransactionApplier.$r8$lambda$afI4fXg3U3-nBZQEDQMiNy-B06s:0 
2026-01-25 15:38:08.714 23439-23476 AdrenoVK-0              com.rpeters.jellyfin                 I  Shader compilation failed for shaderType: 0
2026-01-25 15:38:08.714 23439-23476 AdrenoVK-0              com.rpeters.jellyfin                 I  Pipeline create failed
2026-01-25 15:38:08.728 23439-23482 VRI[MainAc...y]@cf437f9 com.rpeters.jellyfin                 I  mWNT: t=0xb400007313cf3540 mBlastBufferQueue=0xb4000073e3cfda60 fn= 264 HdrRenderState mRenderHdrSdrRatio=1.0 caller= android.view.SyncRtSurfaceTransactionApplier.applyTransaction:102 android.view.SyncRtSurfaceTransactionApplier.lambda$scheduleApply$0:75 android.view.SyncRtSurfaceTransactionApplier.$r8$lambda$afI4fXg3U3-nBZQEDQMiNy-B06s:0 
2026-01-25 15:38:08.743 23439-23494 VRI[MainAc...y]@cf437f9 com.rpeters.jellyfin                 I  mWNT: t=0xb400007313d567a0 mBlastBufferQueue=0xb4000073e3cfda60 fn= 265 HdrRenderState mRenderHdrSdrRatio=1.0 caller= android.view.SyncRtSurfaceTransactionApplier.applyTransaction:102 android.view.SyncRtSurfaceTransactionApplier.lambda$scheduleApply$0:75 android.view.SyncRtSurfaceTransactionApplier.$r8$lambda$afI4fXg3U3-nBZQEDQMiNy-B06s:0 
2026-01-25 15:38:08.754 23439-23482 VRI[MainAc...y]@cf437f9 com.rpeters.jellyfin                 I  mWNT: t=0xb400007313d5b640 mBlastBufferQueue=0xb4000073e3cfda60 fn= 266 HdrRenderState mRenderHdrSdrRatio=1.0 caller= android.view.SyncRtSurfaceTransactionApplier.applyTransaction:102 android.view.SyncRtSurfaceTransactionApplier.lambda$scheduleApply$0:75 android.view.SyncRtSurfaceTransactionApplier.$r8$lambda$afI4fXg3U3-nBZQEDQMiNy-B06s:0 
2026-01-25 15:38:08.771 23439-23494 VRI[MainAc...y]@cf437f9 com.rpeters.jellyfin                 I  mWNT: t=0xb400007313d560b0 mBlastBufferQueue=0xb4000073e3cfda60 fn= 267 HdrRenderState mRenderHdrSdrRatio=1.0 caller= android.view.SyncRtSurfaceTransactionApplier.applyTransaction:102 android.view.SyncRtSurfaceTransactionApplier.lambda$scheduleApply$0:75 android.view.SyncRtSurfaceTransactionApplier.$r8$lambda$afI4fXg3U3-nBZQEDQMiNy-B06s:0 
2026-01-25 15:38:08.798 23439-23482 VRI[MainAc...y]@cf437f9 com.rpeters.jellyfin                 I  mWNT: t=0xb400007313d52240 mBlastBufferQueue=0xb4000073e3cfda60 fn= 268 HdrRenderState mRenderHdrSdrRatio=1.0 caller= android.view.SyncRtSurfaceTransactionApplier.applyTransaction:102 android.view.SyncRtSurfaceTransactionApplier.lambda$scheduleApply$0:75 android.view.SyncRtSurfaceTransactionApplier.$r8$lambda$afI4fXg3U3-nBZQEDQMiNy-B06s:0 
2026-01-25 15:38:08.815 23439-23494 VRI[MainAc...y]@cf437f9 com.rpeters.jellyfin                 I  mWNT: t=0xb400007313d43b00 mBlastBufferQueue=0xb4000073e3cfda60 fn= 269 HdrRenderState mRenderHdrSdrRatio=1.0 caller= android.view.SyncRtSurfaceTransactionApplier.applyTransaction:102 android.view.SyncRtSurfaceTransactionApplier.lambda$scheduleApply$0:75 android.view.SyncRtSurfaceTransactionApplier.$r8$lambda$afI4fXg3U3-nBZQEDQMiNy-B06s:0 
2026-01-25 15:38:08.826 23439-23482 VRI[MainAc...y]@cf437f9 com.rpeters.jellyfin                 I  mWNT: t=0xb400007313d5f260 mBlastBufferQueue=0xb4000073e3cfda60 fn= 270 HdrRenderState mRenderHdrSdrRatio=1.0 caller= android.view.SyncRtSurfaceTransactionApplier.applyTransaction:102 android.view.SyncRtSurfaceTransactionApplier.lambda$scheduleApply$0:75 android.view.SyncRtSurfaceTransactionApplier.$r8$lambda$afI4fXg3U3-nBZQEDQMiNy-B06s:0 
2026-01-25 15:38:08.840 23439-23494 VRI[MainAc...y]@cf437f9 com.rpeters.jellyfin                 I  mWNT: t=0xb400007313d55770 mBlastBufferQueue=0xb4000073e3cfda60 fn= 271 HdrRenderState mRenderHdrSdrRatio=1.0 caller= android.view.SyncRtSurfaceTransactionApplier.applyTransaction:102 android.view.SyncRtSurfaceTransactionApplier.lambda$scheduleApply$0:75 android.view.SyncRtSurfaceTransactionApplier.$r8$lambda$afI4fXg3U3-nBZQEDQMiNy-B06s:0 
2026-01-25 15:38:08.855 23439-23482 VRI[MainAc...y]@cf437f9 com.rpeters.jellyfin                 I  mWNT: t=0xb400007313d5b1a0 mBlastBufferQueue=0xb4000073e3cfda60 fn= 272 HdrRenderState mRenderHdrSdrRatio=1.0 caller= android.view.SyncRtSurfaceTransactionApplier.applyTransaction:102 android.view.SyncRtSurfaceTransactionApplier.lambda$scheduleApply$0:75 android.view.SyncRtSurfaceTransactionApplier.$r8$lambda$afI4fXg3U3-nBZQEDQMiNy-B06s:0 
2026-01-25 15:38:08.873 23439-23494 VRI[MainAc...y]@cf437f9 com.rpeters.jellyfin                 I  mWNT: t=0xb400007313d31300 mBlastBufferQueue=0xb4000073e3cfda60 fn= 273 HdrRenderState mRenderHdrSdrRatio=1.0 caller= android.view.SyncRtSurfaceTransactionApplier.applyTransaction:102 android.view.SyncRtSurfaceTransactionApplier.lambda$scheduleApply$0:75 android.view.SyncRtSurfaceTransactionApplier.$r8$lambda$afI4fXg3U3-nBZQEDQMiNy-B06s:0 
2026-01-25 15:38:08.889 23439-23482 VRI[MainAc...y]@cf437f9 com.rpeters.jellyfin                 I  mWNT: t=0xb400007313d501e0 mBlastBufferQueue=0xb4000073e3cfda60 fn= 274 HdrRenderState mRenderHdrSdrRatio=1.0 caller= android.view.SyncRtSurfaceTransactionApplier.applyTransaction:102 android.view.SyncRtSurfaceTransactionApplier.lambda$scheduleApply$0:75 android.view.SyncRtSurfaceTransactionApplier.$r8$lambda$afI4fXg3U3-nBZQEDQMiNy-B06s:0 
2026-01-25 15:38:08.905 23439-23494 VRI[MainAc...y]@cf437f9 com.rpeters.jellyfin                 I  mWNT: t=0xb400007313d585b0 mBlastBufferQueue=0xb4000073e3cfda60 fn= 275 HdrRenderState mRenderHdrSdrRatio=1.0 caller= android.view.SyncRtSurfaceTransactionApplier.applyTransaction:102 android.view.SyncRtSurfaceTransactionApplier.lambda$scheduleApply$0:75 android.view.SyncRtSurfaceTransactionApplier.$r8$lambda$afI4fXg3U3-nBZQEDQMiNy-B06s:0 
2026-01-25 15:38:08.920 23439-23482 VRI[MainAc...y]@cf437f9 com.rpeters.jellyfin                 I  mWNT: t=0xb400007313d57330 mBlastBufferQueue=0xb4000073e3cfda60 fn= 276 HdrRenderState mRenderHdrSdrRatio=1.0 caller= android.view.SyncRtSurfaceTransactionApplier.applyTransaction:102 android.view.SyncRtSurfaceTransactionApplier.lambda$scheduleApply$0:75 android.view.SyncRtSurfaceTransactionApplier.$r8$lambda$afI4fXg3U3-nBZQEDQMiNy-B06s:0 
2026-01-25 15:38:09.039 23439-23472 JellyfinAuthRepository  com.rpeters.jellyfin                 D  authenticateUser: Attempting authentication for user 'rpeters1428'
2026-01-25 15:38:09.044 23439-23472 OkHttpClient            com.rpeters.jellyfin                 I  POST https://rpeters1428.huron.usbx.me/jellyfin/Users/AuthenticateByName
2026-01-25 15:38:09.439 23439-23439 InsetsController        com.rpeters.jellyfin                 I  onStateChanged: host=com.rpeters.jellyfin/com.rpeters.jellyfin.MainActivity, from=android.view.ViewRootImpl.onInsetsStateChanged:3038, state=InsetsState: {mDisplayFrame=Rect(0, 0 - 1440, 3120), mDisplayCutout=DisplayCutout{insets=Rect(0, 128 - 0, 0) waterfall=Insets{left=0, top=0, right=0, bottom=0} boundingRect={Bounds=[Rect(0, 0 - 0, 0), Rect(685, 0 - 755, 128), Rect(0, 0 - 0, 0), Rect(0, 0 - 0, 0)]} cutoutPathParserInfo={CutoutPathParserInfo{displayWidth=1440 displayHeight=3120 physicalDisplayWidth=1440 physicalDisplayHeight=3120 density={3.75} cutoutSpec={M 0,0 H -9.333333333333333 V 34.13333333333333 H 9.333333333333333 V 0 H 0 Z @dp} rotation={0} scale={1.0} physicalPixelDisplaySizeRatio={1.0}}} sideOverrides={}}, mRoundedCorners=RoundedCorners{[RoundedCorner{position=TopLeft, radius=56, center=Point(56, 56)}, RoundedCorner{position=TopRight, radius=56, center=Point(1384, 56)}, RoundedCorner{position=BottomRight, radius=56, center=Point(1384, 3064)}, RoundedCorner{position=BottomLeft, radius=56, center=Point(56, 3064)}]}  mRoundedCornerFrame=Rect(0, 0 - 1440, 3120), mPrivacyIndicatorBounds=PrivacyIndicatorBounds {static bounds=Rect(1275, 0 - 1440, 128) rotation=0}, mDisplayShape=DisplayShape{ spec=-311912193 displayWidth=1440 displayHeight=3120 physicalPixelDisplaySizeRatio=1.0 rotation=0 offsetX=0 offsetY=0 scale=1.0}, mSources= { InsetsSource: {91450001 mType=navigationBars mFrame=[0,3064][1440,3120] mAttachedInsets=null mVisible=true mFlags=SUPPRESS_SCRIM mSideHint=BOTTOM mBoundingRects=null}, InsetsSource: {91450004 mType=systemGestures mFrame=[0,0][112,3120] mAttachedInsets=null mVisible=true mFlags= mSideHint=LEFT mBoundingRects=null}, InsetsSource: {91450005 mType=mandatorySystemGestures mFrame=[0,3000][1440,3120] mAttachedInsets=null mVisible=true mFlags= mSideHint=BOTTOM mBoundingRects=null}, InsetsSource: {91450006 mType=tappableElement mFrame=[0,0][0,0] mAttachedInsets=null mVisible=true mFlags= mSideHint=NONE mBoundingRects=null}, InsetsSource: {91450024 mType=systemGestures mFrame=[1328,0][1440,3120] mAttachedInsets=null mVisible=true mFlags= mSideHint=RIGHT mBoundingRects=null}, InsetsSource: {9c550000 mType=statusBars mFrame=[0,0][1440,128] mAttachedInsets=null mVisible=true mFlags= mSideHint=TOP mBoundingRects=null}, InsetsSource: {9c550005 mType=mandatorySystemGestures mFrame=[0,0][1440,173] mAttachedInsets=null mVisible=true mFlags= mSideHint=TOP mBoundingRects=null}, InsetsSource: {9c550006 mType=tappableElement mFrame=[0,0][1440,128] mAttachedInsets=null mVisible=true mFlags= mSideHint=TOP mBoundingRects=null}, InsetsSource: {3 mType=ime mFrame=[0,0][0,0] mAttachedInsets=null mVisible=false mFlags=INVALID mSideHint=NONE mBoundingRects=null}, InsetsSource: {27 mType=displayCutout mFrame=[0,0][1440,128] mAttachedInsets=null mVisible=true mFlags= mSideHint=TOP mBoundingRects=null} }
2026-01-25 15:38:09.439 23439-23439 VRI[MainAc...y]@cf437f9 com.rpeters.jellyfin                 I  handleResized, frames=ClientWindowFrames{frame=[0,0][1440,3120] display=[0,0][1440,3120] parentFrame=[0,0][0,0]} displayId=0 dragResizing=false compatScale=1.0 frameChanged=false attachedFrameChanged=false configChanged=false displayChanged=false compatScaleChanged=false dragResizingChanged=false
2026-01-25 15:38:09.448 23439-23472 JellyfinAuthRepository  com.rpeters.jellyfin                 D  authenticateUser: Authentication successful for user 'rpeters1428'
2026-01-25 15:38:09.449 23439-23472 JellyfinAuthRepository  com.rpeters.jellyfin                 D  Saving new token: [PRESENT]
2026-01-25 15:38:09.459 23439-23439 InsetsController        com.rpeters.jellyfin                 I  onStateChanged: host=com.rpeters.jellyfin/com.rpeters.jellyfin.MainActivity, from=android.view.ViewRootImpl.onInsetsStateChanged:3038, state=InsetsState: {mDisplayFrame=Rect(0, 0 - 1440, 3120), mDisplayCutout=DisplayCutout{insets=Rect(0, 128 - 0, 0) waterfall=Insets{left=0, top=0, right=0, bottom=0} boundingRect={Bounds=[Rect(0, 0 - 0, 0), Rect(685, 0 - 755, 128), Rect(0, 0 - 0, 0), Rect(0, 0 - 0, 0)]} cutoutPathParserInfo={CutoutPathParserInfo{displayWidth=1440 displayHeight=3120 physicalDisplayWidth=1440 physicalDisplayHeight=3120 density={3.75} cutoutSpec={M 0,0 H -9.333333333333333 V 34.13333333333333 H 9.333333333333333 V 0 H 0 Z @dp} rotation={0} scale={1.0} physicalPixelDisplaySizeRatio={1.0}}} sideOverrides={}}, mRoundedCorners=RoundedCorners{[RoundedCorner{position=TopLeft, radius=56, center=Point(56, 56)}, RoundedCorner{position=TopRight, radius=56, center=Point(1384, 56)}, RoundedCorner{position=BottomRight, radius=56, center=Point(1384, 3064)}, RoundedCorner{position=BottomLeft, radius=56, center=Point(56, 3064)}]}  mRoundedCornerFrame=Rect(0, 0 - 1440, 3120), mPrivacyIndicatorBounds=PrivacyIndicatorBounds {static bounds=Rect(1275, 0 - 1440, 128) rotation=0}, mDisplayShape=DisplayShape{ spec=-311912193 displayWidth=1440 displayHeight=3120 physicalPixelDisplaySizeRatio=1.0 rotation=0 offsetX=0 offsetY=0 scale=1.0}, mSources= { InsetsSource: {91450001 mType=navigationBars mFrame=[0,3064][1440,3120] mAttachedInsets=null mVisible=true mFlags=SUPPRESS_SCRIM mSideHint=BOTTOM mBoundingRects=null}, InsetsSource: {91450004 mType=systemGestures mFrame=[0,0][112,3120] mAttachedInsets=null mVisible=true mFlags= mSideHint=LEFT mBoundingRects=null}, InsetsSource: {91450005 mType=mandatorySystemGestures mFrame=[0,3000][1440,3120] mAttachedInsets=null mVisible=true mFlags= mSideHint=BOTTOM mBoundingRects=null}, InsetsSource: {91450006 mType=tappableElement mFrame=[0,0][0,0] mAttachedInsets=null mVisible=true mFlags= mSideHint=NONE mBoundingRects=null}, InsetsSource: {91450024 mType=systemGestures mFrame=[1328,0][1440,3120] mAttachedInsets=null mVisible=true mFlags= mSideHint=RIGHT mBoundingRects=null}, InsetsSource: {9c550000 mType=statusBars mFrame=[0,0][1440,128] mAttachedInsets=null mVisible=true mFlags= mSideHint=TOP mBoundingRects=null}, InsetsSource: {9c550005 mType=mandatorySystemGestures mFrame=[0,0][1440,173] mAttachedInsets=null mVisible=true mFlags= mSideHint=TOP mBoundingRects=null}, InsetsSource: {9c550006 mType=tappableElement mFrame=[0,0][1440,128] mAttachedInsets=null mVisible=true mFlags= mSideHint=TOP mBoundingRects=null}, InsetsSource: {3 mType=ime mFrame=[0,0][0,0] mAttachedInsets=null mVisible=false mFlags=INVALID mSideHint=NONE mBoundingRects=null}, InsetsSource: {27 mType=displayCutout mFrame=[0,0][1440,128] mAttachedInsets=null mVisible=true mFlags= mSideHint=TOP mBoundingRects=null} }
2026-01-25 15:38:09.471 23439-23472 JellyfinAuthRepository  com.rpeters.jellyfin                 D  persistAuthenticationState: Saved credentials for user 'rpeters1428'
2026-01-25 15:38:09.521 23439-23439 NavController           com.rpeters.jellyfin                 I  Ignoring popBackStack to route server_connection as it was not found on the current back stack
2026-01-25 15:38:09.525 23439-23439 ServerConnectionVM      com.rpeters.jellyfin                 D   saveCredentials: CALLED with serverUrl='https://rpeters1428.huron.usbx.me/jellyfin', username='rpeters1428'
2026-01-25 15:38:09.525 23439-23439 ServerConnectionVM      com.rpeters.jellyfin                 D  saveCredentials: Normalized URL: 'https://rpeters1428.huron.usbx.me/jellyfin'
2026-01-25 15:38:09.525 23439-23439 ServerConnectionVM      com.rpeters.jellyfin                 D  saveCredentials: Saving URL and username to DataStore...
2026-01-25 15:38:09.540 23439-23439 WindowOnBackDispatcher  com.rpeters.jellyfin                 D  setTopOnBackInvokedCallback (unwrapped): androidx.navigationevent.OnBackInvokedInput$createOnBackAnimationCallback$1@eacf903
2026-01-25 15:38:09.559 23439-23476 AdrenoVK-0              com.rpeters.jellyfin                 I  Shader compilation failed for shaderType: 0
2026-01-25 15:38:09.559 23439-23476 AdrenoVK-0              com.rpeters.jellyfin                 I  Pipeline create failed
2026-01-25 15:38:09.566 23439-23476 AdrenoVK-0              com.rpeters.jellyfin                 I  Shader compilation failed for shaderType: 4
2026-01-25 15:38:09.566 23439-23476 AdrenoVK-0              com.rpeters.jellyfin                 I  Pipeline create failed
2026-01-25 15:38:09.621 23439-23439 HomeScreen              com.rpeters.jellyfin                 D  Waiting for server connection before loading data
2026-01-25 15:38:09.622 23439-23439 ServerConnectionVM      com.rpeters.jellyfin                 D  saveCredentials: URL and username saved to DataStore 
2026-01-25 15:38:09.622 23439-23439 ServerConnectionVM      com.rpeters.jellyfin                 D  saveCredentials: Calling secureCredentialManager.savePassword()...
2026-01-25 15:38:09.636 23439-23439 MediaController         com.rpeters.jellyfin                 I  Init 38df9bd [AndroidXMedia3/1.9.0] [pa3q, SM-S938U1, samsung, 36]
2026-01-25 15:38:09.643 23439-23439 HomeScreen              com.rpeters.jellyfin                 D  Current server available, loading initial data for: rpeters1428
2026-01-25 15:38:09.651 23439-23439 ExoPlayerImpl           com.rpeters.jellyfin                 I  Init c82405f [AndroidXMedia3/1.9.0] [pa3q, SM-S938U1, samsung, 36]
2026-01-25 15:38:09.670 23439-23677 AudioSystem             com.rpeters.jellyfin                 D  onNewServiceWithAdapter: media.audio_flinger service obtained 0xb400007233d3cc40
2026-01-25 15:38:09.670 23439-23439 MediaSessionImpl        com.rpeters.jellyfin                 I  Init 8cbd562 [AndroidXMedia3/1.9.0] [pa3q, SM-S938U1, samsung, 36]
2026-01-25 15:38:09.671 23439-23677 AudioSystem             com.rpeters.jellyfin                 D  getService: IAudioFlingerService retrieved: 0xb400007283da5ed0  IAudioFlinger cached: 0xb400007233d3cc40
2026-01-25 15:38:09.674 23439-23439 MediaSessionCompat      com.rpeters.jellyfin                 I  Couldn't find a unique registered media button receiver in the given context.
2026-01-25 15:38:09.678 23439-23439 AudioSystem             com.rpeters.jellyfin                 D  onNewService: media.audio_policy service obtained 0xb400007283d73e80
2026-01-25 15:38:09.678 23439-23439 AudioSystem             com.rpeters.jellyfin                 D  getService: IAudioPolicyService retrieved: 0xb400007283d73e80  cached: 0xb400007283d73e80
2026-01-25 15:38:09.686 23439-23472 OptimizedClientFactory  com.rpeters.jellyfin                 D  Creating new optimized client for: https://rpeters1428.huron.usbx.me/jellyfin (token tail: e59ae6)
2026-01-25 15:38:09.715 23439-23470 OkHttpClient            com.rpeters.jellyfin                 I  GET https://rpeters1428.huron.usbx.me/jellyfin/Items?userId=c1b3b2bb-8e62-45b6-a7c4-f6645be8423a&limit=20&recursive=true&sortOrder=Descending&includeItemTypes=Audio&sortBy=DateCreated&enableTotalRecordCount=true&enableImages=true
2026-01-25 15:38:09.718 23439-23439 ServerConnectionVM      com.rpeters.jellyfin                 D  saveCredentials: secureCredentialManager.savePassword() COMPLETED 
2026-01-25 15:38:09.718 23439-23439 ServerConnectionVM      com.rpeters.jellyfin                 D  Saved credentials with normalized URL: https://rpeters1428.huron.usbx.me/jellyfin (original: https://rpeters1428.huron.usbx.me/jellyfin)
2026-01-25 15:38:09.718 23439-23439 ServerConnectionVM      com.rpeters.jellyfin                 D   saveCredentials: FINISHED - hasSavedPassword=true
2026-01-25 15:38:09.737 23439-23474 OkHttpClient            com.rpeters.jellyfin                 I  GET https://rpeters1428.huron.usbx.me/jellyfin/Items?userId=c1b3b2bb-8e62-45b6-a7c4-f6645be8423a&limit=20&recursive=true&sortOrder=Descending&includeItemTypes=Movie&includeItemTypes=Episode&includeItemTypes=Video&filters=IsResumable&sortBy=DatePlayed&enableTotalRecordCount=true&enableImages=true
2026-01-25 15:38:09.739 23439-23678 MediaSessionManager     com.rpeters.jellyfin                 D  Package com.google.android.apps.wear.companion doesn't exist
2026-01-25 15:38:09.743 23439-23439 MediaController         com.rpeters.jellyfin                 I  Init cfc6c70 [AndroidXMedia3/1.9.0] [pa3q, SM-S938U1, samsung, 36]
2026-01-25 15:38:09.752 23439-23464 OkHttpClient            com.rpeters.jellyfin                 I  GET https://rpeters1428.huron.usbx.me/jellyfin/Items?userId=c1b3b2bb-8e62-45b6-a7c4-f6645be8423a&includeItemTypes=CollectionFolder&enableTotalRecordCount=true&enableImages=true
2026-01-25 15:38:09.761 23439-23476 AdrenoVK-0              com.rpeters.jellyfin                 I  Shader compilation failed for shaderType: 4
2026-01-25 15:38:09.761 23439-23476 AdrenoVK-0              com.rpeters.jellyfin                 I  Pipeline create failed
2026-01-25 15:38:09.765 23439-23465 OkHttpClient            com.rpeters.jellyfin                 I  GET https://rpeters1428.huron.usbx.me/jellyfin/Items?userId=c1b3b2bb-8e62-45b6-a7c4-f6645be8423a&limit=20&recursive=true&sortOrder=Descending&includeItemTypes=Episode&sortBy=DateCreated&enableTotalRecordCount=true&enableImages=true
2026-01-25 15:38:09.765 23439-23476 AdrenoVK-0              com.rpeters.jellyfin                 I  Shader compilation failed for shaderType: 0
2026-01-25 15:38:09.765 23439-23476 AdrenoVK-0              com.rpeters.jellyfin                 I  Pipeline create failed
2026-01-25 15:38:09.767 23439-23439 CompatChangeReporter    com.rpeters.jellyfin                 D  Compat change id reported: 270674727; UID 10522; state: ENABLED
2026-01-25 15:38:09.771 23439-23472 OkHttpClient            com.rpeters.jellyfin                 I  GET https://rpeters1428.huron.usbx.me/jellyfin/Items?userId=c1b3b2bb-8e62-45b6-a7c4-f6645be8423a&limit=50&recursive=true&sortOrder=Descending&includeItemTypes=Movie&includeItemTypes=Series&includeItemTypes=Episode&includeItemTypes=Audio&includeItemTypes=MusicAlbum&includeItemTypes=MusicArtist&includeItemTypes=Book&includeItemTypes=AudioBook&includeItemTypes=Video&sortBy=DateCreated&enableTotalRecordCount=true&enableImages=true
2026-01-25 15:38:09.772 23439-23475 OkHttpClient            com.rpeters.jellyfin                 I  GET https://rpeters1428.huron.usbx.me/jellyfin/Items?userId=c1b3b2bb-8e62-45b6-a7c4-f6645be8423a&limit=20&recursive=true&sortOrder=Descending&includeItemTypes=AudioBook&sortBy=DateCreated&enableTotalRecordCount=true&enableImages=true
2026-01-25 15:38:09.786 23439-23476 AdrenoVK-0              com.rpeters.jellyfin                 I  Shader compilation failed for shaderType: 0
2026-01-25 15:38:09.786 23439-23476 AdrenoVK-0              com.rpeters.jellyfin                 I  Pipeline create failed
2026-01-25 15:38:09.787 23439-23467 OkHttpClient            com.rpeters.jellyfin                 I  GET https://rpeters1428.huron.usbx.me/jellyfin/Items?userId=c1b3b2bb-8e62-45b6-a7c4-f6645be8423a&limit=20&recursive=true&sortOrder=Descending&includeItemTypes=Series&sortBy=DateCreated&enableTotalRecordCount=true&enableImages=true
2026-01-25 15:38:09.792 23439-23476 AdrenoVK-0              com.rpeters.jellyfin                 I  Shader compilation failed for shaderType: 4
2026-01-25 15:38:09.792 23439-23476 AdrenoVK-0              com.rpeters.jellyfin                 I  Pipeline create failed
2026-01-25 15:38:09.794 23439-23476 AdrenoVK-0              com.rpeters.jellyfin                 I  Shader compilation failed for shaderType: 0
2026-01-25 15:38:09.794 23439-23476 AdrenoVK-0              com.rpeters.jellyfin                 I  Pipeline create failed
2026-01-25 15:38:09.797 23439-23476 AdrenoVK-0              com.rpeters.jellyfin                 I  Shader compilation failed for shaderType: 0
2026-01-25 15:38:09.797 23439-23476 AdrenoVK-0              com.rpeters.jellyfin                 I  Pipeline create failed
2026-01-25 15:38:09.807 23439-23466 OkHttpClient            com.rpeters.jellyfin                 I  GET https://rpeters1428.huron.usbx.me/jellyfin/Items?userId=c1b3b2bb-8e62-45b6-a7c4-f6645be8423a&limit=20&recursive=true&sortOrder=Descending&includeItemTypes=Movie&sortBy=DateCreated&enableTotalRecordCount=true&enableImages=true
2026-01-25 15:38:09.807 23439-23681 OkHttpClient            com.rpeters.jellyfin                 I  GET https://rpeters1428.huron.usbx.me/jellyfin/Items?userId=c1b3b2bb-8e62-45b6-a7c4-f6645be8423a&limit=20&recursive=true&sortOrder=Descending&includeItemTypes=Video&sortBy=DateCreated&enableTotalRecordCount=true&enableImages=true
2026-01-25 15:38:09.808 23439-23476 AdrenoVK-0              com.rpeters.jellyfin                 I  Shader compilation failed for shaderType: 0
2026-01-25 15:38:09.808 23439-23476 AdrenoVK-0              com.rpeters.jellyfin                 I  Pipeline create failed
2026-01-25 15:38:09.817 23439-23469 OkHttpClient            com.rpeters.jellyfin                 I  GET https://rpeters1428.huron.usbx.me/jellyfin/Items?userId=c1b3b2bb-8e62-45b6-a7c4-f6645be8423a&limit=20&recursive=true&sortOrder=Descending&includeItemTypes=Book&sortBy=DateCreated&enableTotalRecordCount=true&enableImages=true
2026-01-25 15:38:10.324 23439-23439 ImeFocusController      com.rpeters.jellyfin                 I  onPreWindowFocus: skipped hasWindowFocus=false mHasImeFocus=true
2026-01-25 15:38:10.324 23439-23439 ImeFocusController      com.rpeters.jellyfin                 I  onPostWindowFocus: skipped hasWindowFocus=false mHasImeFocus=true
2026-01-25 15:38:10.408 23439-23447 InputTransport          com.rpeters.jellyfin                 D  Input channel destroyed: 'ClientS', fd=155
2026-01-25 15:38:10.408 23439-23447 InputTransport          com.rpeters.jellyfin                 D  Input channel destroyed: 'ClientS', fd=154
2026-01-25 15:38:10.408 23439-23447 InputTransport          com.rpeters.jellyfin                 D  Input channel destroyed: 'ClientS', fd=166
2026-01-25 15:38:11.086 23439-23718 OkHttp                  com.rpeters.jellyfin                 I  --> GET https://rpeters1428.huron.usbx.me/jellyfin/Items/b7381830-1e0e-de1c-21d0-9358326443c3/Images/Backdrop?tag=b39fc3b1d71987e4853f8f2e170b7b31&maxHeight=400&maxWidth=800
2026-01-25 15:38:11.095 23439-23719 OkHttp                  com.rpeters.jellyfin                 I  --> GET https://rpeters1428.huron.usbx.me/jellyfin/Items/46be587b-6a84-cc6f-cdbb-1dcdafc1d56c/Images/Primary?maxHeight=400&maxWidth=400
2026-01-25 15:38:11.101 23439-23723 OkHttp                  com.rpeters.jellyfin                 I  --> GET https://rpeters1428.huron.usbx.me/jellyfin/Items/b28f5a24-61e7-2b66-a4b4-d6e8e6b1dcc8/Images/Primary?maxHeight=400&maxWidth=400
2026-01-25 15:38:11.108 23439-23724 OkHttp                  com.rpeters.jellyfin                 I  --> GET https://rpeters1428.huron.usbx.me/jellyfin/Items/db2b2ff9-eb1e-bd3e-459d-63a2153dc733/Images/Primary?maxHeight=400&maxWidth=400
2026-01-25 15:38:11.118 23439-23476 AdrenoVK-0              com.rpeters.jellyfin                 I  Shader compilation failed for shaderType: 4
2026-01-25 15:38:11.118 23439-23476 AdrenoVK-0              com.rpeters.jellyfin                 I  Pipeline create failed
2026-01-25 15:38:11.130 23439-23476 AdrenoVK-0              com.rpeters.jellyfin                 I  Shader compilation failed for shaderType: 0
2026-01-25 15:38:11.130 23439-23476 AdrenoVK-0              com.rpeters.jellyfin                 I  Pipeline create failed
2026-01-25 15:38:11.146 23439-23476 AdrenoVK-0              com.rpeters.jellyfin                 I  Shader compilation failed for shaderType: 4
2026-01-25 15:38:11.146 23439-23476 AdrenoVK-0              com.rpeters.jellyfin                 I  Pipeline create failed
2026-01-25 15:38:11.303 23439-23718 PinningTrustManager     com.rpeters.jellyfin                 D  Validating certificate for hostname: rpeters1428.huron.usbx.me
2026-01-25 15:38:11.303 23439-23719 PinningTrustManager     com.rpeters.jellyfin                 D  Validating certificate for hostname: rpeters1428.huron.usbx.me
2026-01-25 15:38:11.303 23439-23718 peters.jellyfin         com.rpeters.jellyfin                 I  hiddenapi: Accessing hidden method Landroid/security/net/config/RootTrustManager;->checkServerTrusted([Ljava/security/cert/X509Certificate;Ljava/lang/String;Ljava/lang/String;)Ljava/util/List; (runtime_flags=0, domain=platform, api=unsupported) from Lcom/rpeters/jellyfin/data/security/PinningTrustManager; (domain=app, TargetSdkVersion=35) using reflection: allowed
2026-01-25 15:38:11.303 23439-23724 PinningTrustManager     com.rpeters.jellyfin                 D  Validating certificate for hostname: rpeters1428.huron.usbx.me
2026-01-25 15:38:11.306 23439-23723 PinningTrustManager     com.rpeters.jellyfin                 D  Validating certificate for hostname: rpeters1428.huron.usbx.me
2026-01-25 15:38:11.309 23439-23719 PinningTrustManager     com.rpeters.jellyfin                 D  First connection to rpeters1428.huron.usbx.me - storing certificate pin
2026-01-25 15:38:11.309 23439-23718 PinningTrustManager     com.rpeters.jellyfin                 D  First connection to rpeters1428.huron.usbx.me - storing certificate pin
2026-01-25 15:38:11.309 23439-23724 PinningTrustManager     com.rpeters.jellyfin                 D  First connection to rpeters1428.huron.usbx.me - storing certificate pin
2026-01-25 15:38:11.311 23439-23723 PinningTrustManager     com.rpeters.jellyfin                 D  First connection to rpeters1428.huron.usbx.me - storing certificate pin
2026-01-25 15:38:11.323 23439-23724 Certificat...ingManager com.rpeters.jellyfin                 D  Stored certificate pin for rpeters1428.huron.usbx.me (backups=1, expires=1777160291309)
2026-01-25 15:38:11.323 23439-23724 PinningTrustManager     com.rpeters.jellyfin                 D  Trusted and stored pin for rpeters1428.huron.usbx.me
2026-01-25 15:38:11.324 23439-23724 PinningHostnameVerifier com.rpeters.jellyfin                 D  Hostname verification for rpeters1428.huron.usbx.me: true
2026-01-25 15:38:11.325 23439-23718 Certificat...ingManager com.rpeters.jellyfin                 D  Stored certificate pin for rpeters1428.huron.usbx.me (backups=1, expires=1777160291309)
2026-01-25 15:38:11.325 23439-23718 PinningTrustManager     com.rpeters.jellyfin                 D  Trusted and stored pin for rpeters1428.huron.usbx.me
2026-01-25 15:38:11.326 23439-23718 PinningHostnameVerifier com.rpeters.jellyfin                 D  Hostname verification for rpeters1428.huron.usbx.me: true
2026-01-25 15:38:11.327 23439-23723 Certificat...ingManager com.rpeters.jellyfin                 D  Stored certificate pin for rpeters1428.huron.usbx.me (backups=1, expires=1777160291311)
2026-01-25 15:38:11.327 23439-23723 PinningTrustManager     com.rpeters.jellyfin                 D  Trusted and stored pin for rpeters1428.huron.usbx.me
2026-01-25 15:38:11.328 23439-23723 PinningHostnameVerifier com.rpeters.jellyfin                 D  Hostname verification for rpeters1428.huron.usbx.me: true
2026-01-25 15:38:11.329 23439-23719 Certificat...ingManager com.rpeters.jellyfin                 D  Stored certificate pin for rpeters1428.huron.usbx.me (backups=1, expires=1777160291309)
2026-01-25 15:38:11.329 23439-23719 PinningTrustManager     com.rpeters.jellyfin                 D  Trusted and stored pin for rpeters1428.huron.usbx.me
2026-01-25 15:38:11.329 23439-23719 PinningHostnameVerifier com.rpeters.jellyfin                 D  Hostname verification for rpeters1428.huron.usbx.me: true
2026-01-25 15:38:11.568 23439-23718 OkHttp                  com.rpeters.jellyfin                 I  <-- 200 OK https://rpeters1428.huron.usbx.me/jellyfin/Items/b7381830-1e0e-de1c-21d0-9358326443c3/Images/Backdrop?tag=b39fc3b1d71987e4853f8f2e170b7b31&maxHeight=400&maxWidth=800 (481ms, 318812-byte body)
2026-01-25 15:38:11.573 23439-23719 OkHttp                  com.rpeters.jellyfin                 I  <-- 200 OK https://rpeters1428.huron.usbx.me/jellyfin/Items/46be587b-6a84-cc6f-cdbb-1dcdafc1d56c/Images/Primary?maxHeight=400&maxWidth=400 (477ms, 139252-byte body)
2026-01-25 15:38:11.573 23439-23723 OkHttp                  com.rpeters.jellyfin                 I  <-- 200 OK https://rpeters1428.huron.usbx.me/jellyfin/Items/b28f5a24-61e7-2b66-a4b4-d6e8e6b1dcc8/Images/Primary?maxHeight=400&maxWidth=400 (471ms, 203256-byte body)
2026-01-25 15:38:11.576 23439-23724 OkHttp                  com.rpeters.jellyfin                 I  <-- 200 OK https://rpeters1428.huron.usbx.me/jellyfin/Items/db2b2ff9-eb1e-bd3e-459d-63a2153dc733/Images/Primary?maxHeight=400&maxWidth=400 (468ms, 200634-byte body)
2026-01-25 15:38:11.781 23439-23439 RealImageLoader         com.rpeters.jellyfin                 I   Successful (NETWORK) - https://rpeters1428.huron.usbx.me/jellyfin/Items/46be587b-6a84-cc6f-cdbb-1dcdafc1d56c/Images/Primary?maxHeight=400&maxWidth=400
2026-01-25 15:38:11.785 23439-23439 RealImageLoader         com.rpeters.jellyfin                 I   Successful (NETWORK) - https://rpeters1428.huron.usbx.me/jellyfin/Items/b28f5a24-61e7-2b66-a4b4-d6e8e6b1dcc8/Images/Primary?maxHeight=400&maxWidth=400
2026-01-25 15:38:11.787 23439-23439 RealImageLoader         com.rpeters.jellyfin                 I   Successful (NETWORK) - https://rpeters1428.huron.usbx.me/jellyfin/Items/db2b2ff9-eb1e-bd3e-459d-63a2153dc733/Images/Primary?maxHeight=400&maxWidth=400
2026-01-25 15:38:11.801 23439-23476 AdrenoVK-0              com.rpeters.jellyfin                 I  Shader compilation failed for shaderType: 4
2026-01-25 15:38:11.801 23439-23476 AdrenoVK-0              com.rpeters.jellyfin                 I  Pipeline create failed
2026-01-25 15:38:11.827 23439-23439 RealImageLoader         com.rpeters.jellyfin                 I   Successful (NETWORK) - https://rpeters1428.huron.usbx.me/jellyfin/Items/b7381830-1e0e-de1c-21d0-9358326443c3/Images/Backdrop?tag=b39fc3b1d71987e4853f8f2e170b7b31&maxHeight=400&maxWidth=800
2026-01-25 15:38:11.993 23439-23476 AdrenoVK-0              com.rpeters.jellyfin                 I  Shader compilation failed for shaderType: 0
2026-01-25 15:38:11.993 23439-23476 AdrenoVK-0              com.rpeters.jellyfin                 I  Pipeline create failed
2026-01-25 15:38:12.042 23439-23476 AdrenoVK-0              com.rpeters.jellyfin                 I  Shader compilation failed for shaderType: 0
2026-01-25 15:38:12.042 23439-23476 AdrenoVK-0              com.rpeters.jellyfin                 I  Pipeline create failed
2026-01-25 15:38:13.476 23439-23439 AutofillManager         com.rpeters.jellyfin                 W  setSaveUiState(30668107, false) called on existing session 30668107; cancelling it
2026-01-25 15:38:13.488 23439-23439 InsetsSourceConsumer    com.rpeters.jellyfin                 I  applyRequestedVisibilityToControl: visible=true, type=statusBars, host=com.rpeters.jellyfin/com.rpeters.jellyfin.MainActivity
2026-01-25 15:38:13.489 23439-23439 InsetsSourceConsumer    com.rpeters.jellyfin                 I  applyRequestedVisibilityToControl: visible=true, type=navigationBars, host=com.rpeters.jellyfin/com.rpeters.jellyfin.MainActivity
2026-01-25 15:38:13.490 23439-23439 VRI[MainAc...y]@cf437f9 com.rpeters.jellyfin                 D  mThreadedRenderer.initializeIfNeeded()#2 mSurface={isValid=true 0xb400007333d19660}
2026-01-25 15:38:13.491 23439-23439 InputMethodManagerUtils com.rpeters.jellyfin                 D  startInputInner - Id : 0
2026-01-25 15:38:13.491 23439-23439 InputMethodManager      com.rpeters.jellyfin                 I  startInputInner - IInputMethodManagerGlobalInvoker.startInputOrWindowGainedFocus
2026-01-25 15:38:13.495 23439-23439 InsetsController        com.rpeters.jellyfin                 D  hide(ime())
2026-01-25 15:38:13.495 23439-23439 ImeTracker              com.rpeters.jellyfin                 I  com.rpeters.jellyfin:b73bf9e7: onCancelled at PHASE_CLIENT_ALREADY_HIDDEN
2026-01-25 15:38:13.495 23439-23450 InputTransport          com.rpeters.jellyfin                 D  Input channel constructed: 'ClientS', fd=183
2026-01-25 15:38:14.041 23439-23439 VRI[MainAc...y]@cf437f9 com.rpeters.jellyfin                 I  ViewPostIme pointer 0
2026-01-25 15:38:14.057 23439-23439 VRI[MainAc...y]@cf437f9 com.rpeters.jellyfin                 I  call setFrameRateCategory for touch hint category=high hint, reason=touch, vri=VRI[MainActivity]@cf437f9
2026-01-25 15:38:14.171 23439-23724 OkHttp                  com.rpeters.jellyfin                 I  --> GET https://rpeters1428.huron.usbx.me/jellyfin/Items/b7f875a9-2aad-25b0-d4f6-119c30004c9b/Images/Primary?maxHeight=400&maxWidth=400
2026-01-25 15:38:14.179 23439-23719 OkHttp                  com.rpeters.jellyfin                 I  --> GET https://rpeters1428.huron.usbx.me/jellyfin/Items/b7f875a9-2aad-25b0-d4f6-119c30004c9b/Images/Primary?maxHeight=400&maxWidth=400
2026-01-25 15:38:14.205 23439-23723 OkHttp                  com.rpeters.jellyfin                 I  --> GET https://rpeters1428.huron.usbx.me/jellyfin/Items/be8e4a70-22b5-69de-5beb-01844ef28fa7/Images/Primary?maxHeight=400&maxWidth=400
2026-01-25 15:38:14.296 23439-23719 OkHttp                  com.rpeters.jellyfin                 I  <-- 200 OK https://rpeters1428.huron.usbx.me/jellyfin/Items/b7f875a9-2aad-25b0-d4f6-119c30004c9b/Images/Primary?maxHeight=400&maxWidth=400 (117ms, 132024-byte body)
2026-01-25 15:38:14.300 23439-23724 OkHttp                  com.rpeters.jellyfin                 I  <-- 200 OK https://rpeters1428.huron.usbx.me/jellyfin/Items/b7f875a9-2aad-25b0-d4f6-119c30004c9b/Images/Primary?maxHeight=400&maxWidth=400 (128ms, 132024-byte body)
2026-01-25 15:38:14.324 23439-23467 Kumiho-Kumiho           com.rpeters.jellyfin                 I  getPackageName: com.rpeters.jellyfin
2026-01-25 15:38:14.324 23439-23467 Kumiho-Kumiho           com.rpeters.jellyfin                 E  updateList - failed to retrieve policy '/data/system/Kumiho/Kumiho.policy' retrying with default
2026-01-25 15:38:14.327 23439-23467 Kumiho-Kumiho           com.rpeters.jellyfin                 D  updateList: inserting 'com.whatsapp' in the Kumiho client list
2026-01-25 15:38:14.327 23439-23467 Kumiho-Kumiho           com.rpeters.jellyfin                 D  updateList: inserting 'com.facebook.orca' in the Kumiho client list
2026-01-25 15:38:14.327 23439-23467 Kumiho-Kumiho           com.rpeters.jellyfin                 D  updateList: inserting 'org.telegram.messenger' in the Kumiho client list
2026-01-25 15:38:14.327 23439-23467 Kumiho-Kumiho           com.rpeters.jellyfin                 D  updateList: inserting 'com.kakao.talk' in the Kumiho client list
2026-01-25 15:38:14.327 23439-23467 Kumiho-Kumiho           com.rpeters.jellyfin                 D  updateList: inserting 'com.google.android.providers.media.module' in the Kumiho client list
2026-01-25 15:38:14.327 23439-23467 Kumiho-Kumiho           com.rpeters.jellyfin                 D  updateList: inserting 'jp.naver.line.android' in the Kumiho client list
2026-01-25 15:38:14.327 23439-23467 Kumiho-Kumiho           com.rpeters.jellyfin                 D  updateList: inserting 'com.discord' in the Kumiho client list
2026-01-25 15:38:14.327 23439-23467 Kumiho-Kumiho           com.rpeters.jellyfin                 D  updateList: inserting 'com.tencent.mm' in the Kumiho client list
2026-01-25 15:38:14.327 23439-23467 Kumiho-Kumiho           com.rpeters.jellyfin                 D  updateList: inserting 'com.snapchat.android' in the Kumiho client list
2026-01-25 15:38:14.327 23439-23439 RealImageLoader         com.rpeters.jellyfin                 I   Successful (NETWORK) - https://rpeters1428.huron.usbx.me/jellyfin/Items/b7f875a9-2aad-25b0-d4f6-119c30004c9b/Images/Primary?maxHeight=400&maxWidth=400
2026-01-25 15:38:14.331 23439-23723 OkHttp                  com.rpeters.jellyfin                 I  <-- 200 OK https://rpeters1428.huron.usbx.me/jellyfin/Items/be8e4a70-22b5-69de-5beb-01844ef28fa7/Images/Primary?maxHeight=400&maxWidth=400 (125ms, 167746-byte body)
2026-01-25 15:38:14.332 23439-23467 Kumiho-Kumiho           com.rpeters.jellyfin                 I  getPackageName: com.rpeters.jellyfin
2026-01-25 15:38:14.336 23439-23467 Kumiho-Kumiho           com.rpeters.jellyfin                 I  getPackageName: com.rpeters.jellyfin
2026-01-25 15:38:14.345 23439-23439 RealImageLoader         com.rpeters.jellyfin                 I   Successful (NETWORK) - https://rpeters1428.huron.usbx.me/jellyfin/Items/b7f875a9-2aad-25b0-d4f6-119c30004c9b/Images/Primary?maxHeight=400&maxWidth=400
2026-01-25 15:38:14.406 23439-23439 RealImageLoader         com.rpeters.jellyfin                 I   Successful (NETWORK) - https://rpeters1428.huron.usbx.me/jellyfin/Items/be8e4a70-22b5-69de-5beb-01844ef28fa7/Images/Primary?maxHeight=400&maxWidth=400
2026-01-25 15:38:14.460 23439-23723 OkHttp                  com.rpeters.jellyfin                 I  --> GET https://rpeters1428.huron.usbx.me/jellyfin/Items/b7381830-1e0e-de1c-21d0-9358326443c3/Images/Primary?maxHeight=400&maxWidth=400
2026-01-25 15:38:14.481 23439-23724 OkHttp                  com.rpeters.jellyfin                 I  --> GET https://rpeters1428.huron.usbx.me/jellyfin/Items/35fe134f-9d0d-fc70-23ee-e27069b7ff40/Images/Primary?maxHeight=400&maxWidth=400
2026-01-25 15:38:14.499 23439-23719 OkHttp                  com.rpeters.jellyfin                 I  --> GET https://rpeters1428.huron.usbx.me/jellyfin/Items/cb3f4afb-6ba8-520e-4a86-8b9929f9614b/Images/Primary?maxHeight=400&maxWidth=400
2026-01-25 15:38:14.555 23439-23439 VRI[MainAc...y]@cf437f9 com.rpeters.jellyfin                 I  ViewPostIme pointer 1
2026-01-25 15:38:14.604 23439-23723 OkHttp                  com.rpeters.jellyfin                 I  <-- 200 OK https://rpeters1428.huron.usbx.me/jellyfin/Items/b7381830-1e0e-de1c-21d0-9358326443c3/Images/Primary?maxHeight=400&maxWidth=400 (143ms, 154934-byte body)
2026-01-25 15:38:14.605 23439-23724 OkHttp                  com.rpeters.jellyfin                 I  <-- 200 OK https://rpeters1428.huron.usbx.me/jellyfin/Items/35fe134f-9d0d-fc70-23ee-e27069b7ff40/Images/Primary?maxHeight=400&maxWidth=400 (123ms, 163086-byte body)
2026-01-25 15:38:14.623 23439-23719 OkHttp                  com.rpeters.jellyfin                 I  <-- 200 OK https://rpeters1428.huron.usbx.me/jellyfin/Items/cb3f4afb-6ba8-520e-4a86-8b9929f9614b/Images/Primary?maxHeight=400&maxWidth=400 (124ms, 141600-byte body)
2026-01-25 15:38:14.629 23439-23439 RealImageLoader         com.rpeters.jellyfin                 I   Successful (NETWORK) - https://rpeters1428.huron.usbx.me/jellyfin/Items/b7381830-1e0e-de1c-21d0-9358326443c3/Images/Primary?maxHeight=400&maxWidth=400
2026-01-25 15:38:14.630 23439-23439 RealImageLoader         com.rpeters.jellyfin                 I   Successful (NETWORK) - https://rpeters1428.huron.usbx.me/jellyfin/Items/35fe134f-9d0d-fc70-23ee-e27069b7ff40/Images/Primary?maxHeight=400&maxWidth=400
2026-01-25 15:38:14.655 23439-23439 RealImageLoader         com.rpeters.jellyfin                 I   Successful (NETWORK) - https://rpeters1428.huron.usbx.me/jellyfin/Items/cb3f4afb-6ba8-520e-4a86-8b9929f9614b/Images/Primary?maxHeight=400&maxWidth=400
2026-01-25 15:38:14.680 23439-23447 InputTransport          com.rpeters.jellyfin                 D  Input channel destroyed: 'ClientS', fd=183
2026-01-25 15:38:15.255 23439-23439 VRI[MainAc...y]@cf437f9 com.rpeters.jellyfin                 I  ViewPostIme pointer 0
2026-01-25 15:38:15.279 23439-23476 AdrenoVK-0              com.rpeters.jellyfin                 I  Shader compilation failed for shaderType: 0
2026-01-25 15:38:15.279 23439-23476 AdrenoVK-0              com.rpeters.jellyfin                 I  Pipeline create failed
2026-01-25 15:38:15.354 23439-23439 VRI[MainAc...y]@cf437f9 com.rpeters.jellyfin                 I  ViewPostIme pointer 1
2026-01-25 15:38:15.449 23439-23472 OkHttpClient            com.rpeters.jellyfin                 I  GET https://rpeters1428.huron.usbx.me/jellyfin/Items?userId=c1b3b2bb-8e62-45b6-a7c4-f6645be8423a&limit=20&recursive=true&sortOrder=Descending&includeItemTypes=Movie&includeItemTypes=Episode&includeItemTypes=Video&filters=IsResumable&sortBy=DatePlayed&enableTotalRecordCount=true&enableImages=true
2026-01-25 15:38:15.473 23439-23469 OkHttpClient            com.rpeters.jellyfin                 I  GET https://rpeters1428.huron.usbx.me/jellyfin/Items?userId=c1b3b2bb-8e62-45b6-a7c4-f6645be8423a&limit=50&recursive=true&sortOrder=Descending&includeItemTypes=Movie&includeItemTypes=Series&includeItemTypes=Episode&includeItemTypes=Audio&includeItemTypes=MusicAlbum&includeItemTypes=MusicArtist&includeItemTypes=Book&includeItemTypes=AudioBook&includeItemTypes=Video&sortBy=DateCreated&enableTotalRecordCount=true&enableImages=true
2026-01-25 15:38:15.481 23439-23681 OkHttpClient            com.rpeters.jellyfin                 I  GET https://rpeters1428.huron.usbx.me/jellyfin/Items?userId=c1b3b2bb-8e62-45b6-a7c4-f6645be8423a&includeItemTypes=CollectionFolder&enableTotalRecordCount=true&enableImages=true
2026-01-25 15:38:15.483 23439-23475 OkHttpClient            com.rpeters.jellyfin                 I  GET https://rpeters1428.huron.usbx.me/jellyfin/Items?userId=c1b3b2bb-8e62-45b6-a7c4-f6645be8423a&limit=20&recursive=true&sortOrder=Descending&includeItemTypes=Movie&sortBy=DateCreated&enableTotalRecordCount=true&enableImages=true
2026-01-25 15:38:15.486 23439-23466 OkHttpClient            com.rpeters.jellyfin                 I  GET https://rpeters1428.huron.usbx.me/jellyfin/Items?userId=c1b3b2bb-8e62-45b6-a7c4-f6645be8423a&limit=20&recursive=true&sortOrder=Descending&includeItemTypes=AudioBook&sortBy=DateCreated&enableTotalRecordCount=true&enableImages=true
2026-01-25 15:38:15.489 23439-23474 OkHttpClient            com.rpeters.jellyfin                 I  GET https://rpeters1428.huron.usbx.me/jellyfin/Items?userId=c1b3b2bb-8e62-45b6-a7c4-f6645be8423a&limit=20&recursive=true&sortOrder=Descending&includeItemTypes=Episode&sortBy=DateCreated&enableTotalRecordCount=true&enableImages=true
2026-01-25 15:38:15.493 23439-23464 OkHttpClient            com.rpeters.jellyfin                 I  GET https://rpeters1428.huron.usbx.me/jellyfin/Items?userId=c1b3b2bb-8e62-45b6-a7c4-f6645be8423a&limit=20&recursive=true&sortOrder=Descending&includeItemTypes=Series&sortBy=DateCreated&enableTotalRecordCount=true&enableImages=true
2026-01-25 15:38:15.497 23439-23465 OkHttpClient            com.rpeters.jellyfin                 I  GET https://rpeters1428.huron.usbx.me/jellyfin/Items?userId=c1b3b2bb-8e62-45b6-a7c4-f6645be8423a&limit=20&recursive=true&sortOrder=Descending&includeItemTypes=Video&sortBy=DateCreated&enableTotalRecordCount=true&enableImages=true
2026-01-25 15:38:15.498 23439-23467 OkHttpClient            com.rpeters.jellyfin                 I  GET https://rpeters1428.huron.usbx.me/jellyfin/Items?userId=c1b3b2bb-8e62-45b6-a7c4-f6645be8423a&limit=20&recursive=true&sortOrder=Descending&includeItemTypes=Audio&sortBy=DateCreated&enableTotalRecordCount=true&enableImages=true
2026-01-25 15:38:15.508 23439-23470 OkHttpClient            com.rpeters.jellyfin                 I  GET https://rpeters1428.huron.usbx.me/jellyfin/Items?userId=c1b3b2bb-8e62-45b6-a7c4-f6645be8423a&limit=20&recursive=true&sortOrder=Descending&includeItemTypes=Book&sortBy=DateCreated&enableTotalRecordCount=true&enableImages=true
2026-01-25 15:38:18.367 23439-23439 VRI[MainAc...y]@cf437f9 com.rpeters.jellyfin                 I  call setFrameRateCategory for touch hint category=no preference, reason=boost timeout, vri=VRI[MainActivity]@cf437f9
2026-01-25 15:38:20.202 23439-23439 VRI[MainAc...y]@cf437f9 com.rpeters.jellyfin                 I  ViewPostIme pointer 0
2026-01-25 15:38:20.212 23439-23439 VRI[MainAc...y]@cf437f9 com.rpeters.jellyfin                 I  call setFrameRateCategory for touch hint category=high hint, reason=touch, vri=VRI[MainActivity]@cf437f9
2026-01-25 15:38:20.240 23439-23439 VRI[MainAc...y]@cf437f9 com.rpeters.jellyfin                 I  ViewPostIme pointer 1
2026-01-25 15:38:20.273 23439-23476 AdrenoVK-0              com.rpeters.jellyfin                 I  Shader compilation failed for shaderType: 4
2026-01-25 15:38:20.273 23439-23476 AdrenoVK-0              com.rpeters.jellyfin                 I  Pipeline create failed
2026-01-25 15:38:20.409 23439-23476 AdrenoVK-0              com.rpeters.jellyfin                 I  Shader compilation failed for shaderType: 0
2026-01-25 15:38:20.409 23439-23476 AdrenoVK-0              com.rpeters.jellyfin                 I  Pipeline create failed
2026-01-25 15:38:20.586 23439-23476 AdrenoVK-0              com.rpeters.jellyfin                 I  Shader compilation failed for shaderType: 0
2026-01-25 15:38:20.586 23439-23476 AdrenoVK-0              com.rpeters.jellyfin                 I  Pipeline create failed
2026-01-25 15:38:23.245 23439-23439 VRI[MainAc...y]@cf437f9 com.rpeters.jellyfin                 I  call setFrameRateCategory for touch hint category=no preference, reason=boost timeout, vri=VRI[MainActivity]@cf437f9
2026-01-25 15:38:25.431 23439-23439 VRI[MainAc...y]@cf437f9 com.rpeters.jellyfin                 I  ViewPostIme pointer 0
2026-01-25 15:38:25.440 23439-23439 VRI[MainAc...y]@cf437f9 com.rpeters.jellyfin                 I  call setFrameRateCategory for touch hint category=high hint, reason=touch, vri=VRI[MainActivity]@cf437f9
2026-01-25 15:38:25.468 23439-23439 VRI[MainAc...y]@cf437f9 com.rpeters.jellyfin                 I  ViewPostIme pointer 1
2026-01-25 15:38:28.471 23439-23439 VRI[MainAc...y]@cf437f9 com.rpeters.jellyfin                 I  call setFrameRateCategory for touch hint category=no preference, reason=boost timeout, vri=VRI[MainActivity]@cf437f9
2026-01-25 15:38:31.794 23439-23439 SmartClipD...ropperImpl com.rpeters.jellyfin                 D  doExtractSmartClipData : Extraction start! reqId = 239  Cropped area = Rect(720, 1560 - 721, 1561)  Package = com.rpeters.jellyfin
2026-01-25 15:38:31.794 23439-23439 SmartClipD...ropperImpl com.rpeters.jellyfin                 D  addAppMetaTag : package name is com.rpeters.jellyfin
2026-01-25 15:38:31.794 23439-23439 SmartClipD...ropperImpl com.rpeters.jellyfin                 D  sendExtractionResultToSmartClipService : -- Extracted SmartClip data information --
2026-01-25 15:38:31.794 23439-23439 SmartClipD...ropperImpl com.rpeters.jellyfin                 D  sendExtractionResultToSmartClipService : Request Id : 239
2026-01-25 15:38:31.794 23439-23439 SmartClipD...ropperImpl com.rpeters.jellyfin                 D  sendExtractionResultToSmartClipService : Extraction mode : 1
2026-01-25 15:38:31.794 23439-23439 SemSmartCl...Repository com.rpeters.jellyfin                 D  ----- Start of SmartClip repository informations -----
2026-01-25 15:38:31.794 23439-23439 SemSmartCl...Repository com.rpeters.jellyfin                 D  ** Content type : image
2026-01-25 15:38:31.794 23439-23439 SemSmartCl...Repository com.rpeters.jellyfin                 D  ** Meta area rect : Rect(0, 0 - 0, 0)
2026-01-25 15:38:31.794 23439-23439 SemSmartCl...Repository com.rpeters.jellyfin                 D  ** Captured image file path : null
2026-01-25 15:38:31.794 23439-23439 SemSmartCl...Repository com.rpeters.jellyfin                 D  ----- End of SmartClip repository informations -----
2026-01-25 15:38:31.795 23439-23439 SmartClipD...ropperImpl com.rpeters.jellyfin                 D  sendExtractionResultToSmartClipService : Elapsed = 1
