2026-02-02 19:13:43.008  7117-7117  VRI[MainAc...y]@e1df7ab com.rpeters.jellyfin                 I  ViewPostIme pointer 0
2026-02-02 19:13:43.017  7117-7117  VRI[MainAc...y]@e1df7ab com.rpeters.jellyfin                 I  call setFrameRateCategory for touch hint category=high hint, reason=touch, vri=VRI[MainActivity]@e1df7ab
2026-02-02 19:13:43.610  7117-7117  VRI[MainAc...y]@e1df7ab com.rpeters.jellyfin                 I  ViewPostIme pointer 1
2026-02-02 19:13:43.938  7117-7117  VRI[MainAc...y]@e1df7ab com.rpeters.jellyfin                 I  ViewPostIme pointer 0
2026-02-02 19:13:44.006  7117-7117  VRI[MainAc...y]@e1df7ab com.rpeters.jellyfin                 I  ViewPostIme pointer 1
2026-02-02 19:13:44.073  7117-7117  RealImageLoader         com.rpeters.jellyfin                 I  ðŸ’¾ Successful (DISK) - https://rpeters1428.huron.usbx.me/jellyfin/Items/57ceeff3-54e2-ae3c-328f-664bbec3b6f7/Images/Primary?maxHeight=400&maxWidth=400
2026-02-02 19:13:44.073  7117-7117  RealImageLoader         com.rpeters.jellyfin                 I  ðŸ’¾ Successful (DISK) - https://rpeters1428.huron.usbx.me/jellyfin/Items/78f6d0d7-199f-f971-d1a8-610d7c74266f/Images/Primary?maxHeight=400&maxWidth=400
2026-02-02 19:13:44.644  7117-7117  VRI[MainAc...y]@e1df7ab com.rpeters.jellyfin                 I  ViewPostIme pointer 0
2026-02-02 19:13:44.726  7117-7117  VRI[MainAc...y]@e1df7ab com.rpeters.jellyfin                 I  ViewPostIme pointer 1
2026-02-02 19:13:44.730  7117-7117  MainAppViewModel        com.rpeters.jellyfin                 D  [VERBOSE] ðŸ“ Item added/updated: Alexander Kirk: Conclusion (UUID-***)
2026-02-02 19:13:44.756  7117-7117  ConnectivityManager     com.rpeters.jellyfin                 D  StackLog: [android.net.ConnectivityManager.unregisterNetworkCallback(ConnectivityManager.java:5573)] [com.rpeters.jellyfin.network.ConnectivityChecker$observeNetworkConnectivity$1.invokeSuspend$lambda$0(ConnectivityChecker.kt:100)] [com.rpeters.jellyfin.network.ConnectivityChecker$observeNetworkConnectivity$1$$ExternalSyntheticLambda1.invoke(D8$$SyntheticClass:0)] [kotlinx.coroutines.channels.ProduceKt.awaitClose(Produce.kt:69)] [kotlinx.coroutines.channels.ProduceKt$awaitClose$1.invokeSuspend(Unknown Source:17)] [kotlin.coroutines.jvm.internal.BaseContinuationImpl.resumeWith(ContinuationImpl.kt:34)] [kotlinx.coroutines.DispatchedTask.run(DispatchedTask.kt:98)] [androidx.compose.ui.platform.AndroidUiDispatcher.performTrampolineDispatch(AndroidUiDispatcher.android.kt:79)] [androidx.compose.ui.platform.AndroidUiDispatcher.access$performTrampolineDispatch(AndroidUiDispatcher.android.kt:41)] [androidx.compose.ui.platform.AndroidUiDispatcher$dispatchCallback$1.run(AndroidUiDispatcher.android.kt:57)]
2026-02-02 19:13:44.758  7117-7117  ConnectivityManager     com.rpeters.jellyfin                 D  StackLog: [android.net.ConnectivityManager.sendRequestForNetwork(ConnectivityManager.java:4738)] [android.net.ConnectivityManager.sendRequestForNetwork(ConnectivityManager.java:4906)] [android.net.ConnectivityManager.registerNetworkCallback(ConnectivityManager.java:5323)] [android.net.ConnectivityManager.registerNetworkCallback(ConnectivityManager.java:5293)] [com.rpeters.jellyfin.network.ConnectivityChecker$observeNetworkConnectivity$1.invokeSuspend(ConnectivityChecker.kt:94)] [com.rpeters.jellyfin.network.ConnectivityChecker$observeNetworkConnectivity$1.invoke(Unknown Source:14)] [com.rpeters.jellyfin.network.ConnectivityChecker$observeNetworkConnectivity$1.invoke(Unknown Source:12)] [kotlinx.coroutines.flow.ChannelFlowBuilder.collectTo$suspendImpl(Builders.kt:316)] [kotlinx.coroutines.flow.ChannelFlowBuilder.collectTo(Unknown Source:4)] [kotlinx.coroutines.flow.CallbackFlowBuilder.collectTo(Builders.kt:330)] [kotlinx.coroutines.flow.internal.ChannelFlow$collectToFun$1.invokeSuspend(ChannelFlow.kt:56)] [kotlin.coroutines.jvm.internal.BaseContinuationImpl.resumeWith(ContinuationImpl.kt:34)] [kotlinx.coroutines.DispatchedTask.run(DispatchedTask.kt:100)] [androidx.compose.ui.platform.AndroidUiDispatcher.performTrampolineDispatch(AndroidUiDispatcher.android.kt:79)] [androidx.compose.ui.platform.AndroidUiDispatcher.access$performTrampolineDispatch(AndroidUiDispatcher.android.kt:41)] [androidx.compose.ui.platform.AndroidUiDispatcher$dispatchCallback$1.run(AndroidUiDispatcher.android.kt:57)]
2026-02-02 19:13:44.760  7117-7300  ConnectivityChecker     com.rpeters.jellyfin                 D  Network available: 406
2026-02-02 19:13:44.769  7117-7117  NavGraph                com.rpeters.jellyfin                 D  [VERBOSE] TVEpisodeDetail: Episode UUID-*** not found in app state with 0 items
2026-02-02 19:13:44.791  7117-7117  NavGraph                com.rpeters.jellyfin                 D  [VERBOSE] TVEpisodeDetail: App state is loading, showing loading indicator
2026-02-02 19:13:45.046  7117-7117  MainAppViewModel        com.rpeters.jellyfin                 D  [VERBOSE] âœ… Episode loaded: Alexander Kirk: Conclusion (UUID-***)
2026-02-02 19:13:45.140  7117-7236  RepositoryUtils         com.rpeters.jellyfin                 D  [VERBOSE] validateServer: Server validation passed for user rpeters1428 on https://rpeters1428.huron.usbx.me/jellyfin
2026-02-02 19:13:45.140  7117-7237  EnhancedPlaybackManager com.rpeters.jellyfin                 D  [VERBOSE] Getting optimal playback URL for: Alexander Kirk: Conclusion (Episode)
2026-02-02 19:13:45.142  7117-7237  AudioCapabilities       com.rpeters.jellyfin                 W  Unsupported mediaType audio/x-ape
2026-02-02 19:13:45.142  7117-7237  AudioCapabilities       com.rpeters.jellyfin                 W  Unsupported mediaType audio/evrc
2026-02-02 19:13:45.142  7117-7237  AudioCapabilities       com.rpeters.jellyfin                 W  Unsupported mediaType audio/evrc
2026-02-02 19:13:45.142  7117-7237  AudioCapabilities       com.rpeters.jellyfin                 W  Unsupported mediaType audio/x-ima
2026-02-02 19:13:45.143  7117-7237  AudioCapabilities       com.rpeters.jellyfin                 W  Unsupported mediaType audio/mpeg-L1
2026-02-02 19:13:45.143  7117-7117  peters.jellyfin         com.rpeters.jellyfin                 W  Method void com.google.android.gms.common.api.GoogleApiClient.dumpAll(java.lang.String, java.io.FileDescriptor, java.io.PrintWriter, java.lang.String[]) failed lock verification and will run slower.
2026-02-02 19:13:45.143  7117-7117  peters.jellyfin         com.rpeters.jellyfin                 W  Method void com.google.android.gms.common.api.internal.GoogleApiManager.reportSignOut() failed lock verification and will run slower.
2026-02-02 19:13:45.143  7117-7117  peters.jellyfin         com.rpeters.jellyfin                 W  Method void com.google.android.gms.common.api.internal.GoogleApiManager.zae(com.google.android.gms.common.api.internal.zaab) failed lock verification and will run slower.
2026-02-02 19:13:45.143  7117-7117  peters.jellyfin         com.rpeters.jellyfin                 W  Method void com.google.android.gms.common.api.internal.GoogleApiManager.zaf(com.google.android.gms.common.api.internal.zaab) failed lock verification and will run slower.
2026-02-02 19:13:45.143  7117-7237  AudioCapabilities       com.rpeters.jellyfin                 W  Unsupported mediaType audio/mpeg-L2
2026-02-02 19:13:45.143  7117-7237  AudioCapabilities       com.rpeters.jellyfin                 W  Unsupported mediaType audio/qcelp
2026-02-02 19:13:45.143  7117-7117  peters.jellyfin         com.rpeters.jellyfin                 W  Method void com.google.android.gms.common.internal.GmsClientSupervisor.setDefaultBindExecutor(java.util.concurrent.Executor) failed lock verification and will run slower.
2026-02-02 19:13:45.143  7117-7117  peters.jellyfin         com.rpeters.jellyfin                 W  Method void com.google.android.gms.common.internal.GmsClientSupervisor.setUseHandlerThreadForCallbacks() failed lock verification and will run slower.
2026-02-02 19:13:45.143  7117-7237  AudioCapabilities       com.rpeters.jellyfin                 W  Unsupported mediaType audio/qcelp
2026-02-02 19:13:45.144  7117-7237  VideoCapabilities       com.rpeters.jellyfin                 W  Unsupported mime video/wvc1
2026-02-02 19:13:45.144  7117-7237  VideoCapabilities       com.rpeters.jellyfin                 W  Unsupported mime video/x-ms-wmv
2026-02-02 19:13:45.145  7117-7117  peters.jellyfin         com.rpeters.jellyfin                 W  Method void com.google.android.gms.common.GoogleApiAvailability.setDefaultNotificationChannelId(android.content.Context, java.lang.String) failed lock verification and will run slower.
2026-02-02 19:13:45.145  7117-7117  peters.jellyfin         com.rpeters.jellyfin                 W  Method int com.google.android.gms.common.internal.zal.zaa(android.content.Context, com.google.android.gms.common.api.Api$Client) failed lock verification and will run slower.
2026-02-02 19:13:45.145  7117-7117  peters.jellyfin         com.rpeters.jellyfin                 W  Method void com.google.android.gms.common.internal.zal.zac() failed lock verification and will run slower.
2026-02-02 19:13:45.145  7117-7117  peters.jellyfin         com.rpeters.jellyfin                 W  Method void com.google.android.gms.internal.cast.zzbx.zzw(androidx.mediarouter.media.MediaRouteSelector, int) failed lock verification and will run slower.
2026-02-02 19:13:45.148  7117-7117  MediaRouter             com.rpeters.jellyfin                 V  Selecting route: RouteInfo{ name=Phone, description=null, status=null, category=RouteCategory{ name=System types=ROUTE_TYPE_LIVE_AUDIO ROUTE_TYPE_LIVE_VIDEO  groupable=false }, supportedTypes=ROUTE_TYPE_LIVE_AUDIO ROUTE_TYPE_LIVE_VIDEO , presentationDisplay=null }
2026-02-02 19:13:45.148  7117-7117  MediaRouter             com.rpeters.jellyfin                 I  Skip setBluetoothA2dpOn(): types=8388615, isPlaybackActive()=false, BT route=null
2026-02-02 19:13:45.149  7117-7117  AxMediaRouter           com.rpeters.jellyfin                 I  Found default route: MediaRouter.RouteInfo{ uniqueId=DEFAULT_ROUTE, name=Phone, description=null, iconUri=null, enabled=true, isSystemRoute=true, connectionState=0, canDisconnect=false, playbackType=0, playbackStream=3, deviceType=0, volumeHandling=1, volume=5, volumeMax=15, presentationDisplayId=-1, extras=null, settingsIntent=null, providerPackageName=android }
2026-02-02 19:13:45.149  7117-7117  AxMediaRouter           com.rpeters.jellyfin                 I  Unselecting the current route because it is no longer selectable: null
2026-02-02 19:13:45.150  7117-7621  peters.jellyfin         com.rpeters.jellyfin                 W  Method void com.google.android.gms.common.internal.BaseGmsClient.zzp(int, android.os.IInterface) failed lock verification and will run slower.
2026-02-02 19:13:45.152  7117-7621  peters.jellyfin         com.rpeters.jellyfin                 W  Method void com.google.android.gms.common.internal.zzq.zzc(com.google.android.gms.common.internal.zzn, android.content.ServiceConnection, java.lang.String) failed lock verification and will run slower.
2026-02-02 19:13:45.152  7117-7621  peters.jellyfin         com.rpeters.jellyfin                 W  Method void com.google.android.gms.common.internal.zzq.zzd(android.os.Looper) failed lock verification and will run slower.
2026-02-02 19:13:45.152  7117-7621  peters.jellyfin         com.rpeters.jellyfin                 W  Method void com.google.android.gms.common.internal.zzq.zze(java.util.concurrent.Executor) failed lock verification and will run slower.
2026-02-02 19:13:45.152  7117-7632  peters.jellyfin         com.rpeters.jellyfin                 W  Method void com.google.android.gms.internal.cast.zzbq.zza(androidx.mediarouter.media.MediaRouter$RouteInfo, boolean) failed lock verification and will run slower.
2026-02-02 19:13:45.158  7117-7117  RealImageLoader         com.rpeters.jellyfin                 I  ðŸ’¾ Successful (DISK) - https://rpeters1428.huron.usbx.me/jellyfin/Items/78f6d0d7-199f-f971-d1a8-610d7c74266f/Images/Primary?maxHeight=400&maxWidth=400&tag=7e0aaefdfcceafa780a11f077fecdd4d
2026-02-02 19:13:45.158  7117-7621  peters.jellyfin         com.rpeters.jellyfin                 W  Method void com.google.android.gms.common.internal.zzo.onServiceConnected(android.content.ComponentName, android.os.IBinder) failed lock verification and will run slower.
2026-02-02 19:13:45.158  7117-7621  peters.jellyfin         com.rpeters.jellyfin                 W  Method void com.google.android.gms.common.internal.zzo.onServiceDisconnected(android.content.ComponentName) failed lock verification and will run slower.
2026-02-02 19:13:45.161  7117-7632  DynamiteModule          com.rpeters.jellyfin                 I  Considering local module com.google.android.gms.cast.framework.dynamite:0 and remote module com.google.android.gms.cast.framework.dynamite:260433000
2026-02-02 19:13:45.161  7117-7632  DynamiteModule          com.rpeters.jellyfin                 I  Selected remote version of com.google.android.gms.cast.framework.dynamite, version >= 260433000
2026-02-02 19:13:45.161  7117-7632  DynamiteModule          com.rpeters.jellyfin                 V  Dynamite loader version >= 2, using loadModule2NoCrashUtils
2026-02-02 19:13:45.162  7117-7237  VideoCapabilities       com.rpeters.jellyfin                 W  Unsupported mime video/x-mvhevc
2026-02-02 19:13:45.162  7117-7237  VideoCapabilities       com.rpeters.jellyfin                 W  Unsupported mime image/vnd.android.heic
2026-02-02 19:13:45.163  7117-7237  VideoCapabilities       com.rpeters.jellyfin                 W  Unrecognized profile/level 32768/256 for video/mp4v-es
2026-02-02 19:13:45.166  7117-7632  peters.jellyfin         com.rpeters.jellyfin                 W  ClassLoaderContext classpath size mismatch. expected=1, found=3 (DLC[];PCL[base.apk*1337880436]{PCL[/system/framework/org.apache.http.legacy.jar*3558608148]#PCL[/system/system_ext/framework/org.carconnectivity.android.digitalkey.rangingintent.jar*560278203]#PCL[/system/system_ext/framework/org.carconnectivity.android.digitalkey.secureelement.jar*3277496667]#PCL[/system_ext/framework/org.carconnectivity.android.digitalkey.timesync.jar*1887653037]#PCL[/system/framework/com.android.location.provider.jar*1880069816]#PCL[/system/framework/com.android.media.remotedisplay.jar*1838754544]#PCL[/system_ext/framework/androidx.window.extensions.jar*708456526]#PCL[/system_ext/framework/androidx.window.sidecar.jar*3846558453]} | DLC[];PCL[/data/data/com.rpeters.jellyfin/code_cache/.overlay/base.apk/classes6.dex*1837037699:/data/data/com.rpeters.jellyfin/code_cache/.overlay/base.apk/classes7.dex*2556051139:/data/app/~~S7RaaAzHlW5ya-Vyu-hGsw==/com.rpeters.jellyfin--IHpzmQrYRQf3ctGY6Tjiw==/base.apk*3334212063]{PCL[/system_ext/framework/androidx.window.extensions.jar*708456526]#PCL[/system_ext/framework/androidx.window.sidecar.jar*3846558453]})
2026-02-02 19:13:45.166  7117-7117  AxMediaRouter           com.rpeters.jellyfin                 W  Ignoring attempt to select selected route: MediaRouter.RouteInfo{ uniqueId=DEFAULT_ROUTE, name=Phone, description=null, iconUri=null, enabled=true, isSystemRoute=true, connectionState=0, canDisconnect=false, playbackType=0, playbackStream=3, deviceType=0, volumeHandling=1, volume=5, volumeMax=15, presentationDisplayId=-1, extras=null, settingsIntent=null, providerPackageName=android }
2026-02-02 19:13:45.166  7117-7117  MediaRouter             com.rpeters.jellyfin                 V  Selecting route: RouteInfo{ name=Phone, description=null, status=null, category=RouteCategory{ name=System types=ROUTE_TYPE_LIVE_AUDIO ROUTE_TYPE_LIVE_VIDEO  groupable=false }, supportedTypes=ROUTE_TYPE_LIVE_AUDIO ROUTE_TYPE_LIVE_VIDEO , presentationDisplay=null }
2026-02-02 19:13:45.167  7117-7237  AudioCapabilities       com.rpeters.jellyfin                 W  Unsupported mediaType audio/x-ape
2026-02-02 19:13:45.167  7117-7237  AudioCapabilities       com.rpeters.jellyfin                 W  Unsupported mediaType audio/evrc
2026-02-02 19:13:45.167  7117-7237  AudioCapabilities       com.rpeters.jellyfin                 W  Unsupported mediaType audio/evrc
2026-02-02 19:13:45.167  7117-7237  AudioCapabilities       com.rpeters.jellyfin                 W  Unsupported mediaType audio/x-ima
2026-02-02 19:13:45.167  7117-7237  AudioCapabilities       com.rpeters.jellyfin                 W  Unsupported mediaType audio/mpeg-L1
2026-02-02 19:13:45.167  7117-7117  peters.jellyfin         com.rpeters.jellyfin                 W  Method void com.google.android.gms.common.internal.zzc.zze() failed lock verification and will run slower.
2026-02-02 19:13:45.167  7117-7117  peters.jellyfin         com.rpeters.jellyfin                 W  Method void com.google.android.gms.common.internal.zzc.zzf() failed lock verification and will run slower.
2026-02-02 19:13:45.167  7117-7237  AudioCapabilities       com.rpeters.jellyfin                 W  Unsupported mediaType audio/mpeg-L2
2026-02-02 19:13:45.167  7117-7237  AudioCapabilities       com.rpeters.jellyfin                 W  Unsupported mediaType audio/qcelp
2026-02-02 19:13:45.167  7117-7237  AudioCapabilities       com.rpeters.jellyfin                 W  Unsupported mediaType audio/qcelp
2026-02-02 19:13:45.167  7117-7237  VideoCapabilities       com.rpeters.jellyfin                 W  Unsupported mime video/wvc1
2026-02-02 19:13:45.167  7117-7237  VideoCapabilities       com.rpeters.jellyfin                 W  Unsupported mime video/x-ms-wmv
2026-02-02 19:13:45.170  7117-7632  CastDynamiteModuleImpl  com.rpeters.jellyfin                 I  sj created by ClassLoader dalvik.system.DelegateLastClassLoader[DexPathList[[zip file "/data/app/~~tsWUUglA6m3b9Ir-jxGiOA==/com.google.android.gms-YqfSBqyfdto7FvVbngkVPw==/split_DynamiteModulesC_installtime.apk"],nativeLibraryDirectories=[/data/app/~~tsWUUglA6m3b9Ir-jxGiOA==/com.google.android.gms-YqfSBqyfdto7FvVbngkVPw==/split_DynamiteModulesC_installtime.apk!/lib/arm64-v8a, /system/lib64, /system_ext/lib64]]].
2026-02-02 19:13:45.174  7117-7237  VideoCapabilities       com.rpeters.jellyfin                 W  Unsupported mime video/x-mvhevc
2026-02-02 19:13:45.174  7117-7237  VideoCapabilities       com.rpeters.jellyfin                 W  Unsupported mime image/vnd.android.heic
2026-02-02 19:13:45.174  7117-7237  VideoCapabilities       com.rpeters.jellyfin                 W  Unrecognized profile/level 32768/256 for video/mp4v-es
2026-02-02 19:13:45.176  7117-7632  ConnectivityManager     com.rpeters.jellyfin                 D  StackLog: [android.net.ConnectivityManager.sendRequestForNetwork(ConnectivityManager.java:4738)] [android.net.ConnectivityManager.sendRequestForNetwork(ConnectivityManager.java:4906)] [android.net.ConnectivityManager.registerNetworkCallback(ConnectivityManager.java:5323)] [android.net.ConnectivityManager.registerNetworkCallback(ConnectivityManager.java:5293)] [com.google.android.gms.internal.cast.zzek.zza(com.google.android.gms:play-services-cast@@22.2.0:10)] [com.google.android.gms.cast.framework.CastContext.<init>(com.google.android.gms:play-services-cast-framework@@22.2.0:19)] [com.google.android.gms.cast.framework.CastContext.zzd(com.google.android.gms:play-services-cast-framework@@22.2.0:2)] [com.google.android.gms.cast.framework.zzi.call(Unknown Source:14)] [com.google.android.gms.tasks.zzx.run(com.google.android.gms:play-services-tasks@@18.4.0:1)] [java.util.concurrent.ThreadPoolExecutor.runWorker(ThreadPoolExecutor.java:1154)] [java.util.concurrent.ThreadPoolExecutor$Worker.run(ThreadPoolExecutor.java:652)] [java.lang.Thread.run(Thread.java:1563)]
2026-02-02 19:13:45.178  7117-7237  AudioCapabilities       com.rpeters.jellyfin                 W  Unsupported mime audio/x-ape
2026-02-02 19:13:45.178  7117-7237  AudioCapabilities       com.rpeters.jellyfin                 W  Unsupported mime audio/evrc
2026-02-02 19:13:45.178  7117-7237  AudioCapabilities       com.rpeters.jellyfin                 W  Unsupported mime audio/evrc
2026-02-02 19:13:45.178  7117-7237  AudioCapabilities       com.rpeters.jellyfin                 W  Unsupported mime audio/x-ima
2026-02-02 19:13:45.179  7117-7237  AudioCapabilities       com.rpeters.jellyfin                 W  Unsupported mime audio/mpeg-L1
2026-02-02 19:13:45.179  7117-7237  AudioCapabilities       com.rpeters.jellyfin                 W  Unsupported mime audio/mpeg-L2
2026-02-02 19:13:45.179  7117-7237  AudioCapabilities       com.rpeters.jellyfin                 W  Unsupported mime audio/qcelp
2026-02-02 19:13:45.179  7117-7237  AudioCapabilities       com.rpeters.jellyfin                 W  Unsupported mime audio/qcelp
2026-02-02 19:13:45.179  7117-7237  VideoCapabilities       com.rpeters.jellyfin                 W  Unsupported mime video/wvc1
2026-02-02 19:13:45.180  7117-7237  VideoCapabilities       com.rpeters.jellyfin                 W  Unsupported mime video/x-ms-wmv
2026-02-02 19:13:45.181  7117-7117  MediaRouterProxy        com.rpeters.jellyfin                 I  media transfer = false, session transfer = true, transfer to local = false, in-app output switcher = false
2026-02-02 19:13:45.181  7117-7117  CastManager             com.rpeters.jellyfin                 D  Cast manager initialized successfully (existing session: false)
2026-02-02 19:13:45.184  7117-7117  StrictMode              com.rpeters.jellyfin                 D  StrictMode policy violation; ~duration=1 ms: android.os.strictmode.DiskReadViolation (Fix with AI)
                                                                                                    	at android.os.StrictMode$AndroidBlockGuardPolicy.onReadFromDisk(StrictMode.java:1760)
                                                                                                    	at libcore.io.BlockGuardOs.access(BlockGuardOs.java:74)
                                                                                                    	at libcore.io.ForwardingOs.access(ForwardingOs.java:129)
                                                                                                    	at android.app.AndroidForwardingOs.access(AndroidForwardingOs.java:111)
                                                                                                    	at java.io.UnixFileSystem.checkAccess(UnixFileSystem.java:337)
                                                                                                    	at java.io.File.exists(File.java:829)
                                                                                                    	at android.app.ContextImpl.ensurePrivateDirExists(ContextImpl.java:885)
                                                                                                    	at android.app.ContextImpl.ensurePrivateDirExists(ContextImpl.java:874)
                                                                                                    	at android.app.ContextImpl.getPreferencesDir(ContextImpl.java:826)
                                                                                                    	at android.app.ContextImpl.getSharedPreferencesPath(ContextImpl.java:1076)
                                                                                                    	at android.app.ContextImpl.getSharedPreferences(ContextImpl.java:655)
                                                                                                    	at android.content.ContextWrapper.getSharedPreferences(ContextWrapper.java:243)
                                                                                                    	at com.google.android.gms.internal.cast.zzj.zzb(com.google.android.gms:play-services-cast-framework@@22.2.0:20)
                                                                                                    	at com.google.android.gms.cast.framework.CastContext.zze(com.google.android.gms:play-services-cast-framework@@22.2.0:3)
                                                                                                    	at com.google.android.gms.cast.framework.zzg.onSuccess(Unknown Source:8)
                                                                                                    	at com.google.android.gms.tasks.zzm.run(com.google.android.gms:play-services-tasks@@18.4.0:1)
                                                                                                    	at android.os.Handler.handleCallback(Handler.java:1070)
                                                                                                    	at android.os.Handler.dispatchMessage(Handler.java:125)
                                                                                                    	at android.os.Looper.dispatchMessage(Looper.java:358)
                                                                                                    	at android.os.Looper.loopOnce(Looper.java:288)
                                                                                                    	at android.os.Looper.loop(Looper.java:392)
                                                                                                    	at android.app.ActivityThread.main(ActivityThread.java:10343)
                                                                                                    	at java.lang.reflect.Method.invoke(Native Method)
                                                                                                    	at com.android.internal.os.RuntimeInit$MethodAndArgsCaller.run(RuntimeInit.java:605)
                                                                                                    	at com.android.internal.os.ZygoteInit.main(ZygoteInit.java:972)
2026-02-02 19:13:45.184  7117-7117  StrictMode              com.rpeters.jellyfin                 D  StrictMode policy violation; ~duration=1 ms: android.os.strictmode.DiskReadViolation (Fix with AI)
                                                                                                    	at android.os.StrictMode$AndroidBlockGuardPolicy.onReadFromDisk(StrictMode.java:1760)
                                                                                                    	at android.app.SharedPreferencesImpl.awaitLoadedLocked(SharedPreferencesImpl.java:283)
                                                                                                    	at android.app.SharedPreferencesImpl.getString(SharedPreferencesImpl.java:309)
                                                                                                    	at com.google.android.gms.internal.cast.zzr.zzc(com.google.android.gms:play-services-cast-framework@@22.2.0:1)
                                                                                                    	at com.google.android.gms.internal.cast.zzj.zzb(com.google.android.gms:play-services-cast-framework@@22.2.0:25)
                                                                                                    	at com.google.android.gms.cast.framework.CastContext.zze(com.google.android.gms:play-services-cast-framework@@22.2.0:3)
                                                                                                    	at com.google.android.gms.cast.framework.zzg.onSuccess(Unknown Source:8)
                                                                                                    	at com.google.android.gms.tasks.zzm.run(com.google.android.gms:play-services-tasks@@18.4.0:1)
                                                                                                    	at android.os.Handler.handleCallback(Handler.java:1070)
                                                                                                    	at android.os.Handler.dispatchMessage(Handler.java:125)
                                                                                                    	at android.os.Looper.dispatchMessage(Looper.java:358)
                                                                                                    	at android.os.Looper.loopOnce(Looper.java:288)
                                                                                                    	at android.os.Looper.loop(Looper.java:392)
                                                                                                    	at android.app.ActivityThread.main(ActivityThread.java:10343)
                                                                                                    	at java.lang.reflect.Method.invoke(Native Method)
                                                                                                    	at com.android.internal.os.RuntimeInit$MethodAndArgsCaller.run(RuntimeInit.java:605)
                                                                                                    	at com.android.internal.os.ZygoteInit.main(ZygoteInit.java:972)
2026-02-02 19:13:45.186  7117-7237  VideoCapabilities       com.rpeters.jellyfin                 W  Unsupported mime video/x-mvhevc
2026-02-02 19:13:45.186  7117-7237  VideoCapabilities       com.rpeters.jellyfin                 W  Unsupported mime image/vnd.android.heic
2026-02-02 19:13:45.186  7117-7237  VideoCapabilities       com.rpeters.jellyfin                 W  Unrecognized profile/level 32768/256 for video/mp4v-es
2026-02-02 19:13:45.189  7117-7237  VideoCapabilities       com.rpeters.jellyfin                 W  Unsupported mime video/wvc1
2026-02-02 19:13:45.192  7117-7237  VideoCapabilities       com.rpeters.jellyfin                 W  Unsupported mime image/vnd.android.heic
2026-02-02 19:13:45.194  7117-7237  DeviceCapabilities      com.rpeters.jellyfin                 D  [VERBOSE] Video codecs supported: [h264, h265, vp9, av1, mpeg4, h263, vp8]
2026-02-02 19:13:45.195  7117-7237  DeviceCapabilities      com.rpeters.jellyfin                 D  [VERBOSE] Audio codecs supported: [flac, mp3, ac3, eac3, aac, opus, pcm, vorbis]
2026-02-02 19:13:45.195  7117-7237  DeviceCapabilities      com.rpeters.jellyfin                 D  Detected max resolution: 3840x2160
2026-02-02 19:13:45.195  7117-7237  DeviceCapabilities      com.rpeters.jellyfin                 D  Device: samsung SM-S938U1, Display: 1440x3120
2026-02-02 19:13:45.196  7117-7237  DeviceCapabilities      com.rpeters.jellyfin                 D  Detected total RAM: 11653MB
2026-02-02 19:13:45.198  7117-7237  DeviceCapabilities      com.rpeters.jellyfin                 D  Hardware codecs: [flac, mp3, ac3, eac3, h264, h265, vp9, av1, mpeg4]
2026-02-02 19:13:45.198  7117-7237  DeviceCapabilities      com.rpeters.jellyfin                 D  Software codecs: [aac, flac, mp3, opus, pcm, vorbis, av1, h264, h263, h265, mpeg4, vp8, vp9]
2026-02-02 19:13:45.198  7117-7237  JellyfinRepository      com.rpeters.jellyfin                 D  Device capabilities: maxResolution=(3840, 2160), supports4K=true
2026-02-02 19:13:45.198  7117-7237  JellyfinDeviceProfile   com.rpeters.jellyfin                 D  Creating device profile with maxWidth=3840, maxHeight=2160
2026-02-02 19:13:45.201  7117-7237  JellyfinRepository      com.rpeters.jellyfin                 D  DeviceProfile created with codecProfiles: 4
2026-02-02 19:13:45.201  7117-7237  JellyfinRepository      com.rpeters.jellyfin                 D    CodecProfile[0]: type=Video, codec=h264, conditions=4
2026-02-02 19:13:45.201  7117-7237  JellyfinRepository      com.rpeters.jellyfin                 D    CodecProfile[1]: type=Video, codec=h265,hevc, conditions=4
2026-02-02 19:13:45.201  7117-7237  JellyfinRepository      com.rpeters.jellyfin                 D    CodecProfile[2]: type=Video, codec=vp9, conditions=4
2026-02-02 19:13:45.201  7117-7237  JellyfinRepository      com.rpeters.jellyfin                 D    CodecProfile[3]: type=Video, codec=av1, conditions=4
2026-02-02 19:13:45.202  7117-7237  JellyfinRepository      com.rpeters.jellyfin                 D  PlaybackInfo request for item UUID-***: maxBitrate=80000000 (80Mbps), directPlay=true, directStream=true, transcode=true
2026-02-02 19:13:45.202  7117-7237  JellyfinRepository      com.rpeters.jellyfin                 D  Network-based maxStreamingBitrate: 80Mbps
2026-02-02 19:13:45.202  7117-7237  JellyfinRepository      com.rpeters.jellyfin                 D  DeviceProfile: Jellyfin Android Client, maxStreamBitrate=400000000, maxStaticBitrate=400000000
2026-02-02 19:13:45.202  7117-7237  JellyfinRepository      com.rpeters.jellyfin                 D    TranscodingProfile[0]: codec=h265,hevc, container=mp4, protocol=http, conditions=2
2026-02-02 19:13:45.202  7117-7237  JellyfinRepository      com.rpeters.jellyfin                 D      Condition: Height LessThanEqual 2160
2026-02-02 19:13:45.202  7117-7237  JellyfinRepository      com.rpeters.jellyfin                 D      Condition: Width LessThanEqual 3840
2026-02-02 19:13:45.202  7117-7237  JellyfinRepository      com.rpeters.jellyfin                 D    TranscodingProfile[1]: codec=h264, container=mp4, protocol=hls, conditions=2
2026-02-02 19:13:45.202  7117-7237  JellyfinRepository      com.rpeters.jellyfin                 D      Condition: Height LessThanEqual 2160
2026-02-02 19:13:45.202  7117-7237  JellyfinRepository      com.rpeters.jellyfin                 D      Condition: Width LessThanEqual 3840
2026-02-02 19:13:45.202  7117-7237  JellyfinRepository      com.rpeters.jellyfin                 D    TranscodingProfile[2]: codec=, container=mp3, protocol=http, conditions=0
2026-02-02 19:13:45.395  7117-7237  RepositoryUtils         com.rpeters.jellyfin                 D  [VERBOSE] validateServer: Server validation passed for user rpeters1428 on https://rpeters1428.huron.usbx.me/jellyfin
2026-02-02 19:13:45.484  7117-7237  JellyfinRepository      com.rpeters.jellyfin                 D  Server response:
2026-02-02 19:13:45.484  7117-7237  JellyfinRepository      com.rpeters.jellyfin                 D    PlaySessionId: 368e3512bdf946e98db21a320959a946
2026-02-02 19:13:45.484  7117-7237  JellyfinRepository      com.rpeters.jellyfin                 D    MediaSources: 1
2026-02-02 19:13:45.484  7117-7237  JellyfinRepository      com.rpeters.jellyfin                 D    MediaSource[0]:
2026-02-02 19:13:45.484  7117-7237  JellyfinRepository      com.rpeters.jellyfin                 D      Name: The Blacklist - S03E23 - Alexander Kirk - Conclusion Bluray-1080p
2026-02-02 19:13:45.484  7117-7237  JellyfinRepository      com.rpeters.jellyfin                 D      Container: mkv
2026-02-02 19:13:45.484  7117-7237  JellyfinRepository      com.rpeters.jellyfin                 D      Size: 3517890093
2026-02-02 19:13:45.484  7117-7237  JellyfinRepository      com.rpeters.jellyfin                 D      IsRemote: false
2026-02-02 19:13:45.485  7117-7237  JellyfinRepository      com.rpeters.jellyfin                 D      Video Stream: h264, 1920x1080, bitrate=10982424
2026-02-02 19:13:45.485  7117-7237  JellyfinRepository      com.rpeters.jellyfin                 D      SupportsDirectPlay: false
2026-02-02 19:13:45.485  7117-7237  JellyfinRepository      com.rpeters.jellyfin                 D      SupportsDirectStream: false
2026-02-02 19:13:45.485  7117-7237  JellyfinRepository      com.rpeters.jellyfin                 D      SupportsTranscoding: true
2026-02-02 19:13:45.485  7117-7237  JellyfinRepository      com.rpeters.jellyfin                 D      TranscodingUrl: /videos/78f6d0d7-199f-f971-d1a8-610d7c74266f/master.m3u8?&DeviceId=android-jellyfin-client&MediaSourceId=78f6d0d7199ff971d1a8610d7c74266f&VideoCodec=h264&AudioCodec=aac,opus&AudioStreamIndex=2&VideoBitrate=78464000&AudioBitrate=1536000&MaxFramerate=23.975986&MaxWidth=3840&MaxHeight=2160&SegmentContainer=mp4&SegmentLength=6&MinSegments=2&BreakOnNonKeyFrames=False&PlaySessionId=368e3512bdf946e98db21a320959a946&ApiKey=ae843c07a0754bfe99265f95a1ecabf8&RequireAvc=false&EnableAudioVbrEncoding=true&Tag=57e9d5bbca4347181a9647f503eb0f23&h264-level=41&h264-videobitdepth=8&h264-profile=high&TranscodeReasons=AudioCodecNotSupported
2026-02-02 19:13:45.485  7117-7237  JellyfinRepository      com.rpeters.jellyfin                 D      Transcoding resolution: 3840x2160
2026-02-02 19:13:45.485  7117-7237  JellyfinRepository      com.rpeters.jellyfin                 D  PlaybackInfo response: playSessionId=*** mediaSources=1
2026-02-02 19:13:45.486  7117-7237  JellyfinRepository      com.rpeters.jellyfin                 D  [VERBOSE] PlaybackInfo sources: id=78f6d0d7199ff971d1a8610d7c74266f, directPlay=false, directStream=false, transcode=true, container=mkv, transcodingUrl=true
2026-02-02 19:13:45.486  7117-7237  EnhancedPlaybackManager com.rpeters.jellyfin                 D  Server recommends transcoding: id=78f6d0d7199ff971d1a8610d7c74266f, container=mkv, directPlay=false, transcode=true
2026-02-02 19:13:45.488  7117-7237  DeviceCapabilities      com.rpeters.jellyfin                 D  Detected total RAM: 11653MB
2026-02-02 19:13:45.491  7117-7237  DeviceCapabilities      com.rpeters.jellyfin                 D  Hardware codecs: [flac, mp3, ac3, eac3, h264, h265, vp9, av1, mpeg4]
2026-02-02 19:13:45.491  7117-7237  DeviceCapabilities      com.rpeters.jellyfin                 D  Software codecs: [aac, flac, mp3, opus, pcm, vorbis, av1, h264, h263, h265, mpeg4, vp8, vp9]
2026-02-02 19:13:45.492  7117-7237  EnhancedPlaybackManager com.rpeters.jellyfin                 D  Transcoding params: source=1920x1080, target=1920x1080, bitrate=20Mbps, networkQuality=HIGH
2026-02-02 19:13:45.493  7117-7237  EnhancedPlaybackManager com.rpeters.jellyfin                 D  [VERBOSE] Server-directed transcoding: https://rpeters1428.huron.usbx.me/jellyfin/Videos/UUID-***/stream?MaxStreamingBitrate=20000000&MaxWidth=1920&MaxHeight=1080&VideoCodec=h264&AudioCodec=opus&Container=mp4&TranscodingMaxAudioChannels=2&BreakOnNonKeyFrames=true&AllowVideoStreamCopy=true&AllowAudioStreamCopy=true&MediaSourceId=78f6d0d7199ff971d1a8610d7c74266f&PlaySessionId=***
2026-02-02 19:13:46.085  7117-7117  VRI[MainAc...y]@e1df7ab com.rpeters.jellyfin                 I  ViewPostIme pointer 0
2026-02-02 19:13:46.317  7117-7117  VRI[MainAc...y]@e1df7ab com.rpeters.jellyfin                 I  ViewPostIme pointer 1
2026-02-02 19:13:46.685  7117-7117  RealImageLoader         com.rpeters.jellyfin                 I  ðŸ’¾ Successful (DISK) - https://rpeters1428.huron.usbx.me/jellyfin/Items/2b02072e-459b-ae8f-461b-45f94694d75d/Images/Primary?maxHeight=400&maxWidth=400
2026-02-02 19:13:47.033  7117-7117  VRI[MainAc...y]@e1df7ab com.rpeters.jellyfin                 I  ViewPostIme pointer 0
2026-02-02 19:13:47.293  7117-7117  VRI[MainAc...y]@e1df7ab com.rpeters.jellyfin                 I  ViewPostIme pointer 1
2026-02-02 19:13:48.448  7117-7117  VRI[MainAc...y]@e1df7ab com.rpeters.jellyfin                 I  ViewPostIme pointer 0
2026-02-02 19:13:48.552  7117-7117  RealImageLoader         com.rpeters.jellyfin                 I  ðŸ§  Successful (MEMORY_CACHE) - https://rpeters1428.huron.usbx.me/jellyfin/Items/78f6d0d7-199f-f971-d1a8-610d7c74266f/Images/Primary?maxHeight=400&maxWidth=400&tag=7e0aaefdfcceafa780a11f077fecdd4d
2026-02-02 19:13:48.873  7117-7117  VRI[MainAc...y]@e1df7ab com.rpeters.jellyfin                 I  ViewPostIme pointer 1
2026-02-02 19:13:49.338  7117-7117  VRI[MainAc...y]@e1df7ab com.rpeters.jellyfin                 I  ViewPostIme pointer 0
2026-02-02 19:13:49.386  7117-7117  VRI[MainAc...y]@e1df7ab com.rpeters.jellyfin                 I  ViewPostIme pointer 1
2026-02-02 19:13:49.391  7117-7117  DeviceCapabilities      com.rpeters.jellyfin                 D  Detected total RAM: 11653MB
2026-02-02 19:13:49.395  7117-7117  DeviceCapabilities      com.rpeters.jellyfin                 D  Hardware codecs: [flac, mp3, ac3, eac3, h264, h265, vp9, av1, mpeg4]
2026-02-02 19:13:49.396  7117-7117  DeviceCapabilities      com.rpeters.jellyfin                 D  Software codecs: [aac, flac, mp3, opus, pcm, vorbis, av1, h264, h263, h265, mpeg4, vp8, vp9]
2026-02-02 19:13:49.397  7117-7117  JellyfinSt...Repository com.rpeters.jellyfin                 D  Testing direct play strategy: Try original container format
2026-02-02 19:13:49.397  7117-7117  JellyfinSt...Repository com.rpeters.jellyfin                 D  Using enhanced direct play for item 78f6d0d7-199f-f971-d1a8-610d7c74266f
2026-02-02 19:13:49.398  7117-7117  MediaPlayerUtils        com.rpeters.jellyfin                 D  Launching internal video player for: Alexander Kirk: Conclusion
2026-02-02 19:13:49.411  7117-7117  MediaPlayerUtils        com.rpeters.jellyfin                 D  Successfully launched internal video player
2026-02-02 19:13:49.415  7117-7117  FirebaseSessions        com.rpeters.jellyfin                 D  App backgrounded on com.rpeters.jellyfin
2026-02-02 19:13:49.419  7117-7117  ActivityThread          com.rpeters.jellyfin                 D  com.rpeters.jellyfin will use render engine as VK
2026-02-02 19:13:49.424  7117-7117  DecorView               com.rpeters.jellyfin                 I  setWindowBackground: isPopOver=false color=ff000000 d=android.graphics.drawable.ColorDrawable@923bb51
2026-02-02 19:13:49.429  7117-7117  VideoPlayer             com.rpeters.jellyfin                 D  Initializing player for: Alexander Kirk: Conclusion, requestedSubtitle: null
2026-02-02 19:13:49.430  7117-7117  PlaybackProgressManager com.rpeters.jellyfin                 D  Stopped tracking
2026-02-02 19:13:49.431  7117-7236  RepositoryUtils         com.rpeters.jellyfin                 D  [VERBOSE] validateServer: Server validation passed for user rpeters1428 on https://rpeters1428.huron.usbx.me/jellyfin
2026-02-02 19:13:49.433  7117-7117  AppVisibilityProxy      com.rpeters.jellyfin                 I  onAppEnteredForeground
2026-02-02 19:13:49.437  7117-7117  FirebaseSessions        com.rpeters.jellyfin                 D  App foregrounded on com.rpeters.jellyfin
2026-02-02 19:13:49.438  7117-7117  ViewRootImpl            com.rpeters.jellyfin                 D  desktopMode is false
2026-02-02 19:13:49.438  7117-7117  ViewRootImpl            com.rpeters.jellyfin                 I  dVRR is disabled
2026-02-02 19:13:49.438  7117-7242  NativeCust...ncyManager com.rpeters.jellyfin                 D  [NativeCFMS] BpCustomFrequencyManager::BpCustomFrequencyManager()
2026-02-02 19:13:49.439  7117-7117  InsetsController        com.rpeters.jellyfin                 D  Setting requestedVisibleTypes to 496 (was 503)
2026-02-02 19:13:49.439  7117-7117  InsetsController        com.rpeters.jellyfin                 I  setRequestedVisibleTypes: visible=false, mask=statusBars navigationBars captionBar, host=com.rpeters.jellyfin/com.rpeters.jellyfin.ui.player.VideoPlayerActivity, from=android.view.InsetsController.controlAnimationUnchecked:1646 android.view.InsetsController.applyAnimation:2278 android.view.InsetsController.applyAnimation:2207 android.view.InsetsController.hide:1581 android.view.InsetsController.hide:1521 android.view.PendingInsetsController$HideRequest.replay:295 android.view.PendingInsetsController.replayAndAttach:208 android.view.ViewRootImpl.setView:1967 android.view.WindowManagerGlobal.addView:606 android.view.WindowManagerImpl.addView:167
2026-02-02 19:13:49.441  7117-7265  perf_hint               com.rpeters.jellyfin                 E  Session ID too large, must fit 32-bit integer
2026-02-02 19:13:49.441  7117-7117  InputTransport          com.rpeters.jellyfin                 D  Input channel constructed: 'ae4ab c', fd=274
2026-02-02 19:13:49.441  7117-7117  InsetsController        com.rpeters.jellyfin                 I  onStateChanged: host=com.rpeters.jellyfin/com.rpeters.jellyfin.ui.player.VideoPlayerActivity, from=android.view.ViewRootImpl.onInsetsStateChanged:3038, state=InsetsState: {mDisplayFrame=Rect(0, 0 - 1440, 3120), mDisplayCutout=DisplayCutout{insets=Rect(0, 128 - 0, 0) waterfall=Insets{left=0, top=0, right=0, bottom=0} boundingRect={Bounds=[Rect(0, 0 - 0, 0), Rect(685, 0 - 755, 128), Rect(0, 0 - 0, 0), Rect(0, 0 - 0, 0)]} cutoutPathParserInfo={CutoutPathParserInfo{displayWidth=1440 displayHeight=3120 physicalDisplayWidth=1440 physicalDisplayHeight=3120 density={3.75} cutoutSpec={M 0,0 H -9.333333333333333 V 34.13333333333333 H 9.333333333333333 V 0 H 0 Z @dp} rotation={0} scale={1.0} physicalPixelDisplaySizeRatio={1.0}}} sideOverrides={}}, mRoundedCorners=RoundedCorners{[RoundedCorner{position=TopLeft, radius=56, center=Point(56, 56)}, RoundedCorner{position=TopRight, radius=56, center=Point(1384, 56)}, RoundedCorner{position=BottomRight, radius=56, center=Point(1384, 3064)}, RoundedCorner{position=BottomLeft, radius=56, center=Point(56, 3064)}]}  mRoundedCornerFrame=Rect(0, 0 - 1440, 3120), mPrivacyIndicatorBounds=PrivacyIndicatorBounds {static bounds=Rect(1275, 0 - 1440, 128) rotation=0}, mDisplayShape=DisplayShape{ spec=-311912193 displayWidth=1440 displayHeight=3120 physicalPixelDisplaySizeRatio=1.0 rotation=0 offsetX=0 offsetY=0 scale=1.0}, mSources= { InsetsSource: {91450001 mType=navigationBars mFrame=[0,3064][1440,3120] mAttachedInsets=null mVisible=true mFlags=SUPPRESS_SCRIM mSideHint=BOTTOM mBoundingRects=null}, InsetsSource: {91450004 mType=systemGestures mFrame=[0,0][112,3120] mAttachedInsets=null mVisible=true mFlags= mSideHint=LEFT mBoundingRects=null}, InsetsSource: {91450005 mType=mandatorySystemGestures mFrame=[0,3000][1440,3120] mAttachedInsets=null mVisible=true mFlags= mSideHint=BOTTOM mBoundingRects=null}, InsetsSource: {91450006 mType=tappableElement mFrame=[0,0][0,0] mAttachedInsets=null mVisible=true mFlags= mSideHint=NONE mBoundingRects=null}, InsetsSource: {91450024 mType=systemGestures mFrame=[1328,0][1440,3120] mAttachedInsets=null mVisible=true mFlags= mSideHint=RIGHT mBoundingRects=null}, InsetsSource: {9c550000 mType=statusBars mFrame=[0,0][1440,128] mAttachedInsets=null mVisible=true mFlags= mSideHint=TOP mBoundingRects=null}, InsetsSource: {9c550005 mType=mandatorySystemGestures mFrame=[0,0][1440,173] mAttachedInsets=null mVisible=true mFlags= mSideHint=TOP mBoundingRects=null}, InsetsSource: {9c550006 mType=tappableElement mFrame=[0,0][1440,128] mAttachedInsets=null mVisible=true mFlags= mSideHint=TOP mBoundingRects=null}, InsetsSource: {3 mType=ime mFrame=[0,0][0,0] mAttachedInsets=null mVisible=false mFlags=INVALID mSideHint=NONE mBoundingRects=null}, InsetsSource: {27 mType=displayCutout mFrame=[0,0][1440,128] mAttachedInsets=null mVisible=true mFlags= mSideHint=TOP mBoundingRects=null} }
2026-02-02 19:13:49.441  7117-7117  VRI[VideoP...y]@17d6266 com.rpeters.jellyfin                 I  synced displayState. AttachInfo displayState=2
2026-02-02 19:13:49.442  7117-7117  VRI[VideoP...y]@17d6266 com.rpeters.jellyfin                 I  setView = com.android.internal.policy.DecorView@30c583e IsHRR=false mFlingFrameRateChange=0 TM=true
2026-02-02 19:13:49.444  7117-7117  WindowOnBackDispatcher  com.rpeters.jellyfin                 D  setTopOnBackInvokedCallback (unwrapped): android.app.Activity$$ExternalSyntheticLambda0@2193116
2026-02-02 19:13:49.449  7117-7117  VibratorInfo            com.rpeters.jellyfin                 E  Invalid frequency profile received from HAL. resonantFrequencyHz=NaN, frequenciesHz=null, outputAccelerationsGs=null
2026-02-02 19:13:49.485  7117-7117  SurfaceView             com.rpeters.jellyfin                 D  90962158 updateSurface: has no frame
2026-02-02 19:13:49.502  7117-7117  SV[9096215...rActivity] com.rpeters.jellyfin                 I  onWindowVisibilityChanged(0) true android.view.SurfaceView{56bf8ee V.E...... ......I. 0,0-0,0} of VRI[VideoPlayerActivity]@17d6266
2026-02-02 19:13:49.502  7117-7117  SurfaceView             com.rpeters.jellyfin                 D  90962158 updateSurface: has no frame
2026-02-02 19:13:49.503  7117-7117  VRI[VideoP...y]@17d6266 com.rpeters.jellyfin                 D  WindowInsets changed: 1440x3120 statusBars:[0,128,0,0] navigationBars:[0,0,0,56] mandatorySystemGestures:[0,173,0,120]
2026-02-02 19:13:49.508  7117-7117  BufferQueueProducer     com.rpeters.jellyfin                 I  [](id:1bcd00000001,api:0,p:0,c:7117) setDequeueTimeout:2077252342
2026-02-02 19:13:49.508  7117-7117  BLASTBufferQueue_Java   com.rpeters.jellyfin                 I  new BLASTBufferQueue, mName= VRI[VideoPlayerActivity]@17d6266 mNativeObject= 0xb4000073e3d77920 caller= android.view.ViewRootImpl.updateBlastSurfaceIfNeeded:3603 android.view.ViewRootImpl.relayoutWindow:11809 android.view.ViewRootImpl.performTraversals:4839 android.view.ViewRootImpl.doTraversal:3959 android.view.ViewRootImpl$TraversalRunnable.run:13030 android.view.Choreographer$CallbackRecord.run:1961 android.view.Choreographer$CallbackRecord.run:1970 android.view.Choreographer.doCallbacks:1423 android.view.Choreographer.doFrame:1348 android.view.Choreographer$FrameDisplayEventReceiver.run:1930
2026-02-02 19:13:49.508  7117-7117  BLASTBufferQueue_Java   com.rpeters.jellyfin                 I  update, w= 1440 h= 3120 mName = VRI[VideoPlayerActivity]@17d6266 mNativeObject= 0xb4000073e3d77920 sc.mNativeObject= 0xb400007273d22750 format= -3 caller= android.view.ViewRootImpl.updateBlastSurfaceIfNeeded:3608 android.view.ViewRootImpl.relayoutWindow:11809 android.view.ViewRootImpl.performTraversals:4839 android.view.ViewRootImpl.doTraversal:3959 android.view.ViewRootImpl$TraversalRunnable.run:13030 android.view.Choreographer$CallbackRecord.run:1961
2026-02-02 19:13:49.508  7117-7117  VRI[VideoP...y]@17d6266 com.rpeters.jellyfin                 I  Relayout returned: old=(0,0,1440,3120) new=(0,0,1440,3120) relayoutAsync=false req=(1440,3120)0 dur=3 res=0x3 s={true 0xb400007333e0d9f0} ch=true seqId=0
2026-02-02 19:13:49.508  7117-7117  VRI[VideoP...y]@17d6266 com.rpeters.jellyfin                 I  performConfigurationChange setNightDimText nightDimLevel=0
2026-02-02 19:13:49.508  7117-7117  VRI[VideoP...y]@17d6266 com.rpeters.jellyfin                 D  WindowInsets changed: statusBars:null navigationBars:null
