2026-02-01 20:51:01.050  8148-8379  peters.jellyfin         com.rpeters.jellyfin                 W  ClassLoaderContext classpath element checksum mismatch. expected=1390061875, found=1944230353 (DLC[];PCL[base.apk*1390061875]{PCL[/system/framework/org.apache.http.legacy.jar*3808638674]#PCL[/system/framework/com.android.location.provider.jar*1880069816]#PCL[/system/framework/com.android.media.remotedisplay.jar*1838754544]#PCL[/system_ext/framework/androidx.window.extensions.jar*27366443]#PCL[/system_ext/framework/androidx.window.sidecar.jar*3917221785]} | DLC[];PCL[/data/app/~~_DsqB6xZ6dLcIDUJ2mfAOg==/com.rpeters.jellyfin-Lr3f6R2sri2CNUXl6eV6Tw==/base.apk*1944230353]{PCL[/system_ext/framework/androidx.window.extensions.jar*27366443]#PCL[/system_ext/framework/androidx.window.sidecar.jar*3917221785]})
2026-02-01 20:51:01.054  8148-8313  OkHttp                  com.rpeters.jellyfin                 I  <-- 200 OK https://rpeters1428.huron.usbx.me/jellyfin/Items/7e8dff7b-2307-e83c-ef20-b9e54a671103/Images/Primary?maxHeight=400&maxWidth=400&tag=6166545824d3d1ebec9010e5bd752ef2 (160ms, 101224-byte body)
2026-02-01 20:51:01.057  8148-8186  JellyfinRepository      com.rpeters.jellyfin                 D  Device capabilities: maxResolution=(3840, 2160), supports4K=true
2026-02-01 20:51:01.057  8148-8148  AxMediaRouter           com.rpeters.jellyfin                 W  Ignoring attempt to select selected route: MediaRouter.RouteInfo{ uniqueId=DEFAULT_ROUTE, name=Phone, description=null, iconUri=null, enabled=true, isSystemRoute=true, connectionState=0, canDisconnect=false, playbackType=0, playbackStream=3, deviceType=0, volumeHandling=1, volume=5, volumeMax=15, presentationDisplayId=-1, extras=null, settingsIntent=null, providerPackageName=android }
2026-02-01 20:51:01.057  8148-8148  MediaRouter             com.rpeters.jellyfin                 V  Selecting route: RouteInfo{ name=Phone, description=null, status=null, category=RouteCategory{ name=System types=ROUTE_TYPE_LIVE_AUDIO ROUTE_TYPE_LIVE_VIDEO  groupable=false }, supportedTypes=ROUTE_TYPE_LIVE_AUDIO ROUTE_TYPE_LIVE_VIDEO , presentationDisplay=null }
2026-02-01 20:51:01.059  8148-8186  JellyfinDeviceProfile   com.rpeters.jellyfin                 D  Creating device profile with maxWidth=3840, maxHeight=2160
2026-02-01 20:51:01.064  8148-8379  CastDynamiteModuleImpl  com.rpeters.jellyfin                 I  sh created by ClassLoader dalvik.system.DelegateLastClassLoader[DexPathList[[zip file "/data/app/~~Kj0covyFm5Xsn6b8XBWzow==/com.google.android.gms-zF8oa8TFAq7SXdH_wtE56g==/split_DynamiteModulesC_installtime.apk"],nativeLibraryDirectories=[/data/app/~~Kj0covyFm5Xsn6b8XBWzow==/com.google.android.gms-zF8oa8TFAq7SXdH_wtE56g==/split_DynamiteModulesC_installtime.apk!/lib/x86_64, /data/app/~~Kj0covyFm5Xsn6b8XBWzow==/com.google.android.gms-zF8oa8TFAq7SXdH_wtE56g==/split_DynamiteModulesC_installtime.apk!/lib/arm64-v8a, /system/lib64, /system_ext/lib64]]].
2026-02-01 20:51:01.064  8148-8148  peters.jellyfin         com.rpeters.jellyfin                 W  Method void com.google.android.gms.common.internal.zzc.zze() failed lock verification and will run slower.
2026-02-01 20:51:01.064  8148-8148  peters.jellyfin         com.rpeters.jellyfin                 W  Method void com.google.android.gms.common.internal.zzc.zzf() failed lock verification and will run slower.
2026-02-01 20:51:01.086  8148-8186  JellyfinRepository      com.rpeters.jellyfin                 D  DeviceProfile created with codecProfiles: 4
2026-02-01 20:51:01.086  8148-8186  JellyfinRepository      com.rpeters.jellyfin                 D    CodecProfile[0]: type=Video, codec=h264, conditions=4
2026-02-01 20:51:01.086  8148-8186  JellyfinRepository      com.rpeters.jellyfin                 D    CodecProfile[1]: type=Video, codec=h265,hevc, conditions=4
2026-02-01 20:51:01.086  8148-8186  JellyfinRepository      com.rpeters.jellyfin                 D    CodecProfile[2]: type=Video, codec=vp9, conditions=4
2026-02-01 20:51:01.086  8148-8186  JellyfinRepository      com.rpeters.jellyfin                 D    CodecProfile[3]: type=Video, codec=av1, conditions=4
2026-02-01 20:51:01.090  8148-8186  JellyfinRepository      com.rpeters.jellyfin                 D  Network-based maxStreamingBitrate: 80Mbps
2026-02-01 20:51:01.091  8148-8186  JellyfinRepository      com.rpeters.jellyfin                 D  DeviceProfile: Jellyfin Android Client, maxStreamBitrate=400000000, maxStaticBitrate=400000000
2026-02-01 20:51:01.091  8148-8186  JellyfinRepository      com.rpeters.jellyfin                 D    TranscodingProfile[0]: codec=h265,hevc, container=mp4, protocol=http, conditions=2
2026-02-01 20:51:01.091  8148-8186  JellyfinRepository      com.rpeters.jellyfin                 D      Condition: Height LessThanEqual 2160
2026-02-01 20:51:01.091  8148-8186  JellyfinRepository      com.rpeters.jellyfin                 D      Condition: Width LessThanEqual 3840
2026-02-01 20:51:01.091  8148-8186  JellyfinRepository      com.rpeters.jellyfin                 D    TranscodingProfile[1]: codec=h264, container=mp4, protocol=hls, conditions=2
2026-02-01 20:51:01.091  8148-8186  JellyfinRepository      com.rpeters.jellyfin                 D      Condition: Height LessThanEqual 2160
2026-02-01 20:51:01.091  8148-8186  JellyfinRepository      com.rpeters.jellyfin                 D      Condition: Width LessThanEqual 3840
2026-02-01 20:51:01.091  8148-8186  JellyfinRepository      com.rpeters.jellyfin                 D    TranscodingProfile[2]: codec=, container=mp3, protocol=http, conditions=0
2026-02-01 20:51:01.095  8148-8148  MediaRouterProxy        com.rpeters.jellyfin                 I  media transfer = false, session transfer = true, transfer to local = false, in-app output switcher = false
2026-02-01 20:51:01.120  8148-8148  RealImageLoader         com.rpeters.jellyfin                 I   Successful (NETWORK) - https://rpeters1428.huron.usbx.me/jellyfin/Items/7e8dff7b-2307-e83c-ef20-b9e54a671103/Images/Primary?maxHeight=400&maxWidth=400&tag=6166545824d3d1ebec9010e5bd752ef2
2026-02-01 20:51:01.333  8148-8153  peters.jellyfin         com.rpeters.jellyfin                 I  Compiler allocated 4467KB to compile org.jellyfin.sdk.model.api.MediaStream org.jellyfin.sdk.model.api.MediaStream$$serializer.deserialize(kotlinx.serialization.encoding.Decoder)
2026-02-01 20:51:01.378  8148-8186  JellyfinRepository      com.rpeters.jellyfin                 D  Server response:
2026-02-01 20:51:01.378  8148-8186  JellyfinRepository      com.rpeters.jellyfin                 D    PlaySessionId: 7d9900b963e14993965081eb86300fc2
2026-02-01 20:51:01.378  8148-8186  JellyfinRepository      com.rpeters.jellyfin                 D    MediaSources: 1
2026-02-01 20:51:01.378  8148-8186  JellyfinRepository      com.rpeters.jellyfin                 D    MediaSource[0]:
2026-02-01 20:51:01.378  8148-8186  JellyfinRepository      com.rpeters.jellyfin                 D      Name: Alien - Earth - S01E08 - The Real Monsters HDTV-2160p
2026-02-01 20:51:01.378  8148-8186  JellyfinRepository      com.rpeters.jellyfin                 D      Container: mkv
2026-02-01 20:51:01.378  8148-8186  JellyfinRepository      com.rpeters.jellyfin                 D      Size: 4304836171
2026-02-01 20:51:01.378  8148-8186  JellyfinRepository      com.rpeters.jellyfin                 D      IsRemote: false
2026-02-01 20:51:01.378  8148-8186  JellyfinRepository      com.rpeters.jellyfin                 D      Video Stream: hevc, 3840x2160, bitrate=12132172
2026-02-01 20:51:01.378  8148-8186  JellyfinRepository      com.rpeters.jellyfin                 D      SupportsDirectPlay: true
2026-02-01 20:51:01.378  8148-8186  JellyfinRepository      com.rpeters.jellyfin                 D      SupportsDirectStream: true
2026-02-01 20:51:01.379  8148-8186  JellyfinRepository      com.rpeters.jellyfin                 D      SupportsTranscoding: true
2026-02-01 20:51:02.488  8148-8148  RealImageLoader         com.rpeters.jellyfin                 I   Successful (MEMORY_CACHE) - https://rpeters1428.huron.usbx.me/jellyfin/Items/3b444b85-def0-27a8-f929-c5108f8eadc2/Images/Primary?maxHeight=400&maxWidth=400
2026-02-01 20:51:07.305  8148-8186  GenerativeAi            com.rpeters.jellyfin                 D  AI request [generateSummary] using cloud (Gemini API)
2026-02-01 20:51:07.308  8148-8186  GenerativeModel         com.rpeters.jellyfin                 W  Auth not registered, skipping
2026-02-01 20:51:23.452  8148-8148  RealImageLoader         com.rpeters.jellyfin                 I   Successful (MEMORY_CACHE) - https://rpeters1428.huron.usbx.me/jellyfin/Items/7e8dff7b-2307-e83c-ef20-b9e54a671103/Images/Primary?maxHeight=400&maxWidth=400&tag=6166545824d3d1ebec9010e5bd752ef2
2026-02-01 20:51:25.836  8148-8148  RealImageLoader         com.rpeters.jellyfin                 I   Successful (MEMORY_CACHE) - https://rpeters1428.huron.usbx.me/jellyfin/Items/7e8dff7b-2307-e83c-ef20-b9e54a671103/Images/Primary?maxHeight=400&maxWidth=400&tag=6166545824d3d1ebec9010e5bd752ef2
2026-02-01 20:51:26.817  8148-8148  RealImageLoader         com.rpeters.jellyfin                 I   Successful (MEMORY_CACHE) - https://rpeters1428.huron.usbx.me/jellyfin/Items/3b444b85-def0-27a8-f929-c5108f8eadc2/Images/Backdrop?tag=8e1072008d333b6cfce515bb7f05306c&maxHeight=400&maxWidth=800
2026-02-01 20:51:26.819  8148-8148  RealImageLoader         com.rpeters.jellyfin                 I   Successful (MEMORY_CACHE) - https://rpeters1428.huron.usbx.me/jellyfin/Items/3b444b85-def0-27a8-f929-c5108f8eadc2/Images/Logo?tag=db1e8280657905c504de0256731db957
2026-02-01 20:51:26.844  8148-8148  RealImageLoader         com.rpeters.jellyfin                 I   Successful (MEMORY_CACHE) - https://rpeters1428.huron.usbx.me/jellyfin/Items/d55b4cbb-bcba-d4fb-ef54-78b7620a6d66/Images/Primary?maxHeight=400&maxWidth=400
2026-02-01 20:51:26.859  8148-8148  RealImageLoader         com.rpeters.jellyfin                 I   Successful (MEMORY_CACHE) - https://rpeters1428.huron.usbx.me/jellyfin/Items/ff7282e7-6bcf-bd5f-cff3-0eec372831c4/Images/Primary?maxHeight=400&maxWidth=400
2026-02-01 20:51:26.872  8148-8148  RealImageLoader         com.rpeters.jellyfin                 I   Successful (MEMORY_CACHE) - https://rpeters1428.huron.usbx.me/jellyfin/Items/61e9047b-ab87-20ad-5aca-9ae03a10bba5/Images/Primary?maxHeight=400&maxWidth=400
2026-02-01 20:51:26.884  8148-8148  RealImageLoader         com.rpeters.jellyfin                 I   Successful (MEMORY_CACHE) - https://rpeters1428.huron.usbx.me/jellyfin/Items/7e8dff7b-2307-e83c-ef20-b9e54a671103/Images/Primary?maxHeight=400&maxWidth=400
2026-02-01 20:51:26.899  8148-8148  RealImageLoader         com.rpeters.jellyfin                 I   Successful (MEMORY_CACHE) - https://rpeters1428.huron.usbx.me/jellyfin/Items/0bf5869d-798f-01e8-8a7f-c471ef520cb7/Images/Primary?maxHeight=400&maxWidth=400
2026-02-01 20:51:26.904  8148-8148  RealImageLoader         com.rpeters.jellyfin                 I   Successful (MEMORY_CACHE) - https://rpeters1428.huron.usbx.me/jellyfin/Items/247c94a2-4dc8-ff06-097d-f9afff2e4d62/Images/Primary?maxHeight=400&maxWidth=400
2026-02-01 20:51:26.909  8148-8148  RealImageLoader         com.rpeters.jellyfin                 I   Successful (MEMORY_CACHE) - https://rpeters1428.huron.usbx.me/jellyfin/Items/eae45ae1-151f-9846-ad15-d99bd32a5b1d/Images/Primary?maxHeight=400&maxWidth=400
2026-02-01 20:51:26.918  8148-8148  RealImageLoader         com.rpeters.jellyfin                 I   Successful (MEMORY_CACHE) - https://rpeters1428.huron.usbx.me/jellyfin/Items/40cd7242-8fe2-57d6-f61f-ac247dcb72ea/Images/Primary?maxHeight=400&maxWidth=400
2026-02-01 20:51:30.224  8148-8148  RealImageLoader         com.rpeters.jellyfin                 I   Successful (MEMORY_CACHE) - https://rpeters1428.huron.usbx.me/jellyfin/Items/2557c8dc-17ad-7605-d622-b2ee02aa1781/Images/Backdrop?tag=f92d0829cc09c0744dc474d571513362&maxHeight=400&maxWidth=800
2026-02-01 20:51:30.231  8148-8148  RealImageLoader         com.rpeters.jellyfin                 I   Successful (MEMORY_CACHE) - https://rpeters1428.huron.usbx.me/jellyfin/Items/b7f875a9-2aad-25b0-d4f6-119c30004c9b/Images/Backdrop?tag=d07624fef2771a7d5a2409caa9950178&maxHeight=400&maxWidth=800
2026-02-01 20:51:30.243  8148-8148  RealImageLoader         com.rpeters.jellyfin                 I   Successful (MEMORY_CACHE) - https://rpeters1428.huron.usbx.me/jellyfin/Items/51978f2b-b57e-58c7-fa66-388814687b38/Images/Primary?maxHeight=400&maxWidth=400
2026-02-01 20:51:30.256  8148-8148  RealImageLoader         com.rpeters.jellyfin                 I   Successful (MEMORY_CACHE) - https://rpeters1428.huron.usbx.me/jellyfin/Items/3b444b85-def0-27a8-f929-c5108f8eadc2/Images/Primary?maxHeight=400&maxWidth=400
2026-02-01 20:51:30.268  8148-8148  RealImageLoader         com.rpeters.jellyfin                 I   Successful (MEMORY_CACHE) - https://rpeters1428.huron.usbx.me/jellyfin/Items/34304750-3d1d-a008-f90c-5412c804b58b/Images/Primary?maxHeight=400&maxWidth=400
2026-02-01 20:51:30.280  8148-8148  RealImageLoader         com.rpeters.jellyfin                 I   Successful (MEMORY_CACHE) - https://rpeters1428.huron.usbx.me/jellyfin/Items/94e06d65-4626-7027-7fc2-565250784842/Images/Primary?maxHeight=400&maxWidth=400
2026-02-01 20:51:30.341  8148-8148  TVShowsScreen           com.rpeters.jellyfin                 D  Libraries loaded: 4, triggering TV show data load
2026-02-01 20:51:30.341  8148-8148  TVShowsScreen           com.rpeters.jellyfin                 D  State: tvShows=100, isLoading=false, libraries=4
2026-02-01 20:51:30.344  8148-8148  ApiParameterValidator   com.rpeters.jellyfin                 D  Validated params: parentId=a656b907-eb3a-7353-2e40-e44b968d0225, itemTypes=Series, collectionType=tvshows, startIndex=0, limit=100
2026-02-01 20:51:30.400  8148-8148  TVShowsScreen           com.rpeters.jellyfin                 D  State: tvShows=100, isLoading=true, libraries=4
2026-02-01 20:51:31.063  8148-8148  RealImageLoader         com.rpeters.jellyfin                 I   Successful (MEMORY_CACHE) - https://rpeters1428.huron.usbx.me/jellyfin/Items/2557c8dc-17ad-7605-d622-b2ee02aa1781/Images/Backdrop?tag=f92d0829cc09c0744dc474d571513362&maxHeight=400&maxWidth=800
2026-02-01 20:51:31.070  8148-8148  RealImageLoader         com.rpeters.jellyfin                 I   Successful (MEMORY_CACHE) - https://rpeters1428.huron.usbx.me/jellyfin/Items/b7f875a9-2aad-25b0-d4f6-119c30004c9b/Images/Backdrop?tag=d07624fef2771a7d5a2409caa9950178&maxHeight=400&maxWidth=800
2026-02-01 20:51:31.081  8148-8148  RealImageLoader         com.rpeters.jellyfin                 I   Successful (MEMORY_CACHE) - https://rpeters1428.huron.usbx.me/jellyfin/Items/31f9be4e-8429-909a-9c35-60d204efb097/Images/Primary?maxHeight=400&maxWidth=400
2026-02-01 20:51:31.095  8148-8148  RealImageLoader         com.rpeters.jellyfin                 I   Successful (MEMORY_CACHE) - https://rpeters1428.huron.usbx.me/jellyfin/Items/d2dc6bd7-bdfd-f9ed-9b17-203de79d7287/Images/Primary?maxHeight=400&maxWidth=400
2026-02-01 20:51:31.108  8148-8148  RealImageLoader         com.rpeters.jellyfin                 I   Successful (MEMORY_CACHE) - https://rpeters1428.huron.usbx.me/jellyfin/Items/e04fdf1c-fd9c-d3fa-8ee7-a38fabeca3e9/Images/Primary?maxHeight=400&maxWidth=400
2026-02-01 20:51:31.121  8148-8148  RealImageLoader         com.rpeters.jellyfin                 I   Successful (MEMORY_CACHE) - https://rpeters1428.huron.usbx.me/jellyfin/Items/c57879d1-ad4a-dd2d-66d9-6020ec2c2c75/Images/Primary?maxHeight=400&maxWidth=400
2026-02-01 20:51:31.165  8148-8148  TVShowsScreen           com.rpeters.jellyfin                 D  State: tvShows=100, isLoading=false, libraries=4
2026-02-01 20:51:32.959  8148-8148  WindowOnBackDispatcher  com.rpeters.jellyfin                 D  setTopOnBackInvokedCallback (unwrapped): android.app.Activity$$ExternalSyntheticLambda0@ae0521
2026-02-01 20:51:32.961  8148-8148  WindowOnBackDispatcher  com.rpeters.jellyfin                 D  setTopOnBackInvokedCallback (unwrapped): androidx.navigationevent.OnBackInvokedInput$createOnBackAnimationCallback$1@f8a1f2b
2026-02-01 20:51:34.892  8148-8148  RealImageLoader         com.rpeters.jellyfin                 I   Successful (MEMORY_CACHE) - https://rpeters1428.huron.usbx.me/jellyfin/Items/3eea4f61-c034-3048-b9e9-aa4fedfdffe7/Images/Backdrop?tag=3df01912ff9353fa36ce2582f07c7a12&maxHeight=400&maxWidth=800
2026-02-01 20:51:34.921  8148-8148  RealImageLoader         com.rpeters.jellyfin                 I   Successful (MEMORY_CACHE) - https://rpeters1428.huron.usbx.me/jellyfin/Items/7dcba4b0-e89d-13bc-cb6e-5827d374b98d/Images/Primary?maxHeight=400&maxWidth=400
2026-02-01 20:51:34.929  8148-8148  RealImageLoader         com.rpeters.jellyfin                 I   Successful (MEMORY_CACHE) - https://rpeters1428.huron.usbx.me/jellyfin/Items/4b0e6c1d-308c-2f2f-90a8-acca321d9f73/Images/Primary?maxHeight=400&maxWidth=400
2026-02-01 20:51:34.937  8148-8148  RealImageLoader         com.rpeters.jellyfin                 I   Successful (MEMORY_CACHE) - https://rpeters1428.huron.usbx.me/jellyfin/Items/b4453c79-2f8c-d2d9-7d82-7202b3dff373/Images/Primary?maxHeight=400&maxWidth=400
2026-02-01 20:51:34.997  8148-8148  HomeScreen              com.rpeters.jellyfin                 D  Waiting for server connection before loading data
2026-02-01 20:51:35.001  8148-8148  RealImageLoader         com.rpeters.jellyfin                 I   Successful (DISK) - https://rpeters1428.huron.usbx.me/jellyfin/Items/28398653-fdb8-beab-dacc-91ffa1b70c56/Images/Backdrop?tag=d3a7fbf7f40f90bd77535c07498fd498&maxHeight=400&maxWidth=800
2026-02-01 20:51:35.023  8148-8148  WindowLayo...ponentImpl com.rpeters.jellyfin                 D  Register WindowLayoutInfoListener on Context=com.rpeters.jellyfin.MainActivity@445c8ac, of which baseContext=android.app.ContextImpl@a6beb0c
2026-02-01 20:51:35.025  8148-8148  HomeScreen              com.rpeters.jellyfin                 D  Current server available, loading initial data for: rpeters1428
2026-02-01 20:51:35.069  8148-8148  WindowLayo...ponentImpl com.rpeters.jellyfin                 D  Register WindowLayoutInfoListener on Context=com.rpeters.jellyfin.MainActivity@445c8ac, of which baseContext=android.app.ContextImpl@a6beb0c
2026-02-01 20:51:36.204  8148-8148  WindowOnBackDispatcher  com.rpeters.jellyfin                 D  setTopOnBackInvokedCallback (unwrapped): android.app.Activity$$ExternalSyntheticLambda0@ae0521
2026-02-01 20:51:36.228  8148-8148  WindowOnBackDispatcher  com.rpeters.jellyfin                 D  setTopOnBackInvokedCallback (unwrapped): androidx.navigationevent.OnBackInvokedInput$createOnBackAnimationCallback$1@f8a1f2b
2026-02-01 20:51:40.514  8148-8148  InsetsController        com.rpeters.jellyfin                 D  show(ime())
2026-02-01 20:51:40.515  8148-8148  ImeTracker              com.rpeters.jellyfin                 I  com.rpeters.jellyfin:2336c986: onRequestShow at ORIGIN_CLIENT reason SHOW_SOFT_INPUT_BY_INSETS_API fromUser false
2026-02-01 20:51:40.515  8148-8148  InsetsController        com.rpeters.jellyfin                 D  Setting requestedVisibleTypes to 511 (was 503)
2026-02-01 20:51:40.522  8148-8148  AssistStructure         com.rpeters.jellyfin                 I  Flattened final assist data: 524 bytes, containing 1 windows, 3 views
2026-02-01 20:51:40.534  8148-8148  ImeTracker              com.rpeters.jellyfin                 I  com.rpeters.jellyfin:bb7db92c: onRequestShow at ORIGIN_CLIENT reason SHOW_SOFT_INPUT fromUser false
2026-02-01 20:51:40.534  8148-8148  InsetsController        com.rpeters.jellyfin                 D  show(ime())
2026-02-01 20:51:40.534  8148-8148  ImeTracker              com.rpeters.jellyfin                 I  com.rpeters.jellyfin:bb7db92c: onCancelled at PHASE_CLIENT_REPORT_REQUESTED_VISIBLE_TYPES
2026-02-01 20:51:40.535  8148-8148  Autofill Status         com.rpeters.jellyfin                 D  Autofill popup isn't shown because autofill is not available.

                                                                                                    Did you set up autofill?
                                                                                                    1. Go to Settings > System > Languages&input > Advanced > Autofill Service
                                                                                                    2. Pick a service

                                                                                                    Did you add an account?
                                                                                                    1. Go to Settings > System > Languages&input > Advanced
                                                                                                    2. Click on the settings icon next to the Autofill Service
                                                                                                    3. Add your account
2026-02-01 20:51:40.611  8148-8148  WindowOnBackDispatcher  com.rpeters.jellyfin                 D  setTopOnBackInvokedCallback (unwrapped): android.view.ImeBackAnimationController@445004f
2026-02-01 20:51:41.081  8148-8148  ImeTracker              com.rpeters.jellyfin                 I  com.rpeters.jellyfin:2336c986: onShown
2026-02-01 20:51:44.018  8148-8176  TRuntime.C...ortBackend com.rpeters.jellyfin                 I  Making request to: https://firebaselogging-pa.googleapis.com/v1/firelog/legacy/batchlog
2026-02-01 20:51:46.347  8148-8176  TRuntime.C...ortBackend com.rpeters.jellyfin                 I  Status Code: 200
2026-02-01 20:51:46.469  8148-8148  LeakCanary              com.rpeters.jellyfin                 D  Watching instance of com.google.android.datatransport.runtime.scheduling.jobscheduling.JobInfoSchedulerService (com.google.android.datatransport.runtime.scheduling.jobscheduling.JobInfoSchedulerService received Service#onDestroy() callback) with key 5ab11c7a-9b82-4282-a5d4-ac58775075df
2026-02-01 20:51:51.528  8148-8189  peters.jellyfin         com.rpeters.jellyfin                 I  Explicit concurrent mark compact GC freed 7449KB AllocSpace bytes, 26(640KB) LOS objects, 49% free, 16MB/33MB, paused 171us,2.639ms total 57.717ms
2026-02-01 20:52:01.016  8148-8419  GenerativeAi            com.rpeters.jellyfin                 D  AI request [generateResponse] using cloud (Gemini API)
2026-02-01 20:52:01.017  8148-8270  GenerativeAi            com.rpeters.jellyfin                 D  AI request [smartSearchQuery] using cloud (Gemini API)
2026-02-01 20:52:01.019  8148-8419  GenerativeModel         com.rpeters.jellyfin                 W  Auth not registered, skipping
2026-02-01 20:52:01.020  8148-8270  GenerativeModel         com.rpeters.jellyfin                 W  Auth not registered, skipping
2026-02-01 20:52:06.621  8148-8463  OkHttp                  com.rpeters.jellyfin                 I  --> GET https://rpeters1428.huron.usbx.me/jellyfin/Items/db2b2ff9-eb1e-bd3e-459d-63a2153dc733/Images/Primary?maxHeight=400&maxWidth=400
2026-02-01 20:52:06.640  8148-8464  OkHttp                  com.rpeters.jellyfin                 I  --> GET https://rpeters1428.huron.usbx.me/jellyfin/Items/c57cc2b5-efe2-c6d0-5adc-2e5080b43045/Images/Primary?maxHeight=400&maxWidth=400
2026-02-01 20:52:06.658  8148-8468  OkHttp                  com.rpeters.jellyfin                 I  --> GET https://rpeters1428.huron.usbx.me/jellyfin/Items/ea87e473-a01f-7a1f-8015-fd4ec987fa93/Images/Primary?maxHeight=400&maxWidth=400
2026-02-01 20:52:06.924  8148-8463  PinningHostnameVerifier com.rpeters.jellyfin                 D  Hostname verification for rpeters1428.huron.usbx.me: true
2026-02-01 20:52:07.189  8148-8463  OkHttp                  com.rpeters.jellyfin                 I  <-- 200 OK https://rpeters1428.huron.usbx.me/jellyfin/Items/db2b2ff9-eb1e-bd3e-459d-63a2153dc733/Images/Primary?maxHeight=400&maxWidth=400 (567ms, 200634-byte body)
2026-02-01 20:52:07.479  8148-8464  PinningHostnameVerifier com.rpeters.jellyfin                 D  Hostname verification for rpeters1428.huron.usbx.me: true
2026-02-01 20:52:07.480  8148-8468  PinningHostnameVerifier com.rpeters.jellyfin                 D  Hostname verification for rpeters1428.huron.usbx.me: true
2026-02-01 20:52:07.576  8148-8148  RealImageLoader         com.rpeters.jellyfin                 I   Successful (NETWORK) - https://rpeters1428.huron.usbx.me/jellyfin/Items/db2b2ff9-eb1e-bd3e-459d-63a2153dc733/Images/Primary?maxHeight=400&maxWidth=400
2026-02-01 20:52:07.747  8148-8468  OkHttp                  com.rpeters.jellyfin                 I  <-- 200 OK https://rpeters1428.huron.usbx.me/jellyfin/Items/ea87e473-a01f-7a1f-8015-fd4ec987fa93/Images/Primary?maxHeight=400&maxWidth=400 (1088ms, 108638-byte body)
2026-02-01 20:52:07.845  8148-8464  OkHttp                  com.rpeters.jellyfin                 I  <-- 200 OK https://rpeters1428.huron.usbx.me/jellyfin/Items/c57cc2b5-efe2-c6d0-5adc-2e5080b43045/Images/Primary?maxHeight=400&maxWidth=400 (1204ms, 146642-byte body)
2026-02-01 20:52:08.072  8148-8148  RealImageLoader         com.rpeters.jellyfin                 I   Successful (NETWORK) - https://rpeters1428.huron.usbx.me/jellyfin/Items/ea87e473-a01f-7a1f-8015-fd4ec987fa93/Images/Primary?maxHeight=400&maxWidth=400
2026-02-01 20:52:08.188  8148-8148  RealImageLoader         com.rpeters.jellyfin                 I   Successful (NETWORK) - https://rpeters1428.huron.usbx.me/jellyfin/Items/c57cc2b5-efe2-c6d0-5adc-2e5080b43045/Images/Primary?maxHeight=400&maxWidth=400
2026-02-01 20:52:10.333  8148-8464  OkHttp                  com.rpeters.jellyfin                 I  --> GET https://rpeters1428.huron.usbx.me/jellyfin/Items/a4082ce8-df71-3d52-d064-71059bd69f2f/Images/Primary?maxHeight=400&maxWidth=400
2026-02-01 20:52:10.508  8148-8468  OkHttp                  com.rpeters.jellyfin                 I  --> GET https://rpeters1428.huron.usbx.me/jellyfin/Items/4fc4cee0-fdbf-32f2-2e35-e25858efe228/Images/Primary?maxHeight=400&maxWidth=400
2026-02-01 20:52:10.676  8148-8468  OkHttp                  com.rpeters.jellyfin                 I  <-- 200 OK https://rpeters1428.huron.usbx.me/jellyfin/Items/4fc4cee0-fdbf-32f2-2e35-e25858efe228/Images/Primary?maxHeight=400&maxWidth=400 (167ms, 156124-byte body)
2026-02-01 20:52:10.700  8148-8464  OkHttp                  com.rpeters.jellyfin                 I  <-- 200 OK https://rpeters1428.huron.usbx.me/jellyfin/Items/a4082ce8-df71-3d52-d064-71059bd69f2f/Images/Primary?maxHeight=400&maxWidth=400 (366ms, 160982-byte body)
2026-02-01 20:52:10.783  8148-8148  RealImageLoader         com.rpeters.jellyfin                 I   Successful (NETWORK) - https://rpeters1428.huron.usbx.me/jellyfin/Items/a4082ce8-df71-3d52-d064-71059bd69f2f/Images/Primary?maxHeight=400&maxWidth=400
2026-02-01 20:52:10.819  8148-8148  RealImageLoader         com.rpeters.jellyfin                 I   Successful (NETWORK) - https://rpeters1428.huron.usbx.me/jellyfin/Items/4fc4cee0-fdbf-32f2-2e35-e25858efe228/Images/Primary?maxHeight=400&maxWidth=400
2026-02-01 20:52:12.045  8148-8148  RealImageLoader         com.rpeters.jellyfin                 I   Successful (MEMORY_CACHE) - https://rpeters1428.huron.usbx.me/jellyfin/Items/c57cc2b5-efe2-c6d0-5adc-2e5080b43045/Images/Primary?maxHeight=400&maxWidth=400
2026-02-01 20:52:12.077  8148-8148  RealImageLoader         com.rpeters.jellyfin                 I   Successful (MEMORY_CACHE) - https://rpeters1428.huron.usbx.me/jellyfin/Items/db2b2ff9-eb1e-bd3e-459d-63a2153dc733/Images/Primary?maxHeight=400&maxWidth=400
2026-02-01 20:52:14.309  8148-8148  RealImageLoader         com.rpeters.jellyfin                 I   Successful (MEMORY_CACHE) - https://rpeters1428.huron.usbx.me/jellyfin/Items/a4082ce8-df71-3d52-d064-71059bd69f2f/Images/Primary?maxHeight=400&maxWidth=400
2026-02-01 20:52:14.353  8148-8148  RealImageLoader         com.rpeters.jellyfin                 I   Successful (MEMORY_CACHE) - https://rpeters1428.huron.usbx.me/jellyfin/Items/4fc4cee0-fdbf-32f2-2e35-e25858efe228/Images/Primary?maxHeight=400&maxWidth=400
2026-02-01 20:52:15.193  8148-8148  RealImageLoader         com.rpeters.jellyfin                 I   Successful (MEMORY_CACHE) - https://rpeters1428.huron.usbx.me/jellyfin/Items/c57cc2b5-efe2-c6d0-5adc-2e5080b43045/Images/Primary?maxHeight=400&maxWidth=400
2026-02-01 20:52:15.236  8148-8148  RealImageLoader         com.rpeters.jellyfin                 I   Successful (MEMORY_CACHE) - https://rpeters1428.huron.usbx.me/jellyfin/Items/db2b2ff9-eb1e-bd3e-459d-63a2153dc733/Images/Primary?maxHeight=400&maxWidth=400
2026-02-01 20:52:24.974  8148-8148  RealImageLoader         com.rpeters.jellyfin                 I   Successful (MEMORY_CACHE) - https://rpeters1428.huron.usbx.me/jellyfin/Items/a4082ce8-df71-3d52-d064-71059bd69f2f/Images/Primary?maxHeight=400&maxWidth=400
2026-02-01 20:52:25.021  8148-8148  RealImageLoader         com.rpeters.jellyfin                 I   Successful (MEMORY_CACHE) - https://rpeters1428.huron.usbx.me/jellyfin/Items/4fc4cee0-fdbf-32f2-2e35-e25858efe228/Images/Primary?maxHeight=400&maxWidth=400
2026-02-01 20:52:28.341  8148-8148  RealImageLoader         com.rpeters.jellyfin                 I   Successful (MEMORY_CACHE) - https://rpeters1428.huron.usbx.me/jellyfin/Items/a4082ce8-df71-3d52-d064-71059bd69f2f/Images/Primary?maxHeight=400&maxWidth=400
2026-02-01 20:52:28.555  8148-8148  RealImageLoader         com.rpeters.jellyfin                 I   Successful (MEMORY_CACHE) - https://rpeters1428.huron.usbx.me/jellyfin/Items/4fc4cee0-fdbf-32f2-2e35-e25858efe228/Images/Primary?maxHeight=400&maxWidth=400
2026-02-01 20:52:30.395  8148-8148  RealImageLoader         com.rpeters.jellyfin                 I   Successful (MEMORY_CACHE) - https://rpeters1428.huron.usbx.me/jellyfin/Items/c57cc2b5-efe2-c6d0-5adc-2e5080b43045/Images/Primary?maxHeight=400&maxWidth=400
2026-02-01 20:52:30.442  8148-8148  RealImageLoader         com.rpeters.jellyfin                 I   Successful (MEMORY_CACHE) - https://rpeters1428.huron.usbx.me/jellyfin/Items/db2b2ff9-eb1e-bd3e-459d-63a2153dc733/Images/Primary?maxHeight=400&maxWidth=400
2026-02-01 20:52:31.713  8148-8190  JellyfinRepository      com.rpeters.jellyfin                 D  Device capabilities: maxResolution=(3840, 2160), supports4K=true
2026-02-01 20:52:31.713  8148-8190  JellyfinDeviceProfile   com.rpeters.jellyfin                 D  Creating device profile with maxWidth=3840, maxHeight=2160
2026-02-01 20:52:31.713  8148-8190  JellyfinRepository      com.rpeters.jellyfin                 D  DeviceProfile created with codecProfiles: 4
2026-02-01 20:52:31.713  8148-8190  JellyfinRepository      com.rpeters.jellyfin                 D    CodecProfile[0]: type=Video, codec=h264, conditions=4
2026-02-01 20:52:31.713  8148-8190  JellyfinRepository      com.rpeters.jellyfin                 D    CodecProfile[1]: type=Video, codec=h265,hevc, conditions=4
2026-02-01 20:52:31.713  8148-8190  JellyfinRepository      com.rpeters.jellyfin                 D    CodecProfile[2]: type=Video, codec=vp9, conditions=4
2026-02-01 20:52:31.713  8148-8190  JellyfinRepository      com.rpeters.jellyfin                 D    CodecProfile[3]: type=Video, codec=av1, conditions=4
2026-02-01 20:52:31.714  8148-8190  JellyfinRepository      com.rpeters.jellyfin                 D  Network-based maxStreamingBitrate: 80Mbps
2026-02-01 20:52:31.714  8148-8190  JellyfinRepository      com.rpeters.jellyfin                 D  DeviceProfile: Jellyfin Android Client, maxStreamBitrate=400000000, maxStaticBitrate=400000000
2026-02-01 20:52:31.714  8148-8190  JellyfinRepository      com.rpeters.jellyfin                 D    TranscodingProfile[0]: codec=h265,hevc, container=mp4, protocol=http, conditions=2
2026-02-01 20:52:31.714  8148-8190  JellyfinRepository      com.rpeters.jellyfin                 D      Condition: Height LessThanEqual 2160
2026-02-01 20:52:31.714  8148-8190  JellyfinRepository      com.rpeters.jellyfin                 D      Condition: Width LessThanEqual 3840
2026-02-01 20:52:31.715  8148-8190  JellyfinRepository      com.rpeters.jellyfin                 D    TranscodingProfile[1]: codec=h264, container=mp4, protocol=hls, conditions=2
2026-02-01 20:52:31.715  8148-8190  JellyfinRepository      com.rpeters.jellyfin                 D      Condition: Height LessThanEqual 2160
2026-02-01 20:52:31.715  8148-8190  JellyfinRepository      com.rpeters.jellyfin                 D      Condition: Width LessThanEqual 3840
2026-02-01 20:52:31.715  8148-8190  JellyfinRepository      com.rpeters.jellyfin                 D    TranscodingProfile[2]: codec=, container=mp3, protocol=http, conditions=0
2026-02-01 20:52:31.974  8148-8190  JellyfinRepository      com.rpeters.jellyfin                 D  Server response:
2026-02-01 20:52:31.974  8148-8190  JellyfinRepository      com.rpeters.jellyfin                 D    PlaySessionId: 8901f1e94fe34fe79844e6bb6cb0c42e
2026-02-01 20:52:31.974  8148-8190  JellyfinRepository      com.rpeters.jellyfin                 D    MediaSources: 1
2026-02-01 20:52:31.974  8148-8190  JellyfinRepository      com.rpeters.jellyfin                 D    MediaSource[0]:
2026-02-01 20:52:31.974  8148-8190  JellyfinRepository      com.rpeters.jellyfin                 D      Name: Ballerina (2025) WEBRip-1080p
2026-02-01 20:52:31.974  8148-8190  JellyfinRepository      com.rpeters.jellyfin                 D      Container: mkv
2026-02-01 20:52:31.974  8148-8190  JellyfinRepository      com.rpeters.jellyfin                 D      Size: 2257612315
2026-02-01 20:52:31.974  8148-8190  JellyfinRepository      com.rpeters.jellyfin                 D      IsRemote: false
2026-02-01 20:52:31.974  8148-8190  JellyfinRepository      com.rpeters.jellyfin                 D      Video Stream: hevc, 1920x800, bitrate=2412218
2026-02-01 20:52:31.974  8148-8190  JellyfinRepository      com.rpeters.jellyfin                 D      SupportsDirectPlay: true
2026-02-01 20:52:31.974  8148-8190  JellyfinRepository      com.rpeters.jellyfin                 D      SupportsDirectStream: true
2026-02-01 20:52:31.974  8148-8190  JellyfinRepository      com.rpeters.jellyfin                 D      SupportsTranscoding: true
2026-02-01 20:52:32.008  8148-8464  OkHttp                  com.rpeters.jellyfin                 I  --> GET https://rpeters1428.huron.usbx.me/jellyfin/Items/db2b2ff9-eb1e-bd3e-459d-63a2153dc733/Images/Backdrop?tag=15a36bef1e65e0fc13a30a7ba1d1a2aa&maxHeight=400&maxWidth=800
2026-02-01 20:52:32.016  8148-8468  OkHttp                  com.rpeters.jellyfin                 I  --> GET https://rpeters1428.huron.usbx.me/jellyfin/Items/db2b2ff9-eb1e-bd3e-459d-63a2153dc733/Images/Logo?tag=9d808df1bcde0c3985268c627924353e
2026-02-01 20:52:32.099  8148-8148  InsetsController        com.rpeters.jellyfin                 D  hide(ime())
2026-02-01 20:52:32.099  8148-8148  ImeTracker              com.rpeters.jellyfin                 I  com.rpeters.jellyfin:e04c2bbc: onRequestHide at ORIGIN_CLIENT reason HIDE_SOFT_INPUT_BY_INSETS_API fromUser false
2026-02-01 20:52:32.099  8148-8148  WindowOnBackDispatcher  com.rpeters.jellyfin                 D  setTopOnBackInvokedCallback (unwrapped): androidx.navigationevent.OnBackInvokedInput$createOnBackAnimationCallback$1@f8a1f2b
2026-02-01 20:52:32.100  8148-8148  InsetsController        com.rpeters.jellyfin                 D  Setting requestedVisibleTypes to 503 (was 511)
2026-02-01 20:52:32.119  8148-8148  ImeTracker              com.rpeters.jellyfin                 I  system_server:1e210381: onCancelled at PHASE_CLIENT_ON_CONTROLS_CHANGED
2026-02-01 20:52:32.159  8148-8464  OkHttp                  com.rpeters.jellyfin                 I  <-- 200 OK https://rpeters1428.huron.usbx.me/jellyfin/Items/db2b2ff9-eb1e-bd3e-459d-63a2153dc733/Images/Backdrop?tag=15a36bef1e65e0fc13a30a7ba1d1a2aa&maxHeight=400&maxWidth=800 (150ms, 513280-byte body)
2026-02-01 20:52:32.174  8148-8468  OkHttp                  com.rpeters.jellyfin                 I  <-- 200 OK https://rpeters1428.huron.usbx.me/jellyfin/Items/db2b2ff9-eb1e-bd3e-459d-63a2153dc733/Images/Logo?tag=9d808df1bcde0c3985268c627924353e (156ms, 2278756-byte body)
2026-02-01 20:52:32.384  8148-8290  HWUI                    com.rpeters.jellyfin                 W  Failed to choose config with EGL_SWAP_BEHAVIOR_PRESERVED, retrying without...
2026-02-01 20:52:32.385  8148-8290  HWUI                    com.rpeters.jellyfin                 W  Failed to initialize 101010-2 format, error = EGL_SUCCESS
2026-02-01 20:52:32.429  8148-8148  RealImageLoader         com.rpeters.jellyfin                 I   Successful (NETWORK) - https://rpeters1428.huron.usbx.me/jellyfin/Items/db2b2ff9-eb1e-bd3e-459d-63a2153dc733/Images/Backdrop?tag=15a36bef1e65e0fc13a30a7ba1d1a2aa&maxHeight=400&maxWidth=800
2026-02-01 20:52:32.660  8148-8148  RealImageLoader         com.rpeters.jellyfin                 I   Successful (NETWORK) - https://rpeters1428.huron.usbx.me/jellyfin/Items/db2b2ff9-eb1e-bd3e-459d-63a2153dc733/Images/Logo?tag=9d808df1bcde0c3985268c627924353e
2026-02-01 20:52:33.692  8148-8468  OkHttp                  com.rpeters.jellyfin                 I  --> GET https://rpeters1428.huron.usbx.me/jellyfin/Items/b6369895-6ccd-1748-2aaa-c460f45670f3/Images/Primary?maxHeight=400&maxWidth=400&tag=88f7fe711e8dfa1064f034b1e45ce84b
2026-02-01 20:52:33.695  8148-8464  OkHttp                  com.rpeters.jellyfin                 I  --> GET https://rpeters1428.huron.usbx.me/jellyfin/Items/25fbc31c-18a1-0121-6aa1-503a51abb0f7/Images/Primary?maxHeight=400&maxWidth=400&tag=cbb1f00dc57f723a7bffcc4a60b2dae3
2026-02-01 20:52:33.702  8148-8463  OkHttp                  com.rpeters.jellyfin                 I  --> GET https://rpeters1428.huron.usbx.me/jellyfin/Items/fcc21ff3-1b0e-3cf1-c242-0036d10a5537/Images/Primary?maxHeight=400&maxWidth=400&tag=f9f195af0f45c48cf39a988beafe3aa1
2026-02-01 20:52:33.709  8148-8480  OkHttp                  com.rpeters.jellyfin                 I  --> GET https://rpeters1428.huron.usbx.me/jellyfin/Items/35f23e53-0b99-5f40-befc-f9c3322edd4d/Images/Primary?maxHeight=400&maxWidth=400&tag=a784e5ea6517f28bd4002a59b0c489f7
2026-02-01 20:52:33.839  8148-8468  OkHttp                  com.rpeters.jellyfin                 I  <-- 200 OK https://rpeters1428.huron.usbx.me/jellyfin/Items/b6369895-6ccd-1748-2aaa-c460f45670f3/Images/Primary?maxHeight=400&maxWidth=400&tag=88f7fe711e8dfa1064f034b1e45ce84b (146ms, 151904-byte body)
2026-02-01 20:52:33.857  8148-8463  OkHttp                  com.rpeters.jellyfin                 I  <-- 200 OK https://rpeters1428.huron.usbx.me/jellyfin/Items/fcc21ff3-1b0e-3cf1-c242-0036d10a5537/Images/Primary?maxHeight=400&maxWidth=400&tag=f9f195af0f45c48cf39a988beafe3aa1 (155ms, 132946-byte body)
2026-02-01 20:52:33.868  8148-8464  OkHttp                  com.rpeters.jellyfin                 I  <-- 200 OK https://rpeters1428.huron.usbx.me/jellyfin/Items/25fbc31c-18a1-0121-6aa1-503a51abb0f7/Images/Primary?maxHeight=400&maxWidth=400&tag=cbb1f00dc57f723a7bffcc4a60b2dae3 (171ms, 113600-byte body)
2026-02-01 20:52:33.916  8148-8148  RealImageLoader         com.rpeters.jellyfin                 I   Successful (NETWORK) - https://rpeters1428.huron.usbx.me/jellyfin/Items/b6369895-6ccd-1748-2aaa-c460f45670f3/Images/Primary?maxHeight=400&maxWidth=400&tag=88f7fe711e8dfa1064f034b1e45ce84b
2026-02-01 20:52:33.934  8148-8148  RealImageLoader         com.rpeters.jellyfin                 I   Successful (NETWORK) - https://rpeters1428.huron.usbx.me/jellyfin/Items/25fbc31c-18a1-0121-6aa1-503a51abb0f7/Images/Primary?maxHeight=400&maxWidth=400&tag=cbb1f00dc57f723a7bffcc4a60b2dae3
2026-02-01 20:52:33.967  8148-8148  RealImageLoader         com.rpeters.jellyfin                 I   Successful (NETWORK) - https://rpeters1428.huron.usbx.me/jellyfin/Items/fcc21ff3-1b0e-3cf1-c242-0036d10a5537/Images/Primary?maxHeight=400&maxWidth=400&tag=f9f195af0f45c48cf39a988beafe3aa1
2026-02-01 20:52:34.369  8148-8480  OkHttp                  com.rpeters.jellyfin                 I  <-- 200 OK https://rpeters1428.huron.usbx.me/jellyfin/Items/35f23e53-0b99-5f40-befc-f9c3322edd4d/Images/Primary?maxHeight=400&maxWidth=400&tag=a784e5ea6517f28bd4002a59b0c489f7 (659ms, 161782-byte body)
2026-02-01 20:52:34.398  8148-8148  RealImageLoader         com.rpeters.jellyfin                 I   Successful (NETWORK) - https://rpeters1428.huron.usbx.me/jellyfin/Items/35f23e53-0b99-5f40-befc-f9c3322edd4d/Images/Primary?maxHeight=400&maxWidth=400&tag=a784e5ea6517f28bd4002a59b0c489f7
2026-02-01 20:52:34.996  8148-8480  OkHttp                  com.rpeters.jellyfin                 I  --> GET https://rpeters1428.huron.usbx.me/jellyfin/Items/a17a92f2-ab4e-9f2f-4f26-92fa6c3a87a0/Images/Primary?maxHeight=400&maxWidth=400
2026-02-01 20:52:35.010  8148-8464  OkHttp                  com.rpeters.jellyfin                 I  --> GET https://rpeters1428.huron.usbx.me/jellyfin/Items/c8145109-7d6a-4564-0f71-44d94adc6e85/Images/Primary?maxHeight=400&maxWidth=400
2026-02-01 20:52:35.024  8148-8463  OkHttp                  com.rpeters.jellyfin                 I  --> GET https://rpeters1428.huron.usbx.me/jellyfin/Items/b895b562-5e6d-6249-0766-5cb8ba7eefa1/Images/Primary?maxHeight=400&maxWidth=400
2026-02-01 20:52:35.191  8148-8463  OkHttp                  com.rpeters.jellyfin                 I  <-- 200 OK https://rpeters1428.huron.usbx.me/jellyfin/Items/b895b562-5e6d-6249-0766-5cb8ba7eefa1/Images/Primary?maxHeight=400&maxWidth=400 (166ms, 83772-byte body)
2026-02-01 20:52:35.226  8148-8148  RealImageLoader         com.rpeters.jellyfin                 I   Successful (NETWORK) - https://rpeters1428.huron.usbx.me/jellyfin/Items/b895b562-5e6d-6249-0766-5cb8ba7eefa1/Images/Primary?maxHeight=400&maxWidth=400
2026-02-01 20:52:35.359  8148-8464  OkHttp                  com.rpeters.jellyfin                 I  <-- 200 OK https://rpeters1428.huron.usbx.me/jellyfin/Items/c8145109-7d6a-4564-0f71-44d94adc6e85/Images/Primary?maxHeight=400&maxWidth=400 (349ms, 223112-byte body)
2026-02-01 20:52:35.400  8148-8148  RealImageLoader         com.rpeters.jellyfin                 I   Successful (NETWORK) - https://rpeters1428.huron.usbx.me/jellyfin/Items/c8145109-7d6a-4564-0f71-44d94adc6e85/Images/Primary?maxHeight=400&maxWidth=400
2026-02-01 20:52:35.417  8148-8480  OkHttp                  com.rpeters.jellyfin                 I  <-- 200 OK https://rpeters1428.huron.usbx.me/jellyfin/Items/a17a92f2-ab4e-9f2f-4f26-92fa6c3a87a0/Images/Primary?maxHeight=400&maxWidth=400 (420ms, 177180-byte body)
2026-02-01 20:52:35.453  8148-8148  RealImageLoader         com.rpeters.jellyfin                 I   Successful (NETWORK) - https://rpeters1428.huron.usbx.me/jellyfin/Items/a17a92f2-ab4e-9f2f-4f26-92fa6c3a87a0/Images/Primary?maxHeight=400&maxWidth=400
2026-02-01 20:52:36.936  8148-8148  RealImageLoader         com.rpeters.jellyfin                 I   Successful (MEMORY_CACHE) - https://rpeters1428.huron.usbx.me/jellyfin/Items/db2b2ff9-eb1e-bd3e-459d-63a2153dc733/Images/Backdrop?tag=15a36bef1e65e0fc13a30a7ba1d1a2aa&maxHeight=400&maxWidth=800
2026-02-01 20:52:36.937  8148-8148  RealImageLoader         com.rpeters.jellyfin                 I   Successful (MEMORY_CACHE) - https://rpeters1428.huron.usbx.me/jellyfin/Items/db2b2ff9-eb1e-bd3e-459d-63a2153dc733/Images/Logo?tag=9d808df1bcde0c3985268c627924353e
2026-02-01 20:52:39.123   836-1009  InputDispatcher         system_server                        E  channel '75c8e40 com.rpeters.jellyfin/com.rpeters.jellyfin.MainActivity' ~ Channel is unrecoverably broken and will be disposed!
---------------------------- PROCESS ENDED (8148) for package com.rpeters.jellyfin ----------------------------
---------------------------- PROCESS STARTED (8492) for package com.rpeters.jellyfin ----------------------------
2026-02-01 20:52:39.215  8492-8492  nativeloader            com.rpeters.jellyfin                 D  Load libframework-connectivity-tiramisu-jni.so using APEX ns com_android_tethering for caller /apex/com.android.tethering/javalib/framework-connectivity-t.jar: ok
2026-02-01 20:52:39.243  8492-8492  re-initialized>         com.rpeters.jellyfin                 W  type=1400 audit(0.0:406): avc:  granted  { execute } for  path="/data/data/com.rpeters.jellyfin/code_cache/startup_agents/f943a550-agent.so" dev="dm-56" ino=362431 scontext=u:r:untrusted_app:s0:c227,c256,c512,c768 tcontext=u:object_r:app_data_file:s0:c227,c256,c512,c768 tclass=file app=com.rpeters.jellyfin
2026-02-01 20:52:39.264  8492-8492  nativeloader            com.rpeters.jellyfin                 D  Load /data/user/0/com.rpeters.jellyfin/code_cache/startup_agents/f943a550-agent.so using system ns (caller=<unknown>): ok
2026-02-01 20:52:39.272  8492-8492  peters.jellyfin         com.rpeters.jellyfin                 W  hiddenapi: DexFile /data/data/com.rpeters.jellyfin/code_cache/.studio/instruments-76719913.jar is in boot class path but is not in a known location
2026-02-01 20:52:39.326  8492-8492  peters.jellyfin         com.rpeters.jellyfin                 W  Redefining intrinsic method java.lang.Thread java.lang.Thread.currentThread(). This may cause the unexpected use of the original definition of java.lang.Thread java.lang.Thread.currentThread()in methods that have already been compiled.
2026-02-01 20:52:39.326  8492-8492  peters.jellyfin         com.rpeters.jellyfin                 W  Redefining intrinsic method boolean java.lang.Thread.interrupted(). This may cause the unexpected use of the original definition of boolean java.lang.Thread.interrupted()in methods that have already been compiled.
2026-02-01 20:52:39.347  8492-8492  ApplicationLoaders      com.rpeters.jellyfin                 D  Returning zygote-cached class loader: /system_ext/framework/androidx.window.extensions.jar
2026-02-01 20:52:39.348  8492-8492  ApplicationLoaders      com.rpeters.jellyfin                 D  Returning zygote-cached class loader: /system_ext/framework/androidx.window.sidecar.jar
2026-02-01 20:52:40.124  8492-8492  nativeloader            com.rpeters.jellyfin                 D  Configuring clns-9 for other apk /data/app/~~_DsqB6xZ6dLcIDUJ2mfAOg==/com.rpeters.jellyfin-Lr3f6R2sri2CNUXl6eV6Tw==/base.apk. target_sdk_version=35, uses_libraries=, library_path=/data/app/~~_DsqB6xZ6dLcIDUJ2mfAOg==/com.rpeters.jellyfin-Lr3f6R2sri2CNUXl6eV6Tw==/lib/x86_64:/data/app/~~_DsqB6xZ6dLcIDUJ2mfAOg==/com.rpeters.jellyfin-Lr3f6R2sri2CNUXl6eV6Tw==/base.apk!/lib/x86_64, permitted_path=/data:/mnt/expand:/data/user/0/com.rpeters.jellyfin
2026-02-01 20:52:40.190  8492-8492  CompatChangeReporter    com.rpeters.jellyfin                 D  Compat change id reported: 202956589; UID 10227; state: ENABLED
2026-02-01 20:52:40.209  8492-8492  GraphicsEnvironment     com.rpeters.jellyfin                 V  Currently set values for:
2026-02-01 20:52:40.209  8492-8492  GraphicsEnvironment     com.rpeters.jellyfin                 V    angle_gl_driver_selection_pkgs=[]
2026-02-01 20:52:40.209  8492-8492  GraphicsEnvironment     com.rpeters.jellyfin                 V    angle_gl_driver_selection_values=[]
2026-02-01 20:52:40.209  8492-8492  GraphicsEnvironment     com.rpeters.jellyfin                 V  com.rpeters.jellyfin is not listed in per-application setting
2026-02-01 20:52:40.209  8492-8492  GraphicsEnvironment     com.rpeters.jellyfin                 V  ANGLE allowlist from config: com.dreamgames.royalmatch com.dts.freefiremax com.dxx.firenow com.gramgames.mergedragons com.ludo.king com.mojang.minecraftpe com.my.defense com.nintendo.zaka com.os.airforce com.playrix.fishdomdd.gplay io.teslatech.callbreak jp.konami.prospia net.peakgames.toonblast
2026-02-01 20:52:40.209  8492-8492  GraphicsEnvironment     com.rpeters.jellyfin                 V  No special selections for ANGLE, returning default driver choice
2026-02-01 20:52:40.209  8492-8492  GraphicsEnvironment     com.rpeters.jellyfin                 V  Neither updatable production driver nor prerelease driver is supported.
2026-02-01 20:52:40.249  8492-8492  peters.jellyfin         com.rpeters.jellyfin                 W  Method void com.google.android.gms.common.api.internal.BackgroundDetector.initialize(android.app.Application) failed lock verification and will run slower.
                                                                                                    Common causes for lock verification issues are non-optimized dex code
                                                                                                    and incorrect proguard optimizations.
2026-02-01 20:52:40.250  8492-8492  peters.jellyfin         com.rpeters.jellyfin                 W  Method void com.google.android.gms.common.api.internal.BackgroundDetector.zza(boolean) failed lock verification and will run slower.
2026-02-01 20:52:40.250  8492-8492  peters.jellyfin         com.rpeters.jellyfin                 W  Method void com.google.android.gms.common.api.internal.BackgroundDetector.addListener(com.google.android.gms.common.api.internal.BackgroundDetector$BackgroundStateChangeListener) failed lock verification and will run slower.
2026-02-01 20:52:40.270  8492-8492  FirebaseSessions        com.rpeters.jellyfin                 D  Dependency to CRASHLYTICS added.
2026-02-01 20:52:40.277  8492-8492  FirebaseApp             com.rpeters.jellyfin                 I  Device unlocked: initializing all Firebase APIs for app [DEFAULT]
2026-02-01 20:52:40.288  8492-8492  FirebaseCrashlytics     com.rpeters.jellyfin                 I  Initializing Firebase Crashlytics 20.0.4 for com.rpeters.jellyfin
2026-02-01 20:52:40.290  8492-8492  peters.jellyfin         com.rpeters.jellyfin                 W  Method void com.google.android.gms.tasks.zzw.zzi() failed lock verification and will run slower.
2026-02-01 20:52:40.290  8492-8492  peters.jellyfin         com.rpeters.jellyfin                 W  Method void com.google.android.gms.tasks.zzr.zza(com.google.android.gms.tasks.zzq) failed lock verification and will run slower.
