2026-01-21 18:10:39.881 24430-24430 View                    com.rpeters.jellyfin                 I  setRequestedFrameRate frameRate=NaN, this=android.view.View{96a9bce V.ED..... ........ 0,0-0,0}, caller=androidx.compose.ui.platform.Api35Impl.setRequestedFrameRate:3822 androidx.compose.ui.platform.AndroidComposeView.dispatchDraw:2115 android.view.View.draw:26758 android.view.View.updateDisplayListIfDirty:25577 android.view.ViewGroup.recreateChildDisplayList:4881 
2026-01-21 18:10:39.881 24430-25078 CCodecBufferChannel     com.rpeters.jellyfin                 I  [c2.qti.hevc.decoder#0] start: outputDelayValue changed from 4 to 12.
2026-01-21 18:10:39.881 24430-25078 CCodecBufferChannel     com.rpeters.jellyfin                 D  [c2.qti.hevc.decoder#0] Query input allocators returned 0 params => BAD_INDEX (6)
2026-01-21 18:10:39.882 24430-25078 CCodecBufferChannel     com.rpeters.jellyfin                 D  [c2.qti.hevc.decoder#0] Created input block pool with allocatorID 16 => poolID 19 - OK (0)
2026-01-21 18:10:39.882 24430-25078 CCodecBufferChannel     com.rpeters.jellyfin                 I  [c2.qti.hevc.decoder#0] start: max output delay 19
2026-01-21 18:10:39.882 24430-25078 CCodecBufferChannel     com.rpeters.jellyfin                 D  [c2.qti.hevc.decoder#0] Query output allocators returned 0 params => BAD_INDEX (6)
2026-01-21 18:10:39.882 24430-25078 CCodecBufferChannel     com.rpeters.jellyfin                 D  [c2.qti.hevc.decoder#0] Query output surface allocator returned 0 params => BAD_INDEX (6)
2026-01-21 18:10:39.882 24430-25078 Codec2Client            com.rpeters.jellyfin                 D  GraphicBufferAllocator created
2026-01-21 18:10:39.883 24430-25078 CCodecBufferChannel     com.rpeters.jellyfin                 I  [c2.qti.hevc.decoder#0] Created output block pool with allocatorID 18 => poolID 18798 - OK
2026-01-21 18:10:39.883 24430-25078 CCodecBufferChannel     com.rpeters.jellyfin                 D  [c2.qti.hevc.decoder#0] Configured output block pool ids 18798 => OK
2026-01-21 18:10:39.883 24430-25078 Codec2Client            com.rpeters.jellyfin                 D  setOutputSurface -- failed to set consumer usage (6/BAD_INDEX)
2026-01-21 18:10:39.883 24430-25078 GraphicsTracker         com.rpeters.jellyfin                 D  new surface in configuration: maxDequeueRequested(0), maxDequeueCommitted(3)
2026-01-21 18:10:39.883 24430-25078 GraphicsTracker         com.rpeters.jellyfin                 D  new surface configured with id:104926051041287 gen:25016323 maxDequeue:3
2026-01-21 18:10:39.883 24430-25078 GraphicsTracker         com.rpeters.jellyfin                 D  maxDequeueCount committed to IGBP: 19
2026-01-21 18:10:39.883 24430-25078 GraphicsTracker         com.rpeters.jellyfin                 D  Cache size 0 -> 0: maybe_cleared(0), dequeued(0)
2026-01-21 18:10:39.883 24430-25078 GraphicsTracker         com.rpeters.jellyfin                 D  maxDqueueCount change 3 -> 19: pending: 0
2026-01-21 18:10:39.883 24430-25078 Codec2Client            com.rpeters.jellyfin                 D  setOutputSurface -- generation=25016323 consumer usage=0x900
2026-01-21 18:10:39.883 24430-25078 CCodec                  com.rpeters.jellyfin                 I  [c2.qti.hevc.decoder] state->set(RUNNING)
2026-01-21 18:10:39.884 24430-25078 CCodecBufferChannel     com.rpeters.jellyfin                 I  [c2.qti.hevc.decoder#0] 10 initial input buffers available
2026-01-21 18:10:39.885 24430-25077 peters.jellyfin         com.rpeters.jellyfin                 W  AIBinder_linkToDeath is being called with a non-null cookie and no onUnlink callback set. This might not be intended. AIBinder_DeathRecipient_setOnUnlinked should be called first.
2026-01-21 18:10:39.886 24430-25077 MediaCodec              com.rpeters.jellyfin                 I  setCodecState state(0), called in 6, domain 1, 1
2026-01-21 18:10:39.886 24430-25054 DMCodecAdapterFactory   com.rpeters.jellyfin                 I  Creating an asynchronous MediaCodec adapter for track type audio
2026-01-21 18:10:39.887 24430-24619 CCodecBufferChannel     com.rpeters.jellyfin                 D  [c2.qti.hevc.decoder#0] Ignoring stale input buffer done callback: last flush index = 0, frameIndex = 0
2026-01-21 18:10:39.887 24430-25092 CCodec                  com.rpeters.jellyfin                 I  state->set(ALLOCATING)
2026-01-21 18:10:39.887 24430-25092 CCodec                  com.rpeters.jellyfin                 I  allocate(c2.android.opus.decoder)
2026-01-21 18:10:39.887 24430-25092 CCodec                  com.rpeters.jellyfin                 D  allocate(c2.android.opus.decoder)
2026-01-21 18:10:39.887 24430-25092 CCodec                  com.rpeters.jellyfin                 I  setting up 'default' as default (vendor) store
2026-01-21 18:10:39.888 24430-24619 AidlBufferPool          com.rpeters.jellyfin                 D  bufferpool2 0xb400007313d6d0c8 : 0(0 size) total buffers - 0(0 size) used buffers - 3397/3402 (recycle/alloc) - 5/6792 (fetch/transfer)
2026-01-21 18:10:39.888 24430-24619 AidlBufferPool          com.rpeters.jellyfin                 D  Destruction - bufferpool2 0xb400007313d6d0c8 cached: 0/0M, 0/0% in use; allocs: 3402, 100% recycled; transfers: 6792, 100% unfetched
2026-01-21 18:10:39.888 24430-25092 peters.jellyfin         com.rpeters.jellyfin                 W  AIBinder_linkToDeath is being called with a non-null cookie and no onUnlink callback set. This might not be intended. AIBinder_DeathRecipient_setOnUnlinked should be called first.
2026-01-21 18:10:39.888 24430-25092 CCodec                  com.rpeters.jellyfin                 I  Created component [c2.android.opus.decoder] for [c2.android.opus.decoder]
2026-01-21 18:10:39.888 24430-25092 CCodec                  com.rpeters.jellyfin                 I  [c2.android.opus.decoder] state->set(ALLOCATED)
2026-01-21 18:10:39.889 24430-25092 CCodecConfig            com.rpeters.jellyfin                 D  read media type: audio/opus
2026-01-21 18:10:39.889 24430-24430 View                    com.rpeters.jellyfin                 I  setRequestedFrameRate frameRate=NaN, this=androidx.compose.ui.platform.AndroidComposeView{fe097ae VFED..... ........ 0,0-3120,1440 aid=1073741824}, caller=android.view.ViewGroup.setRequestedFrameRate:10045 androidx.compose.ui.platform.Api35Impl.setRequestedFrameRate:3822 androidx.compose.ui.platform.AndroidComposeView.dispatchDraw:2114 android.view.View.draw:26758 android.view.View.updateDisplayListIfDirty:25577 
2026-01-21 18:10:39.889 24430-24430 View                    com.rpeters.jellyfin                 I  setRequestedFrameRate frameRate=NaN, this=android.view.View{96a9bce V.ED..... ........ 0,0-0,0}, caller=androidx.compose.ui.platform.Api35Impl.setRequestedFrameRate:3822 androidx.compose.ui.platform.AndroidComposeView.dispatchDraw:2115 android.view.View.draw:26758 android.view.View.updateDisplayListIfDirty:25577 android.view.ViewGroup.recreateChildDisplayList:4881 
2026-01-21 18:10:39.889 24430-25092 ReflectedParamUpdater   com.rpeters.jellyfin                 D  extent() != 1 for single value type: algo.buffers.max-count.values
2026-01-21 18:10:39.889 24430-25092 ReflectedParamUpdater   com.rpeters.jellyfin                 D  extent() != 1 for single value type: output.subscribed-indices.values
2026-01-21 18:10:39.889 24430-25092 ReflectedParamUpdater   com.rpeters.jellyfin                 D  extent() != 1 for single value type: input.buffers.allocator-ids.values
2026-01-21 18:10:39.889 24430-25092 ReflectedParamUpdater   com.rpeters.jellyfin                 D  extent() != 1 for single value type: output.buffers.allocator-ids.values
2026-01-21 18:10:39.889 24430-25092 ReflectedParamUpdater   com.rpeters.jellyfin                 D  extent() != 1 for single value type: algo.buffers.allocator-ids.values
2026-01-21 18:10:39.889 24430-25092 ReflectedParamUpdater   com.rpeters.jellyfin                 D  extent() != 1 for single value type: output.buffers.pool-ids.values
2026-01-21 18:10:39.889 24430-25092 ReflectedParamUpdater   com.rpeters.jellyfin                 D  extent() != 1 for single value type: algo.buffers.pool-ids.values
2026-01-21 18:10:39.890 24430-25092 CCodec                  com.rpeters.jellyfin                 I  [c2.android.opus.decoder] config->initialize() : 0
2026-01-21 18:10:39.890 24430-25092 CCodecConfig            com.rpeters.jellyfin                 I  query failed after returning 8 values (BAD_INDEX)
2026-01-21 18:10:39.890 24430-25092 CCodecConfig            com.rpeters.jellyfin                 D  c2 config diff is Dict {
                                                                                                      c2::u32 coded.bitrate.value = 6000
                                                                                                      c2::u32 input.buffers.max-size.value = 5760
                                                                                                      c2::u32 input.delay.value = 0
                                                                                                      string input.media-type.value = "audio/opus"
                                                                                                      c2::u32 output.large-frame.max-size = 0
                                                                                                      c2::u32 output.large-frame.threshold-size = 0
                                                                                                      string output.media-type.value = "audio/raw"
                                                                                                      c2::u32 raw.channel-count.value = 1
                                                                                                      c2::u32 raw.sample-rate.value = 48000
                                                                                                    }
2026-01-21 18:10:39.890 24430-25092 CCodec                  com.rpeters.jellyfin                 I  [c2.android.opus.decoder] config->queryConfiguration()
2026-01-21 18:10:39.890 24430-25092 CCodec                  com.rpeters.jellyfin                 I  [c2.android.opus.decoder] mCallback->onComponentAllocated() IN
2026-01-21 18:10:39.890 24430-25092 CCodec                  com.rpeters.jellyfin                 I  [c2.android.opus.decoder] mCallback->onComponentAllocated() OUT
2026-01-21 18:10:39.891 24430-25092 MediaCodec              com.rpeters.jellyfin                 I  MediaCodec will operate in async mode
2026-01-21 18:10:39.891 24430-25054 MediaCodec              com.rpeters.jellyfin                 I  media_quality service unavailable, skipping updatePictureProfile
2026-01-21 18:10:39.891 24430-25092 CCodec                  com.rpeters.jellyfin                 D  [c2.android.opus.decoder] buffers are bound to CCodec for this session
2026-01-21 18:10:39.891 24430-25092 CCodec                  com.rpeters.jellyfin                 I  appPid(24430) width(0) height(0)
2026-01-21 18:10:39.891 24430-25092 CCodecConfig            com.rpeters.jellyfin                 D  no c2 equivalents for csd-1
2026-01-21 18:10:39.891 24430-25092 CCodecConfig            com.rpeters.jellyfin                 D  no c2 equivalents for csd-2
2026-01-21 18:10:39.891 24430-25092 CCodecConfig            com.rpeters.jellyfin                 D  no c2 equivalents for log-session-id
2026-01-21 18:10:39.891 24430-25092 CCodecConfig            com.rpeters.jellyfin                 D  no c2 equivalents for importance
2026-01-21 18:10:39.891 24430-25092 CCodecConfig            com.rpeters.jellyfin                 D  no c2 equivalents for flags
2026-01-21 18:10:39.891 24430-25092 CCodecConfig            com.rpeters.jellyfin                 D  c2 config diff is   c2::u32 raw.channel-count.value = 2
2026-01-21 18:10:39.891 24430-25092 CCodec                  com.rpeters.jellyfin                 D  encoding statistics level = 0
2026-01-21 18:10:39.891 24430-25092 CCodec                  com.rpeters.jellyfin                 D  setup formats input: AMessage(what = 0x00000000) = {
                                                                                                      int32_t bitrate = 6000
                                                                                                      int32_t channel-count = 2
                                                                                                      int32_t max-input-size = 5760
                                                                                                      string mime = "audio/opus"
                                                                                                      int32_t sample-rate = 48000
                                                                                                      int64_t durationUs = 0
                                                                                                    }
2026-01-21 18:10:39.891 24430-25092 CCodec                  com.rpeters.jellyfin                 D  setup formats output: AMessage(what = 0x00000000) = {
                                                                                                      int32_t buffer-batch-max-output-size = 0
                                                                                                      int32_t buffer-batch-threshold-output-size = 0
                                                                                                      int32_t channel-count = 2
                                                                                                      string mime = "audio/raw"
                                                                                                      int32_t sample-rate = 48000
                                                                                                      int32_t android._config-pcm-encoding = 2
                                                                                                    }
2026-01-21 18:10:39.891 24430-25092 CCodecConfig            com.rpeters.jellyfin                 I  query failed after returning 8 values (BAD_INDEX)
2026-01-21 18:10:39.892 24430-25092 peters.jellyfin         com.rpeters.jellyfin                 E  Failed to query component interface for required system resources: 6
2026-01-21 18:10:39.892 24430-25054 MediaCodec              com.rpeters.jellyfin                 D  keep callback message for reclaim
2026-01-21 18:10:39.892 24430-25092 CCodec                  com.rpeters.jellyfin                 I  [c2.android.opus.decoder] state->set(STARTING)
2026-01-21 18:10:39.893 24430-25092 CCodecBufferChannel     com.rpeters.jellyfin                 D  [c2.android.opus.decoder#504] Created input block pool with allocatorID 16 => poolID 20 - OK (0)
2026-01-21 18:10:39.893 24430-25092 CCodecBufferChannel     com.rpeters.jellyfin                 I  [c2.android.opus.decoder#504] Created output block pool with allocatorID 16 => poolID 2424 - OK
2026-01-21 18:10:39.893 24430-25092 CCodecBufferChannel     com.rpeters.jellyfin                 D  [c2.android.opus.decoder#504] Configured output block pool ids 2424 => OK
2026-01-21 18:10:39.893 24430-25092 CCodec                  com.rpeters.jellyfin                 I  [c2.android.opus.decoder] state->set(RUNNING)
2026-01-21 18:10:39.893 24430-25092 CCodecBufferChannel     com.rpeters.jellyfin                 I  [c2.android.opus.decoder#504] 4 initial input buffers available
2026-01-21 18:10:39.894 24430-25092 peters.jellyfin         com.rpeters.jellyfin                 W  AIBinder_linkToDeath is being called with a non-null cookie and no onUnlink callback set. This might not be intended. AIBinder_DeathRecipient_setOnUnlinked should be called first.
2026-01-21 18:10:39.895 24430-25054 LoudnessCodecController com.rpeters.jellyfin                 W  MediaCodec mime type not supported for loudness annotation
2026-01-21 18:10:39.895 24430-25054 LoudnessCodecController com.rpeters.jellyfin                 V  Could not extract codec loudness information
2026-01-21 18:10:39.896 24430-25054 FfmpegLibrary           com.rpeters.jellyfin                 W  No opus decoder available. Check the FFmpeg build configuration.
2026-01-21 18:10:39.897 24430-24430 View                    com.rpeters.jellyfin                 I  setRequestedFrameRate frameRate=NaN, this=androidx.compose.ui.platform.AndroidComposeView{fe097ae VFED..... ........ 0,0-3120,1440 aid=1073741824}, caller=android.view.ViewGroup.setRequestedFrameRate:10045 androidx.compose.ui.platform.Api35Impl.setRequestedFrameRate:3822 androidx.compose.ui.platform.AndroidComposeView.dispatchDraw:2114 android.view.View.draw:26758 android.view.View.updateDisplayListIfDirty:25577 
2026-01-21 18:10:39.897 24430-24430 View                    com.rpeters.jellyfin                 I  setRequestedFrameRate frameRate=NaN, this=android.view.View{96a9bce V.ED..... ........ 0,0-0,0}, caller=androidx.compose.ui.platform.Api35Impl.setRequestedFrameRate:3822 androidx.compose.ui.platform.AndroidComposeView.dispatchDraw:2115 android.view.View.draw:26758 android.view.View.updateDisplayListIfDirty:25577 android.view.ViewGroup.recreateChildDisplayList:4881 
2026-01-21 18:10:39.899 24430-25078 CCodecConfig            com.rpeters.jellyfin                 D  c2 config diff is   c2::u32 output.delay.value = 13
2026-01-21 18:10:39.899 24430-25078 CCodecBufferChannel     com.rpeters.jellyfin                 I  [c2.qti.hevc.decoder#0] updating max output delay 20
2026-01-21 18:10:39.899 24430-25078 GraphicsTracker         com.rpeters.jellyfin                 D  maxDequeueCount committed to IGBP: 20
2026-01-21 18:10:39.899 24430-25078 GraphicsTracker         com.rpeters.jellyfin                 D  Cache size 4 -> 4: maybe_cleared(0), dequeued(4)
2026-01-21 18:10:39.899 24430-25078 GraphicsTracker         com.rpeters.jellyfin                 D  maxDqueueCount change 19 -> 20: pending: 0
2026-01-21 18:10:39.902 24430-25078 CCodecConfig            com.rpeters.jellyfin                 D  c2 config diff is   c2::u32 raw.color.matrix = 1
                                                                                                      c2::u32 raw.color.primaries = 1
                                                                                                      c2::u32 raw.color.range = 2
                                                                                                      c2::u32 raw.color.transfer = 3
                                                                                                      c2::u32 raw.crop.height = 234
                                                                                                      c2::u32 raw.crop.left = 0
                                                                                                      c2::u32 raw.crop.top = 0
                                                                                                      c2::u32 raw.crop.width = 416
                                                                                                      c2::u32 raw.data-space.value = 281083904
                                                                                                      c2::u32 raw.size.height = 240
2026-01-21 18:10:39.902 24430-25078 CCodecBuffers           com.rpeters.jellyfin                 D  [c2.qti.hevc.decoder#0:2D-Output] popFromStashAndRegister: at 1000000000000us, output format changed to AMessage(what = 0x00000000) = {
                                                                                                      int32_t android._color-format = 0
                                                                                                      int32_t android._video-scaling = 1
                                                                                                      int32_t android._dataspace = 281083904
                                                                                                      int32_t color-standard = 1
                                                                                                      int32_t color-range = 2
                                                                                                      int32_t color-transfer = 3
                                                                                                      int32_t sar-height = 1
                                                                                                      int32_t rotation-degrees = 0
                                                                                                      Buffer hdr-static-info = {
                                                                                                        00000000:  00 00 00 00 00 00 00 00  00 00 00 00 00 00 00 00  ................
                                                                                                        00000010:  00 00 00 00 00 00 00 00  00                       .........
                                                                                                      }
                                                                                                      int32_t sar-width = 1
                                                                                                      Rect crop(0, 0, 415, 233)
                                                                                                      int32_t width = 416
                                                                                                      int32_t feature-secure-playback = 0
                                                                                                      int32_t frame-rate = 1
                                                                                                      Buffer hdr10-plus-info = {
                                                                                                      }
                                                                                                      int32_t height = 240
                                                                                                      int32_t max-height = 234
                                                                                                      int32_t max-width = 416
                                                                                                      string mime = "video/raw"
                                                                                                      int32_t priority = 0
                                                                                                      int32_t color-format = 2130708361
                                                                                                      int32_t p-extraBC = 6
                                                                                                    }
2026-01-21 18:10:39.906 24430-24430 View                    com.rpeters.jellyfin                 I  setRequestedFrameRate frameRate=NaN, this=androidx.compose.ui.platform.AndroidComposeView{fe097ae VFED..... ........ 0,0-3120,1440 aid=1073741824}, caller=android.view.ViewGroup.setRequestedFrameRate:10045 androidx.compose.ui.platform.Api35Impl.setRequestedFrameRate:3822 androidx.compose.ui.platform.AndroidComposeView.dispatchDraw:2114 android.view.View.draw:26758 android.view.View.updateDisplayListIfDirty:25577 
2026-01-21 18:10:39.906 24430-24430 View                    com.rpeters.jellyfin                 I  setRequestedFrameRate frameRate=NaN, this=android.view.View{96a9bce V.ED..... ........ 0,0-0,0}, caller=androidx.compose.ui.platform.Api35Impl.setRequestedFrameRate:3822 androidx.compose.ui.platform.AndroidComposeView.dispatchDraw:2115 android.view.View.draw:26758 android.view.View.updateDisplayListIfDirty:25577 android.view.ViewGroup.recreateChildDisplayList:4881 
2026-01-21 18:10:39.907 24430-25077 BLASTBufferQueue        com.rpeters.jellyfin                 I  [b8a0c3d SurfaceView[com.rpeters.jellyfin/com.rpeters.jellyfin.ui.player.VideoPlayerActivity]@0#6](f:0,a:0,s:0) onFrameAvailable the first frame is available
2026-01-21 18:10:39.907 24430-25077 SurfaceComposerClient   com.rpeters.jellyfin                 I  apply transaction with the first frame. layerId: 53296, bufferData(ID: 104926051042976, frameNumber: 1)
2026-01-21 18:10:39.907 24430-25077 MediaCodec              com.rpeters.jellyfin                 I  setCodecState state(1), called in 6, domain 1, 1
2026-01-21 18:10:39.916 24430-24430 SurfaceView             com.rpeters.jellyfin                 I  193596477 Changes: creating=false format=false size=true visible=false alpha=false hint=false left=true top=false z=false attached=true lifecycleStrategy=false
2026-01-21 18:10:39.916 24430-24430 SurfaceView             com.rpeters.jellyfin                 I  193596477 Cur surface: Surface(name=null mNativeObject=-5476376652091478784)/@0x5c44c3
2026-01-21 18:10:39.916 24430-24430 BLASTBufferQueue_Java   com.rpeters.jellyfin                 I  update, w= 2560 h= 1440 mName = b8a0c3d SurfaceView[com.rpeters.jellyfin/com.rpeters.jellyfin.ui.player.VideoPlayerActivity]@0 mNativeObject= 0xb4000073e3d20a50 sc.mNativeObject= 0xb400007273d30010 format= 4 caller= android.view.SurfaceView.setBufferSize:1800 android.view.SurfaceView.performSurfaceTransaction:1295 android.view.SurfaceView.updateSurface:1550 android.view.SurfaceView.setFrame:746 android.view.View.layout:27355 android.widget.FrameLayout.layoutChildren:345 
2026-01-21 18:10:39.916 24430-24430 SV[1935964...rActivity] com.rpeters.jellyfin                 I  pST: sr = Rect(280, 0 - 2840, 1440) sw = 2560 sh = 1440
2026-01-21 18:10:39.917 24430-24430 SurfaceView             com.rpeters.jellyfin                 D  193596477 performSurfaceTransaction RenderWorker position = [280, 0, 2840, 1440] surfaceSize = 2560x1440
2026-01-21 18:10:39.917 24430-24430 SV[1935964...rActivity] com.rpeters.jellyfin                 I  updateSurface: mVisible = true mSurface.isValid() = true
2026-01-21 18:10:39.917 24430-24430 SV[1935964...rActivity] com.rpeters.jellyfin                 I  updateSurface: mSurfaceCreated = true surfaceChanged = false visibleChanged = false
2026-01-21 18:10:39.917 24430-24430 SurfaceView             com.rpeters.jellyfin                 I  193596477 surfaceChanged -- format=4 w=2560 h=1440
2026-01-21 18:10:39.917 24430-24430 SV[1935964...rActivity] com.rpeters.jellyfin                 I  surfaceChanged (2560,1440) 1 #5 android.view.SurfaceView{b8a0c3d V.E...... ......ID 0,0-2560,1440}
2026-01-21 18:10:39.917 24430-24430 SurfaceView             com.rpeters.jellyfin                 I  193596477 surfaceRedrawNeeded
2026-01-21 18:10:39.917 24430-24430 SurfaceView             com.rpeters.jellyfin                 I  193596477 finishedDrawing
2026-01-21 18:10:39.917 24430-24430 SurfaceView             com.rpeters.jellyfin                 V  Layout: x=280 y=0 w=2560 h=1440, frame=Rect(0, 0 - 2560, 1440)
2026-01-21 18:10:39.917 24430-24430 View                    com.rpeters.jellyfin                 I  setRequestedFrameRate frameRate=NaN, this=androidx.compose.ui.platform.AndroidComposeView{fe097ae VFED..... ........ 0,0-3120,1440 aid=1073741824}, caller=android.view.ViewGroup.setRequestedFrameRate:10045 androidx.compose.ui.platform.Api35Impl.setRequestedFrameRate:3822 androidx.compose.ui.platform.AndroidComposeView.dispatchDraw:2114 android.view.View.draw:26758 android.view.View.updateDisplayListIfDirty:25577 
2026-01-21 18:10:39.918 24430-24430 View                    com.rpeters.jellyfin                 I  setRequestedFrameRate frameRate=NaN, this=android.view.View{96a9bce V.ED..... ........ 0,0-0,0}, caller=androidx.compose.ui.platform.Api35Impl.setRequestedFrameRate:3822 androidx.compose.ui.platform.AndroidComposeView.dispatchDraw:2115 android.view.View.draw:26758 android.view.View.updateDisplayListIfDirty:25577 android.view.ViewGroup.recreateChildDisplayList:4881 
2026-01-21 18:10:39.918 24430-24472 SurfaceView             com.rpeters.jellyfin                 D  193596477 updateSurfacePosition RenderWorker, frameNr = 279, position = [280, 0, 2840, 1440] surfaceSize = 2560x1440
2026-01-21 18:10:39.918 24430-24472 SV[1935964...rActivity] com.rpeters.jellyfin                 I  uSP: rtp = Rect(280, 0 - 2840, 1440) rtsw = 2560 rtsh = 1440
2026-01-21 18:10:39.918 24430-24472 SV[1935964...rActivity] com.rpeters.jellyfin                 I  onSSPAndSRT: pl = 280 pt = 0 sx = 1.0 sy = 1.0
2026-01-21 18:10:39.918 24430-24472 SV[1935964...rActivity] com.rpeters.jellyfin                 I  aOrMT: VRI[VideoPlayerActivity]@71cfd75 t = android.view.SurfaceControl$Transaction@695e1d8 fN = 279 android.view.SurfaceView.-$$Nest$mapplyOrMergeTransaction:0 android.view.SurfaceView$SurfaceViewPositionUpdateListener.positionChanged:2029 android.graphics.RenderNode$CompositePositionUpdateListener.positionChanged:401 
2026-01-21 18:10:39.918 24430-24472 VRI[VideoP...y]@71cfd75 com.rpeters.jellyfin                 I  mWNT: t=0xb400007313d32a20 mBlastBufferQueue=0xb4000073e3d1c210 fn= 279 HdrRenderState mRenderHdrSdrRatio=1.0 caller= android.view.SurfaceView.applyOrMergeTransaction:1960 android.view.SurfaceView.-$$Nest$mapplyOrMergeTransaction:0 android.view.SurfaceView$SurfaceViewPositionUpdateListener.positionChanged:2029 
2026-01-21 18:10:39.918 24430-24430 VRI[VideoP...y]@71cfd75 com.rpeters.jellyfin                 I  mWNT: t=0xb400007313d80d30 mBlastBufferQueue=0xb4000073e3d1c210 fn= 0 HdrRenderState mRenderHdrSdrRatio=1.0 caller= android.view.ViewRootImpl.performTraversals:5617 android.view.ViewRootImpl.doTraversal:3959 android.view.ViewRootImpl$TraversalRunnable.run:13030 
2026-01-21 18:10:39.922 24430-24430 View                    com.rpeters.jellyfin                 I  setRequestedFrameRate frameRate=NaN, this=androidx.compose.ui.platform.AndroidComposeView{fe097ae VFED..... ........ 0,0-3120,1440 aid=1073741824}, caller=android.view.ViewGroup.setRequestedFrameRate:10045 androidx.compose.ui.platform.Api35Impl.setRequestedFrameRate:3822 androidx.compose.ui.platform.AndroidComposeView.dispatchDraw:2114 android.view.View.draw:26758 android.view.View.updateDisplayListIfDirty:25577 
2026-01-21 18:10:39.922 24430-24430 View                    com.rpeters.jellyfin                 I  setRequestedFrameRate frameRate=NaN, this=android.view.View{96a9bce V.ED..... ........ 0,0-0,0}, caller=androidx.compose.ui.platform.Api35Impl.setRequestedFrameRate:3822 androidx.compose.ui.platform.AndroidComposeView.dispatchDraw:2115 android.view.View.draw:26758 android.view.View.updateDisplayListIfDirty:25577 android.view.ViewGroup.recreateChildDisplayList:4881 
2026-01-21 18:10:39.930 24430-24430 View                    com.rpeters.jellyfin                 I  setRequestedFrameRate frameRate=NaN, this=androidx.compose.ui.platform.AndroidComposeView{fe097ae VFED..... ........ 0,0-3120,1440 aid=1073741824}, caller=android.view.ViewGroup.setRequestedFrameRate:10045 androidx.compose.ui.platform.Api35Impl.setRequestedFrameRate:3822 androidx.compose.ui.platform.AndroidComposeView.dispatchDraw:2114 android.view.View.draw:26758 android.view.View.updateDisplayListIfDirty:25577 
2026-01-21 18:10:39.930 24430-24430 View                    com.rpeters.jellyfin                 I  setRequestedFrameRate frameRate=NaN, this=android.view.View{96a9bce V.ED..... ........ 0,0-0,0}, caller=androidx.compose.ui.platform.Api35Impl.setRequestedFrameRate:3822 androidx.compose.ui.platform.AndroidComposeView.dispatchDraw:2115 android.view.View.draw:26758 android.view.View.updateDisplayListIfDirty:25577 android.view.ViewGroup.recreateChildDisplayList:4881 
2026-01-21 18:10:39.939 24430-24430 View                    com.rpeters.jellyfin                 I  setRequestedFrameRate frameRate=NaN, this=androidx.compose.ui.platform.AndroidComposeView{fe097ae VFED..... ........ 0,0-3120,1440 aid=1073741824}, caller=android.view.ViewGroup.setRequestedFrameRate:10045 androidx.compose.ui.platform.Api35Impl.setRequestedFrameRate:3822 androidx.compose.ui.platform.AndroidComposeView.dispatchDraw:2114 android.view.View.draw:26758 android.view.View.updateDisplayListIfDirty:25577 
2026-01-21 18:10:39.939 24430-24430 View                    com.rpeters.jellyfin                 I  setRequestedFrameRate frameRate=NaN, this=android.view.View{96a9bce V.ED..... ........ 0,0-0,0}, caller=androidx.compose.ui.platform.Api35Impl.setRequestedFrameRate:3822 androidx.compose.ui.platform.AndroidComposeView.dispatchDraw:2115 android.view.View.draw:26758 android.view.View.updateDisplayListIfDirty:25577 android.view.ViewGroup.recreateChildDisplayList:4881 
2026-01-21 18:10:39.947 24430-24430 View                    com.rpeters.jellyfin                 I  setRequestedFrameRate frameRate=NaN, this=androidx.compose.ui.platform.AndroidComposeView{fe097ae VFED..... ........ 0,0-3120,1440 aid=1073741824}, caller=android.view.ViewGroup.setRequestedFrameRate:10045 androidx.compose.ui.platform.Api35Impl.setRequestedFrameRate:3822 androidx.compose.ui.platform.AndroidComposeView.dispatchDraw:2114 android.view.View.draw:26758 android.view.View.updateDisplayListIfDirty:25577 
2026-01-21 18:10:39.947 24430-24430 View                    com.rpeters.jellyfin                 I  setRequestedFrameRate frameRate=NaN, this=android.view.View{96a9bce V.ED..... ........ 0,0-0,0}, caller=androidx.compose.ui.platform.Api35Impl.setRequestedFrameRate:3822 androidx.compose.ui.platform.AndroidComposeView.dispatchDraw:2115 android.view.View.draw:26758 android.view.View.updateDisplayListIfDirty:25577 android.view.ViewGroup.recreateChildDisplayList:4881 
2026-01-21 18:10:39.955 24430-24430 View                    com.rpeters.jellyfin                 I  setRequestedFrameRate frameRate=NaN, this=androidx.compose.ui.platform.AndroidComposeView{fe097ae VFED..... ........ 0,0-3120,1440 aid=1073741824}, caller=android.view.ViewGroup.setRequestedFrameRate:10045 androidx.compose.ui.platform.Api35Impl.setRequestedFrameRate:3822 androidx.compose.ui.platform.AndroidComposeView.dispatchDraw:2114 android.view.View.draw:26758 android.view.View.updateDisplayListIfDirty:25577 
2026-01-21 18:10:39.955 24430-24430 View                    com.rpeters.jellyfin                 I  setRequestedFrameRate frameRate=NaN, this=android.view.View{96a9bce V.ED..... ........ 0,0-0,0}, caller=androidx.compose.ui.platform.Api35Impl.setRequestedFrameRate:3822 androidx.compose.ui.platform.AndroidComposeView.dispatchDraw:2115 android.view.View.draw:26758 android.view.View.updateDisplayListIfDirty:25577 android.view.ViewGroup.recreateChildDisplayList:4881 
2026-01-21 18:10:39.963 24430-24430 View                    com.rpeters.jellyfin                 I  setRequestedFrameRate frameRate=NaN, this=androidx.compose.ui.platform.AndroidComposeView{fe097ae VFED..... ........ 0,0-3120,1440 aid=1073741824}, caller=android.view.ViewGroup.setRequestedFrameRate:10045 androidx.compose.ui.platform.Api35Impl.setRequestedFrameRate:3822 androidx.compose.ui.platform.AndroidComposeView.dispatchDraw:2114 android.view.View.draw:26758 android.view.View.updateDisplayListIfDirty:25577 
2026-01-21 18:10:39.964 24430-24430 View                    com.rpeters.jellyfin                 I  setRequestedFrameRate frameRate=NaN, this=android.view.View{96a9bce V.ED..... ........ 0,0-0,0}, caller=androidx.compose.ui.platform.Api35Impl.setRequestedFrameRate:3822 androidx.compose.ui.platform.AndroidComposeView.dispatchDraw:2115 android.view.View.draw:26758 android.view.View.updateDisplayListIfDirty:25577 android.view.ViewGroup.recreateChildDisplayList:4881 
2026-01-21 18:10:39.972 24430-24430 View                    com.rpeters.jellyfin                 I  setRequestedFrameRate frameRate=NaN, this=androidx.compose.ui.platform.AndroidComposeView{fe097ae VFED..... ........ 0,0-3120,1440 aid=1073741824}, caller=android.view.ViewGroup.setRequestedFrameRate:10045 androidx.compose.ui.platform.Api35Impl.setRequestedFrameRate:3822 androidx.compose.ui.platform.AndroidComposeView.dispatchDraw:2114 android.view.View.draw:26758 android.view.View.updateDisplayListIfDirty:25577 
2026-01-21 18:10:39.972 24430-24430 View                    com.rpeters.jellyfin                 I  setRequestedFrameRate frameRate=NaN, this=android.view.View{96a9bce V.ED..... ........ 0,0-0,0}, caller=androidx.compose.ui.platform.Api35Impl.setRequestedFrameRate:3822 androidx.compose.ui.platform.AndroidComposeView.dispatchDraw:2115 android.view.View.draw:26758 android.view.View.updateDisplayListIfDirty:25577 android.view.ViewGroup.recreateChildDisplayList:4881 
2026-01-21 18:10:39.980 24430-24430 View                    com.rpeters.jellyfin                 I  setRequestedFrameRate frameRate=NaN, this=androidx.compose.ui.platform.AndroidComposeView{fe097ae VFED..... ........ 0,0-3120,1440 aid=1073741824}, caller=android.view.ViewGroup.setRequestedFrameRate:10045 androidx.compose.ui.platform.Api35Impl.setRequestedFrameRate:3822 androidx.compose.ui.platform.AndroidComposeView.dispatchDraw:2114 android.view.View.draw:26758 android.view.View.updateDisplayListIfDirty:25577 
2026-01-21 18:10:39.980 24430-24430 View                    com.rpeters.jellyfin                 I  setRequestedFrameRate frameRate=NaN, this=android.view.View{96a9bce V.ED..... ........ 0,0-0,0}, caller=androidx.compose.ui.platform.Api35Impl.setRequestedFrameRate:3822 androidx.compose.ui.platform.AndroidComposeView.dispatchDraw:2115 android.view.View.draw:26758 android.view.View.updateDisplayListIfDirty:25577 android.view.ViewGroup.recreateChildDisplayList:4881 
2026-01-21 18:10:39.988 24430-24430 View                    com.rpeters.jellyfin                 I  setRequestedFrameRate frameRate=NaN, this=androidx.compose.ui.platform.AndroidComposeView{fe097ae VFED..... ........ 0,0-3120,1440 aid=1073741824}, caller=android.view.ViewGroup.setRequestedFrameRate:10045 androidx.compose.ui.platform.Api35Impl.setRequestedFrameRate:3822 androidx.compose.ui.platform.AndroidComposeView.dispatchDraw:2114 android.view.View.draw:26758 android.view.View.updateDisplayListIfDirty:25577 
2026-01-21 18:10:39.988 24430-24430 View                    com.rpeters.jellyfin                 I  setRequestedFrameRate frameRate=NaN, this=android.view.View{96a9bce V.ED..... ........ 0,0-0,0}, caller=androidx.compose.ui.platform.Api35Impl.setRequestedFrameRate:3822 androidx.compose.ui.platform.AndroidComposeView.dispatchDraw:2115 android.view.View.draw:26758 android.view.View.updateDisplayListIfDirty:25577 android.view.ViewGroup.recreateChildDisplayList:4881 
2026-01-21 18:10:39.997 24430-24430 View                    com.rpeters.jellyfin                 I  setRequestedFrameRate frameRate=NaN, this=androidx.compose.ui.platform.AndroidComposeView{fe097ae VFED..... ........ 0,0-3120,1440 aid=1073741824}, caller=android.view.ViewGroup.setRequestedFrameRate:10045 androidx.compose.ui.platform.Api35Impl.setRequestedFrameRate:3822 androidx.compose.ui.platform.AndroidComposeView.dispatchDraw:2114 android.view.View.draw:26758 android.view.View.updateDisplayListIfDirty:25577 
2026-01-21 18:10:39.997 24430-24430 View                    com.rpeters.jellyfin                 I  setRequestedFrameRate frameRate=NaN, this=android.view.View{96a9bce V.ED..... ........ 0,0-0,0}, caller=androidx.compose.ui.platform.Api35Impl.setRequestedFrameRate:3822 androidx.compose.ui.platform.AndroidComposeView.dispatchDraw:2115 android.view.View.draw:26758 android.view.View.updateDisplayListIfDirty:25577 android.view.ViewGroup.recreateChildDisplayList:4881 
2026-01-21 18:10:40.005 24430-24430 View                    com.rpeters.jellyfin                 I  setRequestedFrameRate frameRate=NaN, this=androidx.compose.ui.platform.AndroidComposeView{fe097ae VFED..... ........ 0,0-3120,1440 aid=1073741824}, caller=android.view.ViewGroup.setRequestedFrameRate:10045 androidx.compose.ui.platform.Api35Impl.setRequestedFrameRate:3822 androidx.compose.ui.platform.AndroidComposeView.dispatchDraw:2114 android.view.View.draw:26758 android.view.View.updateDisplayListIfDirty:25577 
2026-01-21 18:10:40.005 24430-24430 View                    com.rpeters.jellyfin                 I  setRequestedFrameRate frameRate=NaN, this=android.view.View{96a9bce V.ED..... ........ 0,0-0,0}, caller=androidx.compose.ui.platform.Api35Impl.setRequestedFrameRate:3822 androidx.compose.ui.platform.AndroidComposeView.dispatchDraw:2115 android.view.View.draw:26758 android.view.View.updateDisplayListIfDirty:25577 android.view.ViewGroup.recreateChildDisplayList:4881 
2026-01-21 18:10:40.015 24430-24430 View                    com.rpeters.jellyfin                 I  setRequestedFrameRate frameRate=NaN, this=androidx.compose.ui.platform.AndroidComposeView{fe097ae VFED..... ........ 0,0-3120,1440 aid=1073741824}, caller=android.view.ViewGroup.setRequestedFrameRate:10045 androidx.compose.ui.platform.Api35Impl.setRequestedFrameRate:3822 androidx.compose.ui.platform.AndroidComposeView.dispatchDraw:2114 android.view.View.draw:26758 android.view.View.updateDisplayListIfDirty:25577 
2026-01-21 18:10:40.015 24430-24430 View                    com.rpeters.jellyfin                 I  setRequestedFrameRate frameRate=NaN, this=android.view.View{96a9bce V.ED..... ........ 0,0-0,0}, caller=androidx.compose.ui.platform.Api35Impl.setRequestedFrameRate:3822 androidx.compose.ui.platform.AndroidComposeView.dispatchDraw:2115 android.view.View.draw:26758 android.view.View.updateDisplayListIfDirty:25577 android.view.ViewGroup.recreateChildDisplayList:4881 
2026-01-21 18:10:40.023 24430-24430 View                    com.rpeters.jellyfin                 I  setRequestedFrameRate frameRate=NaN, this=androidx.compose.ui.platform.AndroidComposeView{fe097ae VFED..... ........ 0,0-3120,1440 aid=1073741824}, caller=android.view.ViewGroup.setRequestedFrameRate:10045 androidx.compose.ui.platform.Api35Impl.setRequestedFrameRate:3822 androidx.compose.ui.platform.AndroidComposeView.dispatchDraw:2114 android.view.View.draw:26758 android.view.View.updateDisplayListIfDirty:25577 
2026-01-21 18:10:40.023 24430-24430 View                    com.rpeters.jellyfin                 I  setRequestedFrameRate frameRate=NaN, this=android.view.View{96a9bce V.ED..... ........ 0,0-0,0}, caller=androidx.compose.ui.platform.Api35Impl.setRequestedFrameRate:3822 androidx.compose.ui.platform.AndroidComposeView.dispatchDraw:2115 android.view.View.draw:26758 android.view.View.updateDisplayListIfDirty:25577 android.view.ViewGroup.recreateChildDisplayList:4881 
2026-01-21 18:10:40.032 24430-24430 View                    com.rpeters.jellyfin                 I  setRequestedFrameRate frameRate=NaN, this=androidx.compose.ui.platform.AndroidComposeView{fe097ae VFED..... ........ 0,0-3120,1440 aid=1073741824}, caller=android.view.ViewGroup.setRequestedFrameRate:10045 androidx.compose.ui.platform.Api35Impl.setRequestedFrameRate:3822 androidx.compose.ui.platform.AndroidComposeView.dispatchDraw:2114 android.view.View.draw:26758 android.view.View.updateDisplayListIfDirty:25577 
2026-01-21 18:10:40.032 24430-24430 View                    com.rpeters.jellyfin                 I  setRequestedFrameRate frameRate=NaN, this=android.view.View{96a9bce V.ED..... ........ 0,0-0,0}, caller=androidx.compose.ui.platform.Api35Impl.setRequestedFrameRate:3822 androidx.compose.ui.platform.AndroidComposeView.dispatchDraw:2115 android.view.View.draw:26758 android.view.View.updateDisplayListIfDirty:25577 android.view.ViewGroup.recreateChildDisplayList:4881 
2026-01-21 18:10:40.040 24430-24430 View                    com.rpeters.jellyfin                 I  setRequestedFrameRate frameRate=NaN, this=androidx.compose.ui.platform.AndroidComposeView{fe097ae VFED..... ........ 0,0-3120,1440 aid=1073741824}, caller=android.view.ViewGroup.setRequestedFrameRate:10045 androidx.compose.ui.platform.Api35Impl.setRequestedFrameRate:3822 androidx.compose.ui.platform.AndroidComposeView.dispatchDraw:2114 android.view.View.draw:26758 android.view.View.updateDisplayListIfDirty:25577 
2026-01-21 18:10:40.040 24430-24430 View                    com.rpeters.jellyfin                 I  setRequestedFrameRate frameRate=NaN, this=android.view.View{96a9bce V.ED..... ........ 0,0-0,0}, caller=androidx.compose.ui.platform.Api35Impl.setRequestedFrameRate:3822 androidx.compose.ui.platform.AndroidComposeView.dispatchDraw:2115 android.view.View.draw:26758 android.view.View.updateDisplayListIfDirty:25577 android.view.ViewGroup.recreateChildDisplayList:4881 
2026-01-21 18:10:40.048 24430-24430 View                    com.rpeters.jellyfin                 I  setRequestedFrameRate frameRate=NaN, this=androidx.compose.ui.platform.AndroidComposeView{fe097ae VFED..... ........ 0,0-3120,1440 aid=1073741824}, caller=android.view.ViewGroup.setRequestedFrameRate:10045 androidx.compose.ui.platform.Api35Impl.setRequestedFrameRate:3822 androidx.compose.ui.platform.AndroidComposeView.dispatchDraw:2114 android.view.View.draw:26758 android.view.View.updateDisplayListIfDirty:25577 
2026-01-21 18:10:40.048 24430-24430 View                    com.rpeters.jellyfin                 I  setRequestedFrameRate frameRate=NaN, this=android.view.View{96a9bce V.ED..... ........ 0,0-0,0}, caller=androidx.compose.ui.platform.Api35Impl.setRequestedFrameRate:3822 androidx.compose.ui.platform.AndroidComposeView.dispatchDraw:2115 android.view.View.draw:26758 android.view.View.updateDisplayListIfDirty:25577 android.view.ViewGroup.recreateChildDisplayList:4881 
2026-01-21 18:10:40.057 24430-24430 View                    com.rpeters.jellyfin                 I  setRequestedFrameRate frameRate=NaN, this=androidx.compose.ui.platform.AndroidComposeView{fe097ae VFED..... ........ 0,0-3120,1440 aid=1073741824}, caller=android.view.ViewGroup.setRequestedFrameRate:10045 androidx.compose.ui.platform.Api35Impl.setRequestedFrameRate:3822 androidx.compose.ui.platform.AndroidComposeView.dispatchDraw:2114 android.view.View.draw:26758 android.view.View.updateDisplayListIfDirty:25577 
2026-01-21 18:10:40.057 24430-24430 View                    com.rpeters.jellyfin                 I  setRequestedFrameRate frameRate=NaN, this=android.view.View{96a9bce V.ED..... ........ 0,0-0,0}, caller=androidx.compose.ui.platform.Api35Impl.setRequestedFrameRate:3822 androidx.compose.ui.platform.AndroidComposeView.dispatchDraw:2115 android.view.View.draw:26758 android.view.View.updateDisplayListIfDirty:25577 android.view.ViewGroup.recreateChildDisplayList:4881 
2026-01-21 18:10:40.065 24430-24430 View                    com.rpeters.jellyfin                 I  setRequestedFrameRate frameRate=NaN, this=androidx.compose.ui.platform.AndroidComposeView{fe097ae VFED..... ........ 0,0-3120,1440 aid=1073741824}, caller=android.view.ViewGroup.setRequestedFrameRate:10045 androidx.compose.ui.platform.Api35Impl.setRequestedFrameRate:3822 androidx.compose.ui.platform.AndroidComposeView.dispatchDraw:2114 android.view.View.draw:26758 android.view.View.updateDisplayListIfDirty:25577 
2026-01-21 18:10:40.065 24430-24430 View                    com.rpeters.jellyfin                 I  setRequestedFrameRate frameRate=NaN, this=android.view.View{96a9bce V.ED..... ........ 0,0-0,0}, caller=androidx.compose.ui.platform.Api35Impl.setRequestedFrameRate:3822 androidx.compose.ui.platform.AndroidComposeView.dispatchDraw:2115 android.view.View.draw:26758 android.view.View.updateDisplayListIfDirty:25577 android.view.ViewGroup.recreateChildDisplayList:4881 
2026-01-21 18:10:40.065 24430-25054 AudioTrack              com.rpeters.jellyfin                 D  setVolume(1.000000, 1.000000) pid : 24430
2026-01-21 18:10:40.072 24430-24430 View                    com.rpeters.jellyfin                 I  setRequestedFrameRate frameRate=NaN, this=androidx.compose.ui.platform.AndroidComposeView{fe097ae VFED..... ........ 0,0-3120,1440 aid=1073741824}, caller=android.view.ViewGroup.setRequestedFrameRate:10045 androidx.compose.ui.platform.Api35Impl.setRequestedFrameRate:3822 androidx.compose.ui.platform.AndroidComposeView.dispatchDraw:2114 android.view.View.draw:26758 android.view.View.updateDisplayListIfDirty:25577 
2026-01-21 18:10:40.072 24430-24430 View                    com.rpeters.jellyfin                 I  setRequestedFrameRate frameRate=NaN, this=android.view.View{96a9bce V.ED..... ........ 0,0-0,0}, caller=androidx.compose.ui.platform.Api35Impl.setRequestedFrameRate:3822 androidx.compose.ui.platform.AndroidComposeView.dispatchDraw:2115 android.view.View.draw:26758 android.view.View.updateDisplayListIfDirty:25577 android.view.ViewGroup.recreateChildDisplayList:4881 
2026-01-21 18:10:40.075  2941-7167  AppOps                  system_server                        E  attributionTag  not declared in manifest of com.rpeters.jellyfin
2026-01-21 18:10:40.076  2941-7142  AppOps                  system_server                        E  attributionTag  not declared in manifest of com.rpeters.jellyfin
2026-01-21 18:10:40.089 24430-24430 SV[1935964...rActivity] com.rpeters.jellyfin                 D  skip updating surface, 5
2026-01-21 18:10:40.092 24430-24430 View                    com.rpeters.jellyfin                 I  setRequestedFrameRate frameRate=NaN, this=androidx.compose.ui.platform.AndroidComposeView{fe097ae VFED..... ......ID 0,0-3120,1440 aid=1073741824}, caller=android.view.ViewGroup.setRequestedFrameRate:10045 androidx.compose.ui.platform.Api35Impl.setRequestedFrameRate:3822 androidx.compose.ui.platform.AndroidComposeView.dispatchDraw:2114 android.view.View.draw:26758 android.view.View.updateDisplayListIfDirty:25577 
