2026-01-31 17:42:52.787 23811-23811 VRI[MainAc...y]@675d6a7 com.rpeters.jellyfin                 I  registerCallbackForPendingTransactions
2026-01-31 17:42:52.791 23811-23881 VRI[MainAc...y]@675d6a7 com.rpeters.jellyfin                 I  mWNT: t=0xb400007313d47720 mBlastBufferQueue=0xb4000073e3d54930 fn= 23 HdrRenderState mRenderHdrSdrRatio=1.0 caller= android.view.SyncRtSurfaceTransactionApplier.applyTransaction:102 android.view.SyncRtSurfaceTransactionApplier.lambda$scheduleApply$0:75 android.view.SyncRtSurfaceTransactionApplier.$r8$lambda$afI4fXg3U3-nBZQEDQMiNy-B06s:0
2026-01-31 17:42:52.791 23811-23881 VRI[MainAc...y]@675d6a7 com.rpeters.jellyfin                 I  mWNT: t=0xb400007313d4b0f0 mBlastBufferQueue=0xb4000073e3d54930 fn= 23 HdrRenderState mRenderHdrSdrRatio=1.0 caller= android.view.ViewRootImpl$10.onFrameDraw:6611 android.view.ViewRootImpl$4.onFrameDraw:2485 android.view.ThreadedRenderer$1.onFrameDraw:751
2026-01-31 17:42:52.813 23811-23882 VRI[MainAc...y]@675d6a7 com.rpeters.jellyfin                 I  mWNT: t=0xb400007313d48750 mBlastBufferQueue=0xb4000073e3d54930 fn= 24 HdrRenderState mRenderHdrSdrRatio=1.0 caller= android.view.SyncRtSurfaceTransactionApplier.applyTransaction:102 android.view.SyncRtSurfaceTransactionApplier.lambda$scheduleApply$0:75 android.view.SyncRtSurfaceTransactionApplier.$r8$lambda$afI4fXg3U3-nBZQEDQMiNy-B06s:0
2026-01-31 17:42:52.829 23811-23881 VRI[MainAc...y]@675d6a7 com.rpeters.jellyfin                 I  mWNT: t=0xb400007313d482b0 mBlastBufferQueue=0xb4000073e3d54930 fn= 25 HdrRenderState mRenderHdrSdrRatio=1.0 caller= android.view.SyncRtSurfaceTransactionApplier.applyTransaction:102 android.view.SyncRtSurfaceTransactionApplier.lambda$scheduleApply$0:75 android.view.SyncRtSurfaceTransactionApplier.$r8$lambda$afI4fXg3U3-nBZQEDQMiNy-B06s:0
2026-01-31 17:42:52.856 23811-23882 VRI[MainAc...y]@675d6a7 com.rpeters.jellyfin                 I  mWNT: t=0xb400007313d4fd40 mBlastBufferQueue=0xb4000073e3d54930 fn= 26 HdrRenderState mRenderHdrSdrRatio=1.0 caller= android.view.SyncRtSurfaceTransactionApplier.applyTransaction:102 android.view.SyncRtSurfaceTransactionApplier.lambda$scheduleApply$0:75 android.view.SyncRtSurfaceTransactionApplier.$r8$lambda$afI4fXg3U3-nBZQEDQMiNy-B06s:0
2026-01-31 17:42:52.870 23811-23881 VRI[MainAc...y]@675d6a7 com.rpeters.jellyfin                 I  mWNT: t=0xb400007313d534c0 mBlastBufferQueue=0xb4000073e3d54930 fn= 27 HdrRenderState mRenderHdrSdrRatio=1.0 caller= android.view.SyncRtSurfaceTransactionApplier.applyTransaction:102 android.view.SyncRtSurfaceTransactionApplier.lambda$scheduleApply$0:75 android.view.SyncRtSurfaceTransactionApplier.$r8$lambda$afI4fXg3U3-nBZQEDQMiNy-B06s:0
2026-01-31 17:42:52.890 23811-23882 VRI[MainAc...y]@675d6a7 com.rpeters.jellyfin                 I  mWNT: t=0xb400007313d4ef60 mBlastBufferQueue=0xb4000073e3d54930 fn= 28 HdrRenderState mRenderHdrSdrRatio=1.0 caller= android.view.SyncRtSurfaceTransactionApplier.applyTransaction:102 android.view.SyncRtSurfaceTransactionApplier.lambda$scheduleApply$0:75 android.view.SyncRtSurfaceTransactionApplier.$r8$lambda$afI4fXg3U3-nBZQEDQMiNy-B06s:0
2026-01-31 17:42:52.911 23811-23881 VRI[MainAc...y]@675d6a7 com.rpeters.jellyfin                 I  mWNT: t=0xb400007313d53020 mBlastBufferQueue=0xb4000073e3d54930 fn= 29 HdrRenderState mRenderHdrSdrRatio=1.0 caller= android.view.SyncRtSurfaceTransactionApplier.applyTransaction:102 android.view.SyncRtSurfaceTransactionApplier.lambda$scheduleApply$0:75 android.view.SyncRtSurfaceTransactionApplier.$r8$lambda$afI4fXg3U3-nBZQEDQMiNy-B06s:0
2026-01-31 17:42:52.930 23811-23882 VRI[MainAc...y]@675d6a7 com.rpeters.jellyfin                 I  mWNT: t=0xb400007313d4f400 mBlastBufferQueue=0xb4000073e3d54930 fn= 30 HdrRenderState mRenderHdrSdrRatio=1.0 caller= android.view.SyncRtSurfaceTransactionApplier.applyTransaction:102 android.view.SyncRtSurfaceTransactionApplier.lambda$scheduleApply$0:75 android.view.SyncRtSurfaceTransactionApplier.$r8$lambda$afI4fXg3U3-nBZQEDQMiNy-B06s:0
2026-01-31 17:42:52.945 23811-23881 VRI[MainAc...y]@675d6a7 com.rpeters.jellyfin                 I  mWNT: t=0xb400007313d501e0 mBlastBufferQueue=0xb4000073e3d54930 fn= 31 HdrRenderState mRenderHdrSdrRatio=1.0 caller= android.view.SyncRtSurfaceTransactionApplier.applyTransaction:102 android.view.SyncRtSurfaceTransactionApplier.lambda$scheduleApply$0:75 android.view.SyncRtSurfaceTransactionApplier.$r8$lambda$afI4fXg3U3-nBZQEDQMiNy-B06s:0
2026-01-31 17:42:52.955 23811-23882 VRI[MainAc...y]@675d6a7 com.rpeters.jellyfin                 I  mWNT: t=0xb400007313d50d70 mBlastBufferQueue=0xb4000073e3d54930 fn= 32 HdrRenderState mRenderHdrSdrRatio=1.0 caller= android.view.SyncRtSurfaceTransactionApplier.applyTransaction:102 android.view.SyncRtSurfaceTransactionApplier.lambda$scheduleApply$0:75 android.view.SyncRtSurfaceTransactionApplier.$r8$lambda$afI4fXg3U3-nBZQEDQMiNy-B06s:0
2026-01-31 17:42:52.965 23811-23881 VRI[MainAc...y]@675d6a7 com.rpeters.jellyfin                 I  mWNT: t=0xb400007313d3c510 mBlastBufferQueue=0xb4000073e3d54930 fn= 33 HdrRenderState mRenderHdrSdrRatio=1.0 caller= android.view.SyncRtSurfaceTransactionApplier.applyTransaction:102 android.view.SyncRtSurfaceTransactionApplier.lambda$scheduleApply$0:75 android.view.SyncRtSurfaceTransactionApplier.$r8$lambda$afI4fXg3U3-nBZQEDQMiNy-B06s:0
2026-01-31 17:42:52.975 23811-23882 VRI[MainAc...y]@675d6a7 com.rpeters.jellyfin                 I  mWNT: t=0xb400007313d5bf80 mBlastBufferQueue=0xb4000073e3d54930 fn= 34 HdrRenderState mRenderHdrSdrRatio=1.0 caller= android.view.SyncRtSurfaceTransactionApplier.applyTransaction:102 android.view.SyncRtSurfaceTransactionApplier.lambda$scheduleApply$0:75 android.view.SyncRtSurfaceTransactionApplier.$r8$lambda$afI4fXg3U3-nBZQEDQMiNy-B06s:0
2026-01-31 17:42:52.984 23811-23881 VRI[MainAc...y]@675d6a7 com.rpeters.jellyfin                 I  mWNT: t=0xb400007313d5c1d0 mBlastBufferQueue=0xb4000073e3d54930 fn= 35 HdrRenderState mRenderHdrSdrRatio=1.0 caller= android.view.SyncRtSurfaceTransactionApplier.applyTransaction:102 android.view.SyncRtSurfaceTransactionApplier.lambda$scheduleApply$0:75 android.view.SyncRtSurfaceTransactionApplier.$r8$lambda$afI4fXg3U3-nBZQEDQMiNy-B06s:0
2026-01-31 17:42:52.998 23811-23882 VRI[MainAc...y]@675d6a7 com.rpeters.jellyfin                 I  mWNT: t=0xb400007313d5a860 mBlastBufferQueue=0xb4000073e3d54930 fn= 36 HdrRenderState mRenderHdrSdrRatio=1.0 caller= android.view.SyncRtSurfaceTransactionApplier.applyTransaction:102 android.view.SyncRtSurfaceTransactionApplier.lambda$scheduleApply$0:75 android.view.SyncRtSurfaceTransactionApplier.$r8$lambda$afI4fXg3U3-nBZQEDQMiNy-B06s:0
2026-01-31 17:42:53.008 23811-23881 VRI[MainAc...y]@675d6a7 com.rpeters.jellyfin                 I  mWNT: t=0xb400007313d5c1d0 mBlastBufferQueue=0xb4000073e3d54930 fn= 37 HdrRenderState mRenderHdrSdrRatio=1.0 caller= android.view.SyncRtSurfaceTransactionApplier.applyTransaction:102 android.view.SyncRtSurfaceTransactionApplier.lambda$scheduleApply$0:75 android.view.SyncRtSurfaceTransactionApplier.$r8$lambda$afI4fXg3U3-nBZQEDQMiNy-B06s:0
2026-01-31 17:42:53.016 23811-23882 VRI[MainAc...y]@675d6a7 com.rpeters.jellyfin                 I  mWNT: t=0xb400007313d38fe0 mBlastBufferQueue=0xb4000073e3d54930 fn= 38 HdrRenderState mRenderHdrSdrRatio=1.0 caller= android.view.SyncRtSurfaceTransactionApplier.applyTransaction:102 android.view.SyncRtSurfaceTransactionApplier.lambda$scheduleApply$0:75 android.view.SyncRtSurfaceTransactionApplier.$r8$lambda$afI4fXg3U3-nBZQEDQMiNy-B06s:0
2026-01-31 17:42:53.023 23811-23881 VRI[MainAc...y]@675d6a7 com.rpeters.jellyfin                 I  mWNT: t=0xb400007313d3b4e0 mBlastBufferQueue=0xb4000073e3d54930 fn= 39 HdrRenderState mRenderHdrSdrRatio=1.0 caller= android.view.SyncRtSurfaceTransactionApplier.applyTransaction:102 android.view.SyncRtSurfaceTransactionApplier.lambda$scheduleApply$0:75 android.view.SyncRtSurfaceTransactionApplier.$r8$lambda$afI4fXg3U3-nBZQEDQMiNy-B06s:0
2026-01-31 17:42:53.031 23811-23882 VRI[MainAc...y]@675d6a7 com.rpeters.jellyfin                 I  mWNT: t=0xb400007313d3a950 mBlastBufferQueue=0xb4000073e3d54930 fn= 40 HdrRenderState mRenderHdrSdrRatio=1.0 caller= android.view.SyncRtSurfaceTransactionApplier.applyTransaction:102 android.view.SyncRtSurfaceTransactionApplier.lambda$scheduleApply$0:75 android.view.SyncRtSurfaceTransactionApplier.$r8$lambda$afI4fXg3U3-nBZQEDQMiNy-B06s:0
2026-01-31 17:42:53.038 23811-23881 VRI[MainAc...y]@675d6a7 com.rpeters.jellyfin                 I  mWNT: t=0xb400007313d3a010 mBlastBufferQueue=0xb4000073e3d54930 fn= 41 HdrRenderState mRenderHdrSdrRatio=1.0 caller= android.view.SyncRtSurfaceTransactionApplier.applyTransaction:102 android.view.SyncRtSurfaceTransactionApplier.lambda$scheduleApply$0:75 android.view.SyncRtSurfaceTransactionApplier.$r8$lambda$afI4fXg3U3-nBZQEDQMiNy-B06s:0
2026-01-31 17:42:53.045 23811-23882 VRI[MainAc...y]@675d6a7 com.rpeters.jellyfin                 I  mWNT: t=0xb400007313d5a170 mBlastBufferQueue=0xb4000073e3d54930 fn= 42 HdrRenderState mRenderHdrSdrRatio=1.0 caller= android.view.SyncRtSurfaceTransactionApplier.applyTransaction:102 android.view.SyncRtSurfaceTransactionApplier.lambda$scheduleApply$0:75 android.view.SyncRtSurfaceTransactionApplier.$r8$lambda$afI4fXg3U3-nBZQEDQMiNy-B06s:0
2026-01-31 17:42:53.052 23811-23881 VRI[MainAc...y]@675d6a7 com.rpeters.jellyfin                 I  mWNT: t=0xb400007313d560b0 mBlastBufferQueue=0xb4000073e3d54930 fn= 43 HdrRenderState mRenderHdrSdrRatio=1.0 caller= android.view.SyncRtSurfaceTransactionApplier.applyTransaction:102 android.view.SyncRtSurfaceTransactionApplier.lambda$scheduleApply$0:75 android.view.SyncRtSurfaceTransactionApplier.$r8$lambda$afI4fXg3U3-nBZQEDQMiNy-B06s:0
2026-01-31 17:42:53.059 23811-23882 VRI[MainAc...y]@675d6a7 com.rpeters.jellyfin                 I  mWNT: t=0xb400007313d56c40 mBlastBufferQueue=0xb4000073e3d54930 fn= 44 HdrRenderState mRenderHdrSdrRatio=1.0 caller= android.view.SyncRtSurfaceTransactionApplier.applyTransaction:102 android.view.SyncRtSurfaceTransactionApplier.lambda$scheduleApply$0:75 android.view.SyncRtSurfaceTransactionApplier.$r8$lambda$afI4fXg3U3-nBZQEDQMiNy-B06s:0
2026-01-31 17:42:53.067 23811-23881 VRI[MainAc...y]@675d6a7 com.rpeters.jellyfin                 I  mWNT: t=0xb400007313d59cd0 mBlastBufferQueue=0xb4000073e3d54930 fn= 45 HdrRenderState mRenderHdrSdrRatio=1.0 caller= android.view.SyncRtSurfaceTransactionApplier.applyTransaction:102 android.view.SyncRtSurfaceTransactionApplier.lambda$scheduleApply$0:75 android.view.SyncRtSurfaceTransactionApplier.$r8$lambda$afI4fXg3U3-nBZQEDQMiNy-B06s:0
2026-01-31 17:42:53.076 23811-23882 VRI[MainAc...y]@675d6a7 com.rpeters.jellyfin                 I  mWNT: t=0xb400007313d5c8c0 mBlastBufferQueue=0xb4000073e3d54930 fn= 46 HdrRenderState mRenderHdrSdrRatio=1.0 caller= android.view.SyncRtSurfaceTransactionApplier.applyTransaction:102 android.view.SyncRtSurfaceTransactionApplier.lambda$scheduleApply$0:75 android.view.SyncRtSurfaceTransactionApplier.$r8$lambda$afI4fXg3U3-nBZQEDQMiNy-B06s:0
2026-01-31 17:42:53.084 23811-23881 VRI[MainAc...y]@675d6a7 com.rpeters.jellyfin                 I  mWNT: t=0xb400007313d55e60 mBlastBufferQueue=0xb4000073e3d54930 fn= 47 HdrRenderState mRenderHdrSdrRatio=1.0 caller= android.view.SyncRtSurfaceTransactionApplier.applyTransaction:102 android.view.SyncRtSurfaceTransactionApplier.lambda$scheduleApply$0:75 android.view.SyncRtSurfaceTransactionApplier.$r8$lambda$afI4fXg3U3-nBZQEDQMiNy-B06s:0
2026-01-31 17:42:53.093 23811-23882 VRI[MainAc...y]@675d6a7 com.rpeters.jellyfin                 I  mWNT: t=0xb400007313d57c70 mBlastBufferQueue=0xb4000073e3d54930 fn= 48 HdrRenderState mRenderHdrSdrRatio=1.0 caller= android.view.SyncRtSurfaceTransactionApplier.applyTransaction:102 android.view.SyncRtSurfaceTransactionApplier.lambda$scheduleApply$0:75 android.view.SyncRtSurfaceTransactionApplier.$r8$lambda$afI4fXg3U3-nBZQEDQMiNy-B06s:0
2026-01-31 17:42:53.099 23811-23881 VRI[MainAc...y]@675d6a7 com.rpeters.jellyfin                 I  mWNT: t=0xb400007313d56300 mBlastBufferQueue=0xb4000073e3d54930 fn= 49 HdrRenderState mRenderHdrSdrRatio=1.0 caller= android.view.SyncRtSurfaceTransactionApplier.applyTransaction:102 android.view.SyncRtSurfaceTransactionApplier.lambda$scheduleApply$0:75 android.view.SyncRtSurfaceTransactionApplier.$r8$lambda$afI4fXg3U3-nBZQEDQMiNy-B06s:0
2026-01-31 17:42:53.107 23811-23882 VRI[MainAc...y]@675d6a7 com.rpeters.jellyfin                 I  mWNT: t=0xb400007313d5b1a0 mBlastBufferQueue=0xb4000073e3d54930 fn= 50 HdrRenderState mRenderHdrSdrRatio=1.0 caller= android.view.SyncRtSurfaceTransactionApplier.applyTransaction:102 android.view.SyncRtSurfaceTransactionApplier.lambda$scheduleApply$0:75 android.view.SyncRtSurfaceTransactionApplier.$r8$lambda$afI4fXg3U3-nBZQEDQMiNy-B06s:0
2026-01-31 17:42:53.117 23811-23881 VRI[MainAc...y]@675d6a7 com.rpeters.jellyfin                 I  mWNT: t=0xb400007313d5b890 mBlastBufferQueue=0xb4000073e3d54930 fn= 51 HdrRenderState mRenderHdrSdrRatio=1.0 caller= android.view.SyncRtSurfaceTransactionApplier.applyTransaction:102 android.view.SyncRtSurfaceTransactionApplier.lambda$scheduleApply$0:75 android.view.SyncRtSurfaceTransactionApplier.$r8$lambda$afI4fXg3U3-nBZQEDQMiNy-B06s:0
2026-01-31 17:42:53.126 23811-23882 VRI[MainAc...y]@675d6a7 com.rpeters.jellyfin                 I  mWNT: t=0xb400007313d59a80 mBlastBufferQueue=0xb4000073e3d54930 fn= 52 HdrRenderState mRenderHdrSdrRatio=1.0 caller= android.view.SyncRtSurfaceTransactionApplier.applyTransaction:102 android.view.SyncRtSurfaceTransactionApplier.lambda$scheduleApply$0:75 android.view.SyncRtSurfaceTransactionApplier.$r8$lambda$afI4fXg3U3-nBZQEDQMiNy-B06s:0
2026-01-31 17:42:53.133 23811-23881 VRI[MainAc...y]@675d6a7 com.rpeters.jellyfin                 I  mWNT: t=0xb400007313d57a20 mBlastBufferQueue=0xb4000073e3d54930 fn= 53 HdrRenderState mRenderHdrSdrRatio=1.0 caller= android.view.SyncRtSurfaceTransactionApplier.applyTransaction:102 android.view.SyncRtSurfaceTransactionApplier.lambda$scheduleApply$0:75 android.view.SyncRtSurfaceTransactionApplier.$r8$lambda$afI4fXg3U3-nBZQEDQMiNy-B06s:0
2026-01-31 17:42:53.142 23811-23882 VRI[MainAc...y]@675d6a7 com.rpeters.jellyfin                 I  mWNT: t=0xb400007313d57580 mBlastBufferQueue=0xb4000073e3d54930 fn= 54 HdrRenderState mRenderHdrSdrRatio=1.0 caller= android.view.SyncRtSurfaceTransactionApplier.applyTransaction:102 android.view.SyncRtSurfaceTransactionApplier.lambda$scheduleApply$0:75 android.view.SyncRtSurfaceTransactionApplier.$r8$lambda$afI4fXg3U3-nBZQEDQMiNy-B06s:0
2026-01-31 17:42:53.149 23811-23881 VRI[MainAc...y]@675d6a7 com.rpeters.jellyfin                 I  mWNT: t=0xb400007313d53710 mBlastBufferQueue=0xb4000073e3d54930 fn= 55 HdrRenderState mRenderHdrSdrRatio=1.0 caller= android.view.SyncRtSurfaceTransactionApplier.applyTransaction:102 android.view.SyncRtSurfaceTransactionApplier.lambda$scheduleApply$0:75 android.view.SyncRtSurfaceTransactionApplier.$r8$lambda$afI4fXg3U3-nBZQEDQMiNy-B06s:0
2026-01-31 17:42:53.155 23811-23811 ImeTracker              com.rpeters.jellyfin                 I  com.rpeters.jellyfin:1d2548f6: onShown
2026-01-31 17:42:53.160 23811-23882 VRI[MainAc...y]@675d6a7 com.rpeters.jellyfin                 I  mWNT: t=0xb400007313d55520 mBlastBufferQueue=0xb4000073e3d54930 fn= 56 HdrRenderState mRenderHdrSdrRatio=1.0 caller= android.view.SyncRtSurfaceTransactionApplier.applyTransaction:102 android.view.SyncRtSurfaceTransactionApplier.lambda$scheduleApply$0:75 android.view.SyncRtSurfaceTransactionApplier.$r8$lambda$afI4fXg3U3-nBZQEDQMiNy-B06s:0
2026-01-31 17:42:53.183 23811-23816 peters.jellyfin         com.rpeters.jellyfin                 I  Compiler allocated 5411KB to compile boolean androidx.compose.runtime.snapshots.SnapshotStateObserver$ObservedScopeMap.recordInvalidation(java.util.Set)
2026-01-31 17:42:53.598 23811-23811 VRI[MainAc...y]@675d6a7 com.rpeters.jellyfin                 I  ViewPostIme key 0
2026-01-31 17:42:53.674 23811-23811 VRI[MainAc...y]@675d6a7 com.rpeters.jellyfin                 I  ViewPostIme key 1
2026-01-31 17:42:54.099 23811-23811 Autofill Status         com.rpeters.jellyfin                 D  Autofill popup was hidden.
2026-01-31 17:42:55.526 23811-23816 peters.jellyfin         com.rpeters.jellyfin                 I  Compiler allocated 7574KB to compile void androidx.compose.material3.internal.TextFieldImplKt.CommonDecorationBox(androidx.compose.material3.internal.TextFieldType, java.lang.CharSequence, kotlin.jvm.functions.Function2, androidx.compose.material3.TextFieldLabelPosition, kotlin.jvm.functions.Function3, kotlin.jvm.functions.Function2, kotlin.jvm.functions.Function2, kotlin.jvm.functions.Function2, kotlin.jvm.functions.Function2, kotlin.jvm.functions.Function2, kotlin.jvm.functions.Function2, boolean, boolean, boolean, androidx.compose.foundation.interaction.InteractionSource, androidx.compose.foundation.layout.PaddingValues, androidx.compose.material3.TextFieldColors, kotlin.jvm.functions.Function2, androidx.compose.runtime.Composer, int, int)
2026-01-31 17:42:55.687 23811-23811 VRI[MainAc...y]@675d6a7 com.rpeters.jellyfin                 I  call setFrameRateCategory for touch hint category=no preference, reason=boost timeout, vri=VRI[MainActivity]@675d6a7
2026-01-31 17:42:56.059 23811-23980 ProfileInstaller        com.rpeters.jellyfin                 D  Installing profile for com.rpeters.jellyfin
2026-01-31 17:42:58.751 23811-23811 InsetsController        com.rpeters.jellyfin                 D  hide(ime())
2026-01-31 17:42:58.751 23811-23811 ImeTracker              com.rpeters.jellyfin                 I  com.rpeters.jellyfin:b9d019c6: onRequestHide at ORIGIN_CLIENT reason HIDE_SOFT_INPUT_BY_INSETS_API fromUser false
2026-01-31 17:42:58.751 23811-23811 WindowOnBackDispatcher  com.rpeters.jellyfin                 D  setTopOnBackInvokedCallback (unwrapped): android.app.Activity$$ExternalSyntheticLambda0@762a638
2026-01-31 17:42:58.752 23811-23811 InsetsController        com.rpeters.jellyfin                 D  Setting requestedVisibleTypes to 503 (was 511)
2026-01-31 17:42:58.752 23811-23811 InsetsController        com.rpeters.jellyfin                 I  setRequestedVisibleTypes: visible=false, mask=ime, host=com.rpeters.jellyfin/com.rpeters.jellyfin.MainActivity, from=android.view.InsetsController.controlAnimationUnchecked:1646 android.view.InsetsController.applyAnimation:2278 android.view.InsetsController.applyAnimation:2207 android.view.InsetsController.hide:1581 android.view.InsetsController.hide:1521 androidx.core.view.SoftwareKeyboardControllerCompat$Impl30.hide:222 androidx.core.view.SoftwareKeyboardControllerCompat.hide:80 androidx.compose.ui.text.input.InputMethodManagerImpl.hideSoftInput:85 androidx.compose.ui.text.input.TextInputServiceAndroid.setKeyboardVisibleImmediately:473 androidx.compose.ui.text.input.TextInputServiceAndroid.processInputCommands:355
2026-01-31 17:42:58.828 23811-23811 VRI[MainAc...y]@675d6a7 com.rpeters.jellyfin                 D  WindowInsets changed: ime:null
2026-01-31 17:42:58.828 23811-23811 BLASTBufferQueue_Java   com.rpeters.jellyfin                 I  update, w= 1440 h= 3120 mName = VRI[MainActivity]@675d6a7 mNativeObject= 0xb4000073e3d54930 sc.mNativeObject= 0xb400007273cfb810 format= -1 caller= android.view.ViewRootImpl.updateBlastSurfaceIfNeeded:3592 android.view.ViewRootImpl.relayoutWindow:11809 android.view.ViewRootImpl.performTraversals:4839 android.view.ViewRootImpl.doTraversal:3959 android.view.ViewRootImpl$TraversalRunnable.run:13030 android.view.Choreographer$CallbackRecord.run:1961
2026-01-31 17:42:58.828 23811-23811 VRI[MainAc...y]@675d6a7 com.rpeters.jellyfin                 I  Relayout returned: old=(0,0,1440,3120) new=(0,0,1440,3120) relayoutAsync=true req=(1440,3120)0 dur=0 res=0x0 s={true 0xb400007333d1ea10} ch=false seqId=0
2026-01-31 17:42:58.829 23811-23811 VRI[MainAc...y]@675d6a7 com.rpeters.jellyfin                 I  registerCallbackForPendingTransactions
2026-01-31 17:42:58.853 23811-23811 InsetsController        com.rpeters.jellyfin                 I  onStateChanged: host=com.rpeters.jellyfin/com.rpeters.jellyfin.MainActivity, from=android.view.ViewRootImpl.onInsetsStateChanged:3038, state=InsetsState: {mDisplayFrame=Rect(0, 0 - 1440, 3120), mDisplayCutout=DisplayCutout{insets=Rect(0, 128 - 0, 0) waterfall=Insets{left=0, top=0, right=0, bottom=0} boundingRect={Bounds=[Rect(0, 0 - 0, 0), Rect(685, 0 - 755, 128), Rect(0, 0 - 0, 0), Rect(0, 0 - 0, 0)]} cutoutPathParserInfo={CutoutPathParserInfo{displayWidth=1440 displayHeight=3120 physicalDisplayWidth=1440 physicalDisplayHeight=3120 density={3.75} cutoutSpec={M 0,0 H -9.333333333333333 V 34.13333333333333 H 9.333333333333333 V 0 H 0 Z @dp} rotation={0} scale={1.0} physicalPixelDisplaySizeRatio={1.0}}} sideOverrides={}}, mRoundedCorners=RoundedCorners{[RoundedCorner{position=TopLeft, radius=56, center=Point(56, 56)}, RoundedCorner{position=TopRight, radius=56, center=Point(1384, 56)}, RoundedCorner{position=BottomRight, radius=56, center=Point(1384, 3064)}, RoundedCorner{position=BottomLeft, radius=56, center=Point(56, 3064)}]}  mRoundedCornerFrame=Rect(0, 0 - 1440, 3120), mPrivacyIndicatorBounds=PrivacyIndicatorBounds {static bounds=Rect(1275, 0 - 1440, 128) rotation=0}, mDisplayShape=DisplayShape{ spec=-311912193 displayWidth=1440 displayHeight=3120 physicalPixelDisplaySizeRatio=1.0 rotation=0 offsetX=0 offsetY=0 scale=1.0}, mSources= { InsetsSource: {91450001 mType=navigationBars mFrame=[0,3064][1440,3120] mAttachedInsets=null mVisible=true mFlags=SUPPRESS_SCRIM mSideHint=BOTTOM mBoundingRects=null}, InsetsSource: {91450004 mType=systemGestures mFrame=[0,0][112,3120] mAttachedInsets=null mVisible=true mFlags= mSideHint=LEFT mBoundingRects=null}, InsetsSource: {91450005 mType=mandatorySystemGestures mFrame=[0,3000][1440,3120] mAttachedInsets=null mVisible=true mFlags= mSideHint=BOTTOM mBoundingRects=null}, InsetsSource: {91450006 mType=tappableElement mFrame=[0,0][0,0] mAttachedInsets=null mVisible=true mFlags= mSideHint=NONE mBoundingRects=null}, InsetsSource: {91450024 mType=systemGestures mFrame=[1328,0][1440,3120] mAttachedInsets=null mVisible=true mFlags= mSideHint=RIGHT mBoundingRects=null}, InsetsSource: {9c550000 mType=statusBars mFrame=[0,0][1440,128] mAttachedInsets=null mVisible=true mFlags= mSideHint=TOP mBoundingRects=null}, InsetsSource: {9c550005 mType=mandatorySystemGestures mFrame=[0,0][1440,173] mAttachedInsets=null mVisible=true mFlags= mSideHint=TOP mBoundingRects=null}, InsetsSource: {9c550006 mType=tappableElement mFrame=[0,0][1440,128] mAttachedInsets=null mVisible=true mFlags= mSideHint=TOP mBoundingRects=null}, InsetsSource: {3 mType=ime mFrame=[0,1892][1440,3120] mAttachedInsets=null mVisible=false mFlags= mSideHint=BOTTOM mBoundingRects=null}, InsetsSource: {27 mType=displayCutout mFrame=[0,0][1440,128] mAttachedInsets=null mVisible=true mFlags= mSideHint=TOP mBoundingRects=null} }
2026-01-31 17:42:58.853 23811-23811 VRI[MainAc...y]@675d6a7 com.rpeters.jellyfin                 I  handleResized, frames=ClientWindowFrames{frame=[0,0][1440,3120] display=[0,0][1440,3120] parentFrame=[0,0][0,0]} displayId=0 dragResizing=false compatScale=1.0 frameChanged=false attachedFrameChanged=false configChanged=false displayChanged=false compatScaleChanged=false dragResizingChanged=false
2026-01-31 17:42:58.854 23811-23881 VRI[MainAc...y]@675d6a7 com.rpeters.jellyfin                 I  mWNT: t=0xb400007313d54be0 mBlastBufferQueue=0xb4000073e3d54930 fn= 83 HdrRenderState mRenderHdrSdrRatio=1.0 caller= android.view.SyncRtSurfaceTransactionApplier.applyTransaction:102 android.view.SyncRtSurfaceTransactionApplier.lambda$scheduleApply$0:75 android.view.SyncRtSurfaceTransactionApplier.$r8$lambda$afI4fXg3U3-nBZQEDQMiNy-B06s:0
2026-01-31 17:42:58.854 23811-23881 VRI[MainAc...y]@675d6a7 com.rpeters.jellyfin                 I  mWNT: t=0xb400007313d50680 mBlastBufferQueue=0xb4000073e3d54930 fn= 83 HdrRenderState mRenderHdrSdrRatio=1.0 caller= android.view.ViewRootImpl$10.onFrameDraw:6611 android.view.ViewRootImpl$4.onFrameDraw:2485 android.view.ThreadedRenderer$1.onFrameDraw:751
2026-01-31 17:42:58.879 23811-23811 InsetsController        com.rpeters.jellyfin                 D  hide(ime())
2026-01-31 17:42:58.879 23811-23811 ImeTracker              com.rpeters.jellyfin                 I  com.rpeters.jellyfin:eb348eb4: onRequestHide at ORIGIN_CLIENT reason HIDE_SOFT_INPUT_BY_INSETS_API fromUser false
2026-01-31 17:42:58.879 23811-23811 ImeTracker              com.rpeters.jellyfin                 I  com.rpeters.jellyfin:eb348eb4: onCancelled at PHASE_CLIENT_ALREADY_HIDDEN
2026-01-31 17:42:58.879 23811-23811 InputMethodManagerUtils com.rpeters.jellyfin                 D  startInputInner - Id : 0
2026-01-31 17:42:58.879 23811-23811 InputMethodManager      com.rpeters.jellyfin                 I  startInputInner - IInputMethodManagerGlobalInvoker.startInputOrWindowGainedFocus
2026-01-31 17:42:58.881 23811-23951 InputTransport          com.rpeters.jellyfin                 D  Input channel constructed: 'ClientS', fd=197
2026-01-31 17:42:58.884 23811-23811 InsetsSourceConsumer    com.rpeters.jellyfin                 I  applyRequestedVisibilityToControl: visible=true, type=navigationBars, host=com.rpeters.jellyfin/com.rpeters.jellyfin.MainActivity
2026-01-31 17:42:58.884 23811-23811 ImeTracker              com.rpeters.jellyfin                 I  system_server:68000bde: onCancelled at PHASE_CLIENT_ON_CONTROLS_CHANGED
2026-01-31 17:42:58.884 23811-23882 VRI[MainAc...y]@675d6a7 com.rpeters.jellyfin                 I  mWNT: t=0xb400007313d4f1b0 mBlastBufferQueue=0xb4000073e3d54930 fn= 84 HdrRenderState mRenderHdrSdrRatio=1.0 caller= android.view.SyncRtSurfaceTransactionApplier.applyTransaction:102 android.view.SyncRtSurfaceTransactionApplier.lambda$scheduleApply$0:75 android.view.SyncRtSurfaceTransactionApplier.$r8$lambda$afI4fXg3U3-nBZQEDQMiNy-B06s:0
2026-01-31 17:42:58.895 23811-23881 VRI[MainAc...y]@675d6a7 com.rpeters.jellyfin                 I  mWNT: t=0xb400007313d58360 mBlastBufferQueue=0xb4000073e3d54930 fn= 85 HdrRenderState mRenderHdrSdrRatio=1.0 caller= android.view.SyncRtSurfaceTransactionApplier.applyTransaction:102 android.view.SyncRtSurfaceTransactionApplier.lambda$scheduleApply$0:75 android.view.SyncRtSurfaceTransactionApplier.$r8$lambda$afI4fXg3U3-nBZQEDQMiNy-B06s:0
2026-01-31 17:42:58.906 23811-23882 VRI[MainAc...y]@675d6a7 com.rpeters.jellyfin                 I  mWNT: t=0xb400007313d52240 mBlastBufferQueue=0xb4000073e3d54930 fn= 86 HdrRenderState mRenderHdrSdrRatio=1.0 caller= android.view.SyncRtSurfaceTransactionApplier.applyTransaction:102 android.view.SyncRtSurfaceTransactionApplier.lambda$scheduleApply$0:75 android.view.SyncRtSurfaceTransactionApplier.$r8$lambda$afI4fXg3U3-nBZQEDQMiNy-B06s:0
2026-01-31 17:42:58.922 23811-23881 VRI[MainAc...y]@675d6a7 com.rpeters.jellyfin                 I  mWNT: t=0xb400007313d4f400 mBlastBufferQueue=0xb4000073e3d54930 fn= 87 HdrRenderState mRenderHdrSdrRatio=1.0 caller= android.view.SyncRtSurfaceTransactionApplier.applyTransaction:102 android.view.SyncRtSurfaceTransactionApplier.lambda$scheduleApply$0:75 android.view.SyncRtSurfaceTransactionApplier.$r8$lambda$afI4fXg3U3-nBZQEDQMiNy-B06s:0
2026-01-31 17:42:58.939 23811-23882 VRI[MainAc...y]@675d6a7 com.rpeters.jellyfin                 I  mWNT: t=0xb400007313d4fd40 mBlastBufferQueue=0xb4000073e3d54930 fn= 88 HdrRenderState mRenderHdrSdrRatio=1.0 caller= android.view.SyncRtSurfaceTransactionApplier.applyTransaction:102 android.view.SyncRtSurfaceTransactionApplier.lambda$scheduleApply$0:75 android.view.SyncRtSurfaceTransactionApplier.$r8$lambda$afI4fXg3U3-nBZQEDQMiNy-B06s:0
2026-01-31 17:42:58.956 23811-23881 VRI[MainAc...y]@675d6a7 com.rpeters.jellyfin                 I  mWNT: t=0xb400007313cf9660 mBlastBufferQueue=0xb4000073e3d54930 fn= 89 HdrRenderState mRenderHdrSdrRatio=1.0 caller= android.view.SyncRtSurfaceTransactionApplier.applyTransaction:102 android.view.SyncRtSurfaceTransactionApplier.lambda$scheduleApply$0:75 android.view.SyncRtSurfaceTransactionApplier.$r8$lambda$afI4fXg3U3-nBZQEDQMiNy-B06s:0
2026-01-31 17:42:58.973 23811-23882 VRI[MainAc...y]@675d6a7 com.rpeters.jellyfin                 I  mWNT: t=0xb400007313cf7160 mBlastBufferQueue=0xb4000073e3d54930 fn= 90 HdrRenderState mRenderHdrSdrRatio=1.0 caller= android.view.SyncRtSurfaceTransactionApplier.applyTransaction:102 android.view.SyncRtSurfaceTransactionApplier.lambda$scheduleApply$0:75 android.view.SyncRtSurfaceTransactionApplier.$r8$lambda$afI4fXg3U3-nBZQEDQMiNy-B06s:0
2026-01-31 17:42:58.990 23811-23881 VRI[MainAc...y]@675d6a7 com.rpeters.jellyfin                 I  mWNT: t=0xb400007313cfd720 mBlastBufferQueue=0xb4000073e3d54930 fn= 91 HdrRenderState mRenderHdrSdrRatio=1.0 caller= android.view.SyncRtSurfaceTransactionApplier.applyTransaction:102 android.view.SyncRtSurfaceTransactionApplier.lambda$scheduleApply$0:75 android.view.SyncRtSurfaceTransactionApplier.$r8$lambda$afI4fXg3U3-nBZQEDQMiNy-B06s:0
2026-01-31 17:42:59.003 23811-23882 VRI[MainAc...y]@675d6a7 com.rpeters.jellyfin                 I  mWNT: t=0xb400007313d501e0 mBlastBufferQueue=0xb4000073e3d54930 fn= 92 HdrRenderState mRenderHdrSdrRatio=1.0 caller= android.view.SyncRtSurfaceTransactionApplier.applyTransaction:102 android.view.SyncRtSurfaceTransactionApplier.lambda$scheduleApply$0:75 android.view.SyncRtSurfaceTransactionApplier.$r8$lambda$afI4fXg3U3-nBZQEDQMiNy-B06s:0
2026-01-31 17:42:59.016 23811-23881 VRI[MainAc...y]@675d6a7 com.rpeters.jellyfin                 I  mWNT: t=0xb400007313d534c0 mBlastBufferQueue=0xb4000073e3d54930 fn= 93 HdrRenderState mRenderHdrSdrRatio=1.0 caller= android.view.SyncRtSurfaceTransactionApplier.applyTransaction:102 android.view.SyncRtSurfaceTransactionApplier.lambda$scheduleApply$0:75 android.view.SyncRtSurfaceTransactionApplier.$r8$lambda$afI4fXg3U3-nBZQEDQMiNy-B06s:0
2026-01-31 17:42:59.033 23811-23882 VRI[MainAc...y]@675d6a7 com.rpeters.jellyfin                 I  mWNT: t=0xb400007313d43660 mBlastBufferQueue=0xb4000073e3d54930 fn= 94 HdrRenderState mRenderHdrSdrRatio=1.0 caller= android.view.SyncRtSurfaceTransactionApplier.applyTransaction:102 android.view.SyncRtSurfaceTransactionApplier.lambda$scheduleApply$0:75 android.view.SyncRtSurfaceTransactionApplier.$r8$lambda$afI4fXg3U3-nBZQEDQMiNy-B06s:0
2026-01-31 17:42:59.049 23811-23881 VRI[MainAc...y]@675d6a7 com.rpeters.jellyfin                 I  mWNT: t=0xb400007313d0ce90 mBlastBufferQueue=0xb4000073e3d54930 fn= 95 HdrRenderState mRenderHdrSdrRatio=1.0 caller= android.view.SyncRtSurfaceTransactionApplier.applyTransaction:102 android.view.SyncRtSurfaceTransactionApplier.lambda$scheduleApply$0:75 android.view.SyncRtSurfaceTransactionApplier.$r8$lambda$afI4fXg3U3-nBZQEDQMiNy-B06s:0
2026-01-31 17:42:59.074 23811-23882 VRI[MainAc...y]@675d6a7 com.rpeters.jellyfin                 I  mWNT: t=0xb400007313d0d330 mBlastBufferQueue=0xb4000073e3d54930 fn= 96 HdrRenderState mRenderHdrSdrRatio=1.0 caller= android.view.SyncRtSurfaceTransactionApplier.applyTransaction:102 android.view.SyncRtSurfaceTransactionApplier.lambda$scheduleApply$0:75 android.view.SyncRtSurfaceTransactionApplier.$r8$lambda$afI4fXg3U3-nBZQEDQMiNy-B06s:0
2026-01-31 17:42:59.089 23811-23881 VRI[MainAc...y]@675d6a7 com.rpeters.jellyfin                 I  mWNT: t=0xb400007313d0c0b0 mBlastBufferQueue=0xb4000073e3d54930 fn= 97 HdrRenderState mRenderHdrSdrRatio=1.0 caller= android.view.SyncRtSurfaceTransactionApplier.applyTransaction:102 android.view.SyncRtSurfaceTransactionApplier.lambda$scheduleApply$0:75 android.view.SyncRtSurfaceTransactionApplier.$r8$lambda$afI4fXg3U3-nBZQEDQMiNy-B06s:0
2026-01-31 17:42:59.099 23811-23882 VRI[MainAc...y]@675d6a7 com.rpeters.jellyfin                 I  mWNT: t=0xb400007313d5e480 mBlastBufferQueue=0xb4000073e3d54930 fn= 98 HdrRenderState mRenderHdrSdrRatio=1.0 caller= android.view.SyncRtSurfaceTransactionApplier.applyTransaction:102 android.view.SyncRtSurfaceTransactionApplier.lambda$scheduleApply$0:75 android.view.SyncRtSurfaceTransactionApplier.$r8$lambda$afI4fXg3U3-nBZQEDQMiNy-B06s:0
2026-01-31 17:42:59.122 23811-23881 VRI[MainAc...y]@675d6a7 com.rpeters.jellyfin                 I  mWNT: t=0xb400007313d5e920 mBlastBufferQueue=0xb4000073e3d54930 fn= 99 HdrRenderState mRenderHdrSdrRatio=1.0 caller= android.view.SyncRtSurfaceTransactionApplier.applyTransaction:102 android.view.SyncRtSurfaceTransactionApplier.lambda$scheduleApply$0:75 android.view.SyncRtSurfaceTransactionApplier.$r8$lambda$afI4fXg3U3-nBZQEDQMiNy-B06s:0
2026-01-31 17:42:59.140 23811-23882 VRI[MainAc...y]@675d6a7 com.rpeters.jellyfin                 I  mWNT: t=0xb400007313d60040 mBlastBufferQueue=0xb4000073e3d54930 fn= 100 HdrRenderState mRenderHdrSdrRatio=1.0 caller= android.view.SyncRtSurfaceTransactionApplier.applyTransaction:102 android.view.SyncRtSurfaceTransactionApplier.lambda$scheduleApply$0:75 android.view.SyncRtSurfaceTransactionApplier.$r8$lambda$afI4fXg3U3-nBZQEDQMiNy-B06s:0
2026-01-31 17:42:59.156 23811-23881 VRI[MainAc...y]@675d6a7 com.rpeters.jellyfin                 I  mWNT: t=0xb400007313d5f950 mBlastBufferQueue=0xb4000073e3d54930 fn= 101 HdrRenderState mRenderHdrSdrRatio=1.0 caller= android.view.SyncRtSurfaceTransactionApplier.applyTransaction:102 android.view.SyncRtSurfaceTransactionApplier.lambda$scheduleApply$0:75 android.view.SyncRtSurfaceTransactionApplier.$r8$lambda$afI4fXg3U3-nBZQEDQMiNy-B06s:0
2026-01-31 17:42:59.168 23811-23882 VRI[MainAc...y]@675d6a7 com.rpeters.jellyfin                 I  mWNT: t=0xb400007313d5db40 mBlastBufferQueue=0xb4000073e3d54930 fn= 102 HdrRenderState mRenderHdrSdrRatio=1.0 caller= android.view.SyncRtSurfaceTransactionApplier.applyTransaction:102 android.view.SyncRtSurfaceTransactionApplier.lambda$scheduleApply$0:75 android.view.SyncRtSurfaceTransactionApplier.$r8$lambda$afI4fXg3U3-nBZQEDQMiNy-B06s:0
2026-01-31 17:42:59.202 23811-23870 JellyfinAuthRepository  com.rpeters.jellyfin                 D  authenticateUser: Attempting authentication
2026-01-31 17:42:59.650 23811-23870 JellyfinAuthRepository  com.rpeters.jellyfin                 D  authenticateUser: Authentication successful
2026-01-31 17:42:59.651 23811-23870 JellyfinAuthRepository  com.rpeters.jellyfin                 D  Saving new token: [PRESENT]
2026-01-31 17:42:59.743 23811-23811 NavController           com.rpeters.jellyfin                 I  Ignoring popBackStack to route server_connection as it was not found on the current back stack
2026-01-31 17:42:59.826 23811-23811 WindowOnBackDispatcher  com.rpeters.jellyfin                 D  setTopOnBackInvokedCallback (unwrapped): androidx.navigationevent.OnBackInvokedInput$createOnBackAnimationCallback$1@616133c
2026-01-31 17:42:59.860 23811-23811 CompatChangeReporter    com.rpeters.jellyfin                 D  Compat change id reported: 306666082; UID 10546; state: ENABLED
2026-01-31 17:42:59.860 23811-23811 WindowExtensionsImpl    com.rpeters.jellyfin                 I  Initializing Window Extensions, vendor API level=9, activity embedding enabled=true
2026-01-31 17:42:59.920 23811-23811 InsetsController        com.rpeters.jellyfin                 I  onStateChanged: host=com.rpeters.jellyfin/com.rpeters.jellyfin.MainActivity, from=android.view.ViewRootImpl.onInsetsStateChanged:3038, state=InsetsState: {mDisplayFrame=Rect(0, 0 - 1440, 3120), mDisplayCutout=DisplayCutout{insets=Rect(0, 128 - 0, 0) waterfall=Insets{left=0, top=0, right=0, bottom=0} boundingRect={Bounds=[Rect(0, 0 - 0, 0), Rect(685, 0 - 755, 128), Rect(0, 0 - 0, 0), Rect(0, 0 - 0, 0)]} cutoutPathParserInfo={CutoutPathParserInfo{displayWidth=1440 displayHeight=3120 physicalDisplayWidth=1440 physicalDisplayHeight=3120 density={3.75} cutoutSpec={M 0,0 H -9.333333333333333 V 34.13333333333333 H 9.333333333333333 V 0 H 0 Z @dp} rotation={0} scale={1.0} physicalPixelDisplaySizeRatio={1.0}}} sideOverrides={}}, mRoundedCorners=RoundedCorners{[RoundedCorner{position=TopLeft, radius=56, center=Point(56, 56)}, RoundedCorner{position=TopRight, radius=56, center=Point(1384, 56)}, RoundedCorner{position=BottomRight, radius=56, center=Point(1384, 3064)}, RoundedCorner{position=BottomLeft, radius=56, center=Point(56, 3064)}]}  mRoundedCornerFrame=Rect(0, 0 - 1440, 3120), mPrivacyIndicatorBounds=PrivacyIndicatorBounds {static bounds=Rect(1275, 0 - 1440, 128) rotation=0}, mDisplayShape=DisplayShape{ spec=-311912193 displayWidth=1440 displayHeight=3120 physicalPixelDisplaySizeRatio=1.0 rotation=0 offsetX=0 offsetY=0 scale=1.0}, mSources= { InsetsSource: {91450001 mType=navigationBars mFrame=[0,3064][1440,3120] mAttachedInsets=null mVisible=true mFlags=SUPPRESS_SCRIM mSideHint=BOTTOM mBoundingRects=null}, InsetsSource: {91450004 mType=systemGestures mFrame=[0,0][112,3120] mAttachedInsets=null mVisible=true mFlags= mSideHint=LEFT mBoundingRects=null}, InsetsSource: {91450005 mType=mandatorySystemGestures mFrame=[0,3000][1440,3120] mAttachedInsets=null mVisible=true mFlags= mSideHint=BOTTOM mBoundingRects=null}, InsetsSource: {91450006 mType=tappableElement mFrame=[0,0][0,0] mAttachedInsets=null mVisible=true mFlags= mSideHint=NONE mBoundingRects=null}, InsetsSource: {91450024 mType=systemGestures mFrame=[1328,0][1440,3120] mAttachedInsets=null mVisible=true mFlags= mSideHint=RIGHT mBoundingRects=null}, InsetsSource: {9c550000 mType=statusBars mFrame=[0,0][1440,128] mAttachedInsets=null mVisible=true mFlags= mSideHint=TOP mBoundingRects=null}, InsetsSource: {9c550005 mType=mandatorySystemGestures mFrame=[0,0][1440,173] mAttachedInsets=null mVisible=true mFlags= mSideHint=TOP mBoundingRects=null}, InsetsSource: {9c550006 mType=tappableElement mFrame=[0,0][1440,128] mAttachedInsets=null mVisible=true mFlags= mSideHint=TOP mBoundingRects=null}, InsetsSource: {3 mType=ime mFrame=[0,0][0,0] mAttachedInsets=null mVisible=false mFlags=INVALID mSideHint=NONE mBoundingRects=null}, InsetsSource: {27 mType=displayCutout mFrame=[0,0][1440,128] mAttachedInsets=null mVisible=true mFlags= mSideHint=TOP mBoundingRects=null} }
2026-01-31 17:42:59.921 23811-23811 VRI[MainAc...y]@675d6a7 com.rpeters.jellyfin                 I  handleResized, frames=ClientWindowFrames{frame=[0,0][1440,3120] display=[0,0][1440,3120] parentFrame=[0,0][0,0]} displayId=0 dragResizing=false compatScale=1.0 frameChanged=false attachedFrameChanged=false configChanged=false displayChanged=false compatScaleChanged=false dragResizingChanged=false
2026-01-31 17:42:59.921 23811-23811 InsetsController        com.rpeters.jellyfin                 I  onStateChanged: host=com.rpeters.jellyfin/com.rpeters.jellyfin.MainActivity, from=android.view.ViewRootImpl.onInsetsStateChanged:3038, state=InsetsState: {mDisplayFrame=Rect(0, 0 - 1440, 3120), mDisplayCutout=DisplayCutout{insets=Rect(0, 128 - 0, 0) waterfall=Insets{left=0, top=0, right=0, bottom=0} boundingRect={Bounds=[Rect(0, 0 - 0, 0), Rect(685, 0 - 755, 128), Rect(0, 0 - 0, 0), Rect(0, 0 - 0, 0)]} cutoutPathParserInfo={CutoutPathParserInfo{displayWidth=1440 displayHeight=3120 physicalDisplayWidth=1440 physicalDisplayHeight=3120 density={3.75} cutoutSpec={M 0,0 H -9.333333333333333 V 34.13333333333333 H 9.333333333333333 V 0 H 0 Z @dp} rotation={0} scale={1.0} physicalPixelDisplaySizeRatio={1.0}}} sideOverrides={}}, mRoundedCorners=RoundedCorners{[RoundedCorner{position=TopLeft, radius=56, center=Point(56, 56)}, RoundedCorner{position=TopRight, radius=56, center=Point(1384, 56)}, RoundedCorner{position=BottomRight, radius=56, center=Point(1384, 3064)}, RoundedCorner{position=BottomLeft, radius=56, center=Point(56, 3064)}]}  mRoundedCornerFrame=Rect(0, 0 - 1440, 3120), mPrivacyIndicatorBounds=PrivacyIndicatorBounds {static bounds=Rect(1275, 0 - 1440, 128) rotation=0}, mDisplayShape=DisplayShape{ spec=-311912193 displayWidth=1440 displayHeight=3120 physicalPixelDisplaySizeRatio=1.0 rotation=0 offsetX=0 offsetY=0 scale=1.0}, mSources= { InsetsSource: {91450001 mType=navigationBars mFrame=[0,3064][1440,3120] mAttachedInsets=null mVisible=true mFlags=SUPPRESS_SCRIM mSideHint=BOTTOM mBoundingRects=null}, InsetsSource: {91450004 mType=systemGestures mFrame=[0,0][112,3120] mAttachedInsets=null mVisible=true mFlags= mSideHint=LEFT mBoundingRects=null}, InsetsSource: {91450005 mType=mandatorySystemGestures mFrame=[0,3000][1440,3120] mAttachedInsets=null mVisible=true mFlags= mSideHint=BOTTOM mBoundingRects=null}, InsetsSource: {91450006 mType=tappableElement mFrame=[0,0][0,0] mAttachedInsets=null mVisible=true mFlags= mSideHint=NONE mBoundingRects=null}, InsetsSource: {91450024 mType=systemGestures mFrame=[1328,0][1440,3120] mAttachedInsets=null mVisible=true mFlags= mSideHint=RIGHT mBoundingRects=null}, InsetsSource: {9c550000 mType=statusBars mFrame=[0,0][1440,128] mAttachedInsets=null mVisible=true mFlags= mSideHint=TOP mBoundingRects=null}, InsetsSource: {9c550005 mType=mandatorySystemGestures mFrame=[0,0][1440,173] mAttachedInsets=null mVisible=true mFlags= mSideHint=TOP mBoundingRects=null}, InsetsSource: {9c550006 mType=tappableElement mFrame=[0,0][1440,128] mAttachedInsets=null mVisible=true mFlags= mSideHint=TOP mBoundingRects=null}, InsetsSource: {3 mType=ime mFrame=[0,0][0,0] mAttachedInsets=null mVisible=false mFlags=INVALID mSideHint=NONE mBoundingRects=null}, InsetsSource: {27 mType=displayCutout mFrame=[0,0][1440,128] mAttachedInsets=null mVisible=true mFlags= mSideHint=TOP mBoundingRects=null} }
2026-01-31 17:42:59.937 23811-23811 HomeScreen              com.rpeters.jellyfin                 D  Waiting for server connection before loading data
2026-01-31 17:42:59.953 23811-23811 MediaController         com.rpeters.jellyfin                 I  Init 29a967 [AndroidXMedia3/1.9.1] [pa3q, SM-S938U1, samsung, 36]
2026-01-31 17:42:59.958 23811-23811 ImeFocusController      com.rpeters.jellyfin                 I  onPreWindowFocus: skipped hasWindowFocus=false mHasImeFocus=true
2026-01-31 17:42:59.958 23811-23811 ImeFocusController      com.rpeters.jellyfin                 I  onPostWindowFocus: skipped hasWindowFocus=false mHasImeFocus=true
2026-01-31 17:42:59.964 23811-23811 WindowLayo...ponentImpl com.rpeters.jellyfin                 D  Register WindowLayoutInfoListener on Context=com.rpeters.jellyfin.MainActivity@d6f6132, of which baseContext=android.app.ContextImpl@3f85e5f
2026-01-31 17:42:59.965 23811-23811 HomeScreen              com.rpeters.jellyfin                 D  Current server available, loading initial data for: rpeters1428
2026-01-31 17:42:59.970 23811-23811 ExoPlayerImpl           com.rpeters.jellyfin                 I  Init 9fb50ac [AndroidXMedia3/1.9.1] [pa3q, SM-S938U1, samsung, 36]
2026-01-31 17:42:59.991 23811-23817 peters.jellyfin         com.rpeters.jellyfin                 W  userfaultfd: MOVE ioctl seems unsupported: Try again
2026-01-31 17:42:59.993 23811-23811 MediaSessionImpl        com.rpeters.jellyfin                 I  Init 2d5a4f3 [AndroidXMedia3/1.9.1] [pa3q, SM-S938U1, samsung, 36]
2026-01-31 17:42:59.994 23811-24011 AudioSystem             com.rpeters.jellyfin                 D  onNewServiceWithAdapter: media.audio_flinger service obtained 0xb400007233ddde00
2026-01-31 17:42:59.994 23811-24011 AudioSystem             com.rpeters.jellyfin                 D  getService: IAudioFlingerService retrieved: 0xb400007283d6f470  IAudioFlinger cached: 0xb400007233ddde00
2026-01-31 17:42:59.999 23811-23811 MediaSessionCompat      com.rpeters.jellyfin                 I  Couldn't find a unique registered media button receiver in the given context.
2026-01-31 17:43:00.008 23811-23859 OptimizedClientFactory  com.rpeters.jellyfin                 D  Creating new optimized client for: https://rpeters1428.huron.usbx.me/jellyfin (token tail: 538b5c)
2026-01-31 17:43:00.011 23811-23818 InputTransport          com.rpeters.jellyfin                 D  Input channel destroyed: 'ClientS', fd=200
2026-01-31 17:43:00.011 23811-23818 InputTransport          com.rpeters.jellyfin                 D  Input channel destroyed: 'ClientS', fd=201
2026-01-31 17:43:00.013 23811-23818 InputTransport          com.rpeters.jellyfin                 D  Input channel destroyed: 'ClientS', fd=197
2026-01-31 17:43:00.179 23811-23811 MediaController         com.rpeters.jellyfin                 I  Init 843f085 [AndroidXMedia3/1.9.1] [pa3q, SM-S938U1, samsung, 36]
2026-01-31 17:43:00.181 23811-23811 WindowLayo...ponentImpl com.rpeters.jellyfin                 D  Register WindowLayoutInfoListener on Context=com.rpeters.jellyfin.MainActivity@d6f6132, of which baseContext=android.app.ContextImpl@3f85e5f
2026-01-31 17:43:00.186 23811-23811 CompatChangeReporter    com.rpeters.jellyfin                 D  Compat change id reported: 270674727; UID 10546; state: ENABLED
2026-01-31 17:43:00.854 23811-23811 AutofillManager         com.rpeters.jellyfin                 W  setSaveUiState(1132658412, false) called on existing session 1132658412; cancelling it
2026-01-31 17:43:00.871 23811-23811 InsetsSourceConsumer    com.rpeters.jellyfin                 I  applyRequestedVisibilityToControl: visible=true, type=statusBars, host=com.rpeters.jellyfin/com.rpeters.jellyfin.MainActivity
2026-01-31 17:43:00.871 23811-23811 InsetsSourceConsumer    com.rpeters.jellyfin                 I  applyRequestedVisibilityToControl: visible=true, type=navigationBars, host=com.rpeters.jellyfin/com.rpeters.jellyfin.MainActivity
2026-01-31 17:43:00.871 23811-23811 VRI[MainAc...y]@675d6a7 com.rpeters.jellyfin                 D  mThreadedRenderer.initializeIfNeeded()#2 mSurface={isValid=true 0xb400007333d1ea10}
2026-01-31 17:43:00.872 23811-23811 InputMethodManagerUtils com.rpeters.jellyfin                 D  startInputInner - Id : 0
2026-01-31 17:43:00.872 23811-23811 InputMethodManager      com.rpeters.jellyfin                 I  startInputInner - IInputMethodManagerGlobalInvoker.startInputOrWindowGainedFocus
2026-01-31 17:43:00.872 23811-23811 InsetsController        com.rpeters.jellyfin                 D  hide(ime())
2026-01-31 17:43:00.873 23811-23811 ImeTracker              com.rpeters.jellyfin                 I  com.rpeters.jellyfin:c158a5ac: onCancelled at PHASE_CLIENT_ALREADY_HIDDEN
2026-01-31 17:43:00.873 23811-23823 InputTransport          com.rpeters.jellyfin                 D  Input channel constructed: 'ClientS', fd=203
2026-01-31 17:43:01.084 23811-23811 WindowLayo...ponentImpl com.rpeters.jellyfin                 D  Register WindowLayoutInfoListener on Context=com.rpeters.jellyfin.MainActivity@d6f6132, of which baseContext=android.app.ContextImpl@3f85e5f
2026-01-31 17:43:01.126 23811-23811 RealImageLoader         com.rpeters.jellyfin                 I   Successful (DISK) - https://rpeters1428.huron.usbx.me/jellyfin/Items/3eea4f61-c034-3048-b9e9-aa4fedfdffe7/Images/Backdrop?tag=3df01912ff9353fa36ce2582f07c7a12&maxHeight=400&maxWidth=800
2026-01-31 17:43:01.135 23811-23811 RealImageLoader         com.rpeters.jellyfin                 I   Successful (DISK) - https://rpeters1428.huron.usbx.me/jellyfin/Items/7dcba4b0-e89d-13bc-cb6e-5827d374b98d/Images/Primary?maxHeight=400&maxWidth=400
2026-01-31 17:43:01.135 23811-23811 RealImageLoader         com.rpeters.jellyfin                 I   Successful (DISK) - https://rpeters1428.huron.usbx.me/jellyfin/Items/d72a9613-36a5-ea94-67e4-e1a44ece3c8e/Images/Primary?maxHeight=400&maxWidth=400
2026-01-31 17:43:01.150 23811-23811 RealImageLoader         com.rpeters.jellyfin                 I   Successful (DISK) - https://rpeters1428.huron.usbx.me/jellyfin/Items/28398653-fdb8-beab-dacc-91ffa1b70c56/Images/Backdrop?tag=d3a7fbf7f40f90bd77535c07498fd498&maxHeight=400&maxWidth=800
2026-01-31 17:43:05.607 23811-23811 VRI[MainAc...y]@675d6a7 com.rpeters.jellyfin                 I  ViewPostIme pointer 0
2026-01-31 17:43:05.617 23811-23811 VRI[MainAc...y]@675d6a7 com.rpeters.jellyfin                 I  call setFrameRateCategory for touch hint category=high hint, reason=touch, vri=VRI[MainActivity]@675d6a7
2026-01-31 17:43:05.667 23811-23811 VRI[MainAc...y]@675d6a7 com.rpeters.jellyfin                 I  ViewPostIme pointer 1
2026-01-31 17:43:05.736 23811-23811 WindowOnBackDispatcher  com.rpeters.jellyfin                 D  setTopOnBackInvokedCallback (unwrapped): android.app.Activity$$ExternalSyntheticLambda0@762a638
2026-01-31 17:43:05.759 23811-23811 peters.jellyfin         com.rpeters.jellyfin                 W  Method void com.google.android.gms.internal.mlkit_genai_prompt.zzfo.zzq() failed lock verification and will run slower.
2026-01-31 17:43:05.774 23811-23867 peters.jellyfin         com.rpeters.jellyfin                 W  Method void com.google.android.gms.internal.mlkit_genai_prompt.zzfk.onServiceDisconnected(android.content.ComponentName) failed lock verification and will run slower.
2026-01-31 17:43:05.774 23811-23867 peters.jellyfin         com.rpeters.jellyfin                 W  Method void com.google.android.gms.internal.mlkit_genai_prompt.zzfk.zzc(com.google.android.gms.internal.mlkit_genai_prompt.zzad) failed lock verification and will run slower.
2026-01-31 17:43:05.774 23811-23867 peters.jellyfin         com.rpeters.jellyfin                 W  Method void com.google.android.gms.internal.mlkit_genai_prompt.zzfk.zze() failed lock verification and will run slower.
2026-01-31 17:43:05.774 23811-23867 peters.jellyfin         com.rpeters.jellyfin                 W  Method void com.google.android.gms.internal.mlkit_genai_prompt.zzfk.zzf() failed lock verification and will run slower.
2026-01-31 17:43:05.775 23811-23867 peters.jellyfin         com.rpeters.jellyfin                 W  Method java.lang.Object com.google.android.gms.internal.mlkit_genai_prompt.zzfx.zzb(com.google.android.gms.internal.mlkit_genai_prompt.zzfx, com.google.common.util.concurrent.ListenableFuture, com.google.android.gms.internal.mlkit_genai_prompt.zzhz, androidx.concurrent.futures.CallbackToFutureAdapter$Completer) failed lock verification and will run slower.
