2026-02-02 19:13:52.778  7117-7772  CCodecConfig            com.rpeters.jellyfin                 D  read media type: audio/opus
2026-02-02 19:13:52.779  7117-7772  ReflectedParamUpdater   com.rpeters.jellyfin                 D  extent() != 1 for single value type: algo.buffers.max-count.values
2026-02-02 19:13:52.779  7117-7772  ReflectedParamUpdater   com.rpeters.jellyfin                 D  extent() != 1 for single value type: output.subscribed-indices.values
2026-02-02 19:13:52.779  7117-7772  ReflectedParamUpdater   com.rpeters.jellyfin                 D  extent() != 1 for single value type: input.buffers.allocator-ids.values
2026-02-02 19:13:52.779  7117-7772  ReflectedParamUpdater   com.rpeters.jellyfin                 D  extent() != 1 for single value type: output.buffers.allocator-ids.values
2026-02-02 19:13:52.779  7117-7772  ReflectedParamUpdater   com.rpeters.jellyfin                 D  extent() != 1 for single value type: algo.buffers.allocator-ids.values
2026-02-02 19:13:52.779  7117-7772  ReflectedParamUpdater   com.rpeters.jellyfin                 D  extent() != 1 for single value type: output.buffers.pool-ids.values
2026-02-02 19:13:52.779  7117-7772  ReflectedParamUpdater   com.rpeters.jellyfin                 D  extent() != 1 for single value type: algo.buffers.pool-ids.values
2026-02-02 19:13:52.780  7117-7772  CCodec                  com.rpeters.jellyfin                 I  [c2.android.opus.decoder] config->initialize() : 0
2026-02-02 19:13:52.780  7117-7772  CCodecConfig            com.rpeters.jellyfin                 I  query failed after returning 8 values (BAD_INDEX)
2026-02-02 19:13:52.780  7117-7772  CCodecConfig            com.rpeters.jellyfin                 D  c2 config diff is Dict {
                                                                                                      c2::u32 coded.bitrate.value = 6000
                                                                                                      c2::u32 input.buffers.max-size.value = 5760
                                                                                                      c2::u32 input.delay.value = 0
                                                                                                      string input.media-type.value = "audio/opus"
                                                                                                      c2::u32 output.large-frame.max-size = 0
                                                                                                      c2::u32 output.large-frame.threshold-size = 0
                                                                                                      string output.media-type.value = "audio/raw"
                                                                                                      c2::u32 raw.channel-count.value = 1
                                                                                                      c2::u32 raw.sample-rate.value = 48000
                                                                                                    }
2026-02-02 19:13:52.780  7117-7772  CCodec                  com.rpeters.jellyfin                 I  [c2.android.opus.decoder] config->queryConfiguration()
2026-02-02 19:13:52.780  7117-7772  CCodec                  com.rpeters.jellyfin                 I  [c2.android.opus.decoder] mCallback->onComponentAllocated() IN
2026-02-02 19:13:52.780  7117-7772  CCodec                  com.rpeters.jellyfin                 I  [c2.android.opus.decoder] mCallback->onComponentAllocated() OUT
2026-02-02 19:13:52.780  7117-7772  MediaCodec              com.rpeters.jellyfin                 I  MediaCodec will operate in async mode
2026-02-02 19:13:52.781  7117-7700  MediaCodec              com.rpeters.jellyfin                 I  media_quality service unavailable, skipping updatePictureProfile
2026-02-02 19:13:52.781  7117-7772  CCodec                  com.rpeters.jellyfin                 D  [c2.android.opus.decoder] buffers are bound to CCodec for this session
2026-02-02 19:13:52.781  7117-7772  CCodec                  com.rpeters.jellyfin                 I  appPid(7117) width(0) height(0)
2026-02-02 19:13:52.781  7117-7772  CCodecConfig            com.rpeters.jellyfin                 D  no c2 equivalents for csd-1
2026-02-02 19:13:52.781  7117-7772  CCodecConfig            com.rpeters.jellyfin                 D  no c2 equivalents for csd-2
2026-02-02 19:13:52.781  7117-7772  CCodecConfig            com.rpeters.jellyfin                 D  no c2 equivalents for log-session-id
2026-02-02 19:13:52.781  7117-7772  CCodecConfig            com.rpeters.jellyfin                 D  no c2 equivalents for importance
2026-02-02 19:13:52.781  7117-7772  CCodecConfig            com.rpeters.jellyfin                 D  no c2 equivalents for flags
2026-02-02 19:13:52.781  7117-7772  CCodecConfig            com.rpeters.jellyfin                 D  c2 config diff is   c2::u32 raw.channel-count.value = 2
2026-02-02 19:13:52.781  7117-7772  CCodec                  com.rpeters.jellyfin                 D  encoding statistics level = 0
2026-02-02 19:13:52.781  7117-7772  CCodec                  com.rpeters.jellyfin                 D  setup formats input: AMessage(what = 0x00000000) = {
                                                                                                      int32_t bitrate = 6000
                                                                                                      int32_t channel-count = 2
                                                                                                      int32_t max-input-size = 5760
                                                                                                      string mime = "audio/opus"
                                                                                                      int32_t sample-rate = 48000
                                                                                                      int64_t durationUs = 0
                                                                                                    }
2026-02-02 19:13:52.781  7117-7772  CCodec                  com.rpeters.jellyfin                 D  setup formats output: AMessage(what = 0x00000000) = {
                                                                                                      int32_t buffer-batch-max-output-size = 0
                                                                                                      int32_t buffer-batch-threshold-output-size = 0
                                                                                                      int32_t channel-count = 2
                                                                                                      string mime = "audio/raw"
                                                                                                      int32_t sample-rate = 48000
                                                                                                      int32_t android._config-pcm-encoding = 2
                                                                                                    }
2026-02-02 19:13:52.781  7117-7772  CCodecConfig            com.rpeters.jellyfin                 I  query failed after returning 8 values (BAD_INDEX)
2026-02-02 19:13:52.781  7117-7772  peters.jellyfin         com.rpeters.jellyfin                 E  Failed to query component interface for required system resources: 6
2026-02-02 19:13:52.781  7117-7700  MediaCodec              com.rpeters.jellyfin                 D  keep callback message for reclaim
2026-02-02 19:13:52.782  7117-7772  CCodec                  com.rpeters.jellyfin                 I  [c2.android.opus.decoder] state->set(STARTING)
2026-02-02 19:13:52.783  7117-7772  CCodecBufferChannel     com.rpeters.jellyfin                 D  [c2.android.opus.decoder#582] Created input block pool with allocatorID 16 => poolID 18 - OK (0)
2026-02-02 19:13:52.783  7117-7772  CCodecBufferChannel     com.rpeters.jellyfin                 I  [c2.android.opus.decoder#582] Created output block pool with allocatorID 16 => poolID 6339 - OK
2026-02-02 19:13:52.783  7117-7772  CCodecBufferChannel     com.rpeters.jellyfin                 D  [c2.android.opus.decoder#582] Configured output block pool ids 6339 => OK
2026-02-02 19:13:52.783  7117-7772  CCodec                  com.rpeters.jellyfin                 I  [c2.android.opus.decoder] state->set(RUNNING)
2026-02-02 19:13:52.784  7117-7772  CCodecBufferChannel     com.rpeters.jellyfin                 I  [c2.android.opus.decoder#582] 4 initial input buffers available
2026-02-02 19:13:52.784  7117-7772  peters.jellyfin         com.rpeters.jellyfin                 W  AIBinder_linkToDeath is being called with a non-null cookie and no onUnlink callback set. This might not be intended. AIBinder_DeathRecipient_setOnUnlinked should be called first.
2026-02-02 19:13:52.785  7117-7700  LoudnessCodecController com.rpeters.jellyfin                 W  MediaCodec mime type not supported for loudness annotation
2026-02-02 19:13:52.785  7117-7700  LoudnessCodecController com.rpeters.jellyfin                 V  Could not extract codec loudness information
2026-02-02 19:13:52.789  7117-7700  FfmpegLibrary           com.rpeters.jellyfin                 W  No opus decoder available. Check the FFmpeg build configuration.
2026-02-02 19:13:52.792  7117-7727  CCodecConfig            com.rpeters.jellyfin                 D  c2 config diff is   c2::u32 output.delay.value = 12
2026-02-02 19:13:52.793  7117-7727  CCodecBufferChannel     com.rpeters.jellyfin                 I  [c2.qti.avc.decoder#864] updating max output delay 19
2026-02-02 19:13:52.793  7117-7727  GraphicsTracker         com.rpeters.jellyfin                 D  maxDequeueCount is already 19
2026-02-02 19:13:52.798  7117-7700  peters.jellyfin         com.rpeters.jellyfin                 I  hiddenapi: Accessing hidden method Landroid/media/AudioTrack;->getLatency()I (runtime_flags=0, domain=platform, api=unsupported) from Landroidx/media3/exoplayer/audio/AudioTrackPositionTracker; (domain=app, TargetSdkVersion=35) using reflection: allowed
2026-02-02 19:13:52.799  7117-7700  AudioTrack              com.rpeters.jellyfin                 D  setVolume(1.000000, 1.000000) pid : 7117
2026-02-02 19:13:52.801  7117-7727  CCodecConfig            com.rpeters.jellyfin                 D  c2 config diff is   c2::u32 raw.color.matrix = 1
                                                                                                      c2::u32 raw.color.primaries = 1
                                                                                                      c2::u32 raw.color.range = 2
                                                                                                      c2::u32 raw.color.transfer = 3
                                                                                                      c2::u32 raw.crop.height = 1080
                                                                                                      c2::u32 raw.crop.left = 0
                                                                                                      c2::u32 raw.crop.top = 0
                                                                                                      c2::u32 raw.crop.width = 1920
                                                                                                      c2::u32 raw.data-space.value = 281083904
                                                                                                      c2::u32 raw.size.height = 1088
2026-02-02 19:13:52.801  7117-7727  CCodecBuffers           com.rpeters.jellyfin                 D  [c2.qti.avc.decoder#864:2D-Output] popFromStashAndRegister: at 1000000000000us, output format changed to AMessage(what = 0x00000000) = {
                                                                                                      int32_t android._color-format = 0
                                                                                                      int32_t android._video-scaling = 1
                                                                                                      int32_t android._dataspace = 281083904
                                                                                                      int32_t color-standard = 1
                                                                                                      int32_t color-range = 2
                                                                                                      int32_t color-transfer = 3
                                                                                                      int32_t sar-height = 1
                                                                                                      int32_t rotation-degrees = 0
                                                                                                      Buffer hdr-static-info = {
                                                                                                        00000000:  00 00 00 00 00 00 00 00  00 00 00 00 00 00 00 00  ................
                                                                                                        00000010:  00 00 00 00 00 00 00 00  00                       .........
                                                                                                      }
                                                                                                      int32_t sar-width = 1
                                                                                                      Rect crop(0, 0, 1919, 1079)
                                                                                                      int32_t width = 1920
                                                                                                      int32_t feature-secure-playback = 0
                                                                                                      int32_t frame-rate = 1
                                                                                                      int32_t height = 1088
                                                                                                      int32_t max-height = 1080
                                                                                                      int32_t max-width = 1920
                                                                                                      string mime = "video/raw"
                                                                                                      int32_t priority = 0
                                                                                                      int32_t color-format = 2130708361
                                                                                                      int32_t p-extraBC = 6
                                                                                                    }
2026-02-02 19:13:52.805  7117-7724  BLASTBufferQueue        com.rpeters.jellyfin                 I  [56bf8ee SurfaceView[com.rpeters.jellyfin/com.rpeters.jellyfin.ui.player.VideoPlayerActivity]@0#2](f:0,a:0,s:0) onFrameAvailable the first frame is available
2026-02-02 19:13:52.805  7117-7724  SurfaceComposerClient   com.rpeters.jellyfin                 I  apply transaction with the first frame. layerId: 175055, bufferData(ID: 30567282245659, frameNumber: 1)
2026-02-02 19:13:52.805  7117-7724  MediaCodec              com.rpeters.jellyfin                 I  setCodecState state(1), called in 6, domain 1, 1
2026-02-02 19:13:52.806  7117-7117  VideoPlayer             com.rpeters.jellyfin                 D  Video size changed: 1920x1080
2026-02-02 19:13:52.816  2941-2957  AppOps                  system_server                        E  attributionTag  not declared in manifest of com.rpeters.jellyfin
2026-02-02 19:13:52.816  7117-7117  SurfaceView             com.rpeters.jellyfin                 I  90962158 Changes: creating=false format=false size=true visible=false alpha=false hint=false left=true top=false z=false attached=true lifecycleStrategy=false
2026-02-02 19:13:52.816  2941-2957  AppOps                  system_server                        E  attributionTag  not declared in manifest of com.rpeters.jellyfin
2026-02-02 19:13:52.816  7117-7117  SurfaceView             com.rpeters.jellyfin                 I  90962158 Cur surface: Surface(name=null mNativeObject=-5476376652090850896)/@0x10308bb
2026-02-02 19:13:52.816  7117-7117  BLASTBufferQueue_Java   com.rpeters.jellyfin                 I  update, w= 2560 h= 1440 mName = 56bf8ee SurfaceView[com.rpeters.jellyfin/com.rpeters.jellyfin.ui.player.VideoPlayerActivity]@0 mNativeObject= 0xb4000073e3d06ae0 sc.mNativeObject= 0xb400007273d26ad0 format= 4 caller= android.view.SurfaceView.setBufferSize:1800 android.view.SurfaceView.performSurfaceTransaction:1295 android.view.SurfaceView.updateSurface:1550 android.view.SurfaceView.setFrame:746 android.view.View.layout:27355 android.widget.FrameLayout.layoutChildren:345
2026-02-02 19:13:52.816  7117-7117  SV[9096215...rActivity] com.rpeters.jellyfin                 I  pST: sr = Rect(280, 0 - 2840, 1440) sw = 2560 sh = 1440
2026-02-02 19:13:52.816  7117-7117  SurfaceView             com.rpeters.jellyfin                 D  90962158 performSurfaceTransaction RenderWorker position = [280, 0, 2840, 1440] surfaceSize = 2560x1440
2026-02-02 19:13:52.817  7117-7117  SV[9096215...rActivity] com.rpeters.jellyfin                 I  updateSurface: mVisible = true mSurface.isValid() = true
2026-02-02 19:13:52.817  7117-7117  SV[9096215...rActivity] com.rpeters.jellyfin                 I  updateSurface: mSurfaceCreated = true surfaceChanged = false visibleChanged = false
2026-02-02 19:13:52.817  7117-7117  SurfaceView             com.rpeters.jellyfin                 I  90962158 surfaceChanged -- format=4 w=2560 h=1440
2026-02-02 19:13:52.817  7117-7117  SV[9096215...rActivity] com.rpeters.jellyfin                 I  surfaceChanged (2560,1440) 1 #5 android.view.SurfaceView{56bf8ee V.E...... ......ID 0,0-2560,1440}
2026-02-02 19:13:52.817  7117-7117  SurfaceView             com.rpeters.jellyfin                 I  90962158 surfaceRedrawNeeded
2026-02-02 19:13:52.817  7117-7117  SurfaceView             com.rpeters.jellyfin                 I  90962158 finishedDrawing
2026-02-02 19:13:52.817  7117-7117  SurfaceView             com.rpeters.jellyfin                 V  Layout: x=280 y=0 w=2560 h=1440, frame=Rect(0, 0 - 2560, 1440)
2026-02-02 19:13:52.818  7117-7242  SurfaceView             com.rpeters.jellyfin                 D  90962158 updateSurfacePosition RenderWorker, frameNr = 389, position = [280, 0, 2840, 1440] surfaceSize = 2560x1440
2026-02-02 19:13:52.818  7117-7242  SV[9096215...rActivity] com.rpeters.jellyfin                 I  uSP: rtp = Rect(280, 0 - 2840, 1440) rtsw = 2560 rtsh = 1440
2026-02-02 19:13:52.818  7117-7242  SV[9096215...rActivity] com.rpeters.jellyfin                 I  onSSPAndSRT: pl = 280 pt = 0 sx = 1.0 sy = 1.0
2026-02-02 19:13:52.819  7117-7242  SV[9096215...rActivity] com.rpeters.jellyfin                 I  aOrMT: VRI[VideoPlayerActivity]@17d6266 t = android.view.SurfaceControl$Transaction@86b5437 fN = 389 android.view.SurfaceView.-$$Nest$mapplyOrMergeTransaction:0 android.view.SurfaceView$SurfaceViewPositionUpdateListener.positionChanged:2029 android.graphics.RenderNode$CompositePositionUpdateListener.positionChanged:401
2026-02-02 19:13:52.819  7117-7242  VRI[VideoP...y]@17d6266 com.rpeters.jellyfin                 I  mWNT: t=0xb400007313db54a0 mBlastBufferQueue=0xb4000073e3d77920 fn= 389 HdrRenderState mRenderHdrSdrRatio=1.0 caller= android.view.SurfaceView.applyOrMergeTransaction:1960 android.view.SurfaceView.-$$Nest$mapplyOrMergeTransaction:0 android.view.SurfaceView$SurfaceViewPositionUpdateListener.positionChanged:2029
2026-02-02 19:13:52.819  7117-7117  VRI[VideoP...y]@17d6266 com.rpeters.jellyfin                 I  mWNT: t=0xb400007313da3830 mBlastBufferQueue=0xb4000073e3d77920 fn= 0 HdrRenderState mRenderHdrSdrRatio=1.0 caller= android.view.ViewRootImpl.performTraversals:5617 android.view.ViewRootImpl.doTraversal:3959 android.view.ViewRootImpl$TraversalRunnable.run:13030
2026-02-02 19:13:52.820  7117-7117  MediaRouter             com.rpeters.jellyfin                 D  onRestoreRoute() : route=RouteInfo{ name=Phone, description=null, status=null, category=RouteCategory{ name=System types=ROUTE_TYPE_LIVE_AUDIO ROUTE_TYPE_LIVE_VIDEO  groupable=false }, supportedTypes=ROUTE_TYPE_LIVE_AUDIO ROUTE_TYPE_LIVE_VIDEO , presentationDisplay=null }
2026-02-02 19:13:52.820  7117-7117  MediaRouter             com.rpeters.jellyfin                 V  Selecting route: RouteInfo{ name=Phone, description=null, status=null, category=RouteCategory{ name=System types=ROUTE_TYPE_LIVE_AUDIO ROUTE_TYPE_LIVE_VIDEO  groupable=false }, supportedTypes=ROUTE_TYPE_LIVE_AUDIO ROUTE_TYPE_LIVE_VIDEO , presentationDisplay=null }
2026-02-02 19:13:52.823  7117-7117  VideoPlayer             com.rpeters.jellyfin                 D  State: READY, isPlaying: true
2026-02-02 19:13:52.824  7117-7117  VideoPlayer             com.rpeters.jellyfin                 D  Duration update: rawDuration=-9223372036854775807, currentDuration=2562560, validDuration=2562560
2026-02-02 19:13:52.824  7117-7117  VideoPlayer             com.rpeters.jellyfin                 D  Playing changed: true
2026-02-02 19:13:52.835  7117-7117  SV[9096215...rActivity] com.rpeters.jellyfin                 D  skip updating surface, 5
2026-02-02 19:13:52.840  7117-7237  RepositoryUtils         com.rpeters.jellyfin                 D  [VERBOSE] validateServer: Server validation passed for user rpeters1428 on https://rpeters1428.huron.usbx.me/jellyfin
2026-02-02 19:13:53.025  7117-7700  AudioTrack              com.rpeters.jellyfin                 D  getTimestamp_l(18140): device stall time corrected using current time 580198198605593
2026-02-02 19:13:53.048  7117-7237  PlaybackProgressManager com.rpeters.jellyfin                 D  Reported playback start for: 78f6d0d7-199f-f971-d1a8-610d7c74266f
2026-02-02 19:13:55.397  7117-7137  peters.jellyfin         com.rpeters.jellyfin                 I  Compiler allocated 8341KB to compile kotlin.Unit com.rpeters.jellyfin.ui.player.ExpressiveVideoControlsKt.ExpressiveBottomControls$lambda$2$0(com.rpeters.jellyfin.ui.player.VideoPlayerState, kotlin.jvm.functions.Function0, kotlin.jvm.functions.Function1, kotlin.jvm.functions.Function0, kotlin.jvm.functions.Function0, kotlin.jvm.functions.Function0, kotlin.jvm.functions.Function0, kotlin.jvm.functions.Function1, kotlin.jvm.functions.Function1, androidx.compose.runtime.Composer, int)
2026-02-02 19:13:58.092  7117-7144  AidlBufferPool          com.rpeters.jellyfin                 D  bufferpool2 0xb400007313db4728 : 11(92274688 size) total buffers - 11(92274688 size) used buffers - 141/152 (recycle/alloc) - 11/148 (fetch/transfer)
2026-02-02 19:13:58.345  7117-7772  AidlBufferPool          com.rpeters.jellyfin                 D  bufferpool2 0xb400007313da1a88 : 5(28800 size) total buffers - 1(5760 size) used buffers - 314/319 (recycle/alloc) - 5/634 (fetch/transfer)
2026-02-02 19:13:58.348  7117-7237  RepositoryUtils         com.rpeters.jellyfin                 D  [VERBOSE] validateServer: Server validation passed for user rpeters1428 on https://rpeters1428.huron.usbx.me/jellyfin
2026-02-02 19:13:58.377  7117-7117  VRI[VideoP...y]@17d6266 com.rpeters.jellyfin                 I  ViewPostIme pointer 0
2026-02-02 19:13:58.381  7117-7117  VRI[VideoP...y]@17d6266 com.rpeters.jellyfin                 I  call setFrameRateCategory for touch hint category=high hint, reason=touch, vri=VRI[VideoPlayerActivity]@17d6266
2026-02-02 19:13:58.425  7117-7117  VRI[VideoP...y]@17d6266 com.rpeters.jellyfin                 I  ViewPostIme pointer 1
2026-02-02 19:13:58.541  7117-7237  PlaybackProgressManager com.rpeters.jellyfin                 D  Reported progress at 5295ms for 78f6d0d7-199f-f971-d1a8-610d7c74266f
2026-02-02 19:13:59.533  7117-7117  VRI[VideoP...y]@17d6266 com.rpeters.jellyfin                 I  ViewPostIme pointer 0
2026-02-02 19:13:59.615  7117-7117  VRI[VideoP...y]@17d6266 com.rpeters.jellyfin                 I  ViewPostIme pointer 1
2026-02-02 19:13:59.627  7117-7117  Dialog                  com.rpeters.jellyfin                 I  mIsDeviceDefault = false, mIsSamsungBasicInteraction = false, isMetaDataInActivity = false
2026-02-02 19:13:59.630  7117-7117  DecorView               com.rpeters.jellyfin                 I  setWindowBackground: isPopOver=false color=0 d=android.graphics.drawable.ColorDrawable@c9c888a
2026-02-02 19:13:59.636  7117-7117  WindowManager           com.rpeters.jellyfin                 I  WindowManagerGlobal#addView, ty=2, view=com.android.internal.policy.DecorView{4f9f2f4 V.E...... R.....I. 0,0-0,0}[VideoPlayerActivity], caller=android.view.WindowManagerImpl.addView:167 android.app.Dialog.show:544 androidx.compose.ui.window.AndroidDialog_androidKt$Dialog$1$1.invoke:220
2026-02-02 19:13:59.636  7117-7117  ViewRootImpl            com.rpeters.jellyfin                 D  desktopMode is false
2026-02-02 19:13:59.636  7117-7117  ViewRootImpl            com.rpeters.jellyfin                 I  dVRR is disabled
2026-02-02 19:13:59.636  7117-7242  NativeCust...ncyManager com.rpeters.jellyfin                 D  [NativeCFMS] BpCustomFrequencyManager::BpCustomFrequencyManager()
2026-02-02 19:13:59.639  7117-7117  InputTransport          com.rpeters.jellyfin                 D  Input channel constructed: '2805fee', fd=490
2026-02-02 19:13:59.639  7117-7117  InsetsController        com.rpeters.jellyfin                 I  onStateChanged: host=com.rpeters.jellyfin/com.rpeters.jellyfin.ui.player.VideoPlayerActivity, from=android.view.ViewRootImpl.onInsetsStateChanged:3038, state=InsetsState: {mDisplayFrame=Rect(0, 0 - 3120, 1440), mDisplayCutout=DisplayCutout{insets=Rect(128, 0 - 0, 0) waterfall=Insets{left=0, top=0, right=0, bottom=0} boundingRect={Bounds=[Rect(0, 685 - 128, 755), Rect(0, 0 - 0, 0), Rect(0, 0 - 0, 0), Rect(0, 0 - 0, 0)]} cutoutPathParserInfo={CutoutPathParserInfo{displayWidth=1440 displayHeight=3120 physicalDisplayWidth=1440 physicalDisplayHeight=3120 density={3.75} cutoutSpec={M 0,0 H -9.333333333333333 V 34.13333333333333 H 9.333333333333333 V 0 H 0 Z @dp} rotation={1} scale={1.0} physicalPixelDisplaySizeRatio={1.0}}} sideOverrides={}}, mRoundedCorners=RoundedCorners{[RoundedCorner{position=TopLeft, radius=56, center=Point(56, 56)}, RoundedCorner{position=TopRight, radius=56, center=Point(3064, 56)}, RoundedCorner{position=BottomRight, radius=56, center=Point(3064, 1384)}, RoundedCorner{position=BottomLeft, radius=56, center=Point(56, 1384)}]}  mRoundedCornerFrame=Rect(0, 0 - 3120, 1440), mPrivacyIndicatorBounds=PrivacyIndicatorBounds {static bounds=Rect(2955, 0 - 3120, 113) rotation=1}, mDisplayShape=DisplayShape{ spec=-311912193 displayWidth=1440 displayHeight=3120 physicalPixelDisplaySizeRatio=1.0 rotation=1 offsetX=0 offsetY=0 scale=1.0}, mSources= { InsetsSource: {91450001 mType=navigationBars mFrame=[0,1384][3120,1440] mAttachedInsets=null mVisible=false mFlags=SUPPRESS_SCRIM mSideHint=BOTTOM mBoundingRects=null}, InsetsSource: {91450004 mType=systemGestures mFrame=[0,0][240,1440] mAttachedInsets=null mVisible=true mFlags= mSideHint=LEFT mBoundingRects=null}, InsetsSource: {91450005 mType=mandatorySystemGestures mFrame=[0,1320][3120,1440] mAttachedInsets=null mVisible=true mFlags= mSideHint=BOTTOM mBoundingRects=null}, InsetsSource: {91450006 mType=tappableElement mFrame=[0,0][0,0] mAttachedInsets=null mVisible=true mFlags= mSideHint=NONE mBoundingRects=null}, InsetsSource: {91450024 mType=systemGestures mFrame=[3008,0][3120,1440] mAttachedInsets=null mVisible=true mFlags= mSideHint=RIGHT mBoundingRects=null}, InsetsSource: {9c550000 mType=statusBars mFrame=[0,0][3120,113] mAttachedInsets=null mVisible=false mFlags= mSideHint=TOP mBoundingRects=null}, InsetsSource: {9c550005 mType=mandatorySystemGestures mFrame=[0,0][3120,113] mAttachedInsets=null mVisible=true mFlags= mSideHint=TOP mBoundingRects=null}, InsetsSource: {9c550006 mType=tappableElement mFrame=[0,0][3120,113] mAttachedInsets=null mVisible=true mFlags= mSideHint=TOP mBoundingRects=null}, InsetsSource: {3 mType=ime mFrame=[0,0][0,0] mAttachedInsets=null mVisible=false mFlags=INVALID mSideHint=NONE mBoundingRects=null}, InsetsSource: {7 mType=displayCutout mFrame=[0,0][128,1440] mAttachedInsets=null mVisible=true mFlags= mSideHint=LEFT mBoundingRects=null} }
2026-02-02 19:13:59.639  7117-7265  perf_hint               com.rpeters.jellyfin                 E  Session ID too large, must fit 32-bit integer
2026-02-02 19:13:59.639  7117-7117  VRI[VideoP...y]@32afa1d com.rpeters.jellyfin                 I  synced displayState. AttachInfo displayState=2
2026-02-02 19:13:59.640  7117-7117  VRI[VideoP...y]@32afa1d com.rpeters.jellyfin                 I  setView = com.android.internal.policy.DecorView@4f9f2f4 IsHRR=false mFlingFrameRateChange=0 TM=true
2026-02-02 19:13:59.642  7117-7117  WindowOnBackDispatcher  com.rpeters.jellyfin                 D  setTopOnBackInvokedCallback (unwrapped): android.app.Dialog$$ExternalSyntheticLambda4@1021b19
2026-02-02 19:13:59.642  7117-7117  WindowOnBackDispatcher  com.rpeters.jellyfin                 D  setTopOnBackInvokedCallback (unwrapped): androidx.navigationevent.OnBackInvokedInput$createOnBackAnimationCallback$1@7d57de
2026-02-02 19:13:59.662  7117-7117  BufferQueueProducer     com.rpeters.jellyfin                 I  [](id:1bcd00000003,api:0,p:0,c:7117) setDequeueTimeout:2077252342
2026-02-02 19:13:59.663  7117-7117  BLASTBufferQueue_Java   com.rpeters.jellyfin                 I  new BLASTBufferQueue, mName= VRI[VideoPlayerActivity]@32afa1d mNativeObject= 0xb4000073e3d53720 caller= android.view.ViewRootImpl.updateBlastSurfaceIfNeeded:3603 android.view.ViewRootImpl.relayoutWindow:11809 android.view.ViewRootImpl.performTraversals:4839 android.view.ViewRootImpl.doTraversal:3959 android.view.ViewRootImpl$TraversalRunnable.run:13030 android.view.Choreographer$CallbackRecord.run:1961 android.view.Choreographer$CallbackRecord.run:1970 android.view.Choreographer.doCallbacks:1423 android.view.Choreographer.doFrame:1348 android.view.Choreographer$FrameDisplayEventReceiver.run:1930
2026-02-02 19:13:59.663  7117-7117  BLASTBufferQueue_Java   com.rpeters.jellyfin                 I  update, w= 1560 h= 1170 mName = VRI[VideoPlayerActivity]@32afa1d mNativeObject= 0xb4000073e3d53720 sc.mNativeObject= 0xb400007273d30910 format= -2 caller= android.view.ViewRootImpl.updateBlastSurfaceIfNeeded:3608 android.view.ViewRootImpl.relayoutWindow:11809 android.view.ViewRootImpl.performTraversals:4839 android.view.ViewRootImpl.doTraversal:3959 android.view.ViewRootImpl$TraversalRunnable.run:13030 android.view.Choreographer$CallbackRecord.run:1961
2026-02-02 19:13:59.663  7117-7117  VRI[VideoP...y]@32afa1d com.rpeters.jellyfin                 I  Relayout returned: old=(128,0,3120,1440) new=(1024,315,2224,1125) relayoutAsync=false req=(1200,810)0 dur=2 res=0x3 s={true 0xb400007333e52d30} ch=true seqId=0
2026-02-02 19:13:59.663  7117-7117  VRI[VideoP...y]@32afa1d com.rpeters.jellyfin                 I  performConfigurationChange setNightDimText nightDimLevel=0
2026-02-02 19:13:59.664  7117-7117  VRI[VideoP...y]@32afa1d com.rpeters.jellyfin                 D  mThreadedRenderer.initialize() mSurface={isValid=true 0xb400007333e52d30} hwInitialized=true
2026-02-02 19:13:59.668  7117-7117  VRI[VideoP...y]@32afa1d com.rpeters.jellyfin                 D  reportNextDraw android.view.ViewRootImpl.performTraversals:5503 android.view.ViewRootImpl.doTraversal:3959 android.view.ViewRootImpl$TraversalRunnable.run:13030 android.view.Choreographer$CallbackRecord.run:1961 android.view.Choreographer$CallbackRecord.run:1970
2026-02-02 19:13:59.668  7117-7117  VRI[VideoP...y]@32afa1d com.rpeters.jellyfin                 D  Setup new sync=wmsSync-VRI[VideoPlayerActivity]@32afa1d#11
2026-02-02 19:13:59.668  7117-7117  VRI[VideoP...y]@32afa1d com.rpeters.jellyfin                 I  Creating new active sync group VRI[VideoPlayerActivity]@32afa1d#12
2026-02-02 19:13:59.668  7117-7117  VRI[VideoP...y]@32afa1d com.rpeters.jellyfin                 D  registerCallbacksForSync syncBuffer=false
2026-02-02 19:13:59.670  7117-7266  VRI[VideoP...y]@32afa1d com.rpeters.jellyfin                 D  Received frameDrawingCallback syncResult=0 frameNum=1.
2026-02-02 19:13:59.670  7117-7266  VRI[VideoP...y]@32afa1d com.rpeters.jellyfin                 I  mWNT: t=0xb400007313dcb8c0 mBlastBufferQueue=0xb4000073e3d53720 fn= 1 HdrRenderState mRenderHdrSdrRatio=1.0 caller= android.view.ViewRootImpl$12.onFrameDraw:15557 android.view.ThreadedRenderer$1.onFrameDraw:751 <bottom of call stack>
2026-02-02 19:13:59.670  7117-7266  VRI[VideoP...y]@32afa1d com.rpeters.jellyfin                 I  Setting up sync and frameCommitCallback
2026-02-02 19:13:59.673  7117-7242  BLASTBufferQueue        com.rpeters.jellyfin                 I  [VRI[VideoPlayerActivity]@32afa1d#3](f:0,a:0,s:0) onFrameAvailable the first frame is available
2026-02-02 19:13:59.673  7117-7242  SurfaceComposerClient   com.rpeters.jellyfin                 I  apply transaction with the first frame. layerId: 175071, bufferData(ID: 30567282245856, frameNumber: 1)
2026-02-02 19:13:59.673  7117-7242  VRI[VideoP...y]@32afa1d com.rpeters.jellyfin                 I  Received frameCommittedCallback lastAttemptedDrawFrameNum=1 didProduceBuffer=true
2026-02-02 19:13:59.673  7117-7242  HWUI                    com.rpeters.jellyfin                 D  CFMS:: SetUp Pid : 7117    Tid : 7242
2026-02-02 19:13:59.673  7117-7117  VRI[VideoP...y]@32afa1d com.rpeters.jellyfin                 D  reportDrawFinished seqId=0
2026-02-02 19:13:59.679  7117-7117  BLASTBufferQueue_Java   com.rpeters.jellyfin                 I  update, w= 1560 h= 1170 mName = VRI[VideoPlayerActivity]@32afa1d mNativeObject= 0xb4000073e3d53720 sc.mNativeObject= 0xb400007273d30910 format= -2 caller= android.view.ViewRootImpl.updateBlastSurfaceIfNeeded:3592 android.view.ViewRootImpl.relayoutWindow:11809 android.view.ViewRootImpl.performTraversals:4839 android.view.ViewRootImpl.doTraversal:3959 android.view.ViewRootImpl$TraversalRunnable.run:13030 android.view.Choreographer$CallbackRecord.run:1961
2026-02-02 19:13:59.679  7117-7117  VRI[VideoP...y]@32afa1d com.rpeters.jellyfin                 I  Relayout returned: old=(1024,315,2224,1125) new=(1024,315,2224,1125) relayoutAsync=true req=(1200,810)0 dur=0 res=0x0 s={true 0xb400007333e52d30} ch=false seqId=0
2026-02-02 19:13:59.680  7117-7117  VRI[VideoP...y]@32afa1d com.rpeters.jellyfin                 I  registerCallbackForPendingTransactions
2026-02-02 19:13:59.680  7117-7265  VRI[VideoP...y]@32afa1d com.rpeters.jellyfin                 I  mWNT: t=0xb400007313da25b0 mBlastBufferQueue=0xb4000073e3d53720 fn= 2 HdrRenderState mRenderHdrSdrRatio=1.0 caller= android.view.ViewRootImpl$10.onFrameDraw:6611 android.view.ViewRootImpl$4.onFrameDraw:2485 android.view.ThreadedRenderer$1.onFrameDraw:751
2026-02-02 19:13:59.682  7117-7242  HWUI                    com.rpeters.jellyfin                 D  HWUI - treat SMPTE_170M as sRGB
2026-02-02 19:13:59.682  7117-7117  VRI[VideoP...y]@32afa1d com.rpeters.jellyfin                 I  handleResized, frames=ClientWindowFrames{frame=[1024,315][2224,1125] display=[128,0][3120,1440] parentFrame=[0,0][0,0]} displayId=0 dragResizing=false compatScale=1.0 frameChanged=false attachedFrameChanged=false configChanged=false displayChanged=false compatScaleChanged=false dragResizingChanged=false
2026-02-02 19:13:59.682  7117-7117  VRI[VideoP...y]@32afa1d com.rpeters.jellyfin                 I  handleResized mSyncSeqId = 0
2026-02-02 19:13:59.682  7117-7117  VRI[VideoP...y]@32afa1d com.rpeters.jellyfin                 D  reportNextDraw android.view.ViewRootImpl.handleResized:2995 android.view.ViewRootImpl.-$$Nest$mhandleResized:0 android.view.ViewRootImpl$W.resized:14196 android.app.servertransaction.WindowStateResizeItem.execute:81 android.app.servertransaction.WindowStateTransactionItem.execute:62
2026-02-02 19:13:59.683  7117-7117  VRI[VideoP...y]@32afa1d com.rpeters.jellyfin                 D  Setup new sync=wmsSync-VRI[VideoPlayerActivity]@32afa1d#13
2026-02-02 19:13:59.683  7117-7117  VRI[VideoP...y]@32afa1d com.rpeters.jellyfin                 I  Creating new active sync group VRI[VideoPlayerActivity]@32afa1d#14
2026-02-02 19:13:59.683  7117-7117  VRI[VideoP...y]@32afa1d com.rpeters.jellyfin                 D  registerCallbacksForSync syncBuffer=false
2026-02-02 19:13:59.683  7117-7266  VRI[VideoP...y]@32afa1d com.rpeters.jellyfin                 D  Received frameDrawingCallback syncResult=0 frameNum=3.
2026-02-02 19:13:59.683  7117-7266  VRI[VideoP...y]@32afa1d com.rpeters.jellyfin                 I  Setting up sync and frameCommitCallback
2026-02-02 19:13:59.683  7117-7242  VRI[VideoP...y]@32afa1d com.rpeters.jellyfin                 I  Received frameCommittedCallback lastAttemptedDrawFrameNum=3 didProduceBuffer=false
2026-02-02 19:13:59.683  7117-7242  BLASTBufferQueue_Java   com.rpeters.jellyfin                 I  gatherPendingTransactions, mName= VRI[VideoPlayerActivity]@32afa1d mNativeObject= 0xb4000073e3d53720 frameNumber= 3 caller= android.view.ViewRootImpl$12.lambda$onFrameDraw$3:15641 android.view.ViewRootImpl$12.$r8$lambda$CTo3ExVBk8akdVTGlqHPAoYLRVI:0 android.view.ViewRootImpl$12$$ExternalSyntheticLambda1.onFrameCommit:0 android.view.ThreadedRenderer$1.lambda$onFrameDraw$0:763 android.view.ThreadedRenderer$1$$ExternalSyntheticLambda0.onFrameCommit:0 <bottom of call stack>
2026-02-02 19:13:59.684  7117-7117  VRI[VideoP...y]@32afa1d com.rpeters.jellyfin                 D  reportDrawFinished seqId=0
2026-02-02 19:13:59.684  7117-7117  ImeFocusController      com.rpeters.jellyfin                 I  onPreWindowFocus: skipped hasWindowFocus=false mHasImeFocus=true
2026-02-02 19:13:59.684  7117-7117  ImeFocusController      com.rpeters.jellyfin                 I  onPostWindowFocus: skipped hasWindowFocus=false mHasImeFocus=true
2026-02-02 19:13:59.686  1964-1964  SurfaceFlinger          surfaceflinger                       E  alpha changed 1.000 -> 0.000 - Surface(name=2805fee com.rpeters.jellyfin/com.rpeters.jellyfin.ui.player.VideoPlayerActivity#175069)/@0x591bf95 - animation-leash of window_animation#175072
2026-02-02 19:13:59.686  1964-1964  SurfaceFlinger          surfaceflinger                       E  alpha changed 0.000 -> 0.000 - Surface(name=2805fee com.rpeters.jellyfin/com.rpeters.jellyfin.ui.player.VideoPlayerActivity#175069)/@0x591bf95 - animation-leash of window_animation#175072
2026-02-02 19:13:59.695  1964-1964  SurfaceFlinger          surfaceflinger                       E  alpha changed 0.000 -> 0.014 - Surface(name=2805fee com.rpeters.jellyfin/com.rpeters.jellyfin.ui.player.VideoPlayerActivity#175069)/@0x591bf95 - animation-leash of window_animation#175072
2026-02-02 19:13:59.696  7117-7117  VRI[VideoP...y]@32afa1d com.rpeters.jellyfin                 D  mThreadedRenderer.initializeIfNeeded()#2 mSurface={isValid=true 0xb400007333e52d30}
2026-02-02 19:13:59.697  7117-7117  InputMethodManagerUtils com.rpeters.jellyfin                 D  startInputInner - Id : 0
2026-02-02 19:13:59.697  7117-7117  InputMethodManager      com.rpeters.jellyfin                 I  startInputInner - IInputMethodManagerGlobalInvoker.startInputOrWindowGainedFocus
2026-02-02 19:13:59.698  7117-7117  InsetsController        com.rpeters.jellyfin                 D  hide(ime())
2026-02-02 19:13:59.698  7117-7117  ImeTracker              com.rpeters.jellyfin                 I  com.rpeters.jellyfin:d9c0b7d7: onCancelled at PHASE_CLIENT_ALREADY_HIDDEN
2026-02-02 19:13:59.698  7117-7301  InputTransport          com.rpeters.jellyfin                 D  Input channel constructed: 'ClientS', fd=338
2026-02-02 19:14:00.407  7117-7117  VRI[VideoP...y]@32afa1d com.rpeters.jellyfin                 I  ViewPostIme pointer 0
2026-02-02 19:14:00.407  7117-7117  VRI[VideoP...y]@32afa1d com.rpeters.jellyfin                 I  call setFrameRateCategory for touch hint category=high hint, reason=touch, vri=VRI[VideoPlayerActivity]@32afa1d
2026-02-02 19:14:00.481  7117-7117  VRI[VideoP...y]@32afa1d com.rpeters.jellyfin                 I  ViewPostIme pointer 1
2026-02-02 19:14:00.488  7117-7117  WindowManager           com.rpeters.jellyfin                 I  WindowManagerGlobal#removeView, ty=2, view=com.android.internal.policy.DecorView{4f9f2f4 V.E...... R....... 0,0-1200,810 aid=1073741826}[VideoPlayerActivity], caller=android.view.WindowManagerGlobal.removeView:654 android.view.WindowManagerImpl.removeViewImmediate:254 android.app.Dialog.dismissDialog:854
2026-02-02 19:14:00.489  7117-7117  WindowOnBackDispatcher  com.rpeters.jellyfin                 D  setTopOnBackInvokedCallback (unwrapped): null
2026-02-02 19:14:00.499  7117-7117  VRI[VideoP...y]@32afa1d com.rpeters.jellyfin                 I  dispatchDetachedFromWindow
2026-02-02 19:14:00.501  7117-7117  InputTransport          com.rpeters.jellyfin                 D  Input channel destroyed: '2805fee', fd=490
2026-02-02 19:14:00.522  7117-7117  VRI[VideoP...y]@17d6266 com.rpeters.jellyfin                 D  mThreadedRenderer.initializeIfNeeded()#2 mSurface={isValid=true 0xb400007333e0d9f0}
2026-02-02 19:14:00.523  7117-7117  InputMethodManagerUtils com.rpeters.jellyfin                 D  startInputInner - Id : 0
2026-02-02 19:14:00.523  7117-7117  InputMethodManager      com.rpeters.jellyfin                 I  startInputInner - IInputMethodManagerGlobalInvoker.startInputOrWindowGainedFocus
2026-02-02 19:14:00.524  7117-7117  InsetsController        com.rpeters.jellyfin                 D  hide(ime())
2026-02-02 19:14:00.524  7117-7117  ImeTracker              com.rpeters.jellyfin                 I  com.rpeters.jellyfin:f2d4ecb2: onCancelled at PHASE_CLIENT_ALREADY_HIDDEN
2026-02-02 19:14:00.524  7117-7163  InputTransport          com.rpeters.jellyfin                 D  Input channel constructed: 'ClientS', fd=456
2026-02-02 19:14:00.537  7117-7117  InsetsController        com.rpeters.jellyfin                 I  onStateChanged: host=com.rpeters.jellyfin/com.rpeters.jellyfin.ui.player.VideoPlayerActivity, from=android.view.ViewRootImpl.onInsetsStateChanged:3038, state=InsetsState: {mDisplayFrame=Rect(0, 0 - 3120, 1440), mDisplayCutout=DisplayCutout{insets=Rect(128, 0 - 0, 0) waterfall=Insets{left=0, top=0, right=0, bottom=0} boundingRect={Bounds=[Rect(0, 685 - 128, 755), Rect(0, 0 - 0, 0), Rect(0, 0 - 0, 0), Rect(0, 0 - 0, 0)]} cutoutPathParserInfo={CutoutPathParserInfo{displayWidth=1440 displayHeight=3120 physicalDisplayWidth=1440 physicalDisplayHeight=3120 density={3.75} cutoutSpec={M 0,0 H -9.333333333333333 V 34.13333333333333 H 9.333333333333333 V 0 H 0 Z @dp} rotation={1} scale={1.0} physicalPixelDisplaySizeRatio={1.0}}} sideOverrides={}}, mRoundedCorners=RoundedCorners{[RoundedCorner{position=TopLeft, radius=56, center=Point(56, 56)}, RoundedCorner{position=TopRight, radius=56, center=Point(3064, 56)}, RoundedCorner{position=BottomRight, radius=56, center=Point(3064, 1384)}, RoundedCorner{position=BottomLeft, radius=56, center=Point(56, 1384)}]}  mRoundedCornerFrame=Rect(0, 0 - 3120, 1440), mPrivacyIndicatorBounds=PrivacyIndicatorBounds {static bounds=Rect(2955, 0 - 3120, 113) rotation=1}, mDisplayShape=DisplayShape{ spec=-311912193 displayWidth=1440 displayHeight=3120 physicalPixelDisplaySizeRatio=1.0 rotation=1 offsetX=0 offsetY=0 scale=1.0}, mSources= { InsetsSource: {91450001 mType=navigationBars mFrame=[0,1384][3120,1440] mAttachedInsets=null mVisible=false mFlags=SUPPRESS_SCRIM mSideHint=BOTTOM mBoundingRects=null}, InsetsSource: {91450004 mType=systemGestures mFrame=[0,0][240,1440] mAttachedInsets=null mVisible=true mFlags= mSideHint=LEFT mBoundingRects=null}, InsetsSource: {91450005 mType=mandatorySystemGestures mFrame=[0,1320][3120,1440] mAttachedInsets=null mVisible=true mFlags= mSideHint=BOTTOM mBoundingRects=null}, InsetsSource: {91450006 mType=tappableElement mFrame=[0,0][0,0] mAttachedInsets=null mVisible=true mFlags= mSideHint=NONE mBoundingRects=null}, InsetsSource: {91450024 mType=systemGestures mFrame=[3008,0][3120,1440] mAttachedInsets=null mVisible=true mFlags= mSideHint=RIGHT mBoundingRects=null}, InsetsSource: {9c550000 mType=statusBars mFrame=[0,0][3120,113] mAttachedInsets=null mVisible=false mFlags= mSideHint=TOP mBoundingRects=null}, InsetsSource: {9c550005 mType=mandatorySystemGestures mFrame=[0,0][3120,113] mAttachedInsets=null mVisible=true mFlags= mSideHint=TOP mBoundingRects=null}, InsetsSource: {9c550006 mType=tappableElement mFrame=[0,0][3120,113] mAttachedInsets=null mVisible=true mFlags= mSideHint=TOP mBoundingRects=null}, InsetsSource: {7 mType=displayCutout mFrame=[0,0][128,1440] mAttachedInsets=null mVisible=true mFlags= mSideHint=LEFT mBoundingRects=null} }
2026-02-02 19:14:00.626  7117-7237  RepositoryUtils         com.rpeters.jellyfin                 D  [VERBOSE] validateServer: Server validation passed for user rpeters1428 on https://rpeters1428.huron.usbx.me/jellyfin
2026-02-02 19:14:00.661  2941-3004  WindowManager           system_server                        E  win=Window{2805fee u0 com.rpeters.jellyfin/com.rpeters.jellyfin.ui.player.VideoPlayerActivity EXITING} destroySurfaces: appStopped=false cleanupOnResume=false win.mWindowRemovalAllowed=true win.mRemoveOnExit=true win.mViewVisibility=0 caller=com.android.server.wm.WindowState.onExitAnimationDone:224 com.android.server.wm.WindowState.onAnimationFinished:161 com.android.server.wm.WindowContainer$$ExternalSyntheticLambda8.onAnimationFinished:3 com.android.server.wm.SurfaceAnimator$$ExternalSyntheticLambda0.onAnimationFinished:69 com.android.server.wm.LocalAnimationAdapter$$ExternalSyntheticLambda0.run:10 android.os.Handler.handleCallback:1070 android.os.Handler.dispatchMessage:125
2026-02-02 19:14:00.668  1964-1964  SurfaceFlinger          surfaceflinger                       E  alpha changed 0.009 -> 0.000 - Surface(name=2805fee com.rpeters.jellyfin/com.rpeters.jellyfin.ui.player.VideoPlayerActivity#175069)/@0x591bf95 - animation-leash of window_animation#175075
2026-02-02 19:14:00.787  7117-7117  PlaybackProgressManager com.rpeters.jellyfin                 D  Reported progress at 7296ms for 78f6d0d7-199f-f971-d1a8-610d7c74266f
2026-02-02 19:14:01.788  7117-7117  VRI[VideoP...y]@17d6266 com.rpeters.jellyfin                 I  ViewPostIme pointer 0
2026-02-02 19:14:01.864  7117-7137  peters.jellyfin         com.rpeters.jellyfin                 I  Compiler allocated 4754KB to compile kotlin.Unit com.rpeters.jellyfin.ui.player.ExpressiveVideoControlsKt.ExpressiveTopControls$lambda$2$0(com.rpeters.jellyfin.ui.player.VideoPlayerState, kotlin.jvm.functions.Function0, kotlin.jvm.functions.Function0, androidx.compose.runtime.Composer, int)
2026-02-02 19:14:01.879  7117-7117  VRI[VideoP...y]@17d6266 com.rpeters.jellyfin                 I  ViewPostIme pointer 1
2026-02-02 19:14:03.161  7117-7117  VRI[VideoP...y]@17d6266 com.rpeters.jellyfin                 I  ViewPostIme pointer 0
2026-02-02 19:14:03.194  7117-7117  VRI[VideoP...y]@17d6266 com.rpeters.jellyfin                 I  ViewPostIme pointer 1
2026-02-02 19:14:03.347  7117-7140  InputTransport          com.rpeters.jellyfin                 D  Input channel destroyed: 'ClientS', fd=456
2026-02-02 19:14:03.347  7117-7140  InputTransport          com.rpeters.jellyfin                 D  Input channel destroyed: 'ClientS', fd=338
2026-02-02 19:14:03.352  7117-7237  RepositoryUtils         com.rpeters.jellyfin                 D  [VERBOSE] validateServer: Server validation passed for user rpeters1428 on https://rpeters1428.huron.usbx.me/jellyfin
2026-02-02 19:14:03.391  7117-7163  AidlBufferPool          com.rpeters.jellyfin                 D  bufferpool2 0xb400007313db4728 : 11(92274688 size) total buffers - 11(92274688 size) used buffers - 263/274 (recycle/alloc) - 11/274 (fetch/transfer)
2026-02-02 19:14:03.509  7117-7241  PlaybackProgressManager com.rpeters.jellyfin                 D  Reported progress at 10310ms for 78f6d0d7-199f-f971-d1a8-610d7c74266f
2026-02-02 19:14:03.876  7117-7772  AidlBufferPool          com.rpeters.jellyfin                 D  bufferpool2 0xb400007313da1a88 : 5(28800 size) total buffers - 1(5760 size) used buffers - 591/596 (recycle/alloc) - 5/1188 (fetch/transfer)
2026-02-02 19:14:06.195  7117-7117  VRI[VideoP...y]@17d6266 com.rpeters.jellyfin                 I  call setFrameRateCategory for touch hint category=no preference, reason=boost timeout, vri=VRI[VideoPlayerActivity]@17d6266
2026-02-02 19:14:08.361  7117-7241  RepositoryUtils         com.rpeters.jellyfin                 D  [VERBOSE] validateServer: Server validation passed for user rpeters1428 on https://rpeters1428.huron.usbx.me/jellyfin
2026-02-02 19:14:08.515  7117-7236  PlaybackProgressManager com.rpeters.jellyfin                 D  Reported progress at 15314ms for 78f6d0d7-199f-f971-d1a8-610d7c74266f
2026-02-02 19:14:08.640  7117-7724  AidlBufferPool          com.rpeters.jellyfin                 D  bufferpool2 0xb400007313db4728 : 11(92274688 size) total buffers - 10(83886080 size) used buffers - 390/401 (recycle/alloc) - 11/401 (fetch/