2026-02-01 13:21:18.834 28903-28903 WindowLayo...ponentImpl com.rpeters.jellyfin                 D  Register WindowLayoutInfoListener on Context=com.rpeters.jellyfin.MainActivity@ff5935c, of which baseContext=android.app.ContextImpl@f308be4
2026-02-01 13:21:18.835 28903-28903 HomeScreen              com.rpeters.jellyfin                 D  Current server available, loading initial data for: rpeters1428
2026-02-01 13:21:18.840 28903-28903 ExoPlayerImpl           com.rpeters.jellyfin                 I  Init 8a3384d [AndroidXMedia3/1.9.1] [pa3q, SM-S938U1, samsung, 36]
2026-02-01 13:21:18.855 28903-28903 MediaSessionImpl        com.rpeters.jellyfin                 I  Init a9e4b68 [AndroidXMedia3/1.9.1] [pa3q, SM-S938U1, samsung, 36]
2026-02-01 13:21:18.857 28903-29072 AudioSystem             com.rpeters.jellyfin                 D  onNewServiceWithAdapter: media.audio_flinger service obtained 0xb400007233ddf330
2026-02-01 13:21:18.857 28903-29072 AudioSystem             com.rpeters.jellyfin                 D  getService: IAudioFlingerService retrieved: 0xb400007283d842d0  IAudioFlinger cached: 0xb400007233ddf330
2026-02-01 13:21:18.858 28903-28903 MediaSessionCompat      com.rpeters.jellyfin                 I  Couldn't find a unique registered media button receiver in the given context.
2026-02-01 13:21:18.867 28903-28975 OptimizedClientFactory  com.rpeters.jellyfin                 D  Creating new optimized client for: https://rpeters1428.huron.usbx.me/jellyfin (token tail: 56032a)
2026-02-01 13:21:19.026 28903-28903 MediaController         com.rpeters.jellyfin                 I  Init d4b9ad2 [AndroidXMedia3/1.9.1] [pa3q, SM-S938U1, samsung, 36]
2026-02-01 13:21:19.028 28903-28903 WindowLayo...ponentImpl com.rpeters.jellyfin                 D  Register WindowLayoutInfoListener on Context=com.rpeters.jellyfin.MainActivity@ff5935c, of which baseContext=android.app.ContextImpl@f308be4
2026-02-01 13:21:19.034 28903-28903 CompatChangeReporter    com.rpeters.jellyfin                 D  Compat change id reported: 270674727; UID 10549; state: ENABLED
2026-02-01 13:21:19.230 28903-28910 peters.jellyfin         com.rpeters.jellyfin                 W  userfaultfd: MOVE ioctl seems unsupported: Connection timed out
2026-02-01 13:21:19.247 28903-28911 InputTransport          com.rpeters.jellyfin                 D  Input channel destroyed: 'ClientS', fd=181
2026-02-01 13:21:19.247 28903-28911 InputTransport          com.rpeters.jellyfin                 D  Input channel destroyed: 'ClientS', fd=205
2026-02-01 13:21:19.248 28903-28911 InputTransport          com.rpeters.jellyfin                 D  Input channel destroyed: 'ClientS', fd=185
2026-02-01 13:21:19.855 28903-28975 GenerativeAi            com.rpeters.jellyfin                 D  AI request [analyzeViewingHabits] using cloud (Gemini API)
2026-02-01 13:21:19.872 28903-28975 AiModule                com.rpeters.jellyfin                 E  Nano availability check failed (Fix with AI)
                                                                                                    com.google.mlkit.genai.common.GenAiException: [ErrorCode 606] AICore failed with error type 3-PREPARATION_ERROR and error code 606-FEATURE_NOT_FOUND: Feature 636 is not available.
                                                                                                    	at com.google.android.gms.internal.mlkit_genai_prompt.zzaiq.zza(com.google.mlkit:genai-prompt@@1.0.0-beta1:3)
                                                                                                    	at com.google.android.gms.internal.mlkit_genai_prompt.zzjb.zza(com.google.mlkit:genai-prompt@@1.0.0-beta1:2)
                                                                                                    	at com.google.android.gms.internal.mlkit_genai_prompt.zzjc.run(com.google.mlkit:genai-prompt@@1.0.0-beta1:10)
                                                                                                    	at java.util.concurrent.ThreadPoolExecutor.runWorker(ThreadPoolExecutor.java:1154)
                                                                                                    	at java.util.concurrent.ThreadPoolExecutor$Worker.run(ThreadPoolExecutor.java:652)
                                                                                                    	at java.lang.Thread.run(Thread.java:1563)
                                                                                                    Caused by: com.google.android.gms.internal.mlkit_genai_prompt.zzcn: AICore failed with error type 3-PREPARATION_ERROR and error code 606-FEATURE_NOT_FOUND: Feature 636 is not available.
                                                                                                    	at com.google.android.gms.internal.mlkit_genai_prompt.zzfo.zzk(com.google.mlkit:genai-prompt@@1.0.0-beta1:9)
                                                                                                    	at com.google.android.gms.internal.mlkit_genai_prompt.zzet.zza(Unknown Source:9)
                                                                                                    	at com.google.android.gms.internal.mlkit_genai_prompt.zzjk.zza(com.google.mlkit:genai-prompt@@1.0.0-beta1:2)
                                                                                                    	at com.google.android.gms.internal.mlkit_genai_prompt.zzjm.run(com.google.mlkit:genai-prompt@@1.0.0-beta1:8)
                                                                                                    	... 3 more
2026-02-01 13:21:19.872 28903-28975 AiModule                com.rpeters.jellyfin                 W  Error 606: AICore config not ready or bootloader unlocked
2026-02-01 13:21:19.892 28903-28903 WindowLayo...ponentImpl com.rpeters.jellyfin                 D  Register WindowLayoutInfoListener on Context=com.rpeters.jellyfin.MainActivity@ff5935c, of which baseContext=android.app.ContextImpl@f308be4
2026-02-01 13:21:19.901 28903-28903 WindowLayo...ponentImpl com.rpeters.jellyfin                 D  Register WindowLayoutInfoListener on Context=com.rpeters.jellyfin.MainActivity@ff5935c, of which baseContext=android.app.ContextImpl@f308be4
2026-02-01 13:21:19.927 28903-28903 RealImageLoader         com.rpeters.jellyfin                 I   Successful (DISK) - https://rpeters1428.huron.usbx.me/jellyfin/Items/28398653-fdb8-beab-dacc-91ffa1b70c56/Images/Backdrop?tag=d3a7fbf7f40f90bd77535c07498fd498&maxHeight=400&maxWidth=800
2026-02-01 13:21:19.927 28903-28903 RealImageLoader         com.rpeters.jellyfin                 I   Successful (DISK) - https://rpeters1428.huron.usbx.me/jellyfin/Items/7dcba4b0-e89d-13bc-cb6e-5827d374b98d/Images/Primary?maxHeight=400&maxWidth=400
2026-02-01 13:21:19.927 28903-28903 RealImageLoader         com.rpeters.jellyfin                 I   Successful (DISK) - https://rpeters1428.huron.usbx.me/jellyfin/Items/4b0e6c1d-308c-2f2f-90a8-acca321d9f73/Images/Primary?maxHeight=400&maxWidth=400
2026-02-01 13:21:19.933 28903-28903 RealImageLoader         com.rpeters.jellyfin                 I   Successful (DISK) - https://rpeters1428.huron.usbx.me/jellyfin/Items/3eea4f61-c034-3048-b9e9-aa4fedfdffe7/Images/Backdrop?tag=3df01912ff9353fa36ce2582f07c7a12&maxHeight=400&maxWidth=800
2026-02-01 13:21:19.936 28903-28903 AutofillManager         com.rpeters.jellyfin                 W  setSaveUiState(748757948, false) called on existing session 748757948; cancelling it
2026-02-01 13:21:19.944 28903-28903 InsetsSourceConsumer    com.rpeters.jellyfin                 I  applyRequestedVisibilityToControl: visible=true, type=statusBars, host=com.rpeters.jellyfin/com.rpeters.jellyfin.MainActivity
2026-02-01 13:21:19.944 28903-28903 InsetsSourceConsumer    com.rpeters.jellyfin                 I  applyRequestedVisibilityToControl: visible=true, type=navigationBars, host=com.rpeters.jellyfin/com.rpeters.jellyfin.MainActivity
2026-02-01 13:21:19.944 28903-28903 VRI[MainAc...y]@e68b231 com.rpeters.jellyfin                 D  mThreadedRenderer.initializeIfNeeded()#2 mSurface={isValid=true 0xb400007333d26ad0}
2026-02-01 13:21:19.944 28903-28903 InputMethodManagerUtils com.rpeters.jellyfin                 D  startInputInner - Id : 0
2026-02-01 13:21:19.944 28903-28903 InputMethodManager      com.rpeters.jellyfin                 I  startInputInner - IInputMethodManagerGlobalInvoker.startInputOrWindowGainedFocus
2026-02-01 13:21:19.945 28903-28981 InputTransport          com.rpeters.jellyfin                 D  Input channel constructed: 'ClientS', fd=190
2026-02-01 13:21:19.950 28903-28903 InsetsController        com.rpeters.jellyfin                 D  hide(ime())
2026-02-01 13:21:19.950 28903-28903 ImeTracker              com.rpeters.jellyfin                 I  com.rpeters.jellyfin:13ca4f96: onCancelled at PHASE_CLIENT_ALREADY_HIDDEN
2026-02-01 13:21:20.362 28903-28924 peters.jellyfin         com.rpeters.jellyfin                 W  Method void com.google.android.gms.tasks.zzk.run() failed lock verification and will run slower.
2026-02-01 13:21:20.367 28903-29079 GenerativeModel         com.rpeters.jellyfin                 W  Error obtaining AppCheck token (Fix with AI)
                                                                                                    com.google.firebase.FirebaseException: Error returned from API. code: 403 body: App attestation failed.
                                                                                                    	at com.google.firebase.appcheck.internal.DefaultFirebaseAppCheck.lambda$getToken$1(DefaultFirebaseAppCheck.java:215)
                                                                                                    	at com.google.firebase.appcheck.internal.DefaultFirebaseAppCheck$$ExternalSyntheticLambda2.then(D8$$SyntheticClass:0)
                                                                                                    	at com.google.android.gms.tasks.zze.run(com.google.android.gms:play-services-tasks@@18.4.0:1)
                                                                                                    	at java.util.concurrent.ThreadPoolExecutor.runWorker(ThreadPoolExecutor.java:1154)
                                                                                                    	at java.util.concurrent.ThreadPoolExecutor$Worker.run(ThreadPoolExecutor.java:652)
                                                                                                    	at com.google.firebase.concurrent.CustomThreadFactory.lambda$newThread$0$com-google-firebase-concurrent-CustomThreadFactory(CustomThreadFactory.java:47)
                                                                                                    	at com.google.firebase.concurrent.CustomThreadFactory$$ExternalSyntheticLambda0.run(D8$$SyntheticClass:0)
                                                                                                    	at java.lang.Thread.run(Thread.java:1563)
                                                                                                    Caused by: com.google.firebase.FirebaseException: Error returned from API. code: 403 body: App attestation failed.
                                                                                                    	at com.google.firebase.appcheck.internal.NetworkClient.makeNetworkRequest(NetworkClient.java:194)
                                                                                                    	at com.google.firebase.appcheck.internal.NetworkClient.exchangeAttestationForAppCheckToken(NetworkClient.java:125)
                                                                                                    	at com.google.firebase.appcheck.debug.internal.DebugAppCheckProvider.lambda$getToken$1$com-google-firebase-appcheck-debug-internal-DebugAppCheckProvider(DebugAppCheckProvider.java:121)
                                                                                                    	at com.google.firebase.appcheck.debug.internal.DebugAppCheckProvider$$ExternalSyntheticLambda2.call(D8$$SyntheticClass:0)
                                                                                                    	at com.google.android.gms.tasks.zzx.run(com.google.android.gms:play-services-tasks@@18.4.0:1)
                                                                                                    	... 5 more
2026-02-01 13:21:20.367 28903-29079 GenerativeModel         com.rpeters.jellyfin                 W  Auth not registered, skipping
2026-02-01 13:21:20.905 28903-28903 WindowLayo...ponentImpl com.rpeters.jellyfin                 D  Register WindowLayoutInfoListener on Context=com.rpeters.jellyfin.MainActivity@ff5935c, of which baseContext=android.app.ContextImpl@f308be4
2026-02-01 13:21:21.928 28903-28903 VRI[MainAc...y]@e68b231 com.rpeters.jellyfin                 I  ViewPostIme pointer 0
2026-02-01 13:21:21.944 28903-28903 VRI[MainAc...y]@e68b231 com.rpeters.jellyfin                 I  call setFrameRateCategory for touch hint category=high hint, reason=touch, vri=VRI[MainActivity]@e68b231
2026-02-01 13:21:22.137 28903-28903 RealImageLoader         com.rpeters.jellyfin                 I   Successful (DISK) - https://rpeters1428.huron.usbx.me/jellyfin/Items/b7f875a9-2aad-25b0-d4f6-119c30004c9b/Images/Primary?maxHeight=400&maxWidth=400
2026-02-01 13:21:22.137 28903-28903 RealImageLoader         com.rpeters.jellyfin                 I   Successful (DISK) - https://rpeters1428.huron.usbx.me/jellyfin/Items/148001d5-41e0-ff6b-ecd3-323ccc940fec/Images/Primary?maxHeight=400&maxWidth=400
2026-02-01 13:21:22.153 28903-28903 RealImageLoader         com.rpeters.jellyfin                 I   Successful (DISK) - https://rpeters1428.huron.usbx.me/jellyfin/Items/be8e4a70-22b5-69de-5beb-01844ef28fa7/Images/Primary?maxHeight=400&maxWidth=400
2026-02-01 13:21:22.531 28903-28903 VRI[MainAc...y]@e68b231 com.rpeters.jellyfin                 I  ViewPostIme pointer 1
2026-02-01 13:21:23.165 28903-28903 VRI[MainAc...y]@e68b231 com.rpeters.jellyfin                 I  ViewPostIme pointer 0
2026-02-01 13:21:23.230 28903-28903 VRI[MainAc...y]@e68b231 com.rpeters.jellyfin                 I  ViewPostIme pointer 1
2026-02-01 13:21:23.741 28903-28903 VRI[MainAc...y]@e68b231 com.rpeters.jellyfin                 I  ViewPostIme pointer 0
2026-02-01 13:21:23.850 28903-28903 VRI[MainAc...y]@e68b231 com.rpeters.jellyfin                 I  ViewPostIme pointer 1
2026-02-01 13:21:24.390 28903-28903 VRI[MainAc...y]@e68b231 com.rpeters.jellyfin                 I  ViewPostIme pointer 0
2026-02-01 13:21:24.470 28903-28903 VRI[MainAc...y]@e68b231 com.rpeters.jellyfin                 I  ViewPostIme pointer 1
2026-02-01 13:21:25.030 28903-28903 VRI[MainAc...y]@e68b231 com.rpeters.jellyfin                 I  ViewPostIme pointer 0
2026-02-01 13:21:25.086 28903-28903 VRI[MainAc...y]@e68b231 com.rpeters.jellyfin                 I  ViewPostIme pointer 1
2026-02-01 13:21:25.654 28903-28903 VRI[MainAc...y]@e68b231 com.rpeters.jellyfin                 I  ViewPostIme pointer 0
2026-02-01 13:21:25.718 28903-28903 VRI[MainAc...y]@e68b231 com.rpeters.jellyfin                 I  ViewPostIme pointer 1
2026-02-01 13:21:26.810 28903-28903 VRI[MainAc...y]@e68b231 com.rpeters.jellyfin                 I  ViewPostIme pointer 0
2026-02-01 13:21:26.859 28903-28903 VRI[MainAc...y]@e68b231 com.rpeters.jellyfin                 I  ViewPostIme pointer 1
2026-02-01 13:21:26.940 28903-28903 WindowOnBackDispatcher  com.rpeters.jellyfin                 D  setTopOnBackInvokedCallback (unwrapped): android.app.Activity$$ExternalSyntheticLambda0@95db938
2026-02-01 13:21:26.956 28903-28903 WindowOnBackDispatcher  com.rpeters.jellyfin                 D  setTopOnBackInvokedCallback (unwrapped): androidx.navigationevent.OnBackInvokedInput$createOnBackAnimationCallback$1@c11c874
2026-02-01 13:21:29.808 28903-28903 VRI[MainAc...y]@e68b231 com.rpeters.jellyfin                 I  ViewPostIme pointer 0
2026-02-01 13:21:29.874 28903-28903 VRI[MainAc...y]@e68b231 com.rpeters.jellyfin                 I  call setFrameRateCategory for touch hint category=no preference, reason=boost timeout, vri=VRI[MainActivity]@e68b231
2026-02-01 13:21:29.879 28903-28903 VRI[MainAc...y]@e68b231 com.rpeters.jellyfin                 I  call setFrameRateCategory for touch hint category=high hint, reason=touch, vri=VRI[MainActivity]@e68b231
2026-02-01 13:21:30.240 28903-28903 VRI[MainAc...y]@e68b231 com.rpeters.jellyfin                 I  ViewPostIme pointer 1
2026-02-01 13:21:31.764 28903-28903 VRI[MainAc...y]@e68b231 com.rpeters.jellyfin                 I  ViewPostIme pointer 0
2026-02-01 13:21:31.932 28903-28903 ImeFocusController      com.rpeters.jellyfin                 I  onPreWindowFocus: skipped hasWindowFocus=false mHasImeFocus=true
2026-02-01 13:21:31.933 28903-28903 ImeFocusController      com.rpeters.jellyfin                 I  onPostWindowFocus: skipped hasWindowFocus=false mHasImeFocus=true
2026-02-01 13:21:32.595 28903-28903 FirebaseSessions        com.rpeters.jellyfin                 D  App backgrounded on com.rpeters.jellyfin
2026-02-01 13:21:32.718 28903-28903 VRI[MainAc...y]@e68b231 com.rpeters.jellyfin                 I  handleAppVisibility mAppVisible = true visible = false
2026-02-01 13:21:32.718 28903-28903 VRI[MainAc...y]@e68b231 com.rpeters.jellyfin                 D  visibilityChanged oldVisibility=true newVisibility=false
2026-02-01 13:21:32.722 28903-28982 HWUI                    com.rpeters.jellyfin                 D  CacheManager::trimMemory(20)
2026-02-01 13:21:32.730 28903-28903 VRI[MainAc...y]@e68b231 com.rpeters.jellyfin                 I  Relayout returned: old=(0,0,1440,3120) new=(0,0,1440,3120) relayoutAsync=false req=(1440,3120)8 dur=2 res=0x2 s={false 0x0} ch=true seqId=0
2026-02-01 13:21:32.730 28903-28903 VRI[MainAc...y]@e68b231 com.rpeters.jellyfin                 D  Not drawing due to not visible. Reason=!mAppVisible && !mForceDecorViewVisibility
2026-02-01 13:21:32.731 28903-28903 JellyfinApplication     com.rpeters.jellyfin                 W  Trim memory level 20 - clearing image cache
2026-02-01 13:21:32.731 28903-28982 HWUI                    com.rpeters.jellyfin                 D  CacheManager::trimMemory(20)
2026-02-01 13:21:32.732 28903-28903 WindowOnBackDispatcher  com.rpeters.jellyfin                 D  setTopOnBackInvokedCallback (unwrapped): android.app.Activity$$ExternalSyntheticLambda0@95db938
2026-02-01 13:21:32.733 28903-28903 VRI[MainAc...y]@e68b231 com.rpeters.jellyfin                 I  stopped(true) old = false
2026-02-01 13:21:32.733 28903-28903 VRI[MainAc...y]@e68b231 com.rpeters.jellyfin                 D  WindowStopped on com.rpeters.jellyfin/com.rpeters.jellyfin.MainActivity set to true
2026-02-01 13:21:32.733 28903-28982 HWUI                    com.rpeters.jellyfin                 D  CacheManager::trimMemory(20)
2026-02-01 13:21:32.735 28903-28903 AutofillManager         com.rpeters.jellyfin                 I  onInvisibleForAutofill(): expiringResponse
2026-02-01 13:21:32.736 28903-28903 peters.jellyfin         com.rpeters.jellyfin                 W  Method void com.google.android.gms.internal.measurement.zzco.zzb(android.os.Bundle) failed lock verification and will run slower.
2026-02-01 13:21:32.741 28903-28903 InputTransport          com.rpeters.jellyfin                 D  Input channel destroyed: 'ClientS', fd=179
2026-02-01 13:21:32.742  2941-6202  WindowManager           system_server                        E  win=Window{ef3cfd u0 com.rpeters.jellyfin/com.rpeters.jellyfin.MainActivity} destroySurfaces: appStopped=true cleanupOnResume=false win.mWindowRemovalAllowed=false win.mRemoveOnExit=false win.mViewVisibility=8 caller=com.android.server.wm.ActivityRecord.destroySurfaces:24 com.android.server.wm.ActivityRecord.activityStopped:209 com.android.server.wm.ActivityClientController.activityStopped:102 android.app.IActivityClientController$Stub.onTransact:829 com.android.server.wm.ActivityClientController.onTransact:1 android.os.Binder.execTransactInternal:1514 android.os.Binder.execTransact:1454
2026-02-01 13:21:32.750 28903-28903 BBA2                    com.rpeters.jellyfin                 D  setIsFg isFg = false; delayValue 3999ms