2026-01-25 15:38:32.099 23439-23439 ImeFocusController      com.rpeters.jellyfin                 I  onPreWindowFocus: skipped hasWindowFocus=false mHasImeFocus=true
2026-01-25 15:38:32.099 23439-23439 ImeFocusController      com.rpeters.jellyfin                 I  onPostWindowFocus: skipped hasWindowFocus=false mHasImeFocus=true
2026-01-25 15:38:32.161 23439-23439 SmartClipR...Dispatcher com.rpeters.jellyfin                 D  dispatchScrollableAreaInfo : windowRect = Rect(0, 0 - 1440, 3120)
2026-01-25 15:38:32.162 23439-23439 SmartClipR...Dispatcher com.rpeters.jellyfin                 D  dispatchScrollableAreaInfo : Scrollable view count = 2
2026-01-25 15:38:32.162 23439-23439 SmartClipR...Dispatcher com.rpeters.jellyfin                 D  dispatchScrollableAreaInfo : Unscrollable view count = 0
2026-01-25 15:38:32.162 23439-23439 SmartClipR...Dispatcher com.rpeters.jellyfin                 D  dispatchScrollableAreaInfo : Pkg=com.rpeters.jellyfin Activity=null
2026-01-25 15:38:35.894 23439-23439 InsetsSourceConsumer    com.rpeters.jellyfin                 I  applyRequestedVisibilityToControl: visible=true, type=statusBars, host=com.rpeters.jellyfin/com.rpeters.jellyfin.MainActivity
2026-01-25 15:38:35.895 23439-23439 InsetsSourceConsumer    com.rpeters.jellyfin                 I  applyRequestedVisibilityToControl: visible=true, type=navigationBars, host=com.rpeters.jellyfin/com.rpeters.jellyfin.MainActivity
2026-01-25 15:38:35.895 23439-23439 VRI[MainAc...y]@cf437f9 com.rpeters.jellyfin                 D  mThreadedRenderer.initializeIfNeeded()#2 mSurface={isValid=true 0xb400007333d19660}
2026-01-25 15:38:35.895 23439-23439 InputMethodManagerUtils com.rpeters.jellyfin                 D  startInputInner - Id : 0
2026-01-25 15:38:35.895 23439-23439 InputMethodManager      com.rpeters.jellyfin                 I  startInputInner - IInputMethodManagerGlobalInvoker.startInputOrWindowGainedFocus
2026-01-25 15:38:35.896 23439-23439 InsetsController        com.rpeters.jellyfin                 D  hide(ime())
2026-01-25 15:38:35.896 23439-23439 ImeTracker              com.rpeters.jellyfin                 I  com.rpeters.jellyfin:36134ad8: onCancelled at PHASE_CLIENT_ALREADY_HIDDEN
2026-01-25 15:38:35.897 23439-23678 InputTransport          com.rpeters.jellyfin                 D  Input channel constructed: 'ClientS', fd=186
2026-01-25 15:38:36.407 23439-23439 VRI[MainAc...y]@cf437f9 com.rpeters.jellyfin                 I  ViewPostIme pointer 0
2026-01-25 15:38:36.409 23439-23439 VRI[MainAc...y]@cf437f9 com.rpeters.jellyfin                 I  call setFrameRateCategory for touch hint category=high hint, reason=touch, vri=VRI[MainActivity]@cf437f9
2026-01-25 15:38:36.511 23439-23439 VRI[MainAc...y]@cf437f9 com.rpeters.jellyfin                 I  ViewPostIme pointer 1
2026-01-25 15:38:36.516 23439-23439 WindowOnBackDispatcher  com.rpeters.jellyfin                 D  onBackInvoked, callback=androidx.navigationevent.OnBackInvokedInput$createOnBackAnimationCallback$1@eacf903
2026-01-25 15:38:37.536 23439-23439 VRI[MainAc...y]@cf437f9 com.rpeters.jellyfin                 I  ViewPostIme pointer 0
2026-01-25 15:38:37.585 23439-23439 VRI[MainAc...y]@cf437f9 com.rpeters.jellyfin                 I  ViewPostIme pointer 1
2026-01-25 15:38:39.028 23439-23439 VRI[MainAc...y]@cf437f9 com.rpeters.jellyfin                 I  ViewPostIme pointer 0
2026-01-25 15:38:39.052 23439-23476 AdrenoVK-0              com.rpeters.jellyfin                 I  Shader compilation failed for shaderType: 4
2026-01-25 15:38:39.052 23439-23476 AdrenoVK-0              com.rpeters.jellyfin                 I  Pipeline create failed
2026-01-25 15:38:39.084 23439-23476 AdrenoVK-0              com.rpeters.jellyfin                 I  Shader compilation failed for shaderType: 4
2026-01-25 15:38:39.084 23439-23476 AdrenoVK-0              com.rpeters.jellyfin                 I  Pipeline create failed
2026-01-25 15:38:39.092 23439-23439 VRI[MainAc...y]@cf437f9 com.rpeters.jellyfin                 I  ViewPostIme pointer 1
2026-01-25 15:38:39.097 23439-23465 OkHttpClient            com.rpeters.jellyfin                 I  GET https://rpeters1428.huron.usbx.me/jellyfin/Items?userId=c1b3b2bb-8e62-45b6-a7c4-f6645be8423a&includeItemTypes=CollectionFolder&enableTotalRecordCount=true&enableImages=true
2026-01-25 15:38:39.274 23439-23439 ApiParameterValidator   com.rpeters.jellyfin                 D  Validated params: parentId=f137a2dd-21bb-c1b9-9aa5-c0f6bf02a805, itemTypes=Movie, collectionType=movies, startIndex=0, limit=100
2026-01-25 15:38:39.286 23439-23467 OkHttpClient            com.rpeters.jellyfin                 I  GET https://rpeters1428.huron.usbx.me/jellyfin/Items?userId=c1b3b2bb-8e62-45b6-a7c4-f6645be8423a&startIndex=0&limit=100&recursive=true&sortOrder=Descending&parentId=f137a2dd-21bb-c1b9-9aa5-c0f6bf02a805&fields=PrimaryImageAspectRatio&fields=Overview&fields=Genres&fields=DateCreated&fields=Studios&fields=Tags&includeItemTypes=Movie&sortBy=PremiereDate&sortBy=SortName&enableTotalRecordCount=true&enableImages=true
2026-01-25 15:38:39.371 23439-23439 ApiParameterValidator   com.rpeters.jellyfin                 D  Validated params: parentId=f137a2dd-21bb-c1b9-9aa5-c0f6bf02a805, itemTypes=Movie, collectionType=movies, startIndex=0, limit=100
2026-01-25 15:38:39.378 23439-23467 OkHttpClient            com.rpeters.jellyfin                 I  GET https://rpeters1428.huron.usbx.me/jellyfin/Items?userId=c1b3b2bb-8e62-45b6-a7c4-f6645be8423a&startIndex=0&limit=100&recursive=true&sortOrder=Descending&parentId=f137a2dd-21bb-c1b9-9aa5-c0f6bf02a805&fields=PrimaryImageAspectRatio&fields=Overview&fields=Genres&fields=DateCreated&fields=Studios&fields=Tags&includeItemTypes=Movie&sortBy=PremiereDate&sortBy=SortName&enableTotalRecordCount=true&enableImages=true
2026-01-25 15:38:39.383 23439-23445 peters.jellyfin         com.rpeters.jellyfin                 I  Compiler allocated 7034KB to compile java.lang.Object org.jellyfin.sdk.api.operations.ItemsApi.getItems(java.util.UUID, java.lang.String, java.lang.Boolean, java.lang.Boolean, java.lang.Boolean, java.lang.Boolean, java.lang.Boolean, java.util.UUID, java.lang.Integer, java.lang.Integer, java.lang.Boolean, java.lang.Boolean, java.lang.Boolean, java.util.Collection, java.util.Collection, java.lang.Boolean, java.lang.Boolean, java.lang.Double, java.lang.Double, java.time.LocalDateTime, java.time.LocalDateTime, java.time.LocalDateTime, java.time.LocalDateTime, java.lang.Boolean, java.lang.Boolean, java.lang.Boolean, java.lang.Boolean, java.lang.Boolean, java.lang.Boolean, java.lang.Boolean, java.lang.Boolean, java.lang.Boolean, java.util.Collection, java.lang.Integer, java.lang.Integer, java.lang.Boolean, java.lang.String, java.util.Collection, java.util.UUID, java.util.Collection, java.util.Collection, java.util.Collection, java.util.Collection, java.lang.Boolean, java.util.Collection, java.util.Collection, java.util.Collection, java.lang.Boolean, java.util.Collection, java.util.Collection, java.util.Collection, java.util.Collection, java.lang.Boolean, java.lang.Integer, java.util.Collection, java.lang.String, java.util.Collection, java.util.Collection, java.util.Collection, java.util.Collection, java.util.Collection, java.util.Collection, java.util.Collection, java.util.Collection, java.util.Collection, java.util.Collection, java.util.Collection, java.util.Collection, java.lang.String, java.lang.Boolean, java.lang.Boolean, java.lang.Boolean, java.lang.Boolean, java.lang.Integer, java.lang.Integer, java.lang.Integer, java.lang.Integer, java.lang.Boolean, java.util.Collection, java.lang.String, java.lang.String, java.lang.String, java.util.Collection, java.util.Collection, java.lang.Boolean, java.lang.Boolean, kotlin.coroutines.Continuation)
2026-01-25 15:38:39.391 23439-23476 AdrenoVK-0              com.rpeters.jellyfin                 I  Shader compilation failed for shaderType: 0
2026-01-25 15:38:39.391 23439-23476 AdrenoVK-0              com.rpeters.jellyfin                 I  Pipeline create failed
2026-01-25 15:38:39.402 23439-23476 AdrenoVK-0              com.rpeters.jellyfin                 I  Shader compilation failed for shaderType: 4
2026-01-25 15:38:39.402 23439-23476 AdrenoVK-0              com.rpeters.jellyfin                 I  Pipeline create failed
2026-01-25 15:38:39.457 23439-23476 AdrenoVK-0              com.rpeters.jellyfin                 I  Shader compilation failed for shaderType: 0
2026-01-25 15:38:39.457 23439-23476 AdrenoVK-0              com.rpeters.jellyfin                 I  Pipeline create failed
2026-01-25 15:38:39.598 23439-23447 InputTransport          com.rpeters.jellyfin                 D  Input channel destroyed: 'ClientS', fd=186
2026-01-25 15:38:39.681 23439-23719 OkHttp                  com.rpeters.jellyfin                 I  --> GET https://rpeters1428.huron.usbx.me/jellyfin/Items/ac8b6533-4559-b538-9b7b-29fe696d6cb8/Images/Primary?maxHeight=400&maxWidth=400
2026-01-25 15:38:39.727 23439-23724 OkHttp                  com.rpeters.jellyfin                 I  --> GET https://rpeters1428.huron.usbx.me/jellyfin/Items/c5a427d1-e01e-2f2f-267d-8fc45bd162bc/Images/Primary?maxHeight=400&maxWidth=400
2026-01-25 15:38:39.740 23439-23723 OkHttp                  com.rpeters.jellyfin                 I  --> GET https://rpeters1428.huron.usbx.me/jellyfin/Items/e750f8eb-d330-2dee-7de3-477f70758949/Images/Primary?maxHeight=400&maxWidth=400
2026-01-25 15:38:39.773 23439-23476 AdrenoVK-0              com.rpeters.jellyfin                 I  Shader compilation failed for shaderType: 0
2026-01-25 15:38:39.773 23439-23476 AdrenoVK-0              com.rpeters.jellyfin                 I  Pipeline create failed
2026-01-25 15:38:39.794 23439-23719 OkHttp                  com.rpeters.jellyfin                 I  <-- 200 OK https://rpeters1428.huron.usbx.me/jellyfin/Items/ac8b6533-4559-b538-9b7b-29fe696d6cb8/Images/Primary?maxHeight=400&maxWidth=400 (112ms, 192762-byte body)
2026-01-25 15:38:39.841 23439-23724 OkHttp                  com.rpeters.jellyfin                 I  <-- 200 OK https://rpeters1428.huron.usbx.me/jellyfin/Items/c5a427d1-e01e-2f2f-267d-8fc45bd162bc/Images/Primary?maxHeight=400&maxWidth=400 (114ms, 149360-byte body)
2026-01-25 15:38:39.857 23439-23723 OkHttp                  com.rpeters.jellyfin                 I  <-- 200 OK https://rpeters1428.huron.usbx.me/jellyfin/Items/e750f8eb-d330-2dee-7de3-477f70758949/Images/Primary?maxHeight=400&maxWidth=400 (117ms, 170766-byte body)
2026-01-25 15:38:39.860 23439-23439 RealImageLoader         com.rpeters.jellyfin                 I   Successful (NETWORK) - https://rpeters1428.huron.usbx.me/jellyfin/Items/ac8b6533-4559-b538-9b7b-29fe696d6cb8/Images/Primary?maxHeight=400&maxWidth=400
2026-01-25 15:38:39.874 23439-23439 RealImageLoader         com.rpeters.jellyfin                 I   Successful (NETWORK) - https://rpeters1428.huron.usbx.me/jellyfin/Items/c5a427d1-e01e-2f2f-267d-8fc45bd162bc/Images/Primary?maxHeight=400&maxWidth=400
2026-01-25 15:38:39.888 23439-23439 RealImageLoader         com.rpeters.jellyfin                 I   Successful (NETWORK) - https://rpeters1428.huron.usbx.me/jellyfin/Items/e750f8eb-d330-2dee-7de3-477f70758949/Images/Primary?maxHeight=400&maxWidth=400
2026-01-25 15:38:41.076 23439-23439 VRI[MainAc...y]@cf437f9 com.rpeters.jellyfin                 I  ViewPostIme pointer 0
2026-01-25 15:38:41.231 23439-23723 OkHttp                  com.rpeters.jellyfin                 I  --> GET https://rpeters1428.huron.usbx.me/jellyfin/Items/b32f291d-7b3a-c749-5296-9437de22980b/Images/Primary?maxHeight=400&maxWidth=400
2026-01-25 15:38:41.272 23439-23476 AdrenoVK-0              com.rpeters.jellyfin                 I  Shader compilation failed for shaderType: 0
2026-01-25 15:38:41.272 23439-23476 AdrenoVK-0              com.rpeters.jellyfin                 I  Pipeline create failed
2026-01-25 15:38:41.281 23439-23724 OkHttp                  com.rpeters.jellyfin                 I  --> GET https://rpeters1428.huron.usbx.me/jellyfin/Items/4a19f7c0-11ff-af94-9131-3249af5a2169/Images/Primary?maxHeight=400&maxWidth=400
2026-01-25 15:38:41.350 23439-23723 OkHttp                  com.rpeters.jellyfin                 I  <-- 200 OK https://rpeters1428.huron.usbx.me/jellyfin/Items/b32f291d-7b3a-c749-5296-9437de22980b/Images/Primary?maxHeight=400&maxWidth=400 (118ms, 204768-byte body)
2026-01-25 15:38:41.389 23439-23439 RealImageLoader         com.rpeters.jellyfin                 I   Successful (NETWORK) - https://rpeters1428.huron.usbx.me/jellyfin/Items/b32f291d-7b3a-c749-5296-9437de22980b/Images/Primary?maxHeight=400&maxWidth=400
2026-01-25 15:38:41.392 23439-23724 OkHttp                  com.rpeters.jellyfin                 I  <-- 200 OK https://rpeters1428.huron.usbx.me/jellyfin/Items/4a19f7c0-11ff-af94-9131-3249af5a2169/Images/Primary?maxHeight=400&maxWidth=400 (110ms, 167236-byte body)
2026-01-25 15:38:41.408 23439-23724 OkHttp                  com.rpeters.jellyfin                 I  --> GET https://rpeters1428.huron.usbx.me/jellyfin/Items/5ea9b695-be8d-8d0d-df22-453c85da5a73/Images/Primary?maxHeight=400&maxWidth=400
2026-01-25 15:38:41.418 23439-23439 RealImageLoader         com.rpeters.jellyfin                 I   Successful (NETWORK) - https://rpeters1428.huron.usbx.me/jellyfin/Items/4a19f7c0-11ff-af94-9131-3249af5a2169/Images/Primary?maxHeight=400&maxWidth=400
2026-01-25 15:38:41.420 23439-23445 peters.jellyfin         com.rpeters.jellyfin                 I  Compiler allocated 10MB to compile kotlin.Unit com.rpeters.jellyfin.ui.components.MediaCardsKt.PosterMediaCard_E1wUwNU$lambda$4(boolean, boolean, kotlin.jvm.functions.Function1, org.jellyfin.sdk.model.api.BaseItemDto, long, com.rpeters.jellyfin.ui.utils.EnhancedPlaybackUtils, androidx.compose.foundation.layout.ColumnScope, androidx.compose.runtime.Composer, int)
2026-01-25 15:38:41.434 23439-23723 OkHttp                  com.rpeters.jellyfin                 I  --> GET https://rpeters1428.huron.usbx.me/jellyfin/Items/f30df09b-7b8d-7481-b9d4-8ed696fdc6fa/Images/Primary?maxHeight=400&maxWidth=400
2026-01-25 15:38:41.515 23439-23724 OkHttp                  com.rpeters.jellyfin                 I  <-- 200 OK https://rpeters1428.huron.usbx.me/jellyfin/Items/5ea9b695-be8d-8d0d-df22-453c85da5a73/Images/Primary?maxHeight=400&maxWidth=400 (106ms, 191484-byte body)
2026-01-25 15:38:41.535 23439-23723 OkHttp                  com.rpeters.jellyfin                 I  <-- 200 OK https://rpeters1428.huron.usbx.me/jellyfin/Items/f30df09b-7b8d-7481-b9d4-8ed696fdc6fa/Images/Primary?maxHeight=400&maxWidth=400 (101ms, 172554-byte body)
2026-01-25 15:38:41.547 23439-23439 RealImageLoader         com.rpeters.jellyfin                 I   Successful (NETWORK) - https://rpeters1428.huron.usbx.me/jellyfin/Items/5ea9b695-be8d-8d0d-df22-453c85da5a73/Images/Primary?maxHeight=400&maxWidth=400
2026-01-25 15:38:41.563 23439-23439 RealImageLoader         com.rpeters.jellyfin                 I   Successful (NETWORK) - https://rpeters1428.huron.usbx.me/jellyfin/Items/f30df09b-7b8d-7481-b9d4-8ed696fdc6fa/Images/Primary?maxHeight=400&maxWidth=400
2026-01-25 15:38:42.099 23439-23439 VRI[MainAc...y]@cf437f9 com.rpeters.jellyfin                 I  call setFrameRateCategory for touch hint category=no preference, reason=boost timeout, vri=VRI[MainActivity]@cf437f9
2026-01-25 15:38:42.102 23439-23439 VRI[MainAc...y]@cf437f9 com.rpeters.jellyfin                 I  call setFrameRateCategory for touch hint category=high hint, reason=touch, vri=VRI[MainActivity]@cf437f9
2026-01-25 15:38:42.182 23439-23439 VRI[MainAc...y]@cf437f9 com.rpeters.jellyfin                 I  ViewPostIme pointer 1
2026-01-25 15:38:42.291 23439-23476 AdrenoVK-0              com.rpeters.jellyfin                 I  Shader compilation failed for shaderType: 0
2026-01-25 15:38:42.291 23439-23476 AdrenoVK-0              com.rpeters.jellyfin                 I  Pipeline create failed
2026-01-25 15:38:42.606 23439-23439 VRI[MainAc...y]@cf437f9 com.rpeters.jellyfin                 I  ViewPostIme pointer 0
2026-01-25 15:38:42.704 23439-23723 OkHttp                  com.rpeters.jellyfin                 I  --> GET https://rpeters1428.huron.usbx.me/jellyfin/Items/36532563-57de-a1d8-ea83-0c596728efa3/Images/Primary?maxHeight=400&maxWidth=400
2026-01-25 15:38:42.726 23439-23476 AdrenoVK-0              com.rpeters.jellyfin                 I  Shader compilation failed for shaderType: 4
2026-01-25 15:38:42.726 23439-23476 AdrenoVK-0              com.rpeters.jellyfin                 I  Pipeline create failed
2026-01-25 15:38:42.735 23439-23476 AdrenoVK-0              com.rpeters.jellyfin                 I  Shader compilation failed for shaderType: 4
2026-01-25 15:38:42.735 23439-23476 AdrenoVK-0              com.rpeters.jellyfin                 I  Pipeline create failed
2026-01-25 15:38:42.738 23439-23724 OkHttp                  com.rpeters.jellyfin                 I  --> GET https://rpeters1428.huron.usbx.me/jellyfin/Items/f578b4c8-7447-d0e5-99c5-d8c3a6ee3dd5/Images/Primary?maxHeight=400&maxWidth=400
2026-01-25 15:38:42.744 23439-23476 AdrenoVK-0              com.rpeters.jellyfin                 I  Shader compilation failed for shaderType: 4
2026-01-25 15:38:42.744 23439-23476 AdrenoVK-0              com.rpeters.jellyfin                 I  Pipeline create failed
2026-01-25 15:38:42.789 23439-23439 VRI[MainAc...y]@cf437f9 com.rpeters.jellyfin                 I  ViewPostIme pointer 1
2026-01-25 15:38:42.796 23439-23476 AdrenoVK-0              com.rpeters.jellyfin                 I  Shader compilation failed for shaderType: 4
2026-01-25 15:38:42.796 23439-23476 AdrenoVK-0              com.rpeters.jellyfin                 I  Pipeline create failed
2026-01-25 15:38:42.805 23439-23476 AdrenoVK-0              com.rpeters.jellyfin                 I  Shader compilation failed for shaderType: 4
2026-01-25 15:38:42.805 23439-23476 AdrenoVK-0              com.rpeters.jellyfin                 I  Pipeline create failed
2026-01-25 15:38:42.811 23439-23723 OkHttp                  com.rpeters.jellyfin                 I  <-- 200 OK https://rpeters1428.huron.usbx.me/jellyfin/Items/36532563-57de-a1d8-ea83-0c596728efa3/Images/Primary?maxHeight=400&maxWidth=400 (106ms, 160576-byte body)
2026-01-25 15:38:42.812 23439-23476 AdrenoVK-0              com.rpeters.jellyfin                 I  Shader compilation failed for shaderType: 4
2026-01-25 15:38:42.812 23439-23476 AdrenoVK-0              com.rpeters.jellyfin                 I  Pipeline create failed
2026-01-25 15:38:42.820 23439-23476 AdrenoVK-0              com.rpeters.jellyfin                 I  Shader compilation failed for shaderType: 0
2026-01-25 15:38:42.820 23439-23476 AdrenoVK-0              com.rpeters.jellyfin                 I  Pipeline create failed
2026-01-25 15:38:42.830 23439-23476 AdrenoVK-0              com.rpeters.jellyfin                 I  Shader compilation failed for shaderType: 4
2026-01-25 15:38:42.830 23439-23476 AdrenoVK-0              com.rpeters.jellyfin                 I  Pipeline create failed
2026-01-25 15:38:42.848 23439-23724 OkHttp                  com.rpeters.jellyfin                 I  <-- 200 OK https://rpeters1428.huron.usbx.me/jellyfin/Items/f578b4c8-7447-d0e5-99c5-d8c3a6ee3dd5/Images/Primary?maxHeight=400&maxWidth=400 (110ms, 109142-byte body)
2026-01-25 15:38:42.857 23439-23439 RealImageLoader         com.rpeters.jellyfin                 I   Successful (NETWORK) - https://rpeters1428.huron.usbx.me/jellyfin/Items/36532563-57de-a1d8-ea83-0c596728efa3/Images/Primary?maxHeight=400&maxWidth=400
2026-01-25 15:38:42.872 23439-23476 AdrenoVK-0              com.rpeters.jellyfin                 I  Shader compilation failed for shaderType: 4
2026-01-25 15:38:42.872 23439-23476 AdrenoVK-0              com.rpeters.jellyfin                 I  Pipeline create failed
2026-01-25 15:38:42.883 23439-23439 RealImageLoader         com.rpeters.jellyfin                 I   Successful (NETWORK) - https://rpeters1428.huron.usbx.me/jellyfin/Items/f578b4c8-7447-d0e5-99c5-d8c3a6ee3dd5/Images/Primary?maxHeight=400&maxWidth=400
2026-01-25 15:38:43.598 23439-23439 VRI[MainAc...y]@cf437f9 com.rpeters.jellyfin                 I  ViewPostIme pointer 0
2026-01-25 15:38:43.712 23439-23476 AdrenoVK-0              com.rpeters.jellyfin                 I  Shader compilation failed for shaderType: 4
2026-01-25 15:38:43.712 23439-23476 AdrenoVK-0              com.rpeters.jellyfin                 I  Pipeline create failed
2026-01-25 15:38:43.749 23439-23439 VRI[MainAc...y]@cf437f9 com.rpeters.jellyfin                 I  ViewPostIme pointer 1
2026-01-25 15:38:43.765 23439-23724 OkHttp                  com.rpeters.jellyfin                 I  --> GET https://rpeters1428.huron.usbx.me/jellyfin/Items/f4b981d2-8df7-a1a9-87dc-23e5f69f3fd3/Images/Primary?maxHeight=400&maxWidth=400
2026-01-25 15:38:43.789 23439-23476 AdrenoVK-0              com.rpeters.jellyfin                 I  Shader compilation failed for shaderType: 4
2026-01-25 15:38:43.789 23439-23476 AdrenoVK-0              com.rpeters.jellyfin                 I  Pipeline create failed
2026-01-25 15:38:43.885 23439-23724 OkHttp                  com.rpeters.jellyfin                 I  <-- 200 OK https://rpeters1428.huron.usbx.me/jellyfin/Items/f4b981d2-8df7-a1a9-87dc-23e5f69f3fd3/Images/Primary?maxHeight=400&maxWidth=400 (120ms, 119366-byte body)
2026-01-25 15:38:43.937 23439-23439 RealImageLoader         com.rpeters.jellyfin                 I   Successful (NETWORK) - https://rpeters1428.huron.usbx.me/jellyfin/Items/f4b981d2-8df7-a1a9-87dc-23e5f69f3fd3/Images/Primary?maxHeight=400&maxWidth=400
2026-01-25 15:38:44.377 23439-23439 VRI[MainAc...y]@cf437f9 com.rpeters.jellyfin                 I  ViewPostIme pointer 0
2026-01-25 15:38:44.475 23439-23724 OkHttp                  com.rpeters.jellyfin                 I  --> GET https://rpeters1428.huron.usbx.me/jellyfin/Items/274fa63c-4b18-cbbb-0d6c-646bdd0faf1b/Images/Primary?maxHeight=400&maxWidth=400
2026-01-25 15:38:44.498 23439-23439 VRI[MainAc...y]@cf437f9 com.rpeters.jellyfin                 I  ViewPostIme pointer 1
2026-01-25 15:38:44.587 23439-23724 OkHttp                  com.rpeters.jellyfin                 I  <-- 200 OK https://rpeters1428.huron.usbx.me/jellyfin/Items/274fa63c-4b18-cbbb-0d6c-646bdd0faf1b/Images/Primary?maxHeight=400&maxWidth=400 (112ms, 119654-byte body)
2026-01-25 15:38:44.621 23439-23439 RealImageLoader         com.rpeters.jellyfin                 I   Successful (NETWORK) - https://rpeters1428.huron.usbx.me/jellyfin/Items/274fa63c-4b18-cbbb-0d6c-646bdd0faf1b/Images/Primary?maxHeight=400&maxWidth=400
2026-01-25 15:38:46.145 23439-23439 VRI[MainAc...y]@cf437f9 com.rpeters.jellyfin                 I  ViewPostIme pointer 0
2026-01-25 15:38:46.384 23439-23439 ImeFocusController      com.rpeters.jellyfin                 I  onPreWindowFocus: skipped hasWindowFocus=false mHasImeFocus=true
2026-01-25 15:38:46.385 23439-23439 ImeFocusController      com.rpeters.jellyfin                 I  onPostWindowFocus: skipped hasWindowFocus=false mHasImeFocus=true
2026-01-25 15:38:48.270 23439-23439 VRI[MainAc...y]@cf437f9 com.rpeters.jellyfin                 I  handleAppVisibility mAppVisible = true visible = false
2026-01-25 15:38:48.270 23439-23439 VRI[MainAc...y]@cf437f9 com.rpeters.jellyfin                 D  visibilityChanged oldVisibility=true newVisibility=false
2026-01-25 15:38:48.279 23439-23476 HWUI                    com.rpeters.jellyfin                 D  CacheManager::trimMemory(20)
2026-01-25 15:38:48.304 23439-23439 VRI[MainAc...y]@cf437f9 com.rpeters.jellyfin                 I  Relayout returned: old=(0,0,1440,3120) new=(0,0,1440,3120) relayoutAsync=false req=(1440,3120)8 dur=2 res=0x2 s={false 0x0} ch=true seqId=0
2026-01-25 15:38:48.304 23439-23439 VRI[MainAc...y]@cf437f9 com.rpeters.jellyfin                 D  Not drawing due to not visible. Reason=!mAppVisible && !mForceDecorViewVisibility
2026-01-25 15:38:48.305 23439-23439 JellyfinApplication     com.rpeters.jellyfin                 W  Trim memory level 20 - clearing image cache
2026-01-25 15:38:48.306 23439-23476 HWUI                    com.rpeters.jellyfin                 D  CacheManager::trimMemory(20)
2026-01-25 15:38:48.306 23439-23439 WindowOnBackDispatcher  com.rpeters.jellyfin                 D  setTopOnBackInvokedCallback (unwrapped): android.app.Activity$$ExternalSyntheticLambda0@e4fed31
2026-01-25 15:38:48.307 23439-23439 VRI[MainAc...y]@cf437f9 com.rpeters.jellyfin                 I  stopped(true) old = false
2026-01-25 15:38:48.307 23439-23439 VRI[MainAc...y]@cf437f9 com.rpeters.jellyfin                 D  WindowStopped on com.rpeters.jellyfin/com.rpeters.jellyfin.MainActivity set to true
2026-01-25 15:38:48.307 23439-23476 HWUI                    com.rpeters.jellyfin                 D  CacheManager::trimMemory(20)
2026-01-25 15:38:48.308 23439-23439 AutofillManager         com.rpeters.jellyfin                 I  onInvisibleForAutofill(): expiringResponse
2026-01-25 15:38:48.312 23439-23439 InputTransport          com.rpeters.jellyfin                 D  Input channel destroyed: 'ClientS', fd=157
2026-01-25 15:38:48.314  2941-4405  WindowManager           system_server                        E  win=Window{a21bcfa u0 com.rpeters.jellyfin/com.rpeters.jellyfin.MainActivity} destroySurfaces: appStopped=true cleanupOnResume=false win.mWindowRemovalAllowed=false win.mRemoveOnExit=false win.mViewVisibility=8 caller=com.android.server.wm.ActivityRecord.destroySurfaces:24 com.android.server.wm.ActivityRecord.activityStopped:209 com.android.server.wm.ActivityClientController.activityStopped:102 android.app.IActivityClientController$Stub.onTransact:829 com.android.server.wm.ActivityClientController.onTransact:1 android.os.Binder.execTransactInternal:1514 android.os.Binder.execTransact:1454 
2026-01-25 15:38:48.316 23439-23439 BBA2                    com.rpeters.jellyfin                 D  setIsFg isFg = false; delayValue 3999ms