                                                                                                      int32_t buffer-batch-threshold-output-size = 0
                                                                                                      int32_t channel-count = 2
                                                                                                      string mime = "audio/raw"
                                                                                                      int32_t sample-rate = 48000
                                                                                                      int32_t android._config-pcm-encoding = 2
                                                                                                    }
2026-02-04 20:30:37.086 23447-23713 CCodecConfig            com.rpeters.jellyfin                 I  query failed after returning 8 values (BAD_INDEX)
2026-02-04 20:30:37.087 23447-23713 peters.jellyfin         com.rpeters.jellyfin                 E  Failed to query component interface for required system resources: 6
2026-02-04 20:30:37.087 23447-23668 MediaCodec              com.rpeters.jellyfin                 D  keep callback message for reclaim
2026-02-04 20:30:37.087 23447-23713 CCodec                  com.rpeters.jellyfin                 I  [c2.android.opus.decoder] state->set(STARTING)
2026-02-04 20:30:37.088 23447-23713 CCodecBufferChannel     com.rpeters.jellyfin                 D  [c2.android.opus.decoder#904] Created input block pool with allocatorID 16 => poolID 18 - OK (0)
2026-02-04 20:30:37.088 23447-23713 CCodecBufferChannel     com.rpeters.jellyfin                 I  [c2.android.opus.decoder#904] Created output block pool with allocatorID 16 => poolID 7184 - OK
2026-02-04 20:30:37.088 23447-23713 CCodecBufferChannel     com.rpeters.jellyfin                 D  [c2.android.opus.decoder#904] Configured output block pool ids 7184 => OK
2026-02-04 20:30:37.088 23447-23713 CCodec                  com.rpeters.jellyfin                 I  [c2.android.opus.decoder] state->set(RUNNING)
2026-02-04 20:30:37.088 23447-23713 CCodecBufferChannel     com.rpeters.jellyfin                 I  [c2.android.opus.decoder#904] 4 initial input buffers available
2026-02-04 20:30:37.089 23447-23713 peters.jellyfin         com.rpeters.jellyfin                 W  AIBinder_linkToDeath is being called with a non-null cookie and no onUnlink callback set. This might not be intended. AIBinder_DeathRecipient_setOnUnlinked should be called first.
2026-02-04 20:30:37.090 23447-23668 LoudnessCodecController com.rpeters.jellyfin                 W  MediaCodec mime type not supported for loudness annotation
2026-02-04 20:30:37.090 23447-23668 LoudnessCodecController com.rpeters.jellyfin                 V  Could not extract codec loudness information
2026-02-04 20:30:37.095 23447-23668 FfmpegLibrary           com.rpeters.jellyfin                 W  No opus decoder available. Check the FFmpeg build configuration.
2026-02-04 20:30:37.098 23447-23695 CCodecConfig            com.rpeters.jellyfin                 D  c2 config diff is   c2::u32 output.delay.value = 13
2026-02-04 20:30:37.098 23447-23695 CCodecBufferChannel     com.rpeters.jellyfin                 I  [c2.qti.hevc.decoder#57] updating max output delay 20
2026-02-04 20:30:37.098 23447-23695 GraphicsTracker         com.rpeters.jellyfin                 D  maxDequeueCount committed to IGBP: 20
2026-02-04 20:30:37.098 23447-23695 GraphicsTracker         com.rpeters.jellyfin                 D  Cache size 4 -> 4: maybe_cleared(0), dequeued(4)
2026-02-04 20:30:37.098 23447-23695 GraphicsTracker         com.rpeters.jellyfin                 D  maxDqueueCount change 19 -> 20: pending: 0
2026-02-04 20:30:37.102 23447-23695 CCodecConfig            com.rpeters.jellyfin                 D  c2 config diff is   c2::u32 raw.color.matrix = 1
                                                                                                      c2::u32 raw.color.primaries = 1
                                                                                                      c2::u32 raw.color.range = 2
                                                                                                      c2::u32 raw.color.transfer = 3
                                                                                                      c2::u32 raw.crop.height = 172
                                                                                                      c2::u32 raw.crop.left = 0
                                                                                                      c2::u32 raw.crop.top = 0
                                                                                                      c2::u32 raw.crop.width = 416
                                                                                                      c2::u32 raw.data-space.value = 281083904
                                                                                                      c2::u32 raw.size.height = 176
2026-02-04 20:30:37.103 23447-23695 CCodecBuffers           com.rpeters.jellyfin                 D  [c2.qti.hevc.decoder#57:2D-Output] popFromStashAndRegister: at 1000000083416us, output format changed to AMessage(what = 0x00000000) = {
                                                                                                      int32_t android._color-format = 0
                                                                                                      int32_t android._video-scaling = 1
                                                                                                      int32_t android._dataspace = 281083904
                                                                                                      int32_t color-standard = 1
                                                                                                      int32_t color-range = 2
                                                                                                      int32_t color-transfer = 3
                                                                                                      int32_t sar-height = 1
                                                                                                      int32_t rotation-degrees = 0
                                                                                                      Buffer hdr-static-info = {
                                                                                                        00000000:  00 00 00 00 00 00 00 00  00 00 00 00 00 00 00 00  ................
                                                                                                        00000010:  00 00 00 00 00 00 00 00  00                       .........
                                                                                                      }
                                                                                                      int32_t sar-width = 1
                                                                                                      Rect crop(0, 0, 415, 171)
                                                                                                      int32_t width = 416
                                                                                                      int32_t feature-secure-playback = 0
                                                                                                      int32_t frame-rate = 1
                                                                                                      Buffer hdr10-plus-info = {
                                                                                                      }
                                                                                                      int32_t height = 176
                                                                                                      int32_t max-height = 172
                                                                                                      int32_t max-width = 416
                                                                                                      string mime = "video/raw"
                                                                                                      int32_t priority = 0
                                                                                                      int32_t color-format = 2130708361
                                                                                                      int32_t p-extraBC = 6
                                                                                                    }
2026-02-04 20:30:37.105 23447-23668 peters.jellyfin         com.rpeters.jellyfin                 I  hiddenapi: Accessing hidden method Landroid/media/AudioTrack;->getLatency()I (runtime_flags=0, domain=platform, api=unsupported) from Landroidx/media3/exoplayer/audio/AudioTrackPositionTracker; (domain=app, TargetSdkVersion=35) using reflection: allowed
2026-02-04 20:30:37.105 23447-23668 AudioTrack              com.rpeters.jellyfin                 D  setVolume(1.000000, 1.000000) pid : 23447
2026-02-04 20:30:37.111 23447-23694 BLASTBufferQueue        com.rpeters.jellyfin                 I  [b7b9eb5 SurfaceView[com.rpeters.jellyfin/com.rpeters.jellyfin.ui.player.VideoPlayerActivity]@0#2](f:0,a:0,s:0) onFrameAvailable the first frame is available
2026-02-04 20:30:37.111 23447-23694 SurfaceComposerClient   com.rpeters.jellyfin                 I  apply transaction with the first frame. layerId: 196088, bufferData(ID: 100704098189331, frameNumber: 1)
2026-02-04 20:30:37.111 23447-23694 MediaCodec              com.rpeters.jellyfin                 I  setCodecState state(1), called in 6, domain 1, 1
2026-02-04 20:30:37.112 23447-23447 VideoPlayer             com.rpeters.jellyfin                 D  Video size changed: 416x172
2026-02-04 20:30:37.123  2941-4919  AppOps                  system_server                        E  attributionTag  not declared in manifest of com.rpeters.jellyfin
2026-02-04 20:30:37.123  2941-7668  AppOps                  system_server                        E  attributionTag  not declared in manifest of com.rpeters.jellyfin
2026-02-04 20:30:37.128 23447-23447 SurfaceView             com.rpeters.jellyfin                 I  192650933 Changes: creating=false format=false size=true visible=false alpha=false hint=false left=false top=true z=false attached=true lifecycleStrategy=false
2026-02-04 20:30:37.128 23447-23447 SurfaceView             com.rpeters.jellyfin                 I  192650933 Cur surface: Surface(name=null mNativeObject=-5476376652090982736)/@0x900c8f2
2026-02-04 20:30:37.128 23447-23447 BLASTBufferQueue_Java   com.rpeters.jellyfin                 I  update, w= 3120 h= 1300 mName = b7b9eb5 SurfaceView[com.rpeters.jellyfin/com.rpeters.jellyfin.ui.player.VideoPlayerActivity]@0 mNativeObject= 0xb4000073e3d058d0 sc.mNativeObject= 0xb400007273d1ced0 format= 4 caller= android.view.SurfaceView.setBufferSize:1800 android.view.SurfaceView.performSurfaceTransaction:1295 android.view.SurfaceView.updateSurface:1550 android.view.SurfaceView.setFrame:746 android.view.View.layout:27355 android.widget.FrameLayout.layoutChildren:345
2026-02-04 20:30:37.128 23447-23447 SV[1926509...rActivity] com.rpeters.jellyfin                 I  pST: sr = Rect(0, 70 - 3120, 1370) sw = 3120 sh = 1300
2026-02-04 20:30:37.128 23447-23447 SurfaceView             com.rpeters.jellyfin                 D  192650933 performSurfaceTransaction RenderWorker position = [0, 70, 3120, 1370] surfaceSize = 3120x1300
2026-02-04 20:30:37.128 23447-23447 SV[1926509...rActivity] com.rpeters.jellyfin                 I  updateSurface: mVisible = true mSurface.isValid() = true
2026-02-04 20:30:37.128 23447-23447 SV[1926509...rActivity] com.rpeters.jellyfin                 I  updateSurface: mSurfaceCreated = true surfaceChanged = false visibleChanged = false
2026-02-04 20:30:37.128 23447-23447 SurfaceView             com.rpeters.jellyfin                 I  192650933 surfaceChanged -- format=4 w=3120 h=1300
2026-02-04 20:30:37.128 23447-23447 SV[1926509...rActivity] com.rpeters.jellyfin                 I  surfaceChanged (3120,1300) 1 #5 android.view.SurfaceView{b7b9eb5 V.E...... ......ID 0,0-3120,1300}
2026-02-04 20:30:37.129 23447-23447 SurfaceView             com.rpeters.jellyfin                 I  192650933 surfaceRedrawNeeded
2026-02-04 20:30:37.129 23447-23447 SurfaceView             com.rpeters.jellyfin                 I  192650933 finishedDrawing
2026-02-04 20:30:37.129 23447-23447 SurfaceView             com.rpeters.jellyfin                 V  Layout: x=0 y=70 w=3120 h=1300, frame=Rect(0, 0 - 3120, 1300)
2026-02-04 20:30:37.130 23447-23499 SurfaceView             com.rpeters.jellyfin                 D  192650933 updateSurfacePosition RenderWorker, frameNr = 295, position = [0, 70, 3120, 1370] surfaceSize = 3120x1300
2026-02-04 20:30:37.131 23447-23499 SV[1926509...rActivity] com.rpeters.jellyfin                 I  uSP: rtp = Rect(0, 70 - 3120, 1370) rtsw = 3120 rtsh = 1300
2026-02-04 20:30:37.131 23447-23499 SV[1926509...rActivity] com.rpeters.jellyfin                 I  onSSPAndSRT: pl = 0 pt = 70 sx = 1.0 sy = 1.0
2026-02-04 20:30:37.131 23447-23499 SV[1926509...rActivity] com.rpeters.jellyfin                 I  aOrMT: VRI[VideoPlayerActivity]@9b312b6 t = android.view.SurfaceControl$Transaction@e0fcf00 fN = 295 android.view.SurfaceView.-$$Nest$mapplyOrMergeTransaction:0 android.view.SurfaceView$SurfaceViewPositionUpdateListener.positionChanged:2029 android.graphics.RenderNode$CompositePositionUpdateListener.positionChanged:401
2026-02-04 20:30:37.131 23447-23499 VRI[VideoP...y]@9b312b6 com.rpeters.jellyfin                 I  mWNT: t=0xb400007313dcb1d0 mBlastBufferQueue=0xb4000073e3d13190 fn= 295 HdrRenderState mRenderHdrSdrRatio=1.0 caller= android.view.SurfaceView.applyOrMergeTransaction:1960 android.view.SurfaceView.-$$Nest$mapplyOrMergeTransaction:0 android.view.SurfaceView$SurfaceViewPositionUpdateListener.positionChanged:2029
2026-02-04 20:30:37.131 23447-23447 VRI[VideoP...y]@9b312b6 com.rpeters.jellyfin                 I  mWNT: t=0xb400007313d3f350 mBlastBufferQueue=0xb4000073e3d13190 fn= 0 HdrRenderState mRenderHdrSdrRatio=1.0 caller= android.view.ViewRootImpl.performTraversals:5617 android.view.ViewRootImpl.doTraversal:3959 android.view.ViewRootImpl$TraversalRunnable.run:13030
2026-02-04 20:30:37.132 23447-23447 MediaRouter             com.rpeters.jellyfin                 D  onRestoreRoute() : route=RouteInfo{ name=Phone, description=null, status=null, category=RouteCategory{ name=System types=ROUTE_TYPE_LIVE_AUDIO ROUTE_TYPE_LIVE_VIDEO  groupable=false }, supportedTypes=ROUTE_TYPE_LIVE_AUDIO ROUTE_TYPE_LIVE_VIDEO , presentationDisplay=null }
2026-02-04 20:30:37.132 23447-23447 MediaRouter             com.rpeters.jellyfin                 V  Selecting route: RouteInfo{ name=Phone, description=null, status=null, category=RouteCategory{ name=System types=ROUTE_TYPE_LIVE_AUDIO ROUTE_TYPE_LIVE_VIDEO  groupable=false }, supportedTypes=ROUTE_TYPE_LIVE_AUDIO ROUTE_TYPE_LIVE_VIDEO , presentationDisplay=null }
2026-02-04 20:30:37.132 23447-23447 VideoPlayer             com.rpeters.jellyfin                 D  State: READY, isPlaying: true
2026-02-04 20:30:37.132 23447-23447 VideoPlayer             com.rpeters.jellyfin                 D  Duration update: rawDuration=-9223372036854775807, currentDuration=8028729, validDuration=8028729
2026-02-04 20:30:37.133 23447-23447 AdaptiveBitrateMonitor  com.rpeters.jellyfin                 D  Stopped adaptive bitrate monitoring
2026-02-04 20:30:37.133 23447-23447 AdaptiveBitrateMonitor  com.rpeters.jellyfin                 D  Started adaptive bitrate monitoring (quality=AUTO, transcoding=true)
2026-02-04 20:30:37.134 23447-23447 VideoPlayer             com.rpeters.jellyfin                 D  Playing changed: true
2026-02-04 20:30:37.145 23447-23447 SV[1926509...rActivity] com.rpeters.jellyfin                 D  skip updating surface, 5
2026-02-04 20:30:37.150 23447-23447 AdaptiveBitrateMonitor  com.rpeters.jellyfin                 W  Critical bandwidth detected (0Mbps). Recommending quality downgrade: AUTO -> MEDIUM
2026-02-04 20:30:37.151 23447-23557 RepositoryUtils         com.rpeters.jellyfin                 D  [VERBOSE] validateServer: Server validation passed for user rpeters1428 on https://rpeters1428.huron.usbx.me/jellyfin
2026-02-04 20:30:37.266 23447-23485 PlaybackProgressManager com.rpeters.jellyfin                 D  Reported playback start for: 5ec5425d-6206-4fe4-4666-e4305a41a686 [Method: Transcode]
2026-02-04 20:30:37.333 23447-23668 AudioTrack              com.rpeters.jellyfin                 D  getTimestamp_l(20677): device stall time corrected using current time 655713509699858
2026-02-04 20:30:37.343 23447-23668 AudioTrack              com.rpeters.jellyfin                 W  getTimestamp_l(20677): retrograde timestamp time corrected, 655713507202827 < 655713509699858
2026-02-04 20:30:38.371 23447-23447 VRI[VideoP...y]@9b312b6 com.rpeters.jellyfin                 I  ViewPostIme pointer 0
2026-02-04 20:30:38.376 23447-23447 VRI[VideoP...y]@9b312b6 com.rpeters.jellyfin                 I  call setFrameRateCategory for touch hint category=high hint, reason=touch, vri=VRI[VideoPlayerActivity]@9b312b6
2026-02-04 20:30:38.461 23447-23447 VRI[VideoP...y]@9b312b6 com.rpeters.jellyfin                 I  ViewPostIme pointer 1
2026-02-04 20:30:38.462 23447-23447 VideoPlayer             com.rpeters.jellyfin                 D  Accepting quality recommendation: MEDIUM (Low bandwidth (0Mbps))
2026-02-04 20:30:38.463 23447-23447 VideoPlayer             com.rpeters.jellyfin                 D  Releasing player (reportStop=false)
2026-02-04 20:30:38.465 23447-23557 RepositoryUtils         com.rpeters.jellyfin                 D  [VERBOSE] validateServer: Server validation passed for user rpeters1428 on https://rpeters1428.huron.usbx.me/jellyfin
2026-02-04 20:30:38.522 23447-23453 peters.jellyfin         com.rpeters.jellyfin                 I  Compiler allocated 13MB to compile void com.rpeters.jellyfin.ui.player.VideoPlayerScreenKt.VideoPlayerScreen(com.rpeters.jellyfin.ui.player.VideoPlayerState, com.rpeters.jellyfin.data.preferences.SubtitleAppearancePreferences, kotlin.jvm.functions.Function0, kotlin.jvm.functions.Function1, kotlin.jvm.functions.Function1, kotlin.jvm.functions.Function1, kotlin.jvm.functions.Function1, kotlin.jvm.functions.Function0, kotlin.jvm.functions.Function0, kotlin.jvm.functions.Function0, kotlin.jvm.functions.Function0, kotlin.jvm.functions.Function0, kotlin.jvm.functions.Function1, kotlin.jvm.functions.Function1, kotlin.jvm.functions.Function0, kotlin.jvm.functions.Function0, kotlin.jvm.functions.Function0, kotlin.jvm.functions.Function1, kotlin.jvm.functions.Function1, kotlin.jvm.functions.Function0, kotlin.jvm.functions.Function1, kotlin.jvm.functions.Function0, kotlin.jvm.functions.Function0, kotlin.jvm.functions.Function0, kotlin.jvm.functions.Function0, kotlin.jvm.functions.Function0, kotlin.jvm.functions.Function1, kotlin.jvm.functions.Function0, kotlin.jvm.functions.Function0, androidx.media3.exoplayer.ExoPlayer, boolean, androidx.compose.ui.Modifier, androidx.compose.runtime.Composer, int, int, int, int, int, int)
2026-02-04 20:30:38.590 23447-23447 PlaybackProgressManager com.rpeters.jellyfin                 D  Reported progress at 803ms for 5ec5425d-6206-4fe4-4666-e4305a41a686 [Method: Transcode]
2026-02-04 20:30:38.590 23447-23447 PlaybackProgressManager com.rpeters.jellyfin                 D  Stopped tracking
2026-02-04 20:30:38.592 23447-23694 CCodec                  com.rpeters.jellyfin                 I  [c2.qti.hevc.decoder] state->set(FLUSHING)
2026-02-04 20:30:38.594 23447-23695 CCodec                  com.rpeters.jellyfin                 I  [c2.qti.hevc.decoder] state->set(FLUSHED)
2026-02-04 20:30:38.594 23447-23668 MediaCodec              com.rpeters.jellyfin                 D  keep callback message for reclaim
2026-02-04 20:30:38.594 23447-23694 CCodec                  com.rpeters.jellyfin                 I  [c2.qti.hevc.decoder] state->set(RESUMING)
2026-02-04 20:30:38.594 23447-23694 CCodecConfig            com.rpeters.jellyfin                 I  query failed after returning 18 values (BAD_INDEX)
2026-02-04 20:30:38.595 23447-23694 CCodecConfig            com.rpeters.jellyfin                 D  c2 config diff is   c2::u32 input.buffers.max-size.value = 3919872
                                                                                                      c2::u32 input.delay.value = 6
2026-02-04 20:30:38.596 23447-23694 CCodecBufferChannel     com.rpeters.jellyfin                 I  [c2.qti.hevc.decoder#57] 10 initial input buffers available
2026-02-04 20:30:38.597 23447-23694 CCodec                  com.rpeters.jellyfin                 I  [c2.qti.hevc.decoder] state->set(RUNNING)
2026-02-04 20:30:38.603  2941-6466  AppOps                  system_server                        E  attributionTag  not declared in manifest of com.rpeters.jellyfin
2026-02-04 20:30:38.603  2941-4919  AppOps                  system_server                        E  attributionTag  not declared in manifest of com.rpeters.jellyfin
2026-02-04 20:30:38.604 23447-23713 CCodec                  com.rpeters.jellyfin                 I  [c2.android.opus.decoder] state->set(FLUSHING)
2026-02-04 20:30:38.604 23447-23713 CCodec                  com.rpeters.jellyfin                 I  [c2.android.opus.decoder] state->set(FLUSHED)
2026-02-04 20:30:38.604 23447-23713 CCodecBuffers           com.rpeters.jellyfin                 D  [c2.android.opus.decoder#904:1D-Output.Impl[N]] Client returned a buffer it does not own according to our record: 0
2026-02-04 20:30:38.604 23447-23713 CCodecBuffers           com.rpeters.jellyfin                 D  [c2.android.opus.decoder#904:1D-Output.Impl[N]] Client returned a buffer it does not own according to our record: 1
2026-02-04 20:30:38.604 23447-23668 MediaCodec              com.rpeters.jellyfin                 D  keep callback message for reclaim
2026-02-04 20:30:38.604 23447-23713 CCodec                  com.rpeters.jellyfin                 I  [c2.android.opus.decoder] state->set(RESUMING)
2026-02-04 20:30:38.604 23447-23713 CCodecConfig            com.rpeters.jellyfin                 I  query failed after returning 8 values (BAD_INDEX)
2026-02-04 20:30:38.604 23447-23713 CCodecBufferChannel     com.rpeters.jellyfin                 I  [c2.android.opus.decoder#904] 4 initial input buffers available
2026-02-04 20:30:38.605 23447-23713 CCodec                  com.rpeters.jellyfin                 I  [c2.android.opus.decoder] state->set(RUNNING)
2026-02-04 20:30:38.605 23447-23694 SurfaceUtils            com.rpeters.jellyfin                 D  connecting to surface 0xb400007333da0300, reason connectToSurface
2026-02-04 20:30:38.605 23447-23694 MediaCodec              com.rpeters.jellyfin                 I  [c2.qti.hevc.decoder] setting surface generation to 24009730
2026-02-04 20:30:38.605 23447-23694 SurfaceUtils            com.rpeters.jellyfin                 D  disconnecting from surface 0xb400007333da0300, reason connectToSurface(reconnect)
2026-02-04 20:30:38.605 23447-23694 SurfaceUtils            com.rpeters.jellyfin                 D  connecting to surface 0xb400007333da02f0, reason connectToSurface(reconnect-with-listener)
2026-02-04 20:30:38.605 23447-23694 Codec2Client            com.rpeters.jellyfin                 D  setOutputSurface -- failed to set consumer usage (6/BAD_INDEX)
2026-02-04 20:30:38.605 23447-23694 GraphicsTracker         com.rpeters.jellyfin                 D  new surface in configuration: maxDequeueRequested(0), maxDequeueCommitted(20)
2026-02-04 20:30:38.605 23447-23694 GraphicsTracker         com.rpeters.jellyfin                 D  new surface configured with id:100704098189315 gen:24009730 maxDequeue:20
2026-02-04 20:30:38.605 23447-23694 GraphicsTracker         com.rpeters.jellyfin                 D  maxDequeueCount is already 20
2026-02-04 20:30:38.605 23447-23694 Codec2Client            com.rpeters.jellyfin                 D  setOutputSurface -- generation=24009730 consumer usage=0x900
2026-02-04 20:30:38.605 23447-23694 SurfaceUtils            com.rpeters.jellyfin                 D  disconnecting from surface 0xb400007333d46770, reason disconnectFromSurface
2026-02-04 20:30:38.606 23447-23694 CCodec                  com.rpeters.jellyfin                 I  [c2.qti.hevc.decoder] state->set(RELEASING)
2026-02-04 20:30:38.606 23447-23694 CCodecBufferChannel     com.rpeters.jellyfin                 D  [c2.qti.hevc.decoder#57] MediaCodec discarded an unknown buffer
2026-02-04 20:30:38.606 23447-23727 CCodec                  com.rpeters.jellyfin                 I  [release][3739] component -> surface
2026-02-04 20:30:38.606 23447-23694 CCodecBufferChannel     com.rpeters.jellyfin                 D  [c2.qti.hevc.decoder#57] MediaCodec discarded an unknown buffer
2026-02-04 20:30:38.606 23447-23694 CCodecBufferChannel     com.rpeters.jellyfin                 D  [c2.qti.hevc.decoder#57] MediaCodec discarded an unknown buffer
2026-02-04 20:30:38.606 23447-23694 CCodecBufferChannel     com.rpeters.jellyfin                 D  [c2.qti.hevc.decoder#57] MediaCodec discarded an unknown buffer
2026-02-04 20:30:38.606 23447-23694 CCodecBufferChannel     com.rpeters.jellyfin                 D  [c2.qti.hevc.decoder#57] MediaCodec discarded an unknown buffer
2026-02-04 20:30:38.607 23447-23694 CCodecBufferChannel     com.rpeters.jellyfin                 D  [c2.qti.hevc.decoder#57] MediaCodec discarded an unknown buffer
2026-02-04 20:30:38.607 23447-23694 CCodecBufferChannel     com.rpeters.jellyfin                 D  [c2.qti.hevc.decoder#57] MediaCodec discarded an unknown buffer
2026-02-04 20:30:38.607 23447-23694 CCodecBufferChannel     com.rpeters.jellyfin                 D  [c2.qti.hevc.decoder#57] MediaCodec discarded an unknown buffer
2026-02-04 20:30:38.607 23447-23694 CCodecBufferChannel     com.rpeters.jellyfin                 D  [c2.qti.hevc.decoder#57] MediaCodec discarded an unknown buffer
2026-02-04 20:30:38.607 23447-23694 CCodecBufferChannel     com.rpeters.jellyfin                 D  [c2.qti.hevc.decoder#57] MediaCodec discarded an unknown buffer
2026-02-04 20:30:38.607 23447-23713 CCodec                  com.rpeters.jellyfin                 I  [c2.android.opus.decoder] state->set(RELEASING)
2026-02-04 20:30:38.607 23447-23713 CCodecBufferChannel     com.rpeters.jellyfin                 D  [c2.android.opus.decoder#904] MediaCodec discarded an unknown buffer
2026-02-04 20:30:38.607 23447-23713 CCodecBufferChannel     com.rpeters.jellyfin                 D  [c2.android.opus.decoder#904] MediaCodec discarded an unknown buffer
2026-02-04 20:30:38.607 23447-23729 CCodec                  com.rpeters.jellyfin                 I  [release][3739] component -> surface
2026-02-04 20:30:38.607 23447-23713 CCodecBufferChannel     com.rpeters.jellyfin                 D  [c2.android.opus.decoder#904] MediaCodec discarded an unknown buffer
2026-02-04 20:30:38.607 23447-23713 CCodecBufferChannel     com.rpeters.jellyfin                 D  [c2.android.opus.decoder#904] MediaCodec discarded an unknown buffer
2026-02-04 20:30:38.607 23447-23729 CCodec                  com.rpeters.jellyfin                 I  [c2.android.opus.decoder] state->set(RELEASED)
2026-02-04 20:30:38.608 23447-23713 Codec2Client            com.rpeters.jellyfin                 I  Component destructing
2026-02-04 20:30:38.608 23447-23713 MediaCodec              com.rpeters.jellyfin                 I  Codec shutdown complete
2026-02-04 20:30:38.608 23447-23713 CCodecBufferChannel     com.rpeters.jellyfin                 I  CCodecBufferChannel destructing c2.android.opus.decoder#904
2026-02-04 20:30:38.609 23447-23447 ExoPlayerImpl           com.rpeters.jellyfin                 I  Release bdf2e01 [AndroidXMedia3/1.9.1] [pa3q, SM-S938U1, samsung, 36] [media3.common, media3.session, media3.exoplayer, media3.decoder, media3.ui, media3.datasource, media3.extractor, media3.decoder.ffmpeg]
2026-02-04 20:30:38.613 23447-23727 CCodec                  com.rpeters.jellyfin                 I  [c2.qti.hevc.decoder] state->set(RELEASED)
2026-02-04 20:30:38.613 23447-23695 Codec2Client            com.rpeters.jellyfin                 I  Component destructing
2026-02-04 20:30:38.614 23447-23694 SurfaceUtils            com.rpeters.jellyfin                 D  disconnecting from surface 0xb400007333da0300, reason disconnectFromSurface
2026-02-04 20:30:38.614 23447-23694 MediaCodec              com.rpeters.jellyfin                 I  Codec shutdown complete
2026-02-04 20:30:38.615 23447-23694 CCodecBufferChannel     com.rpeters.jellyfin                 I  CCodecBufferChannel destructing c2.qti.hevc.decoder#57
2026-02-04 20:30:39.110 23447-23447 VideoPlayer             com.rpeters.jellyfin                 D  Initializing player for: Jurassic World Rebirth, requestedSubtitle: null, requestedAudio: null
2026-02-04 20:30:39.110 23447-23447 PlaybackProgressManager com.rpeters.jellyfin                 D  Stopped tracking
2026-02-04 20:30:39.111 23447-23557 RepositoryUtils         com.rpeters.jellyfin                 D  [VERBOSE] validateServer: Server validation passed for user rpeters1428 on https://rpeters1428.huron.usbx.me/jellyfin
2026-02-04 20:30:39.132 23447-23447 ExoPlayerImplInternal   com.rpeters.jellyfin                 W  Ignoring messages sent after release.
2026-02-04 20:30:39.243 23447-23669 MessageQueue            com.rpeters.jellyfin                 W  Handler (android.os.Handler) {65c3784} sending message to a Handler on a dead thread (Fix with AI)
                                                                                                    java.lang.IllegalStateException: Handler (android.os.Handler) {65c3784} sending message to a Handler on a dead thread
                                                                                                    	at android.os.MessageQueue.logDeadThread(MessageQueue.java:1452)
                                                                                                    	at android.os.MessageQueue.enqueueMessageLegacy(MessageQueue.java:1465)
                                                                                                    	at android.os.MessageQueue.enqueueMessage(MessageQueue.java:1539)
                                                                                                    	at android.os.Handler.enqueueMessage(Handler.java:829)
                                                                                                    	at android.os.Handler.sendMessageAtTime(Handler.java:771)
                                                                                                    	at android.os.Handler.sendMessageDelayed(Handler.java:741)
                                                                                                    	at android.os.Handler.post(Handler.java:461)
                                                                                                    	at androidx.media3.exoplayer.source.ProgressiveMediaPeriod$ExtractingLoadable.load(ProgressiveMediaPeriod.java:1196)
                                                                                                    	at androidx.media3.exoplayer.upstream.Loader$LoadTask.run(Loader.java:453)
                                                                                                    	at java.util.concurrent.ThreadPoolExecutor.runWorker(ThreadPoolExecutor.java:1154)
                                                                                                    	at java.util.concurrent.ThreadPoolExecutor$Worker.run(ThreadPoolExecutor.java:652)
                                                                                                    	at java.lang.Thread.run(Thread.java:1563)
2026-02-04 20:30:39.498 23447-23447 VideoPlayer             com.rpeters.jellyfin                 D  Set initial duration from metadata: 8028729ms (133min)
2026-02-04 20:30:39.498 23447-23447 DeviceCapabilities      com.rpeters.jellyfin                 D  Detected total RAM: 11653MB
2026-02-04 20:30:39.500 23447-23447 DeviceCapabilities      com.rpeters.jellyfin                 D  Hardware codecs: [flac, mp3, ac3, eac3, h264, h265, vp9, av1, mpeg4]
2026-02-04 20:30:39.500 23447-23447 DeviceCapabilities      com.rpeters.jellyfin                 D  Software codecs: [aac, flac, mp3, opus, pcm, vorbis, av1, h264, h263, h265, mpeg4, vp8, vp9]
2026-02-04 20:30:39.500 23447-23447 JellyfinRepository      com.rpeters.jellyfin                 D  Device capabilities: maxResolution=(3840, 2160), supports4K=true
2026-02-04 20:30:39.500 23447-23447 JellyfinDeviceProfile   com.rpeters.jellyfin                 D  Creating dynamic device profile for 7 video and 8 audio codecs
2026-02-04 20:30:39.500 23447-23447 JellyfinRepository      com.rpeters.jellyfin                 D  DeviceProfile created with codecProfiles: 7
2026-02-04 20:30:39.500 23447-23447 JellyfinRepository      com.rpeters.jellyfin                 D    CodecProfile[0]: type=Video, codec=h264, conditions=2
2026-02-04 20:30:39.500 23447-23447 JellyfinRepository      com.rpeters.jellyfin                 D      Condition: Width LessThanEqual 3840
2026-02-04 20:30:39.500 23447-23447 JellyfinRepository      com.rpeters.jellyfin                 D      Condition: Height LessThanEqual 2160
2026-02-04 20:30:39.500 23447-23447 JellyfinRepository      com.rpeters.jellyfin                 D    CodecProfile[1]: type=Video, codec=h265, conditions=3
2026-02-04 20:30:39.501 23447-23447 JellyfinRepository      com.rpeters.jellyfin                 D      Condition: Width LessThanEqual 3840
2026-02-04 20:30:39.501 23447-23447 JellyfinRepository      com.rpeters.jellyfin                 D      Condition: Height LessThanEqual 2160
2026-02-04 20:30:39.501 23447-23447 JellyfinRepository      com.rpeters.jellyfin                 D      Condition: VideoBitDepth LessThanEqual 10
2026-02-04 20:30:39.501 23447-23447 JellyfinRepository      com.rpeters.jellyfin                 D    CodecProfile[2]: type=Video, codec=vp9, conditions=2
2026-02-04 20:30:39.501 23447-23447 JellyfinRepository      com.rpeters.jellyfin                 D      Condition: Width LessThanEqual 3840
2026-02-04 20:30:39.501 23447-23447 JellyfinRepository      com.rpeters.jellyfin                 D      Condition: Height LessThanEqual 2160
2026-02-04 20:30:39.501 23447-23447 JellyfinRepository      com.rpeters.jellyfin                 D    CodecProfile[3]: type=Video, codec=av1, conditions=2
2026-02-04 20:30:39.501 23447-23447 JellyfinRepository      com.rpeters.jellyfin                 D      Condition: Width LessThanEqual 3840
2026-02-04 20:30:39.501 23447-23447 JellyfinRepository      com.rpeters.jellyfin                 D      Condition: Height LessThanEqual 2160
2026-02-04 20:30:39.501 23447-23447 JellyfinRepository      com.rpeters.jellyfin                 D    CodecProfile[4]: type=Video, codec=mpeg4, conditions=2
2026-02-04 20:30:39.501 23447-23447 JellyfinRepository      com.rpeters.jellyfin                 D      Condition: Width LessThanEqual 3840
2026-02-04 20:30:39.501 23447-23447 JellyfinRepository      com.rpeters.jellyfin                 D      Condition: Height LessThanEqual 2160
2026-02-04 20:30:39.501 23447-23447 JellyfinRepository      com.rpeters.jellyfin                 D    CodecProfile[5]: type=Video, codec=h263, conditions=2
2026-02-04 20:30:39.501 23447-23447 JellyfinRepository      com.rpeters.jellyfin                 D      Condition: Width LessThanEqual 3840
2026-02-04 20:30:39.501 23447-23447 JellyfinRepository      com.rpeters.jellyfin                 D      Condition: Height LessThanEqual 2160
2026-02-04 20:30:39.501 23447-23447 JellyfinRepository      com.rpeters.jellyfin                 D    CodecProfile[6]: type=Video, codec=vp8, conditions=2
2026-02-04 20:30:39.501 23447-23447 JellyfinRepository      com.rpeters.jellyfin                 D      Condition: Width LessThanEqual 3840
2026-02-04 20:30:39.501 23447-23447 JellyfinRepository      com.rpeters.jellyfin                 D      Condition: Height LessThanEqual 2160
2026-02-04 20:30:39.501 23447-23447 JellyfinRepository      com.rpeters.jellyfin                 D  PlaybackInfo request for item UUID-***: maxBitrate=80000000 (80Mbps), directPlay=true, directStream=true, transcode=true
2026-02-04 20:30:39.502 23447-23447 JellyfinRepository      com.rpeters.jellyfin                 D  Network-based maxStreamingBitrate: 80Mbps
2026-02-04 20:30:39.502 23447-23447 JellyfinRepository      com.rpeters.jellyfin                 D  DeviceProfile: Jellyfin Android Client (Dynamic), maxStreamBitrate=100000000, maxStaticBitrate=100000000
2026-02-04 20:30:39.502 23447-23447 JellyfinRepository      com.rpeters.jellyfin                 D    DirectPlayProfile[0]: container=mp4, type=Video, videoCodec=h264,h265,vp9,av1,mpeg4,h263,vp8, audioCodec=flac,mp3,ac3,eac3,aac,opus,pcm,vorbis,alac
2026-02-04 20:30:39.502 23447-23447 JellyfinRepository      com.rpeters.jellyfin                 D    DirectPlayProfile[1]: container=m4v, type=Video, videoCodec=h264,h265,vp9,av1,mpeg4,h263,vp8, audioCodec=flac,mp3,ac3,eac3,aac,opus,pcm,vorbis,alac
2026-02-04 20:30:39.502 23447-23447 JellyfinRepository      com.rpeters.jellyfin                 D    DirectPlayProfile[2]: container=3gp, type=Video, videoCodec=h264,h265,vp9,av1,mpeg4,h263,vp8, audioCodec=flac,mp3,ac3,eac3,aac,opus,pcm,vorbis,alac
2026-02-04 20:30:39.502 23447-23447 JellyfinRepository      com.rpeters.jellyfin                 D    DirectPlayProfile[3]: container=3gpp, type=Video, videoCodec=h264,h265,vp9,av1,mpeg4,h263,vp8, audioCodec=flac,mp3,ac3,eac3,aac,opus,pcm,vorbis,alac
2026-02-04 20:30:39.502 23447-23447 JellyfinRepository      com.rpeters.jellyfin                 D    DirectPlayProfile[4]: container=3g2, type=Video, videoCodec=h264,h265,vp9,av1,mpeg4,h263,vp8, audioCodec=flac,mp3,ac3,eac3,aac,opus,pcm,vorbis,alac
2026-02-04 20:30:39.502 23447-23447 JellyfinRepository      com.rpeters.jellyfin                 D    DirectPlayProfile[5]: container=3gpp2, type=Video, videoCodec=h264,h265,vp9,av1,mpeg4,h263,vp8, audioCodec=flac,mp3,ac3,eac3,aac,opus,pcm,vorbis,alac
2026-02-04 20:30:39.502 23447-23447 JellyfinRepository      com.rpeters.jellyfin                 D    DirectPlayProfile[6]: container=webm, type=Video, videoCodec=h264,h265,vp9,av1,mpeg4,h263,vp8, audioCodec=flac,mp3,ac3,eac3,aac,opus,pcm,vorbis,alac
2026-02-04 20:30:39.502 23447-23447 JellyfinRepository      com.rpeters.jellyfin                 D    DirectPlayProfile[7]: container=mkv, type=Video, videoCodec=h264,h265,vp9,av1,mpeg4,h263,vp8, audioCodec=flac,mp3,ac3,eac3,aac,opus,pcm,vorbis,alac
2026-02-04 20:30:39.502 23447-23447 JellyfinRepository      com.rpeters.jellyfin                 D    DirectPlayProfile[8]: container=avi, type=Video, videoCodec=h264,h265,vp9,av1,mpeg4,h263,vp8, audioCodec=flac,mp3,ac3,eac3,aac,opus,pcm,vorbis,alac
2026-02-04 20:30:39.502 23447-23447 JellyfinRepository      com.rpeters.jellyfin                 D    DirectPlayProfile[9]: container=mov, type=Video, videoCodec=h264,h265,vp9,av1,mpeg4,h263,vp8, audioCodec=flac,mp3,ac3,eac3,aac,opus,pcm,vorbis,alac
2026-02-04 20:30:39.502 23447-23447 JellyfinRepository      com.rpeters.jellyfin                 D    DirectPlayProfile[10]: container=flv, type=Video, videoCodec=h264,h265,vp9,av1,mpeg4,h263,vp8, audioCodec=flac,mp3,ac3,eac3,aac,opus,pcm,vorbis,alac
2026-02-04 20:30:39.502 23447-23447 JellyfinRepository      com.rpeters.jellyfin                 D    DirectPlayProfile[11]: container=asf, type=Video, videoCodec=h264,h265,vp9,av1,mpeg4,h263,vp8, audioCodec=flac,mp3,ac3,eac3,aac,opus,pcm,vorbis,alac
2026-02-04 20:30:39.502 23447-23447 JellyfinRepository      com.rpeters.jellyfin                 D    DirectPlayProfile[12]: container=wmv, type=Video, videoCodec=h264,h265,vp9,av1,mpeg4,h263,vp8, audioCodec=flac,mp3,ac3,eac3,aac,opus,pcm,vorbis,alac
2026-02-04 20:30:39.502 23447-23447 JellyfinRepository      com.rpeters.jellyfin                 D    DirectPlayProfile[13]: container=flac, type=Audio, videoCodec=, audioCodec=flac
2026-02-04 20:30:39.502 23447-23447 JellyfinRepository      com.rpeters.jellyfin                 D    DirectPlayProfile[14]: container=mp3, type=Audio, videoCodec=, audioCodec=mp3
2026-02-04 20:30:39.502 23447-23447 JellyfinRepository      com.rpeters.jellyfin                 D    DirectPlayProfile[15]: container=ogg, type=Audio, videoCodec=, audioCodec=vorbis,opus
2026-02-04 20:30:39.502 23447-23447 JellyfinRepository      com.rpeters.jellyfin                 D    DirectPlayProfile[16]: container=m4a, type=Audio, videoCodec=, audioCodec=aac
2026-02-04 20:30:39.502 23447-23447 JellyfinRepository      com.rpeters.jellyfin                 D    TranscodingProfile[0]: codec=h265,hevc, container=mp4, protocol=http, conditions=2
2026-02-04 20:30:39.502 23447-23447 JellyfinRepository      com.rpeters.jellyfin                 D      Condition: Width LessThanEqual 3840
2026-02-04 20:30:39.502 23447-23447 JellyfinRepository      com.rpeters.jellyfin                 D      Condition: Height LessThanEqual 2160
2026-02-04 20:30:39.502 23447-23447 JellyfinRepository      com.rpeters.jellyfin                 D    TranscodingProfile[1]: codec=h264, container=mp4, protocol=hls, conditions=2
2026-02-04 20:30:39.502 23447-23447 JellyfinRepository      com.rpeters.jellyfin                 D      Condition: Width LessThanEqual 3840
2026-02-04 20:30:39.502 23447-23447 JellyfinRepository      com.rpeters.jellyfin                 D      Condition: Height LessThanEqual 2160
2026-02-04 20:30:39.502 23447-23447 JellyfinRepository      com.rpeters.jellyfin                 D    TranscodingProfile[2]: codec=, container=mp3, protocol=http, conditions=0
2026-02-04 20:30:39.642 23447-23447 JellyfinRepository      com.rpeters.jellyfin                 D  Server response:
2026-02-04 20:30:39.642 23447-23447 JellyfinRepository      com.rpeters.jellyfin                 D    PlaySessionId: 5b20305799dd42bba665d78461c64634
2026-02-04 20:30:39.642 23447-23447 JellyfinRepository      com.rpeters.jellyfin                 D    MediaSources: 1
2026-02-04 20:30:39.642 23447-23447 JellyfinRepository      com.rpeters.jellyfin                 D    MediaSource[0]:
2026-02-04 20:30:39.642 23447-23447 JellyfinRepository      com.rpeters.jellyfin                 D      Name: Jurassic World Rebirth (2025) WEBDL-2160p
2026-02-04 20:30:39.642 23447-23447 JellyfinRepository      com.rpeters.jellyfin                 D      Container: mkv
2026-02-04 20:30:39.642 23447-23447 JellyfinRepository      com.rpeters.jellyfin                 D      Size: 6409131021
2026-02-04 20:30:39.642 23447-23447 JellyfinRepository      com.rpeters.jellyfin                 D      IsRemote: false
2026-02-04 20:30:39.642 23447-23447 JellyfinRepository      com.rpeters.jellyfin                 D      Video Stream: hevc, 3840x1600, bitrate=6386197
2026-02-04 20:30:39.642 23447-23447 JellyfinRepository      com.rpeters.jellyfin                 D      SupportsDirectPlay: false
2026-02-04 20:30:39.642 23447-23447 JellyfinRepository      com.rpeters.jellyfin                 D      SupportsDirectStream: false
2026-02-04 20:30:39.642 23447-23447 JellyfinRepository      com.rpeters.jellyfin                 D      SupportsTranscoding: true
2026-02-04 20:30:39.642 23447-23447 JellyfinRepository      com.rpeters.jellyfin                 D      TranscodingUrl: /videos/5ec5425d-6206-4fe4-4666-e4305a41a686/stream.mp4?&DeviceId=android-jellyfin-client&MediaSourceId=5ec5425d62064fe44666e4305a41a686&VideoCodec=h265,hevc&AudioCodec=aac&AudioStreamIndex=1&VideoBitrate=79680000&AudioBitrate=320000&AudioSampleRate=48000&MaxFramerate=23.976025&MaxWidth=3840&MaxHeight=2160&PlaySessionId=5b20305799dd42bba665d78461c64634&ApiKey=f494aabde09441079c0a15e127700178&RequireAvc=false&EnableAudioVbrEncoding=true&Tag=6c021da97163abf9bfe138c63dda7c62&hevc-level=150&hevc-videobitdepth=10&hevc-profile=main10&hevc-audiochannels=6&aac-profile=lc&h265-videobitdepth=10&TranscodeReasons=VideoCodecNotSupported
2026-02-04 20:30:39.642 23447-23447 JellyfinRepository      com.rpeters.jellyfin                 D      Transcoding resolution: 3840x2160
2026-02-04 20:30:39.643 23447-23447 JellyfinRepository      com.rpeters.jellyfin                 D  PlaybackInfo response: playSessionId=*** mediaSources=1
2026-02-04 20:30:39.643 23447-23447 JellyfinRepository      com.rpeters.jellyfin                 D  [VERBOSE] PlaybackInfo sources: id=5ec5425d62064fe44666e4305a41a686, directPlay=false, directStream=false, transcode=true, container=mkv, transcodingUrl=true
2026-02-04 20:30:39.643 23447-23447 VideoPlayer             com.rpeters.jellyfin                 D  Added subtitle spec: Forced - English - Default - SUBRIP (eng) - subrip -> vtt [External: false]
2026-02-04 20:30:39.643 23447-23447 VideoPlayer             com.rpeters.jellyfin                 D  Added subtitle spec: English - SUBRIP (eng) - subrip -> vtt [External: false]
2026-02-04 20:30:39.643 23447-23447 VideoPlayer             com.rpeters.jellyfin                 D  Added subtitle spec: SDH - English - Hearing Impaired - SUBRIP (eng) - subrip -> vtt [External: false]
2026-02-04 20:30:39.644 23447-23447 VideoPlayer             com.rpeters.jellyfin                 D  Added subtitle spec: Latin American - Spanish - SUBRIP (spa) - subrip -> vtt [External: false]
2026-02-04 20:30:39.644 23447-23447 VideoPlayer             com.rpeters.jellyfin                 D  Added subtitle spec: Canadian - French - SUBRIP (fra) - subrip -> vtt [External: false]
2026-02-04 20:30:39.644 23447-23557 EnhancedPlaybackManager com.rpeters.jellyfin                 D  [VERBOSE] Getting optimal playback URL for: Jurassic World Rebirth (Movie) [Audio: null, Sub: null]
2026-02-04 20:30:39.645 23447-23557 DeviceCapabilities      com.rpeters.jellyfin                 D  Detected total RAM: 11653MB
2026-02-04 20:30:39.647 23447-23557 DeviceCapabilities      com.rpeters.jellyfin                 D  Hardware codecs: [flac, mp3, ac3, eac3, h264, h265, vp9, av1, mpeg4]
2026-02-04 20:30:39.647 23447-23557 DeviceCapabilities      com.rpeters.jellyfin                 D  Software codecs: [aac, flac, mp3, opus, pcm, vorbis, av1, h264, h263, h265, mpeg4, vp8, vp9]
2026-02-04 20:30:39.647 23447-23557 JellyfinRepository      com.rpeters.jellyfin                 D  Device capabilities: maxResolution=(3840, 2160), supports4K=true
2026-02-04 20:30:39.647 23447-23557 JellyfinDeviceProfile   com.rpeters.jellyfin                 D  Creating dynamic device profile for 7 video and 8 audio codecs
2026-02-04 20:30:39.648 23447-23557 JellyfinRepository      com.rpeters.jellyfin                 D  DeviceProfile created with codecProfiles: 7
2026-02-04 20:30:39.648 23447-23557 JellyfinRepository      com.rpeters.jellyfin                 D    CodecProfile[0]: type=Video, codec=h264, conditions=2
2026-02-04 20:30:39.648 23447-23557 JellyfinRepository      com.rpeters.jellyfin                 D      Condition: Width LessThanEqual 3840
2026-02-04 20:30:39.648 23447-23557 JellyfinRepository      com.rpeters.jellyfin                 D      Condition: Height LessThanEqual 2160
2026-02-04 20:30:39.648 23447-23557 JellyfinRepository      com.rpeters.jellyfin                 D    CodecProfile[1]: type=Video, codec=h265, conditions=3
2026-02-04 20:30:39.648 23447-23557 JellyfinRepository      com.rpeters.jellyfin                 D      Condition: Width LessThanEqual 3840
2026-02-04 20:30:39.648 23447-23557 JellyfinRepository      com.rpeters.jellyfin                 D      Condition: Height LessThanEqual 2160
2026-02-04 20:30:39.648 23447-23557 JellyfinRepository      com.rpeters.jellyfin                 D      Condition: VideoBitDepth LessThanEqual 10
2026-02-04 20:30:39.648 23447-23557 JellyfinRepository      com.rpeters.jellyfin                 D    CodecProfile[2]: type=Video, codec=vp9, conditions=2
2026-02-04 20:30:39.648 23447-23557 JellyfinRepository      com.rpeters.jellyfin                 D      Condition: Width LessThanEqual 3840
2026-02-04 20:30:39.648 23447-23557 JellyfinRepository      com.rpeters.jellyfin                 D      Condition: Height LessThanEqual 2160
2026-02-04 20:30:39.648 23447-23557 JellyfinRepository      com.rpeters.jellyfin                 D    CodecProfile[3]: type=Video, codec=av1, conditions=2
2026-02-04 20:30:39.648 23447-23557 JellyfinRepository      com.rpeters.jellyfin                 D      Condition: Width LessThanEqual 3840
2026-02-04 20:30:39.648 23447-23557 JellyfinRepository      com.rpeters.jellyfin                 D      Condition: Height LessThanEqual 2160
2026-02-04 20:30:39.648 23447-23557 JellyfinRepository      com.rpeters.jellyfin                 D    CodecProfile[4]: type=Video, codec=mpeg4, conditions=2
2026-02-04 20:30:39.648 23447-23557 JellyfinRepository      com.rpeters.jellyfin                 D      Condition: Width LessThanEqual 3840
2026-02-04 20:30:39.648 23447-23557 JellyfinRepository      com.rpeters.jellyfin                 D      Condition: Height LessThanEqual 2160
2026-02-04 20:30:39.648 23447-23557 JellyfinRepository      com.rpeters.jellyfin                 D    CodecProfile[5]: type=Video, codec=h263, conditions=2
2026-02-04 20:30:39.648 23447-23557 JellyfinRepository      com.rpeters.jellyfin                 D      Condition: Width LessThanEqual 3840
2026-02-04 20:30:39.648 23447-23557 JellyfinRepository      com.rpeters.jellyfin                 D      Condition: Height LessThanEqual 2160
