01-05 18:42:01.944   805  1461 D CoreBackPreview: Window{56be900 u0 com.rpeters.jellyfin/com.rpeters.jellyfin.MainActivity}: Setting back callback OnBackInvokedCallbackInfo{mCallback=android.window.IOnBackInvokedCallback$Stub$Proxy@911edfb, mPriority=0, mIsAnimationCallback=true, mOverrideBehavior=0}
01-05 18:42:01.996  8665  8665 D ServerConnectionVM:  saveCredentials: CALLED with serverUrl='https://rpeters1428.huron.usbx.me/jellyfin', username='rpeters1428'
01-05 18:42:01.996  8665  8665 D ServerConnectionVM: saveCredentials: Normalized URL: 'https://rpeters1428.huron.usbx.me/jellyfin'
01-05 18:42:01.996  8665  8665 D ServerConnectionVM: saveCredentials: Saving URL and username to DataStore...
01-05 18:42:02.278   805  2438 I AppSearchIcing: icing-search-engine.cc:2327: Persisting data to disk with mode 3
01-05 18:42:02.283   805  2438 I AppSearchIcing: icing-search-engine.cc:2340: PersistToDisk completed.
01-05 18:42:02.548  8665  8665 I MediaController: Init b00f2e2 [AndroidXMedia3/1.9.0] [emu64xa, sdk_gphone64_x86_64, Google, 36]
01-05 18:42:02.634  1552  1690 D SatelliteController: iisInCarrierRoamingNbIotNtn: satellite is disabled
01-05 18:42:02.634  1552  1690 D SatelliteController: getCarrierRoamingNtnConnectType: Falling back to global carrier config connect type: 0
01-05 18:42:02.701  8665  8665 D ServerConnectionVM: saveCredentials: URL and username saved to DataStore 
01-05 18:42:02.702  8665  8665 D ServerConnectionVM: saveCredentials: Calling secureCredentialManager.savePassword()...
01-05 18:42:02.704  8665  8665 D SecureCredentialManager: generateKeys: newKey='pwd_632596fe655bf43ae2013d16873171ce'
01-05 18:42:02.705  8665  8665 D SecureCredentialManager: generateKeys: legacyRawKey='pwd_632596fe655bf43ae2013d16873171ce'
01-05 18:42:02.705  8665  8665 D SecureCredentialManager: generateKeys: legacyNormalizedKey='pwd_632596fe655bf43ae2013d16873171ce'
01-05 18:42:02.705  8665  8665 D SecureCredentialManager: generateKeys: Are any keys identical? newKey==legacyRawKey:true, newKey==legacyNormalizedKey:true
01-05 18:42:02.728  8665  8686 D OptimizedClientFactory: Creating new optimized client for: https://rpeters1428.huron.usbx.me/jellyfin (token tail: 7b2c99)
01-05 18:42:02.815  8665  8665 I ExoPlayerImpl: Init cdf1584 [AndroidXMedia3/1.9.0] [emu64xa, sdk_gphone64_x86_64, Google, 36]
01-05 18:42:03.071  8665  8751 D AudioSystem: onNewServiceWithAdapter: media.audio_flinger service obtained 0x7a5b13aa75c0
01-05 18:42:03.078  8665  8751 D AudioSystem: getService: IAudioFlingerService retrieved: 0x7a5b23a20760  IAudioFlinger cached: 0x7a5b13aa75c0
01-05 18:42:03.114  8665  8665 I MediaSessionImpl: Init 25ade38 [AndroidXMedia3/1.9.0] [emu64xa, sdk_gphone64_x86_64, Google, 36]
01-05 18:42:03.186  8665  8665 I MediaSessionCompat: Couldn't find a unique registered media button receiver in the given context.
01-05 18:42:03.195   805  1461 I MediaSessionStack: addSession to bottom of stack | record: com.rpeters.jellyfin/androidx.media3.session.id.JellyfinAudioSession/6 (userId=0)
01-05 18:42:03.241  8665  8665 D AudioSystem: onNewService: media.audio_policy service obtained 0x7a5b23a780f0
01-05 18:42:03.244  8665  8665 D AudioSystem: getService: IAudioPolicyService retrieved: 0x7a5b23a780f0  cached: 0x7a5b23a780f0
01-05 18:42:03.250   805   940 D MediaSessionService: onSessionPlaybackStateChanged: record=com.rpeters.jellyfin/androidx.media3.session.id.JellyfinAudioSession/6 (userId=0) playbackState=PlaybackState {state=NONE(0), position=0, buffered position=0, speed=0.0, updated=1197855, actions=7339653, custom actions=[], active item id=0, error=null}
01-05 18:42:03.250   805  1300 D MediaSessionService: setFgsIfSessionIsLinkedToNotification: record=com.rpeters.jellyfin/androidx.media3.session.id.JellyfinAudioSession/6 (userId=0)
01-05 18:42:03.251   805   940 D MediaSessionService: onSessionActiveStateChanged: record=com.rpeters.jellyfin/androidx.media3.session.id.JellyfinAudioSession/6 (userId=0) active=true
01-05 18:42:03.254   805  1461 D MediaSessionService: onSessionPlaybackStateChanged: record=com.rpeters.jellyfin/androidx.media3.session.id.JellyfinAudioSession/6 (userId=0) playbackState=PlaybackState {state=NONE(0), position=0, buffered position=0, speed=0.0, updated=1197861, actions=7339653, custom actions=[], active item id=0, error=null}
01-05 18:42:03.279  8665  8665 I Choreographer: Skipped 33 frames!  The application may be doing too much work on its main thread.
01-05 18:42:03.316  8665  8665 D SecureCredentialManager: savePassword: Saving password for user='rpeters1428', serverUrl='https://rpeters1428.huron.usbx.me/jellyfin'
01-05 18:42:03.317  8665  8665 D SecureCredentialManager: savePassword: Generated key='pwd_632596fe655bf43ae2013d16873171ce'
01-05 18:42:03.317  8665  8665 D SecureCredentialManager: savePassword: Encrypted password length: 52
01-05 18:42:03.317  8665  8665 D SecureCredentialManager: savePassword:  ENTERING NonCancellable block - password save cannot be cancelled from here
01-05 18:42:03.318  8665  8688 D SecureCredentialManager: savePassword: DataStore before edit contains 2 entries
01-05 18:42:03.321  8665  8684 D SecureCredentialManager: savePassword: Inside edit block, setting key='pwd_632596fe655bf43ae2013d16873171ce'
01-05 18:42:03.322  8665  8684 D SecureCredentialManager: savePassword: Before setting - prefs.asMap().size = 2
01-05 18:42:03.322  8665  8684 D SecureCredentialManager: savePassword: Setting password with key: pwd_632596fe655bf43ae2013d16873171ce
01-05 18:42:03.322  8665  8684 D SecureCredentialManager: savePassword: Password set, prefs.asMap().size = 2
01-05 18:42:03.324  8665  8684 D SecureCredentialManager: savePassword: Verifying password was set: true
01-05 18:42:03.325  8665  8684 D SecureCredentialManager: savePassword: Setting timestamp with key: pwd_632596fe655bf43ae2013d16873171ce_timestamp
01-05 18:42:03.325  8665  8684 D SecureCredentialManager: savePassword: Timestamp set, prefs.asMap().size = 2
01-05 18:42:03.325  8665  8684 D SecureCredentialManager: savePassword: Skipping removal of legacyRawKey (same as newKey)
01-05 18:42:03.325  8665  8684 D SecureCredentialManager: savePassword: Skipping removal of legacyNormalizedKey (same as newKey)
01-05 18:42:03.325  8665  8684 D SecureCredentialManager: savePassword: Edit block completed, prefs now contains 2 entries
01-05 18:42:03.325  8665  8684 D SecureCredentialManager: savePassword: Keys in prefs: pwd_632596fe655bf43ae2013d16873171ce, pwd_632596fe655bf43ae2013d16873171ce_timestamp
01-05 18:42:03.329   805   940 D CompatChangeReporter: Compat change id reported: 297989574; UID 10227; state: ENABLED
01-05 18:42:03.334  8665  8684 D SecureCredentialManager: savePassword: Edit operation returned successfully
01-05 18:42:03.334  8665  8684 D SecureCredentialManager: savePassword: Verification read returned 2 entries
01-05 18:42:03.334  8665  8684 D SecureCredentialManager: savePassword:  Password saved successfully and verified in DataStore
01-05 18:42:03.334  8665  8684 D SecureCredentialManager: savePassword: DataStore now contains 2 entries
01-05 18:42:03.362  8665  8665 I MediaController: Init de7e644 [AndroidXMedia3/1.9.0] [emu64xa, sdk_gphone64_x86_64, Google, 36]
01-05 18:42:03.363   805  2753 D MediaSessionService: onSessionPlaybackStateChanged: record=com.rpeters.jellyfin/androidx.media3.session.id.JellyfinAudioSession/6 (userId=0) playbackState=PlaybackState {state=NONE(0), position=0, buffered position=0, speed=0.0, updated=1197970, actions=7339653, custom actions=[], active item id=0, error=null}
01-05 18:42:03.378  8665  8665 E SecureCredentialManager: savePassword: EXCEPTION during save operation
01-05 18:42:03.378  8665  8665 E SecureCredentialManager: kotlinx.coroutines.JobCancellationException: Job was cancelled; job=SupervisorJobImpl{Cancelling}@b9f22b0
01-05 18:42:03.449   805  1255 I HalDevMgr: bestIfaceCreationProposal is null, requestIface=STA, existingIface=[name=wlan0 type=STA]
01-05 18:42:03.797  8665  8754 I OkHttp  : --> GET https://rpeters1428.huron.usbx.me/jellyfin/Items/01c7bb66-1287-3467-1b49-23c3fba68962/Images/Backdrop?tag=d332bb5353bb1019afa3215e3b9882d5&maxHeight=400&maxWidth=800
01-05 18:42:03.799  8665  8753 I OkHttp  : --> GET https://rpeters1428.huron.usbx.me/jellyfin/Items/98368632-e71a-4502-7ba8-c8a6ea99bfd8/Images/Backdrop?tag=205c880c371ba16fc079167b2b50e339&maxHeight=400&maxWidth=800
01-05 18:42:03.801  8665  8755 I OkHttp  : --> GET https://rpeters1428.huron.usbx.me/jellyfin/Items/fa9c599c-1e8d-2f64-98d6-1f5018836679/Images/Primary?maxHeight=400&maxWidth=400
01-05 18:42:03.812  8665  8756 I OkHttp  : --> GET https://rpeters1428.huron.usbx.me/jellyfin/Items/e630132b-6e6d-946f-33b9-527127b3d962/Images/Primary?maxHeight=400&maxWidth=400
01-05 18:42:03.828  8665  8757 I OkHttp  : --> GET https://rpeters1428.huron.usbx.me/jellyfin/Items/d8d923ae-8f62-7429-2e66-958002be50a0/Images/Primary?maxHeight=400&maxWidth=400
01-05 18:42:03.987  8665  8755 D PinningTrustManager: Validating certificate for hostname: rpeters1428.huron.usbx.me
01-05 18:42:03.987  8665  8755 I peters.jellyfin: hiddenapi: Accessing hidden method Landroid/security/net/config/RootTrustManager;->checkServerTrusted([Ljava/security/cert/X509Certificate;Ljava/lang/String;Ljava/lang/String;)Ljava/util/List; (runtime_flags=0, domain=platform, api=unsupported) from Lcom/rpeters/jellyfin/data/security/PinningTrustManager; (domain=app, TargetSdkVersion=35) using reflection: allowed
01-05 18:42:03.997  8665  8754 D PinningTrustManager: Validating certificate for hostname: rpeters1428.huron.usbx.me
01-05 18:42:03.997  8665  8753 D PinningTrustManager: Validating certificate for hostname: rpeters1428.huron.usbx.me
01-05 18:42:04.004  8665  8756 D PinningTrustManager: Validating certificate for hostname: rpeters1428.huron.usbx.me
01-05 18:42:04.004  8665  8755 D PinningTrustManager: First connection to rpeters1428.huron.usbx.me - storing certificate pin
01-05 18:42:04.006  8665  8753 D PinningTrustManager: First connection to rpeters1428.huron.usbx.me - storing certificate pin
01-05 18:42:04.008  8665  8754 D PinningTrustManager: First connection to rpeters1428.huron.usbx.me - storing certificate pin
01-05 18:42:04.011  8665  8756 D PinningTrustManager: First connection to rpeters1428.huron.usbx.me - storing certificate pin
01-05 18:42:04.012  8665  8757 D PinningTrustManager: Validating certificate for hostname: rpeters1428.huron.usbx.me
01-05 18:42:04.019  8665  8757 D PinningTrustManager: First connection to rpeters1428.huron.usbx.me - storing certificate pin
01-05 18:42:04.032  8665  8755 D CertificatePinningManager: Stored certificate pin for rpeters1428.huron.usbx.me
01-05 18:42:04.032  8665  8755 D PinningTrustManager: Trusted and stored pin for rpeters1428.huron.usbx.me
01-05 18:42:04.036  8665  8755 D PinningHostnameVerifier: Hostname verification for rpeters1428.huron.usbx.me: true
01-05 18:42:04.048  8665  8756 D CertificatePinningManager: Stored certificate pin for rpeters1428.huron.usbx.me
01-05 18:42:04.048  8665  8756 D PinningTrustManager: Trusted and stored pin for rpeters1428.huron.usbx.me
01-05 18:42:04.050  8665  8756 D PinningHostnameVerifier: Hostname verification for rpeters1428.huron.usbx.me: true
01-05 18:42:04.057  8665  8753 D CertificatePinningManager: Stored certificate pin for rpeters1428.huron.usbx.me
01-05 18:42:04.057  8665  8753 D PinningTrustManager: Trusted and stored pin for rpeters1428.huron.usbx.me
01-05 18:42:04.059  8665  8753 D PinningHostnameVerifier: Hostname verification for rpeters1428.huron.usbx.me: true
01-05 18:42:04.067  8665  8757 D CertificatePinningManager: Stored certificate pin for rpeters1428.huron.usbx.me
01-05 18:42:04.067  8665  8757 D PinningTrustManager: Trusted and stored pin for rpeters1428.huron.usbx.me
01-05 18:42:04.069  8665  8757 D PinningHostnameVerifier: Hostname verification for rpeters1428.huron.usbx.me: true
01-05 18:42:04.076  8665  8754 D CertificatePinningManager: Stored certificate pin for rpeters1428.huron.usbx.me
01-05 18:42:04.077  8665  8754 D PinningTrustManager: Trusted and stored pin for rpeters1428.huron.usbx.me
01-05 18:42:04.078  8665  8754 D PinningHostnameVerifier: Hostname verification for rpeters1428.huron.usbx.me: true
01-05 18:42:04.152  8665  8755 I OkHttp  : <-- 200 OK https://rpeters1428.huron.usbx.me/jellyfin/Items/fa9c599c-1e8d-2f64-98d6-1f5018836679/Images/Primary?maxHeight=400&maxWidth=400 (350ms, 212454-byte body)
01-05 18:42:04.158  8665  8756 I OkHttp  : <-- 200 OK https://rpeters1428.huron.usbx.me/jellyfin/Items/e630132b-6e6d-946f-33b9-527127b3d962/Images/Primary?maxHeight=400&maxWidth=400 (344ms, 101080-byte body)
01-05 18:42:04.167  8665  8753 I OkHttp  : <-- 200 OK https://rpeters1428.huron.usbx.me/jellyfin/Items/98368632-e71a-4502-7ba8-c8a6ea99bfd8/Images/Backdrop?tag=205c880c371ba16fc079167b2b50e339&maxHeight=400&maxWidth=800 (367ms, 365974-byte body)
01-05 18:42:04.177  8665  8757 I OkHttp  : <-- 200 OK https://rpeters1428.huron.usbx.me/jellyfin/Items/d8d923ae-8f62-7429-2e66-958002be50a0/Images/Primary?maxHeight=400&maxWidth=400 (348ms, 148472-byte body)
01-05 18:42:04.183  8665  8754 I OkHttp  : <-- 200 OK https://rpeters1428.huron.usbx.me/jellyfin/Items/01c7bb66-1287-3467-1b49-23c3fba68962/Images/Backdrop?tag=d332bb5353bb1019afa3215e3b9882d5&maxHeight=400&maxWidth=800 (385ms, 344814-byte body)
01-05 18:42:04.342  8665  8759 W HWUI    : Failed to choose config with EGL_SWAP_BEHAVIOR_PRESERVED, retrying without...
01-05 18:42:04.342  8665  8759 W HWUI    : Failed to initialize 101010-2 format, error = EGL_SUCCESS
01-05 18:42:04.396  8665  8665 I RealImageLoader:  Successful (NETWORK) - https://rpeters1428.huron.usbx.me/jellyfin/Items/e630132b-6e6d-946f-33b9-527127b3d962/Images/Primary?maxHeight=400&maxWidth=400
01-05 18:42:04.432  8665  8665 I RealImageLoader:  Successful (NETWORK) - https://rpeters1428.huron.usbx.me/jellyfin/Items/d8d923ae-8f62-7429-2e66-958002be50a0/Images/Primary?maxHeight=400&maxWidth=400
01-05 18:42:04.432  8665  8665 I RealImageLoader:  Successful (NETWORK) - https://rpeters1428.huron.usbx.me/jellyfin/Items/fa9c599c-1e8d-2f64-98d6-1f5018836679/Images/Primary?maxHeight=400&maxWidth=400
01-05 18:42:04.492  8665  8665 I RealImageLoader:  Successful (NETWORK) - https://rpeters1428.huron.usbx.me/jellyfin/Items/01c7bb66-1287-3467-1b49-23c3fba68962/Images/Backdrop?tag=d332bb5353bb1019afa3215e3b9882d5&maxHeight=400&maxWidth=800
01-05 18:42:04.536  8665  8665 I RealImageLoader:  Successful (NETWORK) - https://rpeters1428.huron.usbx.me/jellyfin/Items/98368632-e71a-4502-7ba8-c8a6ea99bfd8/Images/Backdrop?tag=205c880c371ba16fc079167b2b50e339&maxHeight=400&maxWidth=800
01-05 18:42:05.297   805  1253 D NetworkStatsObservers: Registering observer for RequestInfo from pid/uid:805/1000(android) for DataUsageRequest [ requestId=17, networkTemplate=NetworkTemplate: matchRule=MOBILE, matchSubscriberIds=[310260...], matchWifiNetworkKeys=[], metered=YES, defaultNetwork=NO, thresholdInBytes=3330383 ] accessLevel:3
01-05 18:42:05.297   805  1352 D NetworkStatsObservers: Unregistering RequestInfo from pid/uid:805/1000(android) for DataUsageRequest [ requestId=16, networkTemplate=NetworkTemplate: matchRule=MOBILE, matchSubscriberIds=[310260...], matchWifiNetworkKeys=[], metered=YES, defaultNetwork=NO, thresholdInBytes=3383819 ] accessLevel:3
01-05 18:42:06.463   805  1255 I HalDevMgr: bestIfaceCreationProposal is null, requestIface=STA, existingIface=[name=wlan0 type=STA]
01-05 18:42:07.644  6050  6050 D BoundBrokerSvc: onUnbind: Intent { act=com.google.android.mdd.service.START dat=chimera-action:/... xflg=0x4 cmp=com.google.android.gms/.chimera.GmsBoundBrokerService }
01-05 18:42:09.354  8760  8760 W libbinder.BackendUnifiedServiceManager: Thread Pool max thread count is 0. Cannot cache binder as linkToDeath cannot be implemented. serviceName: package
01-05 18:42:09.467  1002  1008 I artd    : GetBestInfo: odex next to the dex file (/data/app/~~a3VE1Yo6vvQKRD18bVvLuQ==/com.google.android.gms-uiqKvAqDGpdHAJ_R5JllAA==/oat/x86_64/base.odex) is kOatUpToDate with filter 'speed-profile' executable 'false'
01-05 18:42:09.469  1002  1008 I artd    : GetBestInfo: odex next to the dex file (/data/app/~~a3VE1Yo6vvQKRD18bVvLuQ==/com.google.android.gms-uiqKvAqDGpdHAJ_R5JllAA==/oat/x86_64/split_AdsDynamite_installtime.odex) is kOatUpToDate with filter 'speed' executable 'false'
01-05 18:42:09.471  1002  1251 I artd    : GetBestInfo: odex next to the dex file (/data/app/~~a3VE1Yo6vvQKRD18bVvLuQ==/com.google.android.gms-uiqKvAqDGpdHAJ_R5JllAA==/oat/x86_64/split_CronetDynamite_installtime.odex) is kOatUpToDate with filter 'speed' executable 'false'
01-05 18:42:09.472   805  1255 I HalDevMgr: bestIfaceCreationProposal is null, requestIface=STA, existingIface=[name=wlan0 type=STA]
01-05 18:42:09.473  1002  1251 I artd    : GetBestInfo: odex next to the dex file (/data/app/~~a3VE1Yo6vvQKRD18bVvLuQ==/com.google.android.gms-uiqKvAqDGpdHAJ_R5JllAA==/oat/x86_64/split_DynamiteLoader_installtime.odex) is kOatUpToDate with filter 'speed' executable 'false'
01-05 18:42:09.474  1002  1251 I artd    : GetBestInfo: odex next to the dex file (/data/app/~~a3VE1Yo6vvQKRD18bVvLuQ==/com.google.android.gms-uiqKvAqDGpdHAJ_R5JllAA==/oat/x86_64/split_DynamiteModulesA_installtime.odex) is kOatUpToDate with filter 'speed' executable 'false'
01-05 18:42:09.476  1002  1251 I artd    : GetBestInfo: odex next to the dex file (/data/app/~~a3VE1Yo6vvQKRD18bVvLuQ==/com.google.android.gms-uiqKvAqDGpdHAJ_R5JllAA==/oat/x86_64/split_DynamiteModulesC_installtime.odex) is kOatUpToDate with filter 'speed' executable 'false'
01-05 18:42:09.477  1002  1251 I artd    : GetBestInfo: odex next to the dex file (/data/app/~~a3VE1Yo6vvQKRD18bVvLuQ==/com.google.android.gms-uiqKvAqDGpdHAJ_R5JllAA==/oat/x86_64/split_GoogleCertificates_installtime.odex) is kOatUpToDate with filter 'speed' executable 'false'
01-05 18:42:09.479  1002  1251 I artd    : GetBestInfo: odex next to the dex file (/data/app/~~a3VE1Yo6vvQKRD18bVvLuQ==/com.google.android.gms-uiqKvAqDGpdHAJ_R5JllAA==/oat/x86_64/split_MapsDynamite_installtime.odex) is kOatUpToDate with filter 'speed' executable 'false'
01-05 18:42:09.480  1002  1251 I artd    : GetBestInfo: odex next to the dex file (/data/app/~~a3VE1Yo6vvQKRD18bVvLuQ==/com.google.android.gms-uiqKvAqDGpdHAJ_R5JllAA==/oat/x86_64/split_MeasurementDynamite_installtime.odex) is kOatUpToDate with filter 'speed' executable 'false'
01-05 18:42:09.482  1002  1251 I artd    : GetBestInfo: odex next to the dex file (/data/app/~~a3VE1Yo6vvQKRD18bVvLuQ==/com.google.android.gms-uiqKvAqDGpdHAJ_R5JllAA==/oat/x86_64/split_all_locale_splits.odex) is kOatUpToDate with filter 'speed' executable 'false'
01-05 18:42:09.483  1002  1251 I artd    : GetBestInfo: /data/user_de/0/com.google.android.gms/app_chimera/m/00000008/dl-TfliteDynamiteDynamite.integ_243930802100800.apk has no usable artifacts
01-05 18:42:09.485  1002  1251 I artd    : GetBestInfo: /data/user_de/0/com.google.android.gms/app_chimera/m/0000000f/dl-MlkitBarcodeUi.optional_254932100800.apk has no usable artifacts
01-05 18:42:09.486  1002  1251 I artd    : GetBestInfo: /data/user_de/0/com.google.android.gms/app_chimera/m/00000001/CronetDynamite.apk has no usable artifacts
01-05 18:42:09.488  1002  1251 I artd    : GetBestInfo: vdex next to the dex file (/data/user/0/com.google.android.gms/app_dg_cache/8D3338F12DEF4B3BEE6B6A88392A16C26326C269/oat/x86_64/the.vdex) is kOatUpToDate with filter 'verify' executable 'false'
01-05 18:42:09.490  1002  1251 I artd    : GetBestInfo: vdex next to the dex file (/data/user/0/com.google.android.gms/app_dg_cache/D7ECB6ECAAAB0DCD8DECD74AE43F16D2EC2B3A20/oat/x86_64/the.vdex) is kOatUpToDate with filter 'verify' executable 'false'
01-05 18:42:09.490  1002  1251 I artd    : GetBestInfo: /data/user_de/0/com.google.android.gms/app_chimera/m/00000002/DynamiteLoader.apk has no usable artifacts
01-05 18:42:09.491  1002  1251 I artd    : GetBestInfo: /data/user_de/0/com.google.android.gms/app_chimera/m/00000005/GoogleCertificates.apk has no usable artifacts
01-05 18:42:09.494  1002  1251 I artd    : GetBestInfo: vdex next to the dex file (/data/user/0/com.google.android.gms/app_dg_cache/75B002AD7F3A98695252C9DAC843D1E8AFB5FDFC/oat/x86_64/the.vdex) is kOatUpToDate with filter 'verify' executable 'false'
01-05 18:42:09.495  1002  1251 I artd    : GetBestInfo: /data/user_de/0/com.google.android.gms/app_chimera/m/00000012/dl-Appsearch.optional_254932100800.apk has no usable artifacts
01-05 18:42:09.496  1002  1251 I artd    : GetBestInfo: /data/user_de/0/com.google.android.gms/app_chimera/m/00000007/MeasurementDynamite.apk has no usable artifacts
01-05 18:42:09.498  1002  1251 I artd    : GetBestInfo: /data/user_de/0/com.google.android.gms/app_chimera/m/0000000d/dl-PlayCloudSearch.optional_254932100000.apk has no usable artifacts
01-05 18:42:09.500  1002  1251 I artd    : GetBestInfo: /data/user_de/0/com.google.android.gms/app_chimera/m/00000009/dl-PlayCloudSearch.optional_253434100000.apk has no usable artifacts
01-05 18:42:10.884  6379  6415 I ProtoXDBBufferWrapper: ProtoXDBBufferWrapper.flushToStorage():158 Flushed 10 data item(s) to storage.
01-05 18:42:12.483   805  1255 I HalDevMgr: bestIfaceCreationProposal is null, requestIface=STA, existingIface=[name=wlan0 type=STA]
01-05 18:42:12.634  1552  1690 D SatelliteController: iisInCarrierRoamingNbIotNtn: satellite is disabled
01-05 18:42:12.635  1552  1690 D SatelliteController: getCarrierRoamingNtnConnectType: Falling back to global carrier config connect type: 0
