01-05 18:41:52.788  6379  6379 I HardKeyTracker: HardKeyTracker.unregisterKeySequence():221 Unregister key sequence nef{labelResId=2132020464, callback=cgm@df13e12, lastModifier=2, keyCodes=[56], actions=[0]}
01-05 18:41:52.788  6379  6379 I HardKeyTracker: HardKeyTracker.unregisterKeySequence():221 Unregister key sequence nef{labelResId=2132020464, callback=cgm@af44299, lastModifier=0, keyCodes=[317], actions=[0]}
01-05 18:41:52.789  6379  6379 I HardKeyTracker: HardKeyTracker.registerKeySequence():170 Register key sequence nef{labelResId=2132020464, callback=cgm@6cd1025, lastModifier=2, keyCodes=[56], actions=[0]}
01-05 18:41:52.789  6379  6379 I HardKeyTracker: HardKeyTracker.registerKeySequence():170 Register key sequence nef{labelResId=2132020464, callback=cgm@fecbe08, lastModifier=0, keyCodes=[317], actions=[0]}
01-05 18:41:52.790  6379  6379 I HardKeyTracker: HardKeyTracker.unregisterKeySequence():221 Unregister key sequence nef{labelResId=2132020469, callback=cgm@8486c1f, lastModifier=2, keyCodes=[32], actions=[0]}
01-05 18:41:52.790  6379  6379 I HardKeyTracker: HardKeyTracker.unregisterKeySequence():221 Unregister key sequence nef{labelResId=2132020469, callback=cgm@cc25dca, lastModifier=0, keyCodes=[319], actions=[0]}
01-05 18:41:52.790  6379  6379 I HardKeyTracker: HardKeyTracker.registerKeySequence():170 Register key sequence nef{labelResId=2132020469, callback=cgm@f91b123, lastModifier=2, keyCodes=[32], actions=[0]}
01-05 18:41:52.790  6379  6379 I HardKeyTracker: HardKeyTracker.registerKeySequence():170 Register key sequence nef{labelResId=2132020469, callback=cgm@533199e, lastModifier=0, keyCodes=[319], actions=[0]}
01-05 18:41:52.791  6379  6379 I HardKeyTracker: HardKeyTracker.unregisterKeySequence():221 Unregister key sequence nef{labelResId=2132020469, callback=cgm@bb3b5ed, lastModifier=2, keyCodes=[32], actions=[0]}
01-05 18:41:52.791  6379  6379 I HardKeyTracker: HardKeyTracker.unregisterKeySequence():221 Unregister key sequence nef{labelResId=2132020469, callback=cgm@b66d470, lastModifier=0, keyCodes=[319], actions=[0]}
01-05 18:41:52.791  6379  6379 I HardKeyTracker: HardKeyTracker.registerKeySequence():170 Register key sequence nef{labelResId=2132020469, callback=cgm@1b11d11, lastModifier=2, keyCodes=[32], actions=[0]}
01-05 18:41:52.791  6379  6379 I HardKeyTracker: HardKeyTracker.registerKeySequence():170 Register key sequence nef{labelResId=2132020469, callback=cgm@be330e4, lastModifier=0, keyCodes=[319], actions=[0]}
01-05 18:41:52.791  6379  6379 I HardKeyTracker: HardKeyTracker.unregisterKeySequence():221 Unregister key sequence nef{labelResId=2132020469, callback=cgm@5acaf17, lastModifier=2, keyCodes=[32], actions=[0]}
01-05 18:41:52.791  6379  6379 I HardKeyTracker: HardKeyTracker.unregisterKeySequence():221 Unregister key sequence nef{labelResId=2132020469, callback=cgm@8ebd722, lastModifier=0, keyCodes=[319], actions=[0]}
01-05 18:41:52.791  6379  6379 I HardKeyTracker: HardKeyTracker.registerKeySequence():170 Register key sequence nef{labelResId=2132020469, callback=cgm@e2b436f, lastModifier=2, keyCodes=[32], actions=[0]}
01-05 18:41:52.792  6379  6379 I HardKeyTracker: HardKeyTracker.registerKeySequence():170 Register key sequence nef{labelResId=2132020469, callback=cgm@e53595a, lastModifier=0, keyCodes=[319], actions=[0]}
01-05 18:41:52.795  6379  6379 I StylusModule: StylusModule.onUpdateToolType():805 Update tool type = 0
01-05 18:41:52.798  6379  6379 I GoogleInputMethodService: GoogleInputMethodService$1.onKeyboardViewShown():324 onKeyboardViewShown: keyboardType=accessory, keyboardViewType=HEADER keyboardView=null
01-05 18:41:52.798  6379  6379 W Keyboard: Keyboard.getKeyboardViewHelper():600 null helper is returned: keyboardDef=mjl{processedConditions={}, globalConditions={}, className=com.google.android.libraries.inputmethod.keyboard.impl.Keyboard, resourceIds=[#0x7f17004d], initialStates=0, keyboardViewDefs=[], persistentStates=0, persistentStatesPrefKey=null, popupBubbleLayoutId=0, recentKeyLayoutId=0, recentKeyPopupLayoutId=0, recentKeyType=null, rememberRecentKey=NONE, sessionStates=0}, type=BODY, helpersCreated=[null, null, null, null], context.getResources().getConfiguration(): {1.0 310mcc260mnc [en_US] ldltr sw448dp w448dp h997dp 480dpi nrml long compactNeeded port finger qwerty/v/v dpad/v winConfig={ mBounds=Rect(0, 0 - 1344, 2992) mAppBounds=Rect(0, 0 - 1344, 2992) mMaxBounds=Rect(0, 0 - 1344, 2992) mDisplayRotation=ROTATION_0 mWindowingMode=fullscreen mActivityType=undefined mAlwaysOnTop=undefined mRotation=ROTATION_0} as.3 s.37 fontWeightAdjustment=0}
01-05 18:41:52.798  6379  6379 I GoogleInputMethodService: GoogleInputMethodService$1.onKeyboardViewShown():324 onKeyboardViewShown: keyboardType=accessory, keyboardViewType=BODY keyboardView=null
01-05 18:41:52.798  6379  6379 W Keyboard: Keyboard.getKeyboardViewHelper():600 null helper is returned: keyboardDef=mjl{processedConditions={}, globalConditions={}, className=com.google.android.libraries.inputmethod.keyboard.impl.Keyboard, resourceIds=[#0x7f17004d], initialStates=0, keyboardViewDefs=[], persistentStates=0, persistentStatesPrefKey=null, popupBubbleLayoutId=0, recentKeyLayoutId=0, recentKeyPopupLayoutId=0, recentKeyType=null, rememberRecentKey=NONE, sessionStates=0}, type=BODY, helpersCreated=[null, null, null, null], context.getResources().getConfiguration(): {1.0 310mcc260mnc [en_US] ldltr sw448dp w448dp h997dp 480dpi nrml long compactNeeded port finger qwerty/v/v dpad/v winConfig={ mBounds=Rect(0, 0 - 1344, 2992) mAppBounds=Rect(0, 0 - 1344, 2992) mMaxBounds=Rect(0, 0 - 1344, 2992) mDisplayRotation=ROTATION_0 mWindowingMode=fullscreen mActivityType=undefined mAlwaysOnTop=undefined mRotation=ROTATION_0} as.3 s.37 fontWeightAdjustment=0}
01-05 18:41:53.271  6379  6379 I StylusModule: StylusModule.onUpdateToolType():805 Update tool type = 0
01-05 18:41:53.275  6379  6379 I StylusModule: StylusModule.onUpdateToolType():805 Update tool type = 0
01-05 18:41:53.292  6379  6379 W TooltipLifecycleManager: TooltipLifecycleManager.dismissTooltips():153 Tooltip with id SUGGESTION_VIEW_EDU_MINI_DIALOG not found in tooltipManager.
01-05 18:41:53.614  6379  6379 I StylusModule: StylusModule.onUpdateToolType():805 Update tool type = 0
01-05 18:41:53.626  6379  6379 W TooltipLifecycleManager: TooltipLifecycleManager.dismissTooltips():153 Tooltip with id SUGGESTION_VIEW_EDU_MINI_DIALOG not found in tooltipManager.
01-05 18:41:53.821  6379  6379 I StylusModule: StylusModule.onUpdateToolType():805 Update tool type = 0
01-05 18:41:53.833  6379  6379 W TooltipLifecycleManager: TooltipLifecycleManager.dismissTooltips():153 Tooltip with id SUGGESTION_VIEW_EDU_MINI_DIALOG not found in tooltipManager.
01-05 18:41:54.041  6379  6379 I StylusModule: StylusModule.onUpdateToolType():805 Update tool type = 0
01-05 18:41:54.053  6379  6379 W TooltipLifecycleManager: TooltipLifecycleManager.dismissTooltips():153 Tooltip with id SUGGESTION_VIEW_EDU_MINI_DIALOG not found in tooltipManager.
01-05 18:41:54.269  6379  6379 I StylusModule: StylusModule.onUpdateToolType():805 Update tool type = 0
01-05 18:41:54.282  6379  6379 W TooltipLifecycleManager: TooltipLifecycleManager.dismissTooltips():153 Tooltip with id SUGGESTION_VIEW_EDU_MINI_DIALOG not found in tooltipManager.
01-05 18:41:54.414   805  1255 I HalDevMgr: bestIfaceCreationProposal is null, requestIface=STA, existingIface=[name=wlan0 type=STA]
01-05 18:41:54.477  6379  6379 I StylusModule: StylusModule.onUpdateToolType():805 Update tool type = 0
01-05 18:41:54.489  6379  6379 W TooltipLifecycleManager: TooltipLifecycleManager.dismissTooltips():153 Tooltip with id SUGGESTION_VIEW_EDU_MINI_DIALOG not found in tooltipManager.
01-05 18:41:54.829  6379  6379 I StylusModule: StylusModule.onUpdateToolType():805 Update tool type = 0
01-05 18:41:54.841  6379  6379 W TooltipLifecycleManager: TooltipLifecycleManager.dismissTooltips():153 Tooltip with id SUGGESTION_VIEW_EDU_MINI_DIALOG not found in tooltipManager.
01-05 18:41:55.359  6379  6379 I StylusModule: StylusModule.onUpdateToolType():805 Update tool type = 0
01-05 18:41:55.370  6379  6379 W TooltipLifecycleManager: TooltipLifecycleManager.dismissTooltips():153 Tooltip with id SUGGESTION_VIEW_EDU_MINI_DIALOG not found in tooltipManager.
01-05 18:41:55.763  4923  5229 I BugleRcsEngine: delay time out, reset attempts 2 and process SIM event [CONTEXT thread_id=71 ]
01-05 18:41:55.764  4923  5229 I BugleRcsEngine: process intent: android.intent.action.SIM_STATE_CHANGED [CONTEXT log_prefix="(Sim)" thread_id=71 ]
01-05 18:41:55.776  4923  5229 I BugleRcsEngine: Processing an intent [CONTEXT log_prefix="(Sim)" thread_id=71 ]
01-05 18:41:55.777  4923  5229 I BugleRcsEngine: Ignoring duplicate SIM state: LOADED [CONTEXT log_prefix="(Sim)" thread_id=71 ]
01-05 18:41:56.126  6379  6379 I StylusModule: StylusModule.onUpdateToolType():805 Update tool type = 0
01-05 18:41:56.138  6379  6379 W TooltipLifecycleManager: TooltipLifecycleManager.dismissTooltips():153 Tooltip with id SUGGESTION_VIEW_EDU_MINI_DIALOG not found in tooltipManager.
01-05 18:41:56.854  6379  6379 I StylusModule: StylusModule.onUpdateToolType():805 Update tool type = 0
01-05 18:41:56.859  6379  6379 I StylusModule: StylusModule.onUpdateToolType():805 Update tool type = 0
01-05 18:41:56.870  6379  6379 W TooltipLifecycleManager: TooltipLifecycleManager.dismissTooltips():153 Tooltip with id SUGGESTION_VIEW_EDU_MINI_DIALOG not found in tooltipManager.
01-05 18:41:57.424   805  1255 I HalDevMgr: bestIfaceCreationProposal is null, requestIface=STA, existingIface=[name=wlan0 type=STA]
01-05 18:41:57.641  6039  6048 I libbinder.IPCThreadState: oneway function results for code 1 on binder at 0x7a5b13a3cee0 will be dropped but finished with status UNKNOWN_TRANSACTION and reply parcel size 80
01-05 18:41:59.347  8716  8716 W libbinder.BackendUnifiedServiceManager: Thread Pool max thread count is 0. Cannot cache binder as linkToDeath cannot be implemented. serviceName: package
01-05 18:41:59.449  1002  1251 I artd    : GetBestInfo: odex next to the dex file (/data/app/~~a3VE1Yo6vvQKRD18bVvLuQ==/com.google.android.gms-uiqKvAqDGpdHAJ_R5JllAA==/oat/x86_64/base.odex) is kOatUpToDate with filter 'speed-profile' executable 'false'
01-05 18:41:59.451  1002  1251 I artd    : GetBestInfo: odex next to the dex file (/data/app/~~a3VE1Yo6vvQKRD18bVvLuQ==/com.google.android.gms-uiqKvAqDGpdHAJ_R5JllAA==/oat/x86_64/split_AdsDynamite_installtime.odex) is kOatUpToDate with filter 'speed' executable 'false'
01-05 18:41:59.454  1002  1251 I artd    : GetBestInfo: odex next to the dex file (/data/app/~~a3VE1Yo6vvQKRD18bVvLuQ==/com.google.android.gms-uiqKvAqDGpdHAJ_R5JllAA==/oat/x86_64/split_CronetDynamite_installtime.odex) is kOatUpToDate with filter 'speed' executable 'false'
01-05 18:41:59.456  1002  1251 I artd    : GetBestInfo: odex next to the dex file (/data/app/~~a3VE1Yo6vvQKRD18bVvLuQ==/com.google.android.gms-uiqKvAqDGpdHAJ_R5JllAA==/oat/x86_64/split_DynamiteLoader_installtime.odex) is kOatUpToDate with filter 'speed' executable 'false'
01-05 18:41:59.458  1002  1251 I artd    : GetBestInfo: odex next to the dex file (/data/app/~~a3VE1Yo6vvQKRD18bVvLuQ==/com.google.android.gms-uiqKvAqDGpdHAJ_R5JllAA==/oat/x86_64/split_DynamiteModulesA_installtime.odex) is kOatUpToDate with filter 'speed' executable 'false'
01-05 18:41:59.460  1002  1251 I artd    : GetBestInfo: odex next to the dex file (/data/app/~~a3VE1Yo6vvQKRD18bVvLuQ==/com.google.android.gms-uiqKvAqDGpdHAJ_R5JllAA==/oat/x86_64/split_DynamiteModulesC_installtime.odex) is kOatUpToDate with filter 'speed' executable 'false'
01-05 18:41:59.462  1002  1251 I artd    : GetBestInfo: odex next to the dex file (/data/app/~~a3VE1Yo6vvQKRD18bVvLuQ==/com.google.android.gms-uiqKvAqDGpdHAJ_R5JllAA==/oat/x86_64/split_GoogleCertificates_installtime.odex) is kOatUpToDate with filter 'speed' executable 'false'
01-05 18:41:59.463  1002  1251 I artd    : GetBestInfo: odex next to the dex file (/data/app/~~a3VE1Yo6vvQKRD18bVvLuQ==/com.google.android.gms-uiqKvAqDGpdHAJ_R5JllAA==/oat/x86_64/split_MapsDynamite_installtime.odex) is kOatUpToDate with filter 'speed' executable 'false'
01-05 18:41:59.465  1002  1008 I artd    : GetBestInfo: odex next to the dex file (/data/app/~~a3VE1Yo6vvQKRD18bVvLuQ==/com.google.android.gms-uiqKvAqDGpdHAJ_R5JllAA==/oat/x86_64/split_MeasurementDynamite_installtime.odex) is kOatUpToDate with filter 'speed' executable 'false'
01-05 18:41:59.466  1002  1251 I artd    : GetBestInfo: odex next to the dex file (/data/app/~~a3VE1Yo6vvQKRD18bVvLuQ==/com.google.android.gms-uiqKvAqDGpdHAJ_R5JllAA==/oat/x86_64/split_all_locale_splits.odex) is kOatUpToDate with filter 'speed' executable 'false'
01-05 18:41:59.467  1002  1251 I artd    : GetBestInfo: /data/user_de/0/com.google.android.gms/app_chimera/m/00000008/dl-TfliteDynamiteDynamite.integ_243930802100800.apk has no usable artifacts
01-05 18:41:59.469  1002  1251 I artd    : GetBestInfo: /data/user_de/0/com.google.android.gms/app_chimera/m/0000000f/dl-MlkitBarcodeUi.optional_254932100800.apk has no usable artifacts
01-05 18:41:59.472  1002  1251 I artd    : GetBestInfo: /data/user_de/0/com.google.android.gms/app_chimera/m/00000001/CronetDynamite.apk has no usable artifacts
01-05 18:41:59.474  1002  1251 I artd    : GetBestInfo: vdex next to the dex file (/data/user/0/com.google.android.gms/app_dg_cache/8D3338F12DEF4B3BEE6B6A88392A16C26326C269/oat/x86_64/the.vdex) is kOatUpToDate with filter 'verify' executable 'false'
01-05 18:41:59.476  1002  1251 I artd    : GetBestInfo: vdex next to the dex file (/data/user/0/com.google.android.gms/app_dg_cache/D7ECB6ECAAAB0DCD8DECD74AE43F16D2EC2B3A20/oat/x86_64/the.vdex) is kOatUpToDate with filter 'verify' executable 'false'
01-05 18:41:59.477  1002  1251 I artd    : GetBestInfo: /data/user_de/0/com.google.android.gms/app_chimera/m/00000002/DynamiteLoader.apk has no usable artifacts
01-05 18:41:59.478  1002  1251 I artd    : GetBestInfo: /data/user_de/0/com.google.android.gms/app_chimera/m/00000005/GoogleCertificates.apk has no usable artifacts
01-05 18:41:59.480  1002  1251 I artd    : GetBestInfo: vdex next to the dex file (/data/user/0/com.google.android.gms/app_dg_cache/75B002AD7F3A98695252C9DAC843D1E8AFB5FDFC/oat/x86_64/the.vdex) is kOatUpToDate with filter 'verify' executable 'false'
01-05 18:41:59.482  1002  1251 I artd    : GetBestInfo: /data/user_de/0/com.google.android.gms/app_chimera/m/00000012/dl-Appsearch.optional_254932100800.apk has no usable artifacts
01-05 18:41:59.483  1002  1251 I artd    : GetBestInfo: /data/user_de/0/com.google.android.gms/app_chimera/m/00000007/MeasurementDynamite.apk has no usable artifacts
01-05 18:41:59.484  1002  1251 I artd    : GetBestInfo: /data/user_de/0/com.google.android.gms/app_chimera/m/0000000d/dl-PlayCloudSearch.optional_254932100000.apk has no usable artifacts
01-05 18:41:59.486  1002  1251 I artd    : GetBestInfo: /data/user_de/0/com.google.android.gms/app_chimera/m/00000009/dl-PlayCloudSearch.optional_253434100000.apk has no usable artifacts
01-05 18:42:00.436   805  1255 I HalDevMgr: bestIfaceCreationProposal is null, requestIface=STA, existingIface=[name=wlan0 type=STA]
01-05 18:42:00.597  8665  8665 D InsetsController: hide(ime())
01-05 18:42:00.598  8665  8665 I ImeTracker: com.rpeters.jellyfin:f01f5bb6: onRequestHide at ORIGIN_CLIENT reason HIDE_SOFT_INPUT_BY_INSETS_API fromUser false
01-05 18:42:00.598  8665  8665 D WindowOnBackDispatcher: setTopOnBackInvokedCallback (unwrapped): android.app.Activity$$ExternalSyntheticLambda0@558170
01-05 18:42:00.598  8665  8665 D InsetsController: Setting requestedVisibleTypes to 503 (was 511)
01-05 18:42:00.598   805  1582 D CoreBackPreview: Window{56be900 u0 com.rpeters.jellyfin/com.rpeters.jellyfin.MainActivity}: Setting back callback OnBackInvokedCallbackInfo{mCallback=android.window.IOnBackInvokedCallback$Stub$Proxy@721d183, mPriority=-1, mIsAnimationCallback=false, mOverrideBehavior=0}
01-05 18:42:00.598  8665  8685 W System.err: SLF4J: No SLF4J providers were found.
01-05 18:42:00.599  8665  8685 W System.err: SLF4J: Defaulting to no-operation (NOP) logger implementation
01-05 18:42:00.599  8665  8685 W System.err: SLF4J: See https://www.slf4j.org/codes.html#noProviders for further details.
01-05 18:42:00.599   805   939 I ImeTracker: system_server:9a3a8ee1: onRequestShow at ORIGIN_SERVER reason IME_REQUESTED_CHANGED_LISTENER fromUser false
01-05 18:42:00.602  1355  1446 D Bubbles : BubbleController.BubblesImeListener.onImeVisibilityChanged visible=falserunnable=null stackView=null
01-05 18:42:00.613   805   835 I ImeTracker: system_server:9a3a8ee1: onCancelled at PHASE_SERVER_ALREADY_VISIBLE
01-05 18:42:00.614  6379  6379 I GoogleInputMethodService: GoogleInputMethodService.onStartInput():1318 onStartInput(EditorInfo{EditorInfo{packageName=com.rpeters.jellyfin, inputType=0, inputTypeString=NULL, enableLearning=false, autoCorrection=false, autoComplete=false, imeOptions=0, privateImeOptions=null, actionName=UNSPECIFIED, actionLabel=null, initialSelStart=-1, initialSelEnd=-1, initialCapsMode=0, label=null, fieldId=0, fieldName=null, extras=null, hintText=null, hintLocales=[]}}, true)
01-05 18:42:00.614  6379  6379 W SessionManager: SessionManager.beginSession():53 Try to begin an already begun session [INPUT_SESSION], end it first
01-05 18:42:00.614  6379  6379 W SessionManager: SessionManager.endSession():96 Child session [INPUT_VIEW_SESSION] is not ended while ending session [{INPUT_SESSION=1767667312676, INPUT_VIEW_SESSION=1767667312687, IME_SESSION=1767667312735}], ending it now.
01-05 18:42:00.614  6379  6379 W SessionManager: SessionManager.endSession():96 Child session [IME_SESSION] is not ended while ending session [{INPUT_SESSION=1767667312676, INPUT_VIEW_SESSION=1767667312687, IME_SESSION=1767667312735}], ending it now.
01-05 18:42:00.615  6379  6379 I HardKeyTracker: HardKeyTracker.registerKeySequence():170 Register key sequence nef{labelResId=0, callback=gdc@9e84fbd, lastModifier=0, keyCodes=[57, 57], actions=[1, 0]}
01-05 18:42:00.615  6379  6379 I HardKeyTracker: HardKeyTracker.registerKeySequence():170 Register key sequence nef{labelResId=0, callback=gdc@21c5480, lastModifier=0, keyCodes=[58, 58], actions=[1, 0]}
01-05 18:42:00.617  6379  6379 I Module  : DeviceLockedStatusModuleProvider$Module.updateDeviceLockedStatus():100 repeatCheckTimes = 1, locked = false
01-05 18:42:00.620   805   940 W PackageConfigPersister: App-specific configuration not found for packageName: com.rpeters.jellyfin and userId: 0
01-05 18:42:00.622  6379  6379 I GoogleInputMethodService: GoogleInputMethodService.onStartInputView():1411 onStartInputView(EditorInfo{EditorInfo{packageName=com.rpeters.jellyfin, inputType=0, inputTypeString=NULL, enableLearning=false, autoCorrection=false, autoComplete=false, imeOptions=0, privateImeOptions=null, actionName=UNSPECIFIED, actionLabel=null, initialSelStart=-1, initialSelEnd=-1, initialCapsMode=0, label=null, fieldId=0, fieldName=null, extras=null, hintText=null, hintLocales=[]}}, true)
01-05 18:42:00.623  6379  6379 I AndroidIME: AbstractIme.onDeactivate():216 PasswordIme.onDeactivate()
01-05 18:42:00.624  6379  6379 W SessionManager: SessionManager.endSession():88 Try to end a not begun session [IME_SESSION].
01-05 18:42:00.625  6379  6379 I KeyboardHeightUtil: KeyboardHeightUtil.getOemKeyboardHeightRatio():108 systemKeyboardHeightRatio:1.000000.
01-05 18:42:00.639   805   836 I ImeTracker: system_server:48b6bbe0: onRequestShow at ORIGIN_SERVER reason CONTROLS_CHANGED fromUser false
01-05 18:42:00.661  6379  6379 I InputContextChangeTracker: InputContextChangeTracker.fixLyingSelectionRangeFromSurroundingText():1678 fixLyingSelectionRangeFromSurroundingText(): [-1, -1]([-1, -1]) -> [0, 0]([0, 0])
01-05 18:42:00.663  6379  6379 I AndroidIME: InputBundleManager.loadActiveInputBundleId():528 loadActiveInputBundleId: und-Latn-x-password, password
01-05 18:42:00.664  6379  6379 I AndroidIME: AbstractIme.onActivate():96 PasswordIme.onActivate() : EditorInfo = EditorInfo{packageName=com.rpeters.jellyfin, inputType=0, inputTypeString=NULL, enableLearning=false, autoCorrection=false, autoComplete=false, imeOptions=0, privateImeOptions=null, actionName=UNSPECIFIED, actionLabel=null, initialSelStart=-1, initialSelEnd=-1, initialCapsMode=0, label=null, fieldId=0, fieldName=null, extras=null, hintText=null, hintLocales=[]}, IncognitoMode = false, DeviceLocked = false
01-05 18:42:00.664  6379  6379 I KeyboardWrapper: KeyboardWrapper.activateKeyboard():581 activateKeyboard(): type=accessory, status=INACTIVE, imeDef=mir{stringId=password, language=und-Latn-x-password, languageTag=und-Latn-x-password, processedConditions={writing_helper_enable_by_word_revert=false, enable_access_points_in_password_number=true, variant=qwerty, true=true, language=en-US, enable_number_row=true, device=phone, enable_number_row_in_password=true, enable_pk_simulator=false}, className=com.google.android.libraries.inputmethod.ime.password.PasswordIme, label=2132019269, keyEventInterpreter=null, inlineComposing=true, autoCapital=true, announceAutoSelectedCandidate=true, statusIcon=0, indicatorIcon=0, indicatorLabel=null, displayAppCompletions=false, extraValues=mik{}, processors=mkj@26a731e, unacceptableMetaKeys=4098, languageSpecificSettings=0, asciiCapable=false, alwaysShowSuggestions=false, useAsciiPasswordKeyboard=false, keyboardGroupDef=mjs@d9a57ff, phenotypeFlagId=0, localizationLanguageTag=null, supportsInlineSuggestion=false}
01-05 18:42:00.665  6379  6379 I KeyboardManager: KeyboardManager.requestKeyboard():248 Creating keyboard accessory, imeId=password, cacheKey=theme,!gsf,!pgsans,!pgsf,!use_system_font,BORDER,FLAVOR_DPI=XXHDPI,GOOGLE_ICONS,IS_LIGHT,KEYBOARD_WIDTH_CATEGORY=NORMAL,KEY_BORDER_SHAPE=1,LIGHT_THEME=true,PHYSICAL_DIAGONAL=6.532579,POPUP,SCREEN_SHORTEST_WIDTH=448,SCREEN_SHORTEST_WIDTH_NO_SCALE=448,SW400DP,XXHDPI,bottom4dp,enable_emoji_kitchen_browse_color_v2=true,enable_google_fonts_icons=true,enable_popup_on_keypress=true,keyboard_redesign_google_sans=true,non_linear_scale,noshadow,overlay_builtin_dynamic_color_light_base.binarypb:gm3-light-fffaf8fe-ff4c5e8b-4fb1adea13304a190d4abf12326cf60c,roundedchip,silkpopup
01-05 18:42:00.665  6379  6379 I KeyboardWrapper: KeyboardWrapper.onKeyboardReady():224 onKeyboardReady(): type=accessory(accessory), kb=com.google.android.libraries.inputmethod.keyboard.impl.Keyboard@a328614
01-05 18:42:00.665  6379  6379 I KeyboardWrapper: KeyboardWrapper.doActivateKeyboard():611 doActivateKeyboard(): accessory
01-05 18:42:00.665  6379  6379 W Keyboard: Keyboard.getKeyboardViewHelper():600 null helper is returned: keyboardDef=mjl{processedConditions={}, globalConditions={}, className=com.google.android.libraries.inputmethod.keyboard.impl.Keyboard, resourceIds=[#0x7f17004d], initialStates=0, keyboardViewDefs=[], persistentStates=0, persistentStatesPrefKey=null, popupBubbleLayoutId=0, recentKeyLayoutId=0, recentKeyPopupLayoutId=0, recentKeyType=null, rememberRecentKey=NONE, sessionStates=0}, type=HEADER, helpersCreated=[null, null, null, null], context.getResources().getConfiguration(): {1.0 310mcc260mnc [en_US] ldltr sw448dp w448dp h997dp 480dpi nrml long compactNeeded port finger qwerty/v/v dpad/v winConfig={ mBounds=Rect(0, 0 - 1344, 2992) mAppBounds=Rect(0, 0 - 1344, 2992) mMaxBounds=Rect(0, 0 - 1344, 2992) mDisplayRotation=ROTATION_0 mWindowingMode=fullscreen mActivityType=undefined mAlwaysOnTop=undefined mRotation=ROTATION_0} as.3 s.37 fontWeightAdjustment=0}
01-05 18:42:00.666  6379  6379 W Keyboard: Keyboard.getKeyboardViewHelper():600 null helper is returned: keyboardDef=mjl{processedConditions={}, globalConditions={}, className=com.google.android.libraries.inputmethod.keyboard.impl.Keyboard, resourceIds=[#0x7f17004d], initialStates=0, keyboardViewDefs=[], persistentStates=0, persistentStatesPrefKey=null, popupBubbleLayoutId=0, recentKeyLayoutId=0, recentKeyPopupLayoutId=0, recentKeyType=null, rememberRecentKey=NONE, sessionStates=0}, type=BODY, helpersCreated=[null, null, null, null], context.getResources().getConfiguration(): {1.0 310mcc260mnc [en_US] ldltr sw448dp w448dp h997dp 480dpi nrml long compactNeeded port finger qwerty/v/v dpad/v winConfig={ mBounds=Rect(0, 0 - 1344, 2992) mAppBounds=Rect(0, 0 - 1344, 2992) mMaxBounds=Rect(0, 0 - 1344, 2992) mDisplayRotation=ROTATION_0 mWindowingMode=fullscreen mActivityType=undefined mAlwaysOnTop=undefined mRotation=ROTATION_0} as.3 s.37 fontWeightAdjustment=0}
01-05 18:42:00.666  6379  6379 I GlobeKeyExtension: GlobeKeyExtension.getKeyboardInitialStates():175 
01-05 18:42:00.666  6379  6379 W Keyboard: Keyboard.getKeyboardViewHelper():600 null helper is returned: keyboardDef=mjl{processedConditions={}, globalConditions={}, className=com.google.android.libraries.inputmethod.keyboard.impl.Keyboard, resourceIds=[#0x7f17004d], initialStates=0, keyboardViewDefs=[], persistentStates=0, persistentStatesPrefKey=null, popupBubbleLayoutId=0, recentKeyLayoutId=0, recentKeyPopupLayoutId=0, recentKeyType=null, rememberRecentKey=NONE, sessionStates=0}, type=HEADER, helpersCreated=[null, null, null, null], context.getResources().getConfiguration(): {1.0 310mcc260mnc [en_US] ldltr sw448dp w448dp h997dp 480dpi nrml long compactNeeded port finger qwerty/v/v dpad/v winConfig={ mBounds=Rect(0, 0 - 1344, 2992) mAppBounds=Rect(0, 0 - 1344, 2992) mMaxBounds=Rect(0, 0 - 1344, 2992) mDisplayRotation=ROTATION_0 mWindowingMode=fullscreen mActivityType=undefined mAlwaysOnTop=undefined mRotation=ROTATION_0} as.3 s.37 fontWeightAdjustment=0}
01-05 18:42:00.666  6379  6379 W Keyboard: Keyboard.getKeyboardViewHelper():600 null helper is returned: keyboardDef=mjl{processedConditions={}, globalConditions={}, className=com.google.android.libraries.inputmethod.keyboard.impl.Keyboard, resourceIds=[#0x7f17004d], initialStates=0, keyboardViewDefs=[], persistentStates=0, persistentStatesPrefKey=null, popupBubbleLayoutId=0, recentKeyLayoutId=0, recentKeyPopupLayoutId=0, recentKeyType=null, rememberRecentKey=NONE, sessionStates=0}, type=BODY, helpersCreated=[null, null, null, null], context.getResources().getConfiguration(): {1.0 310mcc260mnc [en_US] ldltr sw448dp w448dp h997dp 480dpi nrml long compactNeeded port finger qwerty/v/v dpad/v winConfig={ mBounds=Rect(0, 0 - 1344, 2992) mAppBounds=Rect(0, 0 - 1344, 2992) mMaxBounds=Rect(0, 0 - 1344, 2992) mDisplayRotation=ROTATION_0 mWindowingMode=fullscreen mActivityType=undefined mAlwaysOnTop=undefined mRotation=ROTATION_0} as.3 s.37 fontWeightAdjustment=0}
01-05 18:42:00.666  6379  6379 W Keyboard: Keyboard.getKeyboardViewHelper():600 null helper is returned: keyboardDef=mjl{processedConditions={}, globalConditions={}, className=com.google.android.libraries.inputmethod.keyboard.impl.Keyboard, resourceIds=[#0x7f17004d], initialStates=0, keyboardViewDefs=[], persistentStates=0, persistentStatesPrefKey=null, popupBubbleLayoutId=0, recentKeyLayoutId=0, recentKeyPopupLayoutId=0, recentKeyType=null, rememberRecentKey=NONE, sessionStates=0}, type=FLOATING_CANDIDATES, helpersCreated=[null, null, null, null], context.getResources().getConfiguration(): {1.0 310mcc260mnc [en_US] ldltr sw448dp w448dp h997dp 480dpi nrml long compactNeeded port finger qwerty/v/v dpad/v winConfig={ mBounds=Rect(0, 0 - 1344, 2992) mAppBounds=Rect(0, 0 - 1344, 2992) mMaxBounds=Rect(0, 0 - 1344, 2992) mDisplayRotation=ROTATION_0 mWindowingMode=fullscreen mActivityType=undefined mAlwaysOnTop=undefined mRotation=ROTATION_0} as.3 s.37 fontWeightAdjustment=0}
01-05 18:42:00.667  6379  6379 W Keyboard: Keyboard.getKeyboardViewHelper():600 null helper is returned: keyboardDef=mjl{processedConditions={}, globalConditions={}, className=com.google.android.libraries.inputmethod.keyboard.impl.Keyboard, resourceIds=[#0x7f17004d], initialStates=0, keyboardViewDefs=[], persistentStates=0, persistentStatesPrefKey=null, popupBubbleLayoutId=0, recentKeyLayoutId=0, recentKeyPopupLayoutId=0, recentKeyType=null, rememberRecentKey=NONE, sessionStates=0}, type=WIDGET, helpersCreated=[null, null, null, null], context.getResources().getConfiguration(): {1.0 310mcc260mnc [en_US] ldltr sw448dp w448dp h997dp 480dpi nrml long compactNeeded port finger qwerty/v/v dpad/v winConfig={ mBounds=Rect(0, 0 - 1344, 2992) mAppBounds=Rect(0, 0 - 1344, 2992) mMaxBounds=Rect(0, 0 - 1344, 2992) mDisplayRotation=ROTATION_0 mWindowingMode=fullscreen mActivityType=undefined mAlwaysOnTop=undefined mRotation=ROTATION_0} as.3 s.37 fontWeightAdjustment=0}
01-05 18:42:00.667  6379  6379 I KeyboardManager: KeyboardManager.requestKeyboard():248 Creating keyboard accessory_candidates_consumer, imeId=password, cacheKey=theme,!gsf,!pgsans,!pgsf,!use_system_font,BORDER,FLAVOR_DPI=XXHDPI,GOOGLE_ICONS,IS_LIGHT,KEYBOARD_WIDTH_CATEGORY=NORMAL,KEY_BORDER_SHAPE=1,LIGHT_THEME=true,PHYSICAL_DIAGONAL=6.532579,POPUP,SCREEN_SHORTEST_WIDTH=448,SCREEN_SHORTEST_WIDTH_NO_SCALE=448,SW400DP,XXHDPI,bottom4dp,enable_emoji_kitchen_browse_color_v2=true,enable_google_fonts_icons=true,enable_popup_on_keypress=true,keyboard_redesign_google_sans=true,non_linear_scale,noshadow,overlay_builtin_dynamic_color_light_base.binarypb:gm3-light-fffaf8fe-ff4c5e8b-4fb1adea13304a190d4abf12326cf60c,roundedchip,silkpopup
01-05 18:42:00.668  6379  6379 I GlobeKeyExtension: GlobeKeyExtension.getKeyboardInitialStates():175 
01-05 18:42:00.669  6379  6379 W Keyboard: Keyboard.getKeyboardViewHelper():600 null helper is returned: keyboardDef=mjl{processedConditions={}, globalConditions={global_theme_key=theme,!gsf,!pgsans,!pgsf,!use_system_font,BORDER,FLAVOR_DPI=XXHDPI,GOOGLE_ICONS,IS_LIGHT,KEYBOARD_WIDTH_CATEGORY=NORMAL,KEY_BORDER_SHAPE=1,LIGHT_THEME=true,PHYSICAL_DIAGONAL=6.532579,POPUP,SCREEN_SHORTEST_WIDTH=448,SCREEN_SHORTEST_WIDTH_NO_SCALE=448,SW400DP,XXHDPI,bottom4dp,enable_emoji_kitchen_browse_color_v2=true,enable_google_fonts_icons=true,enable_popup_on_keypress=true,keyboard_redesign_google_sans=true,non_linear_scale,noshadow,overlay_builtin_dynamic_color_light_base.binarypb:gm3-light-fffaf8fe-ff4c5e8b-4fb1adea13304a190d4abf12326cf60c,roundedchip,silkpopup, global_locale=en_US, global_density_dpi=480, global_orientation=1}, className=.latin.keyboard.AccessoryKeyboard, resourceIds=[#0x7f17004c], initialStates=0, keyboardViewDefs=[mka{direction=null, id=#0x7f0b0224, isScalable=false, layoutId=#0x7f0e0032, type=FLOATING_CANDIDATES, touchable=true, defaultShow=false}], persistentStates=0, persistentStatesPrefKey=null, popupBubbleLayoutId=#0x7f0e05f0, recentKeyLayoutId=0, recentKeyPopupLayoutId=0, recentKeyType=null, rememberRecentKey=NONE, sessionStates=0}, type=HEADER, helpersCreated=[null, null, lvx@b067028, null], context.getResources().getConfiguration(): {1.0 310mcc260mnc [en_US] ldltr sw448dp w448dp h997dp 480dpi nrml long compactNeeded port finger qwerty/v/v dpad/v winConfig={ mBounds=Rect(0, 0 - 1344, 2992) mAppBounds=Rect(0, 0 - 1344, 2992) mMaxBounds=Rect(0, 0 - 1344, 2992) mDisplayRotation=ROTATION_0 mWindowingMode=fullscreen mActivityType=undefined mAlwaysOnTop=undefined mRotation=ROTATION_0} as.3 s.37 fontWeightAdjustment=0}
01-05 18:42:00.670  6379  6379 W Keyboard: Keyboard.getKeyboardViewHelper():600 null helper is returned: keyboardDef=mjl{processedConditions={}, globalConditions={global_theme_key=theme,!gsf,!pgsans,!pgsf,!use_system_font,BORDER,FLAVOR_DPI=XXHDPI,GOOGLE_ICONS,IS_LIGHT,KEYBOARD_WIDTH_CATEGORY=NORMAL,KEY_BORDER_SHAPE=1,LIGHT_THEME=true,PHYSICAL_DIAGONAL=6.532579,POPUP,SCREEN_SHORTEST_WIDTH=448,SCREEN_SHORTEST_WIDTH_NO_SCALE=448,SW400DP,XXHDPI,bottom4dp,enable_emoji_kitchen_browse_color_v2=true,enable_google_fonts_icons=true,enable_popup_on_keypress=true,keyboard_redesign_google_sans=true,non_linear_scale,noshadow,overlay_builtin_dynamic_color_light_base.binarypb:gm3-light-fffaf8fe-ff4c5e8b-4fb1adea13304a190d4abf12326cf60c,roundedchip,silkpopup, global_locale=en_US, global_density_dpi=480, global_orientation=1}, className=.latin.keyboard.AccessoryKeyboard, resourceIds=[#0x7f17004c], initialStates=0, keyboardViewDefs=[mka{direction=null, id=#0x7f0b0224, isScalable=false, layoutId=#0x7f0e0032, type=FLOATING_CANDIDATES, touchable=true, defaultShow=false}], persistentStates=0, persistentStatesPrefKey=null, popupBubbleLayoutId=#0x7f0e05f0, recentKeyLayoutId=0, recentKeyPopupLayoutId=0, recentKeyType=null, rememberRecentKey=NONE, sessionStates=0}, type=BODY, helpersCreated=[null, null, lvx@b067028, null], context.getResources().getConfiguration(): {1.0 310mcc260mnc [en_US] ldltr sw448dp w448dp h997dp 480dpi nrml long compactNeeded port finger qwerty/v/v dpad/v winConfig={ mBounds=Rect(0, 0 - 1344, 2992) mAppBounds=Rect(0, 0 - 1344, 2992) mMaxBounds=Rect(0, 0 - 1344, 2992) mDisplayRotation=ROTATION_0 mWindowingMode=fullscreen mActivityType=undefined mAlwaysOnTop=undefined mRotation=ROTATION_0} as.3 s.37 fontWeightAdjustment=0}
01-05 18:42:00.672  8665  8665 I ImeTracker: system_server:48b6bbe0: onCancelled at PHASE_CLIENT_ON_CONTROLS_CHANGED
01-05 18:42:00.672  6379  6379 I AndroidIME: InputBundleManager.startInput():358 startInput() with mjw[keyboardType=accessory, payload=null]
01-05 18:42:00.672  6379  6379 I GlobeKeyExtension: GlobeKeyExtension.onDeactivate():144 
01-05 18:42:00.673  6379  6379 I AutoPasteSuggestionHelper: AutoPasteSuggestionHelper.createProactiveSuggestions():515 Failed to create item chips.
01-05 18:42:00.674  6379  6379 I VoiceInputManagerWrapper: VoiceInputManagerWrapper.shutdown():131 shutdown()
01-05 18:42:00.674  6379  6379 I HardKeyTracker: HardKeyTracker.unregisterKeySequence():221 Unregister key sequence nef{labelResId=2132020472, callback=gdc@8bca43e, lastModifier=2, keyCodes=[62], actions=[0]}
01-05 18:42:00.675  6379  6379 W ExtensionWrapper: ExtensionWrapper.setAllowUpdateNavigationBarStyle():818 class jpp is not activate
01-05 18:42:00.678  6379  6379 W ExtensionWrapper: ExtensionWrapper.setAllowUpdateNavigationBarStyle():818 class jpp is not activate
01-05 18:42:00.678  6379  6379 I GlobeKeyExtension: GlobeKeyExtension.onActivate():120 
01-05 18:42:00.679  6379  6379 I NewLanguagePromptExtension: NewLanguagePromptExtension.onActivate():189 Not activated NewLanguagePromptExtension: not a normal text input box.
01-05 18:42:00.680  6379  6379 I VoiceInputManagerWrapper: VoiceInputManagerWrapper.cancelShutdown():109 cancelShutdown()
01-05 18:42:00.680  6379  6379 I VoiceInputManagerWrapper: VoiceInputManagerWrapper.syncLanguagePacks():121 syncLanguagePacks()
01-05 18:42:00.680  6379  6379 I VoiceInputManager: VoiceInputManager.onKeyboardActivated():1148 onKeyboardActivated() [UD]
01-05 18:42:00.680  6379  7354 I SpeechFactory: SpeechRecognitionFactory.maybeScheduleAutoPackDownloadForFallback():217 maybeScheduleAutoPackDownloadForFallback()
01-05 18:42:00.680  6379  7354 I FallbackOnDeviceRecognitionProvider: FallbackOnDeviceRecognitionProvider.maybeScheduleAutoPackDownload():199 maybeScheduleAutoPackDownload() for language tag en-US
01-05 18:42:00.681  6379  6379 I PkModeUpdater: PkModeUpdater.onActivate():74 onActivate true true
01-05 18:42:00.681  6379  6379 I AccessoryInputModeManager: AccessoryInputModeManager.onModeStarted():319 Accessory input mode started: PK
01-05 18:42:00.681  6379  6379 I HardKeyTracker: HardKeyTracker.registerKeySequence():170 Register key sequence nef{labelResId=2132020472, callback=gdc@6a44257, lastModifier=2, keyCodes=[62], actions=[0]}
01-05 18:42:00.682  6379  6379 I KeyboardModeUtils: KeyboardModeUtils.getKeyboardBottomOffset():435 inch: 0.000000 ydpi: 480.000000 adjustKeyboardBottomByDisplaySize: false currentDensityDpi: 480 defaultDensityDpi: 480 keyboardBottomToScreenPx: 0 keyboardBottomToNavBarPx: -72 navBarHeight: 72
01-05 18:42:00.682  6379  6379 I KeyboardHeightUtil: KeyboardHeightUtil.calculateMaxKeyboardBodyHeight():50 leave 321 height for app when ime window height:2761, header height:132 and isFullscreenMode:false, so the max keyboard body height is:2308
01-05 18:42:00.683  6379  6379 I KeyboardHeightUtil: KeyboardHeightUtil.calculateMaxKeyboardBodyHeight():50 leave 321 height for app when ime window height:2761, header height:132 and isFullscreenMode:false, so the max keyboard body height is:2308
01-05 18:42:00.683  6379  6379 I KeyboardHeightUtil: KeyboardHeightUtil.calculateMaxKeyboardBodyHeight():50 leave 321 height for app when ime window height:2761, header height:132 and isFullscreenMode:false, so the max keyboard body height is:2308
01-05 18:42:00.683  6379  6379 I KeyboardHeightUtil: KeyboardHeightUtil.calculateMaxKeyboardBodyHeight():50 leave 321 height for app when ime window height:2761, header height:132 and isFullscreenMode:false, so the max keyboard body height is:2308
01-05 18:42:00.683  6379  6379 W NormalModeController: NormalModeController.adjustKeyboardBodyHeightRatio():216 Invalid height ratio from decoder -1.000000!
01-05 18:42:00.684  6379  6379 W ExtensionWrapper: ExtensionWrapper.setExtensionViewVisibility():809 interface lzc is not activate
01-05 18:42:00.687  6379  6379 I Module  : DeviceLockedStatusModuleProvider$Module.updateDeviceLockedStatus():100 repeatCheckTimes = 1, locked = false
01-05 18:42:00.688  6379  6379 I HardKeyTracker: HardKeyTracker.unregisterKeySequence():221 Unregister key sequence nef{labelResId=2132020468, callback=cgm@e72b231, lastModifier=2, keyCodes=[48], actions=[0]}
01-05 18:42:00.688  6379  6379 I HardKeyTracker: HardKeyTracker.registerKeySequence():170 Register key sequence nef{labelResId=2132020468, callback=cgm@2333429, lastModifier=2, keyCodes=[48], actions=[0]}
01-05 18:42:00.688  6379  6379 I HardKeyTracker: HardKeyTracker.unregisterKeySequence():221 Unregister key sequence nef{labelResId=2132020468, callback=cgm@cedd4a2, lastModifier=2, keyCodes=[48], actions=[0]}
01-05 18:42:00.688  6379  6379 I HardKeyTracker: HardKeyTracker.registerKeySequence():170 Register key sequence nef{labelResId=2132020468, callback=cgm@b528cba, lastModifier=2, keyCodes=[48], actions=[0]}
01-05 18:42:00.688  6379  6379 I VoiceImeExtension: VoiceImeExtension.shouldStartVoiceInputAutomaticallyInCurrentInputBox():376 No private IME option set to start voice input.
01-05 18:42:00.697  6379  6379 I HardKeyTracker: HardKeyTracker.unregisterKeySequence():221 Unregister key sequence nef{labelResId=2132020469, callback=cgm@f91b123, lastModifier=2, keyCodes=[32], actions=[0]}
01-05 18:42:00.697  6379  6379 I HardKeyTracker: HardKeyTracker.unregisterKeySequence():221 Unregister key sequence nef{labelResId=2132020469, callback=cgm@533199e, lastModifier=0, keyCodes=[319], actions=[0]}
01-05 18:42:00.697  6379  6379 I HardKeyTracker: HardKeyTracker.registerKeySequence():170 Register key sequence nef{labelResId=2132020469, callback=cgm@b6c709d, lastModifier=2, keyCodes=[32], actions=[0]}
01-05 18:42:00.697  6379  6379 I HardKeyTracker: HardKeyTracker.registerKeySequence():170 Register key sequence nef{labelResId=2132020469, callback=cgm@a0c12e0, lastModifier=0, keyCodes=[319], actions=[0]}
01-05 18:42:00.698  6379  6379 I HardKeyTracker: HardKeyTracker.unregisterKeySequence():221 Unregister key sequence nef{labelResId=2132020469, callback=cgm@1b11d11, lastModifier=2, keyCodes=[32], actions=[0]}
01-05 18:42:00.699  6379  6379 I HardKeyTracker: HardKeyTracker.unregisterKeySequence():221 Unregister key sequence nef{labelResId=2132020469, callback=cgm@be330e4, lastModifier=0, keyCodes=[319], actions=[0]}
01-05 18:42:00.699  6379  6379 I HardKeyTracker: HardKeyTracker.registerKeySequence():170 Register key sequence nef{labelResId=2132020469, callback=cgm@368615b, lastModifier=2, keyCodes=[32], actions=[0]}
01-05 18:42:00.699  6379  6379 I HardKeyTracker: HardKeyTracker.registerKeySequence():170 Register key sequence nef{labelResId=2132020469, callback=cgm@bed136, lastModifier=0, keyCodes=[319], actions=[0]}
01-05 18:42:00.699  6379  6379 I HardKeyTracker: HardKeyTracker.unregisterKeySequence():221 Unregister key sequence nef{labelResId=2132020469, callback=cgm@e2b436f, lastModifier=2, keyCodes=[32], actions=[0]}
01-05 18:42:00.699  6379  6379 I HardKeyTracker: HardKeyTracker.unregisterKeySequence():221 Unregister key sequence nef{labelResId=2132020469, callback=cgm@e53595a, lastModifier=0, keyCodes=[319], actions=[0]}
01-05 18:42:00.699  6379  6379 I HardKeyTracker: HardKeyTracker.registerKeySequence():170 Register key sequence nef{labelResId=2132020469, callback=cgm@269fb09, lastModifier=2, keyCodes=[32], actions=[0]}
01-05 18:42:00.700  6379  6379 I HardKeyTracker: HardKeyTracker.registerKeySequence():170 Register key sequence nef{labelResId=2132020469, callback=cgm@3b2413c, lastModifier=0, keyCodes=[319], actions=[0]}
01-05 18:42:00.703  6379  6379 I StylusModule: StylusModule.onUpdateToolType():805 Update tool type = 2
01-05 18:42:00.704  6379  6379 I AccessoryInputModeManager: AccessoryInputModeManager.onModeStarted():319 Accessory input mode started: STYLUS
01-05 18:42:00.704  6379  6379 W ExtensionWrapper: ExtensionWrapper.setAllowUpdateNavigationBarStyle():818 class jpp is not activate
01-05 18:42:00.704  6379  6379 I WidgetViewShowingController: WidgetViewShowingController.showWidgetKeyboardInternal():527 Show companion widget
01-05 18:42:00.706  6379  6379 W ExtensionWrapper: ExtensionWrapper.setAllowUpdateNavigationBarStyle():818 class jpp is not activate
01-05 18:42:00.706  6379  6379 I WidgetViewShowingPositionHandler: WidgetViewShowingPositionHandler.updateAvailableArea():194 update available area Rect(24, 183 - 1320, 2914)
01-05 18:42:00.712  6379  6379 I HardKeyTracker: HardKeyTracker.unregisterKeySequence():221 Unregister key sequence nef{labelResId=2132020469, callback=cgm@269fb09, lastModifier=2, keyCodes=[32], actions=[0]}
01-05 18:42:00.712  6379  6379 I HardKeyTracker: HardKeyTracker.unregisterKeySequence():221 Unregister key sequence nef{labelResId=2132020469, callback=cgm@3b2413c, lastModifier=0, keyCodes=[319], actions=[0]}
01-05 18:42:00.720  6379  6379 I GoogleInputMethodService: GoogleInputMethodService$1.onKeyboardViewShown():324 onKeyboardViewShown: keyboardType=accessory, keyboardViewType=HEADER keyboardView=null
01-05 18:42:00.720  6379  6379 W Keyboard: Keyboard.getKeyboardViewHelper():600 null helper is returned: keyboardDef=mjl{processedConditions={}, globalConditions={}, className=com.google.android.libraries.inputmethod.keyboard.impl.Keyboard, resourceIds=[#0x7f17004d], initialStates=0, keyboardViewDefs=[], persistentStates=0, persistentStatesPrefKey=null, popupBubbleLayoutId=0, recentKeyLayoutId=0, recentKeyPopupLayoutId=0, recentKeyType=null, rememberRecentKey=NONE, sessionStates=0}, type=BODY, helpersCreated=[null, null, null, null], context.getResources().getConfiguration(): {1.0 310mcc260mnc [en_US] ldltr sw448dp w448dp h997dp 480dpi nrml long compactNeeded port finger qwerty/v/v dpad/v winConfig={ mBounds=Rect(0, 0 - 1344, 2992) mAppBounds=Rect(0, 0 - 1344, 2992) mMaxBounds=Rect(0, 0 - 1344, 2992) mDisplayRotation=ROTATION_0 mWindowingMode=fullscreen mActivityType=undefined mAlwaysOnTop=undefined mRotation=ROTATION_0} as.3 s.37 fontWeightAdjustment=0}
01-05 18:42:00.720  6379  6379 I GoogleInputMethodService: GoogleInputMethodService$1.onKeyboardViewShown():324 onKeyboardViewShown: keyboardType=accessory, keyboardViewType=BODY keyboardView=null
01-05 18:42:00.720  6379  6379 W Keyboard: Keyboard.getKeyboardViewHelper():600 null helper is returned: keyboardDef=mjl{processedConditions={}, globalConditions={}, className=com.google.android.libraries.inputmethod.keyboard.impl.Keyboard, resourceIds=[#0x7f17004d], initialStates=0, keyboardViewDefs=[], persistentStates=0, persistentStatesPrefKey=null, popupBubbleLayoutId=0, recentKeyLayoutId=0, recentKeyPopupLayoutId=0, recentKeyType=null, rememberRecentKey=NONE, sessionStates=0}, type=BODY, helpersCreated=[null, null, null, null], context.getResources().getConfiguration(): {1.0 310mcc260mnc [en_US] ldltr sw448dp w448dp h997dp 480dpi nrml long compactNeeded port finger qwerty/v/v dpad/v winConfig={ mBounds=Rect(0, 0 - 1344, 2992) mAppBounds=Rect(0, 0 - 1344, 2992) mMaxBounds=Rect(0, 0 - 1344, 2992) mDisplayRotation=ROTATION_0 mWindowingMode=fullscreen mActivityType=undefined mAlwaysOnTop=undefined mRotation=ROTATION_0} as.3 s.37 fontWeightAdjustment=0}
01-05 18:42:00.841   805  2749 I ImeTracker: com.rpeters.jellyfin:f01f5bb6: onFailed at PHASE_WM_NOTIFY_HIDE_ANIMATION_FINISHED
01-05 18:42:00.843  6379  6379 I GoogleInputMethodService: GoogleInputMethodService.onFinishInputView():1543 onFinishInputView(false)
01-05 18:42:00.845  6379  6379 I GlobeKeyExtension: GlobeKeyExtension.onDeactivate():144 
01-05 18:42:00.847  6379  6379 I VoiceInputManagerWrapper: VoiceInputManagerWrapper.shutdown():131 shutdown()
01-05 18:42:00.847  6379  6379 I HardKeyTracker: HardKeyTracker.unregisterKeySequence():221 Unregister key sequence nef{labelResId=2132020472, callback=gdc@6a44257, lastModifier=2, keyCodes=[62], actions=[0]}
01-05 18:42:00.848  6379  6379 W ExtensionWrapper: ExtensionWrapper.setAllowUpdateNavigationBarStyle():818 class jpp is not activate
01-05 18:42:00.850  6379  6379 W ExtensionWrapper: ExtensionWrapper.setAllowUpdateNavigationBarStyle():818 class jpp is not activate
01-05 18:42:00.851  6379  6379 W TooltipLifecycleManager: TooltipLifecycleManager.dismissTooltips():153 Tooltip with id spell_check_add_to_dictionary not found in tooltipManager.
01-05 18:42:00.852  6379  6379 I AndroidIME: AbstractIme.onDeactivate():216 PasswordIme.onDeactivate()
01-05 18:42:00.857  6379  6379 D ImeBackCallbackSender: Unregister OnBackInvokedCallback at app window (packageName=com.rpeters.jellyfin)
01-05 18:42:00.857  6379  6379 I ImeTracker: com.rpeters.jellyfin:f01f5bb6: onHidden
01-05 18:42:00.857   805   940 I ImeTracker: com.rpeters.jellyfin:f01f5bb6: onFinished on previously finished token at PHASE_NOT_SET with STATUS_SUCCESS
01-05 18:42:01.160  8665  8685 D JellyfinAuthRepository: authenticateUser: Attempting authentication for user 'rpeters1428'
01-05 18:42:01.378   805  1461 I ImeTracker: system_server:b19a9dbd: onRequestHide at ORIGIN_SERVER reason IME_REQUESTED_CHANGED_LISTENER fromUser false
01-05 18:42:01.379   805   835 I ImeTracker: system_server:b19a9dbd: onCancelled at PHASE_SERVER_SHOULD_HIDE
01-05 18:42:01.716  8665  8685 D JellyfinAuthRepository: authenticateUser: Authentication successful for user 'rpeters1428'
01-05 18:42:01.720  8665  8685 D JellyfinAuthRepository: Saving new token: [PRESENT]
01-05 18:42:01.722  8665  8685 D SecureCredentialManager: generateKeys: newKey='pwd_632596fe655bf43ae2013d16873171ce'
01-05 18:42:01.723  8665  8685 D SecureCredentialManager: generateKeys: legacyRawKey='pwd_632596fe655bf43ae2013d16873171ce'
01-05 18:42:01.724  8665  8685 D SecureCredentialManager: generateKeys: legacyNormalizedKey='pwd_632596fe655bf43ae2013d16873171ce'
01-05 18:42:01.724  8665  8685 D SecureCredentialManager: generateKeys: Are any keys identical? newKey==legacyRawKey:true, newKey==legacyNormalizedKey:true
01-05 18:42:01.768  8665  8685 D SecureCredentialManager: savePassword: Saving password for user='rpeters1428', serverUrl='https://rpeters1428.huron.usbx.me/jellyfin'
01-05 18:42:01.768  8665  8685 D SecureCredentialManager: savePassword: Generated key='pwd_632596fe655bf43ae2013d16873171ce'
01-05 18:42:01.768  8665  8685 D SecureCredentialManager: savePassword: Encrypted password length: 52
01-05 18:42:01.768  8665  8685 D SecureCredentialManager: savePassword:  ENTERING NonCancellable block - password save cannot be cancelled from here
01-05 18:42:01.772  8665  8685 D SecureCredentialManager: savePassword: DataStore before edit contains 0 entries
01-05 18:42:01.775  8665  8685 D SecureCredentialManager: savePassword: Inside edit block, setting key='pwd_632596fe655bf43ae2013d16873171ce'
01-05 18:42:01.775  8665  8685 D SecureCredentialManager: savePassword: Before setting - prefs.asMap().size = 0
01-05 18:42:01.775  8665  8685 D SecureCredentialManager: savePassword: Setting password with key: pwd_632596fe655bf43ae2013d16873171ce
01-05 18:42:01.775  8665  8685 D SecureCredentialManager: savePassword: Password set, prefs.asMap().size = 1
01-05 18:42:01.775  8665  8685 D SecureCredentialManager: savePassword: Verifying password was set: true
01-05 18:42:01.775  8665  8685 D SecureCredentialManager: savePassword: Setting timestamp with key: pwd_632596fe655bf43ae2013d16873171ce_timestamp
01-05 18:42:01.775  8665  8685 D SecureCredentialManager: savePassword: Timestamp set, prefs.asMap().size = 2
01-05 18:42:01.775  8665  8685 D SecureCredentialManager: savePassword: Skipping removal of legacyRawKey (same as newKey)
01-05 18:42:01.775  8665  8685 D SecureCredentialManager: savePassword: Skipping removal of legacyNormalizedKey (same as newKey)
01-05 18:42:01.775  8665  8685 D SecureCredentialManager: savePassword: Edit block completed, prefs now contains 2 entries
01-05 18:42:01.776  8665  8685 D SecureCredentialManager: savePassword: Keys in prefs: pwd_632596fe655bf43ae2013d16873171ce, pwd_632596fe655bf43ae2013d16873171ce_timestamp
01-05 18:42:01.781  8665  8685 D SecureCredentialManager: savePassword: Edit operation returned successfully
01-05 18:42:01.782  8665  8685 D SecureCredentialManager: savePassword: Verification read returned 2 entries
01-05 18:42:01.782  8665  8685 D SecureCredentialManager: savePassword:  Password saved successfully and verified in DataStore
01-05 18:42:01.782  8665  8685 D SecureCredentialManager: savePassword: DataStore now contains 2 entries
01-05 18:42:01.782  8665  8685 D SecureCredentialManager: savePassword:  EXITED NonCancellable block - password save operation completed
01-05 18:42:01.782  8665  8685 D JellyfinAuthRepository: persistAuthenticationState: Saved credentials for user 'rpeters1428'
01-05 18:42:01.847  8665  8665 I NavController: Ignoring popBackStack to route server_connection as it was not found on the current back stack
01-05 18:42:01.944  8665  8665 D WindowOnBackDispatcher: setTopOnBackInvokedCallback (unwrapped): androidx.navigationevent.OnBackInvokedInput$createOnBackAnimationCallback$1@e0e87ce
