01-05 18:41:36.894  8665  8665 W BasicSecureTextField: 	at androidx.compose.material3.SurfaceKt.Surface-T9BRK9s(Surface.kt:109)
01-05 18:41:36.894  8665  8665 W BasicSecureTextField: 	at androidx.compose.material3.CardKt.Card(Card.kt:88)
01-05 18:41:36.894  8665  8665 W BasicSecureTextField: 	at androidx.compose.material3.CardKt.ElevatedCard(Card.kt:198)
01-05 18:41:36.894  8665  8665 W BasicSecureTextField: 	at com.rpeters.jellyfin.ui.screens.ServerConnectionScreenKt.ServerConnectionScreen(ServerConnectionScreen.kt:219)
01-05 18:41:36.894  8665  8665 W BasicSecureTextField: 	at com.rpeters.jellyfin.ui.navigation.AuthNavGraphKt.authNavGraph$lambda$0(AuthNavGraph.kt:43)
01-05 18:41:36.894  8665  8665 W BasicSecureTextField: 	at com.rpeters.jellyfin.ui.navigation.AuthNavGraphKt.$r8$lambda$JlHmFzZNw8nT8MZtrp8L12e2fl8(Unknown Source:0)
01-05 18:41:36.894  8665  8665 W BasicSecureTextField: 	at com.rpeters.jellyfin.ui.navigation.AuthNavGraphKt$$ExternalSyntheticLambda2.invoke(D8$$SyntheticClass:0)
01-05 18:41:36.894  8665  8665 W BasicSecureTextField: 	at androidx.compose.runtime.internal.ComposableLambdaImpl.invoke(ComposableLambda.kt:143)
01-05 18:41:36.894  8665  8665 W BasicSecureTextField: 	at androidx.compose.runtime.internal.ComposableLambdaImpl.invoke(ComposableLambda.kt:52)
01-05 18:41:36.896  8665  8665 W BasicSecureTextField: 	at androidx.navigation.compose.NavHostKt$NavHost$32$1.invoke(NavHost.kt:720)
01-05 18:41:36.896  8665  8665 W BasicSecureTextField: 	at androidx.navigation.compose.NavHostKt$NavHost$32$1.invoke(NavHost.kt:719)
01-05 18:41:36.896  8665  8665 W BasicSecureTextField: 	at androidx.compose.runtime.internal.ComposableLambdaImpl.invoke(ComposableLambda.kt:122)
01-05 18:41:36.896  8665  8665 W BasicSecureTextField: 	at androidx.compose.runtime.internal.ComposableLambdaImpl.invoke(ComposableLambda.kt:52)
01-05 18:41:36.896  8665  8665 W BasicSecureTextField: 	at androidx.compose.runtime.CompositionLocalKt.CompositionLocalProvider(CompositionLocal.kt:378)
01-05 18:41:36.896  8665  8665 W BasicSecureTextField: 	at androidx.compose.runtime.saveable.SaveableStateHolderImpl.SaveableStateProvider(SaveableStateHolder.kt:82)
01-05 18:41:36.896  8665  8665 W BasicSecureTextField: 	at androidx.navigation.compose.NavBackStackEntryProviderKt.SaveableStateProvider(NavBackStackEntryProvider.kt:69)
01-05 18:41:36.896  8665  8665 W BasicSecureTextField: 	at androidx.navigation.compose.NavBackStackEntryProviderKt.access$SaveableStateProvider(NavBackStackEntryProvider.kt:1)
01-05 18:41:36.896  8665  8665 W BasicSecureTextField: 	at androidx.navigation.compose.NavBackStackEntryProviderKt$LocalOwnersProvider$1.invoke(NavBackStackEntryProvider.kt:56)
01-05 18:41:36.896  8665  8665 W BasicSecureTextField: 	at androidx.navigation.compose.NavBackStackEntryProviderKt$LocalOwnersProvider$1.invoke(NavBackStackEntryProvider.kt:55)
01-05 18:41:36.896  8665  8665 W BasicSecureTextField: 	at androidx.compose.runtime.internal.ComposableLambdaImpl.invoke(ComposableLambda.kt:122)
01-05 18:41:36.896  8665  8665 W BasicSecureTextField: 	at androidx.compose.runtime.internal.ComposableLambdaImpl.invoke(ComposableLambda.kt:52)
01-05 18:41:36.896  8665  8665 W BasicSecureTextField: 	at androidx.compose.runtime.CompositionLocalKt.CompositionLocalProvider(CompositionLocal.kt:378)
01-05 18:41:36.896  8665  8665 W BasicSecureTextField: 	at androidx.navigation.compose.NavBackStackEntryProviderKt.LocalOwnersProvider(NavBackStackEntryProvider.kt:51)
01-05 18:41:36.896  8665  8665 W BasicSecureTextField: 	at androidx.navigation.compose.NavHostKt$NavHost$32.invoke(NavHost.kt:719)
01-05 18:41:36.896  8665  8665 W BasicSecureTextField: 	at androidx.navigation.compose.NavHostKt$NavHost$32.invoke(NavHost.kt:699)
01-05 18:41:36.896  8665  8665 W BasicSecureTextField: 	at androidx.compose.runtime.internal.ComposableLambdaImpl.invoke(ComposableLambda.kt:143)
01-05 18:41:36.896  8665  8665 W BasicSecureTextField: 	at androidx.compose.runtime.internal.ComposableLambdaImpl.invoke(ComposableLambda.kt:52)
01-05 18:41:36.896  8665  8665 W BasicSecureTextField: 	at androidx.compose.animation.AnimatedContentKt$AnimatedContent$6$1$5.invoke(AnimatedContent.kt:863)
01-05 18:41:36.896  8665  8665 W BasicSecureTextField: 	at androidx.compose.animation.AnimatedContentKt$AnimatedContent$6$1$5.invoke(AnimatedContent.kt:853)
01-05 18:41:36.896  8665  8665 W BasicSecureTextField: 	at androidx.compose.runtime.internal.ComposableLambdaImpl.invoke(ComposableLambda.kt:131)
01-05 18:41:36.896  8665  8665 W BasicSecureTextField: 	at androidx.compose.runtime.internal.ComposableLambdaImpl.invoke(ComposableLambda.kt:52)
01-05 18:41:36.896  8665  8665 W BasicSecureTextField: 	at androidx.compose.animation.AnimatedVisibilityKt.AnimatedEnterExitImpl(AnimatedVisibility.kt:752)
01-05 18:41:36.896  8665  8665 W BasicSecureTextField: 	at androidx.compose.animation.AnimatedContentKt$AnimatedContent$6$1.invoke(AnimatedContent.kt:835)
01-05 18:41:36.896  8665  8665 W BasicSecureTextField: 	at androidx.compose.animation.AnimatedContentKt$AnimatedContent$6$1.invoke(AnimatedContent.kt:818)
01-05 18:41:36.896  8665  8665 W BasicSecureTextField: 	at androidx.compose.runtime.internal.ComposableLambdaImpl.invoke(ComposableLambda.kt:122)
01-05 18:41:36.896  8665  8665 W BasicSecureTextField: 	at androidx.compose.runtime.internal.ComposableLambdaImpl.invoke(ComposableLambda.kt:52)
01-05 18:41:36.896  8665  8665 W BasicSecureTextField: 	at androidx.compose.animation.AnimatedContentKt.AnimatedContent(AnimatedContent.kt:873)
01-05 18:41:36.896  8665  8665 W BasicSecureTextField: 	at androidx.navigation.compose.NavHostKt.NavHost(NavHost.kt:671)
01-05 18:41:36.896  8665  8665 W BasicSecureTextField: 	at androidx.navigation.compose.NavHostKt.NavHost(NavHost.kt:213)
01-05 18:41:36.896  8665  8665 W BasicSecureTextField: 	at com.rpeters.jellyfin.ui.navigation.NavGraphKt.JellyfinNavGraph(NavGraph.kt:25)
01-05 18:41:36.896  8665  8665 W BasicSecureTextField: 	at com.rpeters.jellyfin.ui.JellyfinAppKt.JellyfinApp$lambda$3$10(JellyfinApp.kt:117)
01-05 18:41:36.896  8665  8665 W BasicSecureTextField: 	at com.rpeters.jellyfin.ui.JellyfinAppKt.$r8$lambda$v4Bm6S310_X37VVGeCoddABGgVk(Unknown Source:0)
01-05 18:41:36.896  8665  8665 W BasicSecureTextField: 	at com.rpeters.jellyfin.ui.JellyfinAppKt$$ExternalSyntheticLambda8.invoke(D8$$SyntheticClass:0)
01-05 18:41:36.896  8665  8665 W BasicSecureTextField: 	at androidx.compose.runtime.internal.ComposableLambdaImpl.invoke(ComposableLambda.kt:131)
01-05 18:41:36.896  8665  8665 W BasicSecureTextField: 	at androidx.compose.runtime.internal.ComposableLambdaImpl.invoke(ComposableLambda.kt:52)
01-05 18:41:36.896  8665  8665 W BasicSecureTextField: 	at androidx.compose.material3.ScaffoldKt.ScaffoldLayout_FMILGgc$lambda$4$0(Scaffold.kt:163)
01-05 18:41:36.896  8665  8665 W BasicSecureTextField: 	at androidx.compose.material3.ScaffoldKt.$r8$lambda$Ckn_OBCc5wL0ufke_R7Fl0OKKVU(Unknown Source:0)
01-05 18:41:36.896  8665  8665 W BasicSecureTextField: 	at androidx.compose.material3.ScaffoldKt$$ExternalSyntheticLambda8.invoke(D8$$SyntheticClass:0)
01-05 18:41:36.896  8665  8665 W BasicSecureTextField: 	at androidx.compose.runtime.internal.ComposableLambdaImpl.invoke(ComposableLambda.kt:122)
01-05 18:41:36.896  8665  8665 W BasicSecureTextField: 	at androidx.compose.runtime.internal.ComposableLambdaImpl.invoke(ComposableLambda.kt:52)
01-05 18:41:36.896  8665  8665 W BasicSecureTextField: 	at androidx.compose.runtime.internal.Expect_jvmKt.invokeComposable(Expect.jvm.kt:24)
01-05 18:41:36.900  8665  8665 W BasicSecureTextField: 	at androidx.compose.runtime.ComposerImpl.doCompose-aFTiNEg(ComposerImpl.kt:2647)
01-05 18:41:36.900  8665  8665 W BasicSecureTextField: 	at androidx.compose.runtime.ComposerImpl.composeContent--ZbOJvo$runtime(ComposerImpl.kt:2551)
01-05 18:41:36.900  8665  8665 W BasicSecureTextField: 	at androidx.compose.runtime.CompositionImpl.composeContent(Composition.kt:835)
01-05 18:41:36.900  8665  8665 W BasicSecureTextField: 	at androidx.compose.runtime.Recomposer.composeInitial$runtime(Recomposer.kt:1266)
01-05 18:41:36.900  8665  8665 W BasicSecureTextField: 	at androidx.compose.runtime.ComposerImpl$CompositionContextImpl.composeInitial$runtime(ComposerImpl.kt:2993)
01-05 18:41:36.900  8665  8665 W BasicSecureTextField: 	at androidx.compose.runtime.CompositionImpl.composeInitial(Composition.kt:672)
01-05 18:41:36.900  8665  8665 W BasicSecureTextField: 	at androidx.compose.runtime.CompositionImpl.setContent(Composition.kt:639)
01-05 18:41:36.900  8665  8665 W BasicSecureTextField: 	at androidx.compose.ui.layout.LayoutNodeSubcompositionsState.subcompose(SubcomposeLayout.kt:721)
01-05 18:41:36.900  8665  8665 W BasicSecureTextField: 	at androidx.compose.ui.layout.LayoutNodeSubcompositionsState.subcompose(SubcomposeLayout.kt:658)
01-05 18:41:36.900  8665  8665 W BasicSecureTextField: 	at androidx.compose.ui.layout.LayoutNodeSubcompositionsState.subcompose(SubcomposeLayout.kt:624)
01-05 18:41:36.900  8665  8665 W BasicSecureTextField: 	at androidx.compose.ui.layout.LayoutNodeSubcompositionsState$Scope.subcompose(SubcomposeLayout.kt:1352)
01-05 18:41:36.900  8665  8665 W BasicSecureTextField: 	at androidx.compose.material3.ScaffoldKt.ScaffoldLayout_FMILGgc$lambda$6$0(Scaffold.kt:274)
01-05 18:41:36.900  8665  8665 W BasicSecureTextField: 	at androidx.compose.material3.ScaffoldKt.$r8$lambda$wt09unknHNiv9S1FwXtvlRyw63Y(Unknown Source:0)
01-05 18:41:36.900  8665  8665 W BasicSecureTextField: 	at androidx.compose.material3.ScaffoldKt$$ExternalSyntheticLambda10.invoke(D8$$SyntheticClass:0)
01-05 18:41:36.900  8665  8665 W BasicSecureTextField: 	at androidx.compose.ui.layout.LayoutNodeSubcompositionsState$createMeasurePolicy$1.measure-3p2s80s(SubcomposeLayout.kt:955)
01-05 18:41:36.900  8665  8665 W BasicSecureTextField: 	at androidx.compose.ui.node.InnerNodeCoordinator.measure-BRTryo0(InnerNodeCoordinator.kt:128)
01-05 18:41:36.900  8665  8665 W BasicSecureTextField: 	at androidx.compose.ui.node.MeasurePassDelegate$performMeasureBlock$1.invoke(MeasurePassDelegate.kt:173)
01-05 18:41:36.900  8665  8665 W BasicSecureTextField: 	at androidx.compose.ui.node.MeasurePassDelegate$performMeasureBlock$1.invoke(MeasurePassDelegate.kt:172)
01-05 18:41:36.900  8665  8665 W BasicSecureTextField: 	at androidx.compose.runtime.snapshots.SnapshotStateObserver.observeReads(SnapshotStateObserver.kt:699)
01-05 18:41:36.900  8665  8665 W BasicSecureTextField: 	at androidx.compose.ui.node.MeasurePassDelegate.remeasure-BRTryo0(MeasurePassDelegate.kt:1064)
01-05 18:41:36.900  8665  8665 W BasicSecureTextField: 	at androidx.compose.ui.node.MeasurePassDelegate.measure-BRTryo0(MeasurePassDelegate.kt:470)
01-05 18:41:36.900  8665  8665 W BasicSecureTextField: 	at androidx.compose.foundation.layout.BoxMeasurePolicy.measure-3p2s80s(Box.kt:145)
01-05 18:41:36.900  8665  8665 W BasicSecureTextField: 	at androidx.compose.ui.node.InnerNodeCoordinator.measure-BRTryo0(InnerNodeCoordinator.kt:128)
01-05 18:41:36.900  8665  8665 W BasicSecureTextField: 	at androidx.compose.ui.graphics.SimpleGraphicsLayerModifier.measure-3p2s80s(GraphicsLayerModifier.kt:843)
01-05 18:41:36.900  8665  8665 W BasicSecureTextField: 	at androidx.compose.ui.node.LayoutModifierNodeCoordinator.measure-BRTryo0(LayoutModifierNodeCoordinator.kt:190)
01-05 18:41:36.900  8665  8665 W BasicSecureTextField: 	at androidx.compose.foundation.layout.FillNode.measure-3p2s80s(Size.kt:721)
01-05 18:41:36.900  8665  8665 W BasicSecureTextField: 	at androidx.compose.ui.node.LayoutModifierNodeCoordinator.measure-BRTryo0(LayoutModifierNodeCoordinator.kt:190)
01-05 18:41:36.900  8665  8665 W BasicSecureTextField: 	at androidx.compose.ui.node.MeasurePassDelegate$performMeasureBlock$1.invoke(MeasurePassDelegate.kt:173)
01-05 18:41:36.900  8665  8665 W BasicSecureTextField: 	at androidx.compose.ui.node.MeasurePassDelegate$performMeasureBlock$1.invoke(MeasurePassDelegate.kt:172)
01-05 18:41:36.900  8665  8665 W BasicSecureTextField: 	at androidx.compose.runtime.snapshots.SnapshotStateObserver.observeReads(SnapshotStateObserver.kt:699)
01-05 18:41:36.900  8665  8665 W BasicSecureTextField: 	at androidx.compose.ui.node.MeasurePassDelegate.remeasure-BRTryo0(MeasurePassDelegate.kt:1064)
01-05 18:41:36.900  8665  8665 W BasicSecureTextField: 	at androidx.compose.ui.node.MeasurePassDelegate.measure-BRTryo0(MeasurePassDelegate.kt:470)
01-05 18:41:36.900  8665  8665 W BasicSecureTextField: 	at androidx.compose.ui.layout.RootMeasurePolicy.measure-3p2s80s(RootMeasurePolicy.kt:37)
01-05 18:41:36.900  8665  8665 W BasicSecureTextField: 	at androidx.compose.ui.node.InnerNodeCoordinator.measure-BRTryo0(InnerNodeCoordinator.kt:128)
01-05 18:41:36.900  8665  8665 W BasicSecureTextField: 	at androidx.compose.ui.platform.AndroidComposeView$RootModifierNode.measure-3p2s80s(AndroidComposeView.android.kt:3384)
01-05 18:41:36.900  8665  8665 W BasicSecureTextField: 	at androidx.compose.ui.node.LayoutModifierNodeCoordinator.measure-BRTryo0(LayoutModifierNodeCoordinator.kt:190)
01-05 18:41:36.900  8665  8665 W BasicSecureTextField: 	at androidx.compose.ui.node.MeasurePassDelegate$performMeasureBlock$1.invoke(MeasurePassDelegate.kt:173)
01-05 18:41:36.900  8665  8665 W BasicSecureTextField: 	at androidx.compose.ui.node.MeasurePassDelegate$performMeasureBlock$1.invoke(MeasurePassDelegate.kt:172)
01-05 18:41:36.900  8665  8665 W BasicSecureTextField: 	at androidx.compose.runtime.snapshots.SnapshotStateObserver.observeReads(SnapshotStateObserver.kt:728)
01-05 18:41:36.900  8665  8665 W BasicSecureTextField: 	at androidx.compose.ui.node.MeasurePassDelegate.remeasure-BRTryo0(MeasurePassDelegate.kt:1064)
01-05 18:41:36.903  8665  8665 W BasicSecureTextField: 	at androidx.compose.ui.node.LayoutNode.remeasure-_Sx5XlM$ui(LayoutNode.kt:1281)
01-05 18:41:36.903  8665  8665 W BasicSecureTextField: 	at androidx.compose.ui.node.MeasureAndLayoutDelegate.doRemeasure-sdFAvZA(MeasureAndLayoutDelegate.kt:378)
01-05 18:41:36.903  8665  8665 W BasicSecureTextField: 	at androidx.compose.ui.node.MeasureAndLayoutDelegate.remeasureOnly(MeasureAndLayoutDelegate.kt:652)
01-05 18:41:36.903  8665  8665 W BasicSecureTextField: 	at androidx.compose.ui.node.MeasureAndLayoutDelegate.measureOnly(MeasureAndLayoutDelegate.kt:446)
01-05 18:41:36.903  8665  8665 W BasicSecureTextField: 	at androidx.compose.ui.platform.AndroidComposeView.onMeasure(AndroidComposeView.android.kt:1847)
01-05 18:41:36.903  8665  8665 W BasicSecureTextField: 	at android.view.View.measure(View.java:28595)
01-05 18:41:36.903  8665  8665 W BasicSecureTextField: 	at androidx.compose.ui.platform.AbstractComposeView.internalOnMeasure$ui(ComposeView.android.kt:314)
01-05 18:41:36.903  8665  8665 W BasicSecureTextField: 	at androidx.compose.ui.platform.AbstractComposeView.onMeasure(ComposeView.android.kt:301)
01-05 18:41:36.903  8665  8665 W BasicSecureTextField: 	at android.view.View.measure(View.java:28595)
01-05 18:41:36.903  8665  8665 W BasicSecureTextField: 	at android.view.ViewGroup.measureChildWithMargins(ViewGroup.java:7031)
01-05 18:41:36.903  8665  8665 W BasicSecureTextField: 	at android.widget.FrameLayout.onMeasure(FrameLayout.java:194)
01-05 18:41:36.903  8665  8665 W BasicSecureTextField: 	at android.view.View.measure(View.java:28595)
01-05 18:41:36.903  8665  8665 W BasicSecureTextField: 	at android.view.ViewGroup.measureChildWithMargins(ViewGroup.java:7031)
01-05 18:41:36.903  8665  8665 W BasicSecureTextField: 	at android.widget.LinearLayout.measureChildBeforeLayout(LinearLayout.java:1608)
01-05 18:41:36.903  8665  8665 W BasicSecureTextField: 	at android.widget.LinearLayout.measureVertical(LinearLayout.java:878)
01-05 18:41:36.903  8665  8665 W BasicSecureTextField: 	at android.widget.LinearLayout.onMeasure(LinearLayout.java:721)
01-05 18:41:36.903  8665  8665 W BasicSecureTextField: 	at android.view.View.measure(View.java:28595)
01-05 18:41:36.903  8665  8665 W BasicSecureTextField: 	at android.view.ViewGroup.measureChildWithMargins(ViewGroup.java:7031)
01-05 18:41:36.903  8665  8665 W BasicSecureTextField: 	at android.widget.FrameLayout.onMeasure(FrameLayout.java:194)
01-05 18:41:36.903  8665  8665 W BasicSecureTextField: 	at com.android.internal.policy.DecorView.onMeasure(DecorView.java:758)
01-05 18:41:36.903  8665  8665 W BasicSecureTextField: 	at android.view.View.measure(View.java:28595)
01-05 18:41:36.903  8665  8665 W BasicSecureTextField: 	at android.view.ViewRootImpl.performMeasure(ViewRootImpl.java:5088)
01-05 18:41:36.903  8665  8665 W BasicSecureTextField: 	at android.view.ViewRootImpl.measureHierarchy(ViewRootImpl.java:3436)
01-05 18:41:36.903  8665  8665 W BasicSecureTextField: 	at android.view.ViewRootImpl.performTraversals(ViewRootImpl.java:3749)
01-05 18:41:36.903  8665  8665 W BasicSecureTextField: 	at android.view.ViewRootImpl.doTraversal(ViewRootImpl.java:3127)
01-05 18:41:36.903  8665  8665 W BasicSecureTextField: 	at android.view.ViewRootImpl$TraversalRunnable.run(ViewRootImpl.java:10807)
01-05 18:41:36.903  8665  8665 W BasicSecureTextField: 	at android.view.Choreographer$CallbackRecord.run(Choreographer.java:1630)
01-05 18:41:36.903  8665  8665 W BasicSecureTextField: 	at android.view.Choreographer$CallbackRecord.run(Choreographer.java:1639)
01-05 18:41:36.903  8665  8665 W BasicSecureTextField: 	at android.view.Choreographer.doCallbacks(Choreographer.java:1235)
01-05 18:41:36.903  8665  8665 W BasicSecureTextField: 	at android.view.Choreographer.doFrame(Choreographer.java:1164)
01-05 18:41:36.903  8665  8665 W BasicSecureTextField: 	at android.view.Choreographer$FrameDisplayEventReceiver.run(Choreographer.java:1613)
01-05 18:41:36.903  8665  8665 W BasicSecureTextField: 	at android.os.Handler.handleCallback(Handler.java:1070)
01-05 18:41:36.903  8665  8665 W BasicSecureTextField: 	at android.os.Handler.dispatchMessage(Handler.java:125)
01-05 18:41:36.903  8665  8665 W BasicSecureTextField: 	at android.os.Looper.dispatchMessage(Looper.java:333)
01-05 18:41:36.903  8665  8665 W BasicSecureTextField: 	at android.os.Looper.loopOnce(Looper.java:263)
01-05 18:41:36.903  8665  8665 W BasicSecureTextField: 	at android.os.Looper.loop(Looper.java:367)
01-05 18:41:36.903  8665  8665 W BasicSecureTextField: 	at android.app.ActivityThread.main(ActivityThread.java:9287)
01-05 18:41:36.903  8665  8665 W BasicSecureTextField: 	at java.lang.reflect.Method.invoke(Native Method)
01-05 18:41:36.903  8665  8665 W BasicSecureTextField: 	at com.android.internal.os.RuntimeInit$MethodAndArgsCaller.run(RuntimeInit.java:566)
01-05 18:41:36.903  8665  8665 W BasicSecureTextField: 	at com.android.internal.os.ZygoteInit.main(ZygoteInit.java:929)
01-05 18:41:37.628   805   832 I ActivityTaskManager: Displayed com.rpeters.jellyfin/.MainActivity for user 0: +6s634ms
01-05 18:41:37.641  8665  8677 I HWUI    : Davey! duration=3350ms; Flags=1, FrameTimelineVsyncId=48511, IntendedVsync=1168892535354, Vsync=1168892535354, InputEventId=0, HandleInputStart=1168897984082, AnimationStart=1168898030982, PerformTraversalsStart=1168898115182, DrawStart=1172118756182, FrameDeadline=1168909202020, FrameStartTime=1168897961382, FrameInterval=16666666, WorkloadTarget=16666666, SyncQueued=1172163954882, SyncStart=1172165428682, IssueDrawCommandsStart=1172165565682, SwapBuffers=1172228269782, FrameCompleted=1172244361782, DequeueBufferDuration=104700, QueueBufferDuration=311300, GpuCompleted=1172244361782, SwapBuffersCompleted=1172230690182, DisplayPresentTime=0, CommandSubmissionCompleted=1172228269782, 
01-05 18:41:37.680  8665  8665 I Choreographer: Skipped 195 frames!  The application may be doing too much work on its main thread.
01-05 18:41:37.740  8665  8677 I HWUI    : Davey! duration=3308ms; Flags=0, FrameTimelineVsyncId=48533, IntendedVsync=1169025868682, Vsync=1172275868552, InputEventId=0, HandleInputStart=1172288389382, AnimationStart=1172288434782, PerformTraversalsStart=1172304642782, DrawStart=1172304967782, FrameDeadline=1172275868552, FrameStartTime=1172287625482, FrameInterval=16666666, WorkloadTarget=16666666, SyncQueued=1172313877882, SyncStart=1172314149282, IssueDrawCommandsStart=1172314283082, SwapBuffers=1172315321382, FrameCompleted=1172335109982, DequeueBufferDuration=64900, QueueBufferDuration=19221900, GpuCompleted=1172334894682, SwapBuffersCompleted=1172335109982, DisplayPresentTime=0, CommandSubmissionCompleted=1172315321382, 
01-05 18:41:37.742   805   984 I ImeTracker: com.rpeters.jellyfin:e9a9f826: onRequestHide at ORIGIN_SERVER reason HIDE_UNSPECIFIED_WINDOW fromUser false
01-05 18:41:37.743  6039  6048 I FontLog : (REDACTED) Received query %s, URI %s
01-05 18:41:37.743  6039  6048 I FontLog : (REDACTED) Query [%s] resolved to %s
01-05 18:41:37.748  6039  6048 I FontLog : (REDACTED) Fetch %s end status %s
01-05 18:41:37.749  6379  6379 I GoogleInputMethodService: GoogleInputMethodService.onFinishInput():2057 
01-05 18:41:37.750  6379  6379 I Module  : DeviceLockedStatusModuleProvider$Module.updateDeviceLockedStatus():100 repeatCheckTimes = 0, locked = false
01-05 18:41:37.750   805   940 I ImeTracker: system_server:8df0e80a: onRequestHide at ORIGIN_SERVER reason IME_REQUESTED_CHANGED_LISTENER fromUser false
01-05 18:41:37.752   805   835 I ImeTracker: system_server:8df0e80a: onCancelled at PHASE_SERVER_SHOULD_HIDE
01-05 18:41:37.755  6379  6379 I GoogleInputMethodService: GoogleInputMethodService.onStartInput():1318 onStartInput(EditorInfo{EditorInfo{packageName=com.rpeters.jellyfin, inputType=0, inputTypeString=NULL, enableLearning=false, autoCorrection=false, autoComplete=false, imeOptions=0, privateImeOptions=null, actionName=UNSPECIFIED, actionLabel=null, initialSelStart=-1, initialSelEnd=-1, initialCapsMode=0, label=null, fieldId=0, fieldName=null, extras=null, hintText=null, hintLocales=[]}}, false)
01-05 18:41:37.755  6039  6048 I FontLog : (REDACTED) Pulling font file for id = %d, cache size = %d
01-05 18:41:37.759  6379  6379 I Module  : DeviceLockedStatusModuleProvider$Module.updateDeviceLockedStatus():100 repeatCheckTimes = 1, locked = false
01-05 18:41:37.763   805  2128 W PackageConfigPersister: App-specific configuration not found for packageName: com.rpeters.jellyfin and userId: 0
01-05 18:41:37.765  6039  6048 I FontLog : (REDACTED) Pulling font file for id = %d, cache size = %d
01-05 18:41:37.778  8665  8665 D InsetsController: hide(ime())
01-05 18:41:37.778  8665  8665 I ImeTracker: com.rpeters.jellyfin:e9a9f826: onCancelled at PHASE_CLIENT_ALREADY_HIDDEN
01-05 18:41:37.792  1622  1622 D BaseActivity: Launcher flags updated: [] -[state_started]
01-05 18:41:37.792  1622  1622 D BaseDepthController: setSurface:
01-05 18:41:37.792  1622  1622 D BaseDepthController: 	mWaitingOnSurfaceValidity: false
01-05 18:41:37.792  1622  1622 D BaseDepthController: 	mBaseSurface: null
01-05 18:41:37.792  1622  1622 D BaseDepthController: mSurface is null and mCurrentBlur is: 0
01-05 18:41:37.795  1622  1622 D LauncherStateManager: StateManager.goToState: fromState: Normal, toState: Normal, partial trace:
01-05 18:41:37.795  1622  1622 D LauncherStateManager: 	at com.android.launcher3.statemanager.StateManager.moveToRestState(go/retraceme f3a19d912c87c27267cfbc05ba0bc7b202ab72a6648bd76225f5f7e128d94583:6)
01-05 18:41:37.795  1622  1622 D LauncherStateManager: 	at com.android.launcher3.statemanager.StateManager.moveToRestState(go/retraceme f3a19d912c87c27267cfbc05ba0bc7b202ab72a6648bd76225f5f7e128d94583:2)
01-05 18:41:37.795  1622  1622 D LauncherStateManager: 	at com.android.launcher3.statemanager.StatefulActivity.onStop(go/retraceme f3a19d912c87c27267cfbc05ba0bc7b202ab72a6648bd76225f5f7e128d94583:32)
01-05 18:41:37.795  1622  1622 D LauncherStateManager: StateManager.onRepeatStateSetAborted: state: Normal
01-05 18:41:37.795  1622  1622 D ActivityContext: hideKeyboard
01-05 18:41:37.796  1622  1622 D ActivityContext: isImeShown: false
01-05 18:41:37.796  1622  1622 D StatsLog: LAUNCHER_ONSTOP
01-05 18:41:37.797  1622  1622 D StatsLog: LAUNCHER_GOOGLE_SEARCH_RESTORE_LIST_SIZE_AFTER_ACTIVITY_RESTART
01-05 18:41:37.805   805  1308 D BackgroundInstallControlService: Package event received: 0
01-05 18:41:37.950   805  1582 D BiometricService: canAuthenticate: User=0, Caller=0, Authenticators=65536
01-05 18:41:37.951   805  1582 D BiometricService/PreAuthInfo: getCanAuthenticateInternal Modality: 0 AuthenticatorStatus: 13
01-05 18:41:37.951   805  1582 D AuthService: canAuthenticate, userId: 0, callingUserId: 0, authenticators: 65536, result: 20
01-05 18:41:37.952   805  1582 D BiometricService: canAuthenticate: User=0, Caller=0, Authenticators=32783
01-05 18:41:37.954   805  1582 D BiometricService/PreAuthInfo: Package: com.rpeters.jellyfin Sensor ID: 0 Modality: 2 User id: 0 Status: 7
01-05 18:41:37.954   805  1582 D BiometricService/PreAuthInfo: getCanAuthenticateInternal Modality: 2 AuthenticatorStatus: 7
01-05 18:41:37.954   805  1582 D AuthService: canAuthenticate, userId: 0, callingUserId: 0, authenticators: 32783, result: 11
01-05 18:41:37.958  8665  8665 D ServerConnectionVM: Auto-login skipped - rememberLogin:true, hasUrl:false, hasUsername:false, hasPassword:false
01-05 18:41:37.960   805  1582 D BiometricService: canAuthenticate: User=0, Caller=0, Authenticators=32783
01-05 18:41:37.960   805  1582 D BiometricService/PreAuthInfo: Package: com.rpeters.jellyfin Sensor ID: 0 Modality: 2 User id: 0 Status: 7
01-05 18:41:37.961   805  1582 D BiometricService/PreAuthInfo: getCanAuthenticateInternal Modality: 2 AuthenticatorStatus: 7
01-05 18:41:37.961   805  1582 D AuthService: canAuthenticate, userId: 0, callingUserId: 0, authenticators: 32783, result: 11
01-05 18:41:37.961  8665  8665 D ServerConnectionVM: Auto-login skipped - rememberLogin:true, hasUrl:false, hasUsername:false, hasPassword:false
01-05 18:41:38.459   805   962 D ActivityManager: freezing 6189 com.android.vending
01-05 18:41:38.463   805  1261 D InetDiagMessage: Destroyed 0 sockets, proto=IPPROTO_TCP, family=AF_INET, states=14
01-05 18:41:38.464   805  1261 D InetDiagMessage: Destroyed 0 sockets, proto=IPPROTO_TCP, family=AF_INET6, states=14
01-05 18:41:38.464   805  1261 D InetDiagMessage: Destroyed live tcp sockets for uids={10153} in 3ms
01-05 18:41:39.343   805   962 D ActivityManager: freezing 6477 com.google.android.apps.wellbeing
01-05 18:41:39.348   805  1261 D InetDiagMessage: Destroyed 0 sockets, proto=IPPROTO_TCP, family=AF_INET, states=14
01-05 18:41:39.349   805  1261 D InetDiagMessage: Destroyed 0 sockets, proto=IPPROTO_TCP, family=AF_INET6, states=14
01-05 18:41:39.349   805  1261 D InetDiagMessage: Destroyed live tcp sockets for uids={10159} in 2ms
01-05 18:41:39.357   805  1255 I HalDevMgr: bestIfaceCreationProposal is null, requestIface=STA, existingIface=[name=wlan0 type=STA]
01-05 18:41:39.362  8701  8701 W libbinder.BackendUnifiedServiceManager: Thread Pool max thread count is 0. Cannot cache binder as linkToDeath cannot be implemented. serviceName: package
01-05 18:41:39.483  1002  1251 I artd    : GetBestInfo: odex next to the dex file (/data/app/~~a3VE1Yo6vvQKRD18bVvLuQ==/com.google.android.gms-uiqKvAqDGpdHAJ_R5JllAA==/oat/x86_64/base.odex) is kOatUpToDate with filter 'speed-profile' executable 'false'
01-05 18:41:39.485  1002  1251 I artd    : GetBestInfo: odex next to the dex file (/data/app/~~a3VE1Yo6vvQKRD18bVvLuQ==/com.google.android.gms-uiqKvAqDGpdHAJ_R5JllAA==/oat/x86_64/split_AdsDynamite_installtime.odex) is kOatUpToDate with filter 'speed' executable 'false'
01-05 18:41:39.487  1002  1251 I artd    : GetBestInfo: odex next to the dex file (/data/app/~~a3VE1Yo6vvQKRD18bVvLuQ==/com.google.android.gms-uiqKvAqDGpdHAJ_R5JllAA==/oat/x86_64/split_CronetDynamite_installtime.odex) is kOatUpToDate with filter 'speed' executable 'false'
01-05 18:41:39.488  1002  1251 I artd    : GetBestInfo: odex next to the dex file (/data/app/~~a3VE1Yo6vvQKRD18bVvLuQ==/com.google.android.gms-uiqKvAqDGpdHAJ_R5JllAA==/oat/x86_64/split_DynamiteLoader_installtime.odex) is kOatUpToDate with filter 'speed' executable 'false'
01-05 18:41:39.490  1002  1251 I artd    : GetBestInfo: odex next to the dex file (/data/app/~~a3VE1Yo6vvQKRD18bVvLuQ==/com.google.android.gms-uiqKvAqDGpdHAJ_R5JllAA==/oat/x86_64/split_DynamiteModulesA_installtime.odex) is kOatUpToDate with filter 'speed' executable 'false'
01-05 18:41:39.491  1002  1251 I artd    : GetBestInfo: odex next to the dex file (/data/app/~~a3VE1Yo6vvQKRD18bVvLuQ==/com.google.android.gms-uiqKvAqDGpdHAJ_R5JllAA==/oat/x86_64/split_DynamiteModulesC_installtime.odex) is kOatUpToDate with filter 'speed' executable 'false'
01-05 18:41:39.492  1002  1251 I artd    : GetBestInfo: odex next to the dex file (/data/app/~~a3VE1Yo6vvQKRD18bVvLuQ==/com.google.android.gms-uiqKvAqDGpdHAJ_R5JllAA==/oat/x86_64/split_GoogleCertificates_installtime.odex) is kOatUpToDate with filter 'speed' executable 'false'
01-05 18:41:39.494  1002  1251 I artd    : GetBestInfo: odex next to the dex file (/data/app/~~a3VE1Yo6vvQKRD18bVvLuQ==/com.google.android.gms-uiqKvAqDGpdHAJ_R5JllAA==/oat/x86_64/split_MapsDynamite_installtime.odex) is kOatUpToDate with filter 'speed' executable 'false'
01-05 18:41:39.495  1002  1251 I artd    : GetBestInfo: odex next to the dex file (/data/app/~~a3VE1Yo6vvQKRD18bVvLuQ==/com.google.android.gms-uiqKvAqDGpdHAJ_R5JllAA==/oat/x86_64/split_MeasurementDynamite_installtime.odex) is kOatUpToDate with filter 'speed' executable 'false'
01-05 18:41:39.497  1002  1251 I artd    : GetBestInfo: odex next to the dex file (/data/app/~~a3VE1Yo6vvQKRD18bVvLuQ==/com.google.android.gms-uiqKvAqDGpdHAJ_R5JllAA==/oat/x86_64/split_all_locale_splits.odex) is kOatUpToDate with filter 'speed' executable 'false'
01-05 18:41:39.499  1002  1010 I artd    : GetBestInfo: /data/user_de/0/com.google.android.gms/app_chimera/m/00000008/dl-TfliteDynamiteDynamite.integ_243930802100800.apk has no usable artifacts
01-05 18:41:39.500  1002  1010 I artd    : GetBestInfo: /data/user_de/0/com.google.android.gms/app_chimera/m/0000000f/dl-MlkitBarcodeUi.optional_254932100800.apk has no usable artifacts
01-05 18:41:39.502  1002  1010 I artd    : GetBestInfo: /data/user_de/0/com.google.android.gms/app_chimera/m/00000001/CronetDynamite.apk has no usable artifacts
01-05 18:41:39.504  1002  1010 I artd    : GetBestInfo: vdex next to the dex file (/data/user/0/com.google.android.gms/app_dg_cache/8D3338F12DEF4B3BEE6B6A88392A16C26326C269/oat/x86_64/the.vdex) is kOatUpToDate with filter 'verify' executable 'false'
01-05 18:41:39.506  1002  1251 I artd    : GetBestInfo: vdex next to the dex file (/data/user/0/com.google.android.gms/app_dg_cache/D7ECB6ECAAAB0DCD8DECD74AE43F16D2EC2B3A20/oat/x86_64/the.vdex) is kOatUpToDate with filter 'verify' executable 'false'
01-05 18:41:39.507  1002  1010 I artd    : GetBestInfo: /data/user_de/0/com.google.android.gms/app_chimera/m/00000002/DynamiteLoader.apk has no usable artifacts
01-05 18:41:39.508  1002  1010 I artd    : GetBestInfo: /data/user_de/0/com.google.android.gms/app_chimera/m/00000005/GoogleCertificates.apk has no usable artifacts
01-05 18:41:39.510  1002  1010 I artd    : GetBestInfo: vdex next to the dex file (/data/user/0/com.google.android.gms/app_dg_cache/75B002AD7F3A98695252C9DAC843D1E8AFB5FDFC/oat/x86_64/the.vdex) is kOatUpToDate with filter 'verify' executable 'false'
01-05 18:41:39.511  1002  1010 I artd    : GetBestInfo: /data/user_de/0/com.google.android.gms/app_chimera/m/00000012/dl-Appsearch.optional_254932100800.apk has no usable artifacts
01-05 18:41:39.513  1002  1010 I artd    : GetBestInfo: /data/user_de/0/com.google.android.gms/app_chimera/m/00000007/MeasurementDynamite.apk has no usable artifacts
01-05 18:41:39.514  1002  1010 I artd    : GetBestInfo: /data/user_de/0/com.google.android.gms/app_chimera/m/0000000d/dl-PlayCloudSearch.optional_254932100000.apk has no usable artifacts
01-05 18:41:39.516  1002  1010 I artd    : GetBestInfo: /data/user_de/0/com.google.android.gms/app_chimera/m/00000009/dl-PlayCloudSearch.optional_253434100000.apk has no usable artifacts
01-05 18:41:39.552   805  1582 V AutofillSession: Primary service component name: ComponentInfo{com.google.android.gms/com.google.android.gms.autofill.service.AutofillService}, secondary service component name: ComponentInfo{com.android.credentialmanager/com.android.credentialmanager.autofill.CredentialAutofillService}
01-05 18:41:39.553   805  1582 V SecondaryProviderHandler: Creating a secondary provider handler with component name, ComponentInfo{com.android.credentialmanager/com.android.credentialmanager.autofill.CredentialAutofillService}
01-05 18:41:39.555   805  1582 D PresentationStatsEventLogger: Started new PresentationStatsEvent
01-05 18:41:39.556   805  1582 I AppsFilter: interaction: PackageSetting{7f951a3 com.rpeters.jellyfin/10227} -> PackageSetting{278b9cd com.google.android.inputmethod.latin/10166} BLOCKED
01-05 18:41:39.556   805  1582 W FillRequestEventLogger: Couldn't find packageName: com.google.android.inputmethod.latin
01-05 18:41:39.562   805  1582 W PresentationStatsEventLogger: Bad view state for: -1, state: ViewState: [id=1073741824:i28@1140368932, state:10010, currentValue:android.view.autofill.AutofillValue@1, virtualBounds:Rect(108, 928 - 1236, 1120)]
01-05 18:41:39.654  8665  8665 D InsetsController: show(ime())
01-05 18:41:39.654  6379  6379 I GoogleInputMethodService: GoogleInputMethodService.onFinishInput():2057 
01-05 18:41:39.654  8665  8665 I ImeTracker: com.rpeters.jellyfin:2b2a7ee4: onRequestShow at ORIGIN_CLIENT reason SHOW_SOFT_INPUT_BY_INSETS_API fromUser false
01-05 18:41:39.656  6379  6379 I Module  : DeviceLockedStatusModuleProvider$Module.updateDeviceLockedStatus():100 repeatCheckTimes = 0, locked = false
01-05 18:41:39.664  8665  8665 D InsetsController: Setting requestedVisibleTypes to 511 (was 503)
01-05 18:41:39.666  6379  6379 W TooltipLifecycleManager: TooltipLifecycleManager.dismissTooltips():153 Tooltip with id SUGGESTION_VIEW_EDU_MINI_DIALOG not found in tooltipManager.
01-05 18:41:39.669  6379  6379 I DeviceIntelligenceExtension: DeviceIntelligenceExtension.getInlineSuggestionsRequest():257 Inline suggestions disabled in stylus mode or vertical PK/Voice toolbar
01-05 18:41:39.670  6379  6379 I GoogleInputMethodService: GoogleInputMethodService.onStartInput():1318 onStartInput(EditorInfo{EditorInfo{packageName=com.rpeters.jellyfin, inputType=8011, inputTypeString=Uri[AutoCorrect], enableLearning=true, autoCorrection=true, autoComplete=true, imeOptions=2000005, privateImeOptions=null, actionName=NEXT, actionLabel=null, initialSelStart=0, initialSelEnd=0, initialCapsMode=0, label=null, fieldId=-1, fieldName=null, extras=Bundle[mParcelledData.dataSize=404], hintText=null, hintLocales=[]}}, false)
01-05 18:41:39.673   805  1308 D BackgroundInstallControlService: Package event received: 0
01-05 18:41:39.674  6379  6379 I Module  : DeviceLockedStatusModuleProvider$Module.updateDeviceLockedStatus():100 repeatCheckTimes = 1, locked = false
01-05 18:41:39.676   805   939 W PackageConfigPersister: App-specific configuration not found for packageName: com.rpeters.jellyfin and userId: 0
01-05 18:41:39.677  6379  6379 I GoogleInputMethodService: GoogleInputMethodService.onStartInput():1318 onStartInput(EditorInfo{EditorInfo{packageName=com.rpeters.jellyfin, inputType=8011, inputTypeString=Uri[AutoCorrect], enableLearning=true, autoCorrection=true, autoComplete=true, imeOptions=2000005, privateImeOptions=null, actionName=NEXT, actionLabel=null, initialSelStart=0, initialSelEnd=0, initialCapsMode=0, label=null, fieldId=-1, fieldName=null, extras=Bundle[mParcelledData.dataSize=404], hintText=null, hintLocales=[]}}, true)
01-05 18:41:39.677  6379  6379 W SessionManager: SessionManager.beginSession():53 Try to begin an already begun session [INPUT_SESSION], end it first
01-05 18:41:39.680  6379  6379 I Module  : DeviceLockedStatusModuleProvider$Module.updateDeviceLockedStatus():100 repeatCheckTimes = 1, locked = false
01-05 18:41:39.682   805  2749 W PackageConfigPersister: App-specific configuration not found for packageName: com.rpeters.jellyfin and userId: 0
01-05 18:41:39.683  6379  6379 I StylusModule: StylusModule.onUpdateToolType():805 Update tool type = 2
01-05 18:41:39.690  8665  8665 I AssistStructure: Flattened final assist data: 1016 bytes, containing 1 windows, 6 views
01-05 18:41:39.691   805  1582 D AutofillSession: createPendingIntent for request 138
01-05 18:41:39.691  6379  6379 I GoogleInputMethodService: GoogleInputMethodService.onStartInputView():1411 onStartInputView(EditorInfo{EditorInfo{packageName=com.rpeters.jellyfin, inputType=8011, inputTypeString=Uri[AutoCorrect], enableLearning=true, autoCorrection=true, autoComplete=true, imeOptions=2000005, privateImeOptions=null, actionName=NEXT, actionLabel=null, initialSelStart=0, initialSelEnd=0, initialCapsMode=0, label=null, fieldId=-1, fieldName=null, extras=Bundle[{android.support.text.emoji.emojiCompat_metadataVersion=11, androidx.core.view.inputmethod.EditorInfoCompat.STYLUS_HANDWRITING_ENABLED=true, android.support.text.emoji.emojiCompat_replaceAll=false}], hintText=null, hintLocales=[]}}, false)
01-05 18:41:39.692   805  1582 D ContentCapturePerUserService: Notified activity assist data for activity: Token{237f596 ActivityRecord{192286779 u0 com.rpeters.jellyfin/.MainActivity t12}} without a session Id
01-05 18:41:39.694   805  1308 D BackgroundInstallControlService: Package event received: 0
01-05 18:41:39.695  6379  6379 I KeyboardHeightUtil: KeyboardHeightUtil.getOemKeyboardHeightRatio():108 systemKeyboardHeightRatio:1.000000.
01-05 18:41:39.718  8665  8665 I ImeTracker: com.rpeters.jellyfin:50b54ea: onRequestShow at ORIGIN_CLIENT reason SHOW_SOFT_INPUT fromUser false
01-05 18:41:39.718  8665  8665 D InsetsController: show(ime())
01-05 18:41:39.719  8665  8665 I ImeTracker: com.rpeters.jellyfin:50b54ea: onCancelled at PHASE_CLIENT_REPORT_REQUESTED_VISIBLE_TYPES
01-05 18:41:39.719  8665  8665 W RemoteInputConnectionImpl: requestCursorUpdates on inactive InputConnection
01-05 18:41:39.736   805  1582 D ActivityManager: sync unfroze 6050 com.google.android.gms for 6
01-05 18:41:39.740   805  1308 D BackgroundInstallControlService: Package event received: 0
01-05 18:41:39.751   805   805 W FillRequestEventLogger: Shouldn't be logging AutofillFillRequestReported again for same event
01-05 18:41:39.751   805   805 W FillResponseEventLogger: Shouldn't be logging AutofillFillRequestReported again for same event
01-05 18:41:39.751   805   805 W PresentationStatsEventLogger: Empty dataset. Autofill ignoring log
01-05 18:41:39.751   805   805 D AutofillSession: clearPendingIntentLocked
01-05 18:41:39.755  4208  4208 V InlineSuggestionRenderService: handleDestroySuggestionViews called for 0:1140368932
01-05 18:41:39.759   805   805 W ProcessStats: Tracking association SourceState{b6a48d0 com.google.android.gms.persistent/10155 BTop #11340} whose proc state 2 is better than process ProcessState{8d9a91 com.google.android.gms/10155 pkg=com.google.android.gms (sub)} proc state 14 (0 skipped)
01-05 18:41:39.761  6039  6764 I libbinder.IPCThreadState: oneway function results for code 1 on binder at 0x7a5b13a3d330 will be dropped but finished with status UNKNOWN_TRANSACTION and reply parcel size 80
01-05 18:41:39.764   805  1308 D BackgroundInstallControlService: Package event received: 0
01-05 18:41:39.769  6050  6050 D BoundBrokerSvc: onBind: Intent { act=com.google.android.mdd.service.START dat=chimera-action:/... xflg=0x4 cmp=com.google.android.gms/.chimera.GmsBoundBrokerService }
01-05 18:41:39.770  6050  6050 D BoundBrokerSvc: Loading bound service for intent: Intent { act=com.google.android.mdd.service.START dat=chimera-action:/... xflg=0x4 cmp=com.google.android.gms/.chimera.GmsBoundBrokerService }
01-05 18:41:39.797  8665  8665 D Autofill Status: Autofill popup isn't shown because autofill is not available.
01-05 18:41:39.797  8665  8665 D Autofill Status: 
01-05 18:41:39.797  8665  8665 D Autofill Status: Did you set up autofill?
01-05 18:41:39.797  8665  8665 D Autofill Status: 1. Go to Settings > System > Languages&input > Advanced > Autofill Service
01-05 18:41:39.797  8665  8665 D Autofill Status: 2. Pick a service
01-05 18:41:39.797  8665  8665 D Autofill Status: 
01-05 18:41:39.797  8665  8665 D Autofill Status: Did you add an account?
01-05 18:41:39.797  8665  8665 D Autofill Status: 1. Go to Settings > System > Languages&input > Advanced
01-05 18:41:39.797  8665  8665 D Autofill Status: 2. Click on the settings icon next to the Autofill Service
01-05 18:41:39.797  8665  8665 D Autofill Status: 3. Add your account
01-05 18:41:39.804  6379  6379 W InputConnectionWrapper: InputConnectionWrapper.recordDuration():1623 IPC IC_GET_SURROUNDING_TEXT took 109 ms
01-05 18:41:39.809  6379  6379 I AndroidIME: InputBundleManager.loadActiveInputBundleId():528 loadActiveInputBundleId: en-US, ime_english_united_states
01-05 18:41:39.811  6379  6379 I AndroidIME: AbstractIme.onActivate():96 LatinIme.onActivate() : EditorInfo = EditorInfo{packageName=com.rpeters.jellyfin, inputType=8011, inputTypeString=Uri[AutoCorrect], enableLearning=true, autoCorrection=true, autoComplete=true, imeOptions=2000005, privateImeOptions=null, actionName=NEXT, actionLabel=null, initialSelStart=0, initialSelEnd=0, initialCapsMode=0, label=null, fieldId=-1, fieldName=null, extras=Bundle[{android.support.text.emoji.emojiCompat_metadataVersion=11, androidx.core.view.inputmethod.EditorInfoCompat.STYLUS_HANDWRITING_ENABLED=true, android.support.text.emoji.emojiCompat_replaceAll=false}], hintText=null, hintLocales=[]}, IncognitoMode = false, DeviceLocked = false
01-05 18:41:39.815  6379  6379 I InputBundle: InputBundle.consumeEvent():1011 Skip consuming an event as keyboard status is INACTIVE
01-05 18:41:39.816  6379  6379 I Delight5Facilitator: Delight5Facilitator.initializeForIme():731 initializeForIme() : Locale = [en_US], layout = qwerty
01-05 18:41:39.822  6379  6379 I LatinIme: LatinIme.updateEnableInlineSuggestionsOnDecoderSideFlags():1246 inline flag updated to:false
01-05 18:41:39.825  6379  6379 I LatinIme: LatinIme.updateEnableInlineSuggestionsOnDecoderSideFlags():1246 inline flag updated to:false
01-05 18:41:39.837  6379  6383 W putmethod.latin: Missing inline cache for tpq com.google.android.apps.inputmethod.libs.latin5.LatinIme.e(android.view.inputmethod.EditorInfo, tig)
01-05 18:41:39.845  6379  6379 I InputBundle: InputBundle.consumeEvent():1011 Skip consuming an event as keyboard status is INACTIVE
01-05 18:41:39.846  6379  6379 I LatinIme: LatinIme.resetInputContext():2250 resetInputContext(): reason=1, externalEditsInfo=ExternalEditsInfo{action=0, offset=-1, text=null, originalText=null, edits=null}
01-05 18:41:39.847  6379  6379 I InputBundle: InputBundle.consumeEvent():1011 Skip consuming an event as keyboard status is INACTIVE
01-05 18:41:39.848  8665  8707 D ProfileInstaller: Installing profile for com.rpeters.jellyfin
01-05 18:41:39.850  6379  6419 I Delight5Decoder: Delight5DecoderWrapper.setKeyboardLayout():537 setKeyboardLayout()
01-05 18:41:39.851  6379  6379 I KeyboardWrapper: KeyboardWrapper.activateKeyboard():581 activateKeyboard(): type=accessory, status=INACTIVE, imeDef=mir{stringId=ime_english_united_states, language=en-US, languageTag=en-US, processedConditions={writing_helper_enable_by_word_revert=false, true=true, enable_number_row=false, device=phone, enable_pk_simulator=false}, className=com.google.android.apps.inputmethod.libs.latin5.LatinIme, label=0, keyEventInterpreter=null, inlineComposing=true, autoCapital=true, announceAutoSelectedCandidate=true, statusIcon=0, indicatorIcon=0, indicatorLabel=US, displayAppCompletions=true, extraValues=mik{#0x7f0b02e0=TypedValue{t=0x3/d=0x0 "com.google.android.apps.inputmethod.libs.latin5.LatinIme"}}, processors=mkj@26a731e, unacceptableMetaKeys=4098, languageSpecificSettings=0, asciiCapable=true, alwaysShowSuggestions=false, useAsciiPasswordKeyboard=false, keyboardGroupDef=mjs@cae53c6, phenotypeFlagId=0, localizationLanguageTag=null, supportsInlineSuggestion=true}
01-05 18:41:39.852  6379  6379 I KeyboardManager: KeyboardManager.requestKeyboard():248 Creating keyboard accessory, imeId=ime_english_united_states, cacheKey=theme,!gsf,!pgsans,!pgsf,!use_system_font,BORDER,FLAVOR_DPI=XXHDPI,GOOGLE_ICONS,IS_LIGHT,KEYBOARD_WIDTH_CATEGORY=NORMAL,KEY_BORDER_SHAPE=1,LIGHT_THEME=true,PHYSICAL_DIAGONAL=6.532579,POPUP,SCREEN_SHORTEST_WIDTH=448,SCREEN_SHORTEST_WIDTH_NO_SCALE=448,SW400DP,XXHDPI,bottom4dp,enable_emoji_kitchen_browse_color_v2=true,enable_google_fonts_icons=true,enable_popup_on_keypress=true,keyboard_redesign_google_sans=true,non_linear_scale,noshadow,overlay_builtin_dynamic_color_light_base.binarypb:gm3-light-fffaf8fe-ff4c5e8b-4fb1adea13304a190d4abf12326cf60c,roundedchip,silkpopup
01-05 18:41:39.854  6379  6379 I KeyboardWrapper: KeyboardWrapper.onKeyboardReady():224 onKeyboardReady(): type=accessory(accessory), kb=com.google.android.libraries.inputmethod.keyboard.impl.Keyboard@4b16a02
01-05 18:41:39.854  6379  6379 I KeyboardWrapper: KeyboardWrapper.doActivateKeyboard():611 doActivateKeyboard(): accessory
01-05 18:41:39.854  6379  6379 W Keyboard: Keyboard.getKeyboardViewHelper():600 null helper is returned: keyboardDef=mjl{processedConditions={}, globalConditions={}, className=com.google.android.libraries.inputmethod.keyboard.impl.Keyboard, resourceIds=[#0x7f17004d], initialStates=0, keyboardViewDefs=[], persistentStates=0, persistentStatesPrefKey=null, popupBubbleLayoutId=0, recentKeyLayoutId=0, recentKeyPopupLayoutId=0, recentKeyType=null, rememberRecentKey=NONE, sessionStates=0}, type=HEADER, helpersCreated=[null, null, null, null], context.getResources().getConfiguration(): {1.0 310mcc260mnc [en_US] ldltr sw448dp w448dp h997dp 480dpi nrml long compactNeeded port finger qwerty/v/v dpad/v winConfig={ mBounds=Rect(0, 0 - 1344, 2992) mAppBounds=Rect(0, 0 - 1344, 2992) mMaxBounds=Rect(0, 0 - 1344, 2992) mDisplayRotation=ROTATION_0 mWindowingMode=fullscreen mActivityType=undefined mAlwaysOnTop=undefined mRotation=ROTATION_0} as.3 s.37 fontWeightAdjustment=0}
01-05 18:41:39.855  6379  6379 W Keyboard: Keyboard.getKeyboardViewHelper():600 null helper is returned: keyboardDef=mjl{processedConditions={}, globalConditions={}, className=com.google.android.libraries.inputmethod.keyboard.impl.Keyboard, resourceIds=[#0x7f17004d], initialStates=0, keyboardViewDefs=[], persistentStates=0, persistentStatesPrefKey=null, popupBubbleLayoutId=0, recentKeyLayoutId=0, recentKeyPopupLayoutId=0, recentKeyType=null, rememberRecentKey=NONE, sessionStates=0}, type=BODY, helpersCreated=[null, null, null, null], context.getResources().getConfiguration(): {1.0 310mcc260mnc [en_US] ldltr sw448dp w448dp h997dp 480dpi nrml long compactNeeded port finger qwerty/v/v dpad/v winConfig={ mBounds=Rect(0, 0 - 1344, 2992) mAppBounds=Rect(0, 0 - 1344, 2992) mMaxBounds=Rect(0, 0 - 1344, 2992) mDisplayRotation=ROTATION_0 mWindowingMode=fullscreen mActivityType=undefined mAlwaysOnTop=undefined mRotation=ROTATION_0} as.3 s.37 fontWeightAdjustment=0}
01-05 18:41:39.856  6379  6379 I GlobeKeyExtension: GlobeKeyExtension.getKeyboardInitialStates():175 
01-05 18:41:39.859  6379  6379 W Keyboard: Keyboard.getKeyboardViewHelper():600 null helper is returned: keyboardDef=mjl{processedConditions={}, globalConditions={}, className=com.google.android.libraries.inputmethod.keyboard.impl.Keyboard, resourceIds=[#0x7f17004d], initialStates=0, keyboardViewDefs=[], persistentStates=0, persistentStatesPrefKey=null, popupBubbleLayoutId=0, recentKeyLayoutId=0, recentKeyPopupLayoutId=0, recentKeyType=null, rememberRecentKey=NONE, sessionStates=0}, type=HEADER, helpersCreated=[null, null, null, null], context.getResources().getConfiguration(): {1.0 310mcc260mnc [en_US] ldltr sw448dp w448dp h997dp 480dpi nrml long compactNeeded port finger qwerty/v/v dpad/v winConfig={ mBounds=Rect(0, 0 - 1344, 2992) mAppBounds=Rect(0, 0 - 1344, 2992) mMaxBounds=Rect(0, 0 - 1344, 2992) mDisplayRotation=ROTATION_0 mWindowingMode=fullscreen mActivityType=undefined mAlwaysOnTop=undefined mRotation=ROTATION_0} as.3 s.37 fontWeightAdjustment=0}
01-05 18:41:39.859  6379  6379 W Keyboard: Keyboard.getKeyboardViewHelper():600 null helper is returned: keyboardDef=mjl{processedConditions={}, globalConditions={}, className=com.google.android.libraries.inputmethod.keyboard.impl.Keyboard, resourceIds=[#0x7f17004d], initialStates=0, keyboardViewDefs=[], persistentStates=0, persistentStatesPrefKey=null, popupBubbleLayoutId=0, recentKeyLayoutId=0, recentKeyPopupLayoutId=0, recentKeyType=null, rememberRecentKey=NONE, sessionStates=0}, type=BODY, helpersCreated=[null, null, null, null], context.getResources().getConfiguration(): {1.0 310mcc260mnc [en_US] ldltr sw448dp w448dp h997dp 480dpi nrml long compactNeeded port finger qwerty/v/v dpad/v winConfig={ mBounds=Rect(0, 0 - 1344, 2992) mAppBounds=Rect(0, 0 - 1344, 2992) mMaxBounds=Rect(0, 0 - 1344, 2992) mDisplayRotation=ROTATION_0 mWindowingMode=fullscreen mActivityType=undefined mAlwaysOnTop=undefined mRotation=ROTATION_0} as.3 s.37 fontWeightAdjustment=0}
